[06-Dec-2007 10:58:05] PHP Parse error:  parse error in f:\phpdev\www\pamela\ajauction\index.php on line 85
[06-Dec-2007 11:43:23] PHP Fatal error:  Failed opening required 'include/searchlist.php' (include_path='.;f:/phpdev/php/includes;f:/phpdev/php/class') in f:\phpdev\www\pamela\ajauction\templates\search.tpl on line 96
[06-Dec-2007 11:43:49] PHP Fatal error:  Failed opening required 'ends.php' (include_path='.;f:/phpdev/php/includes;f:/phpdev/php/class') in f:\phpdev\www\pamela\ajauction\templates\search_list_view.tpl on line 46
[06-Dec-2007 11:43:53] PHP Fatal error:  Failed opening required 'ends.php' (include_path='.;f:/phpdev/php/includes;f:/phpdev/php/class') in f:\phpdev\www\pamela\ajauction\templates\search_gallery_view.tpl on line 50
[06-Dec-2007 11:44:32] PHP Fatal error:  Call to undefined function:  getdatedifference() in f:\phpdev\www\pamela\ajauction\ends.php on line 40
[06-Dec-2007 11:44:46] PHP Fatal error:  Call to undefined function:  getdatedifference() in f:\phpdev\www\pamela\ajauction\ends.php on line 40
[06-Dec-2007 12:35:42] PHP Warning:  mysql_fetch_array(): supplied argument is not a valid MySQL result resource in f:\phpdev\www\pamela\ajauction\index.php on line 324
[06-Dec-2007 12:36:10] PHP Warning:  mysql_fetch_array(): supplied argument is not a valid MySQL result resource in f:\phpdev\www\pamela\ajauction\index.php on line 324
[06-Dec-2007 12:36:23] PHP Warning:  mysql_fetch_array(): supplied argument is not a valid MySQL result resource in f:\phpdev\www\pamela\ajauction\index.php on line 324
[06-Dec-2007 12:43:51] PHP Fatal error:  Call to undefined function:  mysql_fetch_aray() in f:\phpdev\www\pamela\ajauction\index.php on line 329
[06-Dec-2007 13:25:21] PHP Warning:  Wrong parameter count for mysql_fetch_array() in f:\phpdev\www\pamela\ajauction\hotitems.php on line 10
[06-Dec-2007 13:25:34] PHP Warning:  mysql_fetch_array(): supplied argument is not a valid MySQL result resource in f:\phpdev\www\pamela\ajauction\hotitems.php on line 10
[06-Dec-2007 13:25:55] PHP Warning:  mysql_fetch_array(): supplied argument is not a valid MySQL result resource in f:\phpdev\www\pamela\ajauction\hotitems.php on line 10
[06-Dec-2007 16:49:12] PHP Warning:  mysql_fetch_array(): supplied argument is not a valid MySQL result resource in f:\phpdev\www\pamela\ajauction\index.php on line 425
[06-Dec-2007 16:49:23] PHP Warning:  mysql_fetch_array(): supplied argument is not a valid MySQL result resource in f:\phpdev\www\pamela\ajauction\index.php on line 425
[06-Dec-2007 16:49:26] PHP Warning:  mysql_fetch_array(): supplied argument is not a valid MySQL result resource in f:\phpdev\www\pamela\ajauction\index.php on line 425
[06-Dec-2007 16:49:33] PHP Warning:  mysql_fetch_array(): supplied argument is not a valid MySQL result resource in f:\phpdev\www\pamela\ajauction\index.php on line 425
[06-Dec-2007 16:50:03] PHP Warning:  mysql_fetch_array(): supplied argument is not a valid MySQL result resource in f:\phpdev\www\pamela\ajauction\index.php on line 425
[06-Dec-2007 16:50:31] PHP Warning:  mysql_fetch_array(): supplied argument is not a valid MySQL result resource in f:\phpdev\www\pamela\ajauction\index.php on line 425
[06-Dec-2007 16:52:46] PHP Parse error:  parse error, expecting `','' or `';'' in f:\phpdev\www\pamela\ajauction\index.php on line 421
[06-Dec-2007 19:11:11] PHP Warning:  mysql_fetch_array(): supplied argument is not a valid MySQL result resource in f:\phpdev\www\pamela\ajauction\hotitems.php on line 10
[06-Dec-2007 19:11:40] PHP Warning:  mysql_fetch_array(): supplied argument is not a valid MySQL result resource in f:\phpdev\www\pamela\ajauction\hotitems.php on line 10
[06-Dec-2007 19:25:18] PHP Warning:  mysql_fetch_array(): supplied argument is not a valid MySQL result resource in f:\phpdev\www\pamela\ajauction\hotitems.php on line 10
[06-Dec-2007 19:25:28] PHP Warning:  mysql_fetch_array(): supplied argument is not a valid MySQL result resource in f:\phpdev\www\pamela\ajauction\hotitems.php on line 10
[07-Dec-2007 11:38:06] PHP Parse error:  parse error, expecting `T_STRING' or `T_VARIABLE' or `T_NUM_STRING' in f:\phpdev\www\pamela\ajauction\index.php on line 427
[07-Dec-2007 12:32:40] PHP Parse error:  parse error in f:\phpdev\www\pamela\ajauction\index.php on line 534
[07-Dec-2007 13:04:47] PHP Parse error:  parse error in f:\phpdev\www\pamela\ajauction\hotitems.php on line 16
[07-Dec-2007 13:08:44] PHP Warning:  Division by zero in f:\phpdev\www\pamela\ajauction\index.php on line 528
[07-Dec-2007 13:08:44] PHP Warning:  Division by zero in f:\phpdev\www\pamela\ajauction\index.php on line 534
[07-Dec-2007 13:08:44] PHP Warning:  Division by zero in f:\phpdev\www\pamela\ajauction\index.php on line 540
[07-Dec-2007 13:09:22] PHP Warning:  Division by zero in f:\phpdev\www\pamela\ajauction\index.php on line 528
[07-Dec-2007 13:09:22] PHP Warning:  Division by zero in f:\phpdev\www\pamela\ajauction\index.php on line 534
[07-Dec-2007 13:09:22] PHP Warning:  Division by zero in f:\phpdev\www\pamela\ajauction\index.php on line 540
[07-Dec-2007 13:09:30] PHP Warning:  Division by zero in f:\phpdev\www\pamela\ajauction\index.php on line 528
[07-Dec-2007 13:09:30] PHP Warning:  Division by zero in f:\phpdev\www\pamela\ajauction\index.php on line 534
[07-Dec-2007 13:09:30] PHP Warning:  Division by zero in f:\phpdev\www\pamela\ajauction\index.php on line 540
[07-Dec-2007 13:09:36] PHP Warning:  Division by zero in f:\phpdev\www\pamela\ajauction\index.php on line 528
[07-Dec-2007 13:09:36] PHP Warning:  Division by zero in f:\phpdev\www\pamela\ajauction\index.php on line 534
[07-Dec-2007 13:09:36] PHP Warning:  Division by zero in f:\phpdev\www\pamela\ajauction\index.php on line 540
[07-Dec-2007 13:09:46] PHP Warning:  Division by zero in f:\phpdev\www\pamela\ajauction\index.php on line 528
[07-Dec-2007 13:09:46] PHP Warning:  Division by zero in f:\phpdev\www\pamela\ajauction\index.php on line 534
[07-Dec-2007 13:09:46] PHP Warning:  Division by zero in f:\phpdev\www\pamela\ajauction\index.php on line 540
[07-Dec-2007 13:11:17] PHP Warning:  Division by zero in f:\phpdev\www\pamela\ajauction\index.php on line 528
[07-Dec-2007 13:11:17] PHP Warning:  Division by zero in f:\phpdev\www\pamela\ajauction\index.php on line 534
[07-Dec-2007 13:11:17] PHP Warning:  Division by zero in f:\phpdev\www\pamela\ajauction\index.php on line 540
[07-Dec-2007 13:11:38] PHP Warning:  Division by zero in f:\phpdev\www\pamela\ajauction\index.php on line 528
[07-Dec-2007 13:11:38] PHP Warning:  Division by zero in f:\phpdev\www\pamela\ajauction\index.php on line 534
[07-Dec-2007 13:11:38] PHP Warning:  Division by zero in f:\phpdev\www\pamela\ajauction\index.php on line 540
[07-Dec-2007 13:11:59] PHP Warning:  Division by zero in f:\phpdev\www\pamela\ajauction\index.php on line 528
[07-Dec-2007 13:11:59] PHP Warning:  Division by zero in f:\phpdev\www\pamela\ajauction\index.php on line 534
[07-Dec-2007 13:11:59] PHP Warning:  Division by zero in f:\phpdev\www\pamela\ajauction\index.php on line 540
[07-Dec-2007 13:12:37] PHP Warning:  Division by zero in f:\phpdev\www\pamela\ajauction\index.php on line 528
[07-Dec-2007 13:12:37] PHP Warning:  Division by zero in f:\phpdev\www\pamela\ajauction\index.php on line 534
[07-Dec-2007 13:12:37] PHP Warning:  Division by zero in f:\phpdev\www\pamela\ajauction\index.php on line 540
[07-Dec-2007 13:14:29] PHP Warning:  Division by zero in f:\phpdev\www\pamela\ajauction\index.php on line 528
[07-Dec-2007 13:14:29] PHP Warning:  Division by zero in f:\phpdev\www\pamela\ajauction\index.php on line 534
[07-Dec-2007 13:14:29] PHP Warning:  Division by zero in f:\phpdev\www\pamela\ajauction\index.php on line 540
[07-Dec-2007 15:17:39] PHP Warning:  mysql_fetch_array(): supplied argument is not a valid MySQL result resource in f:\phpdev\www\pamela\ajauction\index.php on line 208
[07-Dec-2007 15:19:48] PHP Parse error:  parse error in f:\phpdev\www\pamela\ajauction\index.php on line 211
[07-Dec-2007 15:24:04] PHP Parse error:  parse error, expecting `';'' in f:\phpdev\www\pamela\ajauction\index.php on line 214
[07-Dec-2007 15:24:27] PHP Parse error:  parse error, expecting `';'' in f:\phpdev\www\pamela\ajauction\index.php on line 214
[07-Dec-2007 15:24:29] PHP Parse error:  parse error, expecting `';'' in f:\phpdev\www\pamela\ajauction\index.php on line 214
[07-Dec-2007 15:46:03] PHP Parse error:  parse error in f:\phpdev\www\pamela\ajauction\index.php on line 212
[07-Dec-2007 15:46:27] PHP Parse error:  parse error in f:\phpdev\www\pamela\ajauction\index.php on line 212
[07-Dec-2007 16:08:55] PHP Warning:  mysql_num_rows(): supplied argument is not a valid MySQL result resource in f:\phpdev\www\pamela\ajauction\index.php on line 232
[07-Dec-2007 16:28:07] PHP Warning:  mysql_fetch_array(): supplied argument is not a valid MySQL result resource in f:\phpdev\www\pamela\ajauction\index.php on line 313
[07-Dec-2007 16:54:40] PHP Warning:  mysql_fetch_array(): supplied argument is not a valid MySQL result resource in f:\phpdev\www\pamela\ajauction\index.php on line 468
[07-Dec-2007 17:35:11] PHP Fatal error:  Failed opening required 'templates/sucess_contact.tpl' (include_path='.;f:/phpdev/php/includes;f:/phpdev/php/class') in f:\phpdev\www\pamela\ajauction\contact.php on line 111
[07-Dec-2007 17:40:29] PHP Warning:  Failed to connect to mailserver, verify your "SMTP" setting in php.ini in f:\phpdev\www\pamela\ajauction\contact.php on line 95
[07-Dec-2007 17:42:29] PHP Warning:  Failed to connect to mailserver, verify your "SMTP" setting in php.ini in f:\phpdev\www\pamela\ajauction\contact.php on line 93
[07-Dec-2007 17:43:09] PHP Warning:  Failed to connect to mailserver, verify your "SMTP" setting in php.ini in f:\phpdev\www\pamela\ajauction\contact.php on line 93
[07-Dec-2007 18:03:11] PHP Warning:  ImageFontLoad: unable to open file in f:\phpdev\www\pamela\ajauction\bgimage.php on line 42
[07-Dec-2007 18:03:11] PHP Warning:  imagecreatefromjpeg: Unable to open 'background1.jpg' for reading in f:\phpdev\www\pamela\ajauction\bgimage.php on line 48
[07-Dec-2007 18:03:11] PHP Warning:  imagecolorallocate(): supplied argument is not a valid Image resource in f:\phpdev\www\pamela\ajauction\bgimage.php on line 50
[07-Dec-2007 18:03:11] PHP Warning:  imagestring(): supplied argument is not a valid Image resource in f:\phpdev\www\pamela\ajauction\bgimage.php on line 54
[07-Dec-2007 18:03:11] PHP Warning:  Cannot add header information - headers already sent by (output started at f:\phpdev\www\pamela\ajauction\bgimage.php:42) in f:\phpdev\www\pamela\ajauction\bgimage.php on line 68
[07-Dec-2007 18:03:11] PHP Warning:  Cannot add header information - headers already sent by (output started at f:\phpdev\www\pamela\ajauction\bgimage.php:42) in f:\phpdev\www\pamela\ajauction\bgimage.php on line 71
[07-Dec-2007 18:03:11] PHP Warning:  Cannot add header information - headers already sent by (output started at f:\phpdev\www\pamela\ajauction\bgimage.php:42) in f:\phpdev\www\pamela\ajauction\bgimage.php on line 74
[07-Dec-2007 18:03:11] PHP Warning:  Cannot add header information - headers already sent by (output started at f:\phpdev\www\pamela\ajauction\bgimage.php:42) in f:\phpdev\www\pamela\ajauction\bgimage.php on line 75
[07-Dec-2007 18:03:11] PHP Warning:  Cannot add header information - headers already sent by (output started at f:\phpdev\www\pamela\ajauction\bgimage.php:42) in f:\phpdev\www\pamela\ajauction\bgimage.php on line 78
[07-Dec-2007 18:03:11] PHP Warning:  Cannot add header information - headers already sent by (output started at f:\phpdev\www\pamela\ajauction\bgimage.php:42) in f:\phpdev\www\pamela\ajauction\bgimage.php on line 82
[07-Dec-2007 18:03:11] PHP Warning:  imagejpeg(): supplied argument is not a valid Image resource in f:\phpdev\www\pamela\ajauction\bgimage.php on line 85
[07-Dec-2007 18:03:11] PHP Warning:  imagedestroy(): supplied argument is not a valid Image resource in f:\phpdev\www\pamela\ajauction\bgimage.php on line 88
[07-Dec-2007 18:03:13] PHP Warning:  ImageFontLoad: unable to open file in f:\phpdev\www\pamela\ajauction\bgimage.php on line 42
[07-Dec-2007 18:03:13] PHP Warning:  imagecreatefromjpeg: Unable to open 'background1.jpg' for reading in f:\phpdev\www\pamela\ajauction\bgimage.php on line 48
[07-Dec-2007 18:03:13] PHP Warning:  imagecolorallocate(): supplied argument is not a valid Image resource in f:\phpdev\www\pamela\ajauction\bgimage.php on line 50
[07-Dec-2007 18:03:13] PHP Warning:  imagestring(): supplied argument is not a valid Image resource in f:\phpdev\www\pamela\ajauction\bgimage.php on line 54
[07-Dec-2007 18:03:13] PHP Warning:  Cannot add header information - headers already sent by (output started at f:\phpdev\www\pamela\ajauction\bgimage.php:42) in f:\phpdev\www\pamela\ajauction\bgimage.php on line 68
[07-Dec-2007 18:03:13] PHP Warning:  Cannot add header information - headers already sent by (output started at f:\phpdev\www\pamela\ajauction\bgimage.php:42) in f:\phpdev\www\pamela\ajauction\bgimage.php on line 71
[07-Dec-2007 18:03:13] PHP Warning:  Cannot add header information - headers already sent by (output started at f:\phpdev\www\pamela\ajauction\bgimage.php:42) in f:\phpdev\www\pamela\ajauction\bgimage.php on line 74
[07-Dec-2007 18:03:13] PHP Warning:  Cannot add header information - headers already sent by (output started at f:\phpdev\www\pamela\ajauction\bgimage.php:42) in f:\phpdev\www\pamela\ajauction\bgimage.php on line 75
[07-Dec-2007 18:03:13] PHP Warning:  Cannot add header information - headers already sent by (output started at f:\phpdev\www\pamela\ajauction\bgimage.php:42) in f:\phpdev\www\pamela\ajauction\bgimage.php on line 78
[07-Dec-2007 18:03:13] PHP Warning:  Cannot add header information - headers already sent by (output started at f:\phpdev\www\pamela\ajauction\bgimage.php:42) in f:\phpdev\www\pamela\ajauction\bgimage.php on line 82
[07-Dec-2007 18:03:13] PHP Warning:  imagejpeg(): supplied argument is not a valid Image resource in f:\phpdev\www\pamela\ajauction\bgimage.php on line 85
[07-Dec-2007 18:03:13] PHP Warning:  imagedestroy(): supplied argument is not a valid Image resource in f:\phpdev\www\pamela\ajauction\bgimage.php on line 88
[07-Dec-2007 18:03:36] PHP Warning:  imagecreatefromjpeg: Unable to open 'background1.jpg' for reading in f:\phpdev\www\pamela\ajauction\bgimage.php on line 48
[07-Dec-2007 18:03:36] PHP Warning:  imagecolorallocate(): supplied argument is not a valid Image resource in f:\phpdev\www\pamela\ajauction\bgimage.php on line 50
[07-Dec-2007 18:03:36] PHP Warning:  imagestring(): supplied argument is not a valid Image resource in f:\phpdev\www\pamela\ajauction\bgimage.php on line 54
[07-Dec-2007 18:03:36] PHP Warning:  Cannot add header information - headers already sent by (output started at f:\phpdev\www\pamela\ajauction\bgimage.php:48) in f:\phpdev\www\pamela\ajauction\bgimage.php on line 68
[07-Dec-2007 18:03:36] PHP Warning:  Cannot add header information - headers already sent by (output started at f:\phpdev\www\pamela\ajauction\bgimage.php:48) in f:\phpdev\www\pamela\ajauction\bgimage.php on line 71
[07-Dec-2007 18:03:36] PHP Warning:  Cannot add header information - headers already sent by (output started at f:\phpdev\www\pamela\ajauction\bgimage.php:48) in f:\phpdev\www\pamela\ajauction\bgimage.php on line 74
[07-Dec-2007 18:03:36] PHP Warning:  Cannot add header information - headers already sent by (output started at f:\phpdev\www\pamela\ajauction\bgimage.php:48) in f:\phpdev\www\pamela\ajauction\bgimage.php on line 75
[07-Dec-2007 18:03:36] PHP Warning:  Cannot add header information - headers already sent by (output started at f:\phpdev\www\pamela\ajauction\bgimage.php:48) in f:\phpdev\www\pamela\ajauction\bgimage.php on line 78
[07-Dec-2007 18:03:36] PHP Warning:  Cannot add header information - headers already sent by (output started at f:\phpdev\www\pamela\ajauction\bgimage.php:48) in f:\phpdev\www\pamela\ajauction\bgimage.php on line 82
[07-Dec-2007 18:03:36] PHP Warning:  imagejpeg(): supplied argument is not a valid Image resource in f:\phpdev\www\pamela\ajauction\bgimage.php on line 85
[07-Dec-2007 18:03:36] PHP Warning:  imagedestroy(): supplied argument is not a valid Image resource in f:\phpdev\www\pamela\ajauction\bgimage.php on line 88
[07-Dec-2007 18:03:38] PHP Warning:  imagecreatefromjpeg: Unable to open 'background1.jpg' for reading in f:\phpdev\www\pamela\ajauction\bgimage.php on line 48
[07-Dec-2007 18:03:38] PHP Warning:  imagecolorallocate(): supplied argument is not a valid Image resource in f:\phpdev\www\pamela\ajauction\bgimage.php on line 50
[07-Dec-2007 18:03:38] PHP Warning:  imagestring(): supplied argument is not a valid Image resource in f:\phpdev\www\pamela\ajauction\bgimage.php on line 54
[07-Dec-2007 18:03:38] PHP Warning:  Cannot add header information - headers already sent by (output started at f:\phpdev\www\pamela\ajauction\bgimage.php:48) in f:\phpdev\www\pamela\ajauction\bgimage.php on line 68
[07-Dec-2007 18:03:38] PHP Warning:  Cannot add header information - headers already sent by (output started at f:\phpdev\www\pamela\ajauction\bgimage.php:48) in f:\phpdev\www\pamela\ajauction\bgimage.php on line 71
[07-Dec-2007 18:03:39] PHP Warning:  Cannot add header information - headers already sent by (output started at f:\phpdev\www\pamela\ajauction\bgimage.php:48) in f:\phpdev\www\pamela\ajauction\bgimage.php on line 74
[07-Dec-2007 18:03:39] PHP Warning:  Cannot add header information - headers already sent by (output started at f:\phpdev\www\pamela\ajauction\bgimage.php:48) in f:\phpdev\www\pamela\ajauction\bgimage.php on line 75
[07-Dec-2007 18:03:39] PHP Warning:  Cannot add header information - headers already sent by (output started at f:\phpdev\www\pamela\ajauction\bgimage.php:48) in f:\phpdev\www\pamela\ajauction\bgimage.php on line 78
[07-Dec-2007 18:03:39] PHP Warning:  Cannot add header information - headers already sent by (output started at f:\phpdev\www\pamela\ajauction\bgimage.php:48) in f:\phpdev\www\pamela\ajauction\bgimage.php on line 82
[07-Dec-2007 18:03:39] PHP Warning:  imagejpeg(): supplied argument is not a valid Image resource in f:\phpdev\www\pamela\ajauction\bgimage.php on line 85
[07-Dec-2007 18:03:39] PHP Warning:  imagedestroy(): supplied argument is not a valid Image resource in f:\phpdev\www\pamela\ajauction\bgimage.php on line 88
[07-Dec-2007 18:03:51] PHP Warning:  imagecreatefromjpeg: Unable to open 'background1.jpg' for reading in f:\phpdev\www\pamela\ajauction\bgimage.php on line 48
[07-Dec-2007 18:03:52] PHP Warning:  imagecolorallocate(): supplied argument is not a valid Image resource in f:\phpdev\www\pamela\ajauction\bgimage.php on line 50
[07-Dec-2007 18:03:52] PHP Warning:  imagestring(): supplied argument is not a valid Image resource in f:\phpdev\www\pamela\ajauction\bgimage.php on line 54
[07-Dec-2007 18:03:52] PHP Warning:  Cannot add header information - headers already sent by (output started at f:\phpdev\www\pamela\ajauction\bgimage.php:48) in f:\phpdev\www\pamela\ajauction\bgimage.php on line 68
[07-Dec-2007 18:03:52] PHP Warning:  Cannot add header information - headers already sent by (output started at f:\phpdev\www\pamela\ajauction\bgimage.php:48) in f:\phpdev\www\pamela\ajauction\bgimage.php on line 71
[07-Dec-2007 18:03:52] PHP Warning:  Cannot add header information - headers already sent by (output started at f:\phpdev\www\pamela\ajauction\bgimage.php:48) in f:\phpdev\www\pamela\ajauction\bgimage.php on line 74
[07-Dec-2007 18:03:52] PHP Warning:  Cannot add header information - headers already sent by (output started at f:\phpdev\www\pamela\ajauction\bgimage.php:48) in f:\phpdev\www\pamela\ajauction\bgimage.php on line 75
[07-Dec-2007 18:03:52] PHP Warning:  Cannot add header information - headers already sent by (output started at f:\phpdev\www\pamela\ajauction\bgimage.php:48) in f:\phpdev\www\pamela\ajauction\bgimage.php on line 78
[07-Dec-2007 18:03:52] PHP Warning:  Cannot add header information - headers already sent by (output started at f:\phpdev\www\pamela\ajauction\bgimage.php:48) in f:\phpdev\www\pamela\ajauction\bgimage.php on line 82
[07-Dec-2007 18:03:52] PHP Warning:  imagejpeg(): supplied argument is not a valid Image resource in f:\phpdev\www\pamela\ajauction\bgimage.php on line 85
[07-Dec-2007 18:03:52] PHP Warning:  imagedestroy(): supplied argument is not a valid Image resource in f:\phpdev\www\pamela\ajauction\bgimage.php on line 88
[07-Dec-2007 18:04:15] PHP Warning:  imagecreatefromjpeg: Unable to open 'background1.jpg' for reading in f:\phpdev\www\pamela\ajauction\bgimage.php on line 48
[07-Dec-2007 18:04:15] PHP Warning:  imagecolorallocate(): supplied argument is not a valid Image resource in f:\phpdev\www\pamela\ajauction\bgimage.php on line 50
[07-Dec-2007 18:04:15] PHP Warning:  imagestring(): supplied argument is not a valid Image resource in f:\phpdev\www\pamela\ajauction\bgimage.php on line 54
[07-Dec-2007 18:04:15] PHP Warning:  Cannot add header information - headers already sent by (output started at f:\phpdev\www\pamela\ajauction\bgimage.php:48) in f:\phpdev\www\pamela\ajauction\bgimage.php on line 68
[07-Dec-2007 18:04:15] PHP Warning:  Cannot add header information - headers already sent by (output started at f:\phpdev\www\pamela\ajauction\bgimage.php:48) in f:\phpdev\www\pamela\ajauction\bgimage.php on line 71
[07-Dec-2007 18:04:15] PHP Warning:  Cannot add header information - headers already sent by (output started at f:\phpdev\www\pamela\ajauction\bgimage.php:48) in f:\phpdev\www\pamela\ajauction\bgimage.php on line 74
[07-Dec-2007 18:04:15] PHP Warning:  Cannot add header information - headers already sent by (output started at f:\phpdev\www\pamela\ajauction\bgimage.php:48) in f:\phpdev\www\pamela\ajauction\bgimage.php on line 75
[07-Dec-2007 18:04:15] PHP Warning:  Cannot add header information - headers already sent by (output started at f:\phpdev\www\pamela\ajauction\bgimage.php:48) in f:\phpdev\www\pamela\ajauction\bgimage.php on line 78
[07-Dec-2007 18:04:15] PHP Warning:  Cannot add header information - headers already sent by (output started at f:\phpdev\www\pamela\ajauction\bgimage.php:48) in f:\phpdev\www\pamela\ajauction\bgimage.php on line 82
[07-Dec-2007 18:04:15] PHP Warning:  imagejpeg(): supplied argument is not a valid Image resource in f:\phpdev\www\pamela\ajauction\bgimage.php on line 85
[07-Dec-2007 18:04:15] PHP Warning:  imagedestroy(): supplied argument is not a valid Image resource in f:\phpdev\www\pamela\ajauction\bgimage.php on line 88
[07-Dec-2007 18:05:20] PHP Warning:  imagecreatefromjpeg: Unable to open 'background1.jpg' for reading in f:\phpdev\www\pamela\ajauction\bgimage.php on line 48
[07-Dec-2007 18:05:20] PHP Warning:  imagecolorallocate(): supplied argument is not a valid Image resource in f:\phpdev\www\pamela\ajauction\bgimage.php on line 50
[07-Dec-2007 18:05:21] PHP Warning:  imagestring(): supplied argument is not a valid Image resource in f:\phpdev\www\pamela\ajauction\bgimage.php on line 54
[07-Dec-2007 18:05:21] PHP Warning:  Cannot add header information - headers already sent by (output started at f:\phpdev\www\pamela\ajauction\bgimage.php:48) in f:\phpdev\www\pamela\ajauction\bgimage.php on line 68
[07-Dec-2007 18:05:21] PHP Warning:  Cannot add header information - headers already sent by (output started at f:\phpdev\www\pamela\ajauction\bgimage.php:48) in f:\phpdev\www\pamela\ajauction\bgimage.php on line 71
[07-Dec-2007 18:05:21] PHP Warning:  Cannot add header information - headers already sent by (output started at f:\phpdev\www\pamela\ajauction\bgimage.php:48) in f:\phpdev\www\pamela\ajauction\bgimage.php on line 74
[07-Dec-2007 18:05:21] PHP Warning:  Cannot add header information - headers already sent by (output started at f:\phpdev\www\pamela\ajauction\bgimage.php:48) in f:\phpdev\www\pamela\ajauction\bgimage.php on line 75
[07-Dec-2007 18:05:21] PHP Warning:  Cannot add header information - headers already sent by (output started at f:\phpdev\www\pamela\ajauction\bgimage.php:48) in f:\phpdev\www\pamela\ajauction\bgimage.php on line 78
[07-Dec-2007 18:05:21] PHP Warning:  Cannot add header information - headers already sent by (output started at f:\phpdev\www\pamela\ajauction\bgimage.php:48) in f:\phpdev\www\pamela\ajauction\bgimage.php on line 82
[07-Dec-2007 18:05:21] PHP Warning:  imagejpeg(): supplied argument is not a valid Image resource in f:\phpdev\www\pamela\ajauction\bgimage.php on line 85
[07-Dec-2007 18:05:21] PHP Warning:  imagedestroy(): supplied argument is not a valid Image resource in f:\phpdev\www\pamela\ajauction\bgimage.php on line 88
[07-Dec-2007 18:05:42] PHP Warning:  imagecreatefromjpeg: Unable to open 'background1.jpg' for reading in f:\phpdev\www\pamela\ajauction\bgimage.php on line 48
[07-Dec-2007 18:05:42] PHP Warning:  imagecolorallocate(): supplied argument is not a valid Image resource in f:\phpdev\www\pamela\ajauction\bgimage.php on line 50
[07-Dec-2007 18:05:42] PHP Warning:  imagestring(): supplied argument is not a valid Image resource in f:\phpdev\www\pamela\ajauction\bgimage.php on line 54
[07-Dec-2007 18:05:42] PHP Warning:  Cannot add header information - headers already sent by (output started at f:\phpdev\www\pamela\ajauction\bgimage.php:48) in f:\phpdev\www\pamela\ajauction\bgimage.php on line 68
[07-Dec-2007 18:05:42] PHP Warning:  Cannot add header information - headers already sent by (output started at f:\phpdev\www\pamela\ajauction\bgimage.php:48) in f:\phpdev\www\pamela\ajauction\bgimage.php on line 71
[07-Dec-2007 18:05:42] PHP Warning:  Cannot add header information - headers already sent by (output started at f:\phpdev\www\pamela\ajauction\bgimage.php:48) in f:\phpdev\www\pamela\ajauction\bgimage.php on line 74
[07-Dec-2007 18:05:42] PHP Warning:  Cannot add header information - headers already sent by (output started at f:\phpdev\www\pamela\ajauction\bgimage.php:48) in f:\phpdev\www\pamela\ajauction\bgimage.php on line 75
[07-Dec-2007 18:05:42] PHP Warning:  Cannot add header information - headers already sent by (output started at f:\phpdev\www\pamela\ajauction\bgimage.php:48) in f:\phpdev\www\pamela\ajauction\bgimage.php on line 78
[07-Dec-2007 18:05:42] PHP Warning:  Cannot add header information - headers already sent by (output started at f:\phpdev\www\pamela\ajauction\bgimage.php:48) in f:\phpdev\www\pamela\ajauction\bgimage.php on line 82
[07-Dec-2007 18:05:42] PHP Warning:  imagejpeg(): supplied argument is not a valid Image resource in f:\phpdev\www\pamela\ajauction\bgimage.php on line 85
[07-Dec-2007 18:05:42] PHP Warning:  imagedestroy(): supplied argument is not a valid Image resource in f:\phpdev\www\pamela\ajauction\bgimage.php on line 88
[07-Dec-2007 18:07:25] PHP Warning:  imagecreatefromjpeg: Unable to open 'background1.jpg' for reading in f:\phpdev\www\pamela\ajauction\bgimage.php on line 48
[07-Dec-2007 18:07:25] PHP Warning:  imagecolorallocate(): supplied argument is not a valid Image resource in f:\phpdev\www\pamela\ajauction\bgimage.php on line 50
[07-Dec-2007 18:07:25] PHP Warning:  imagestring(): supplied argument is not a valid Image resource in f:\phpdev\www\pamela\ajauction\bgimage.php on line 54
[07-Dec-2007 18:07:25] PHP Warning:  Cannot add header information - headers already sent by (output started at f:\phpdev\www\pamela\ajauction\bgimage.php:48) in f:\phpdev\www\pamela\ajauction\bgimage.php on line 68
[07-Dec-2007 18:07:25] PHP Warning:  Cannot add header information - headers already sent by (output started at f:\phpdev\www\pamela\ajauction\bgimage.php:48) in f:\phpdev\www\pamela\ajauction\bgimage.php on line 71
[07-Dec-2007 18:07:25] PHP Warning:  Cannot add header information - headers already sent by (output started at f:\phpdev\www\pamela\ajauction\bgimage.php:48) in f:\phpdev\www\pamela\ajauction\bgimage.php on line 74
[07-Dec-2007 18:07:25] PHP Warning:  Cannot add header information - headers already sent by (output started at f:\phpdev\www\pamela\ajauction\bgimage.php:48) in f:\phpdev\www\pamela\ajauction\bgimage.php on line 75
[07-Dec-2007 18:07:25] PHP Warning:  Cannot add header information - headers already sent by (output started at f:\phpdev\www\pamela\ajauction\bgimage.php:48) in f:\phpdev\www\pamela\ajauction\bgimage.php on line 78
[07-Dec-2007 18:07:25] PHP Warning:  Cannot add header information - headers already sent by (output started at f:\phpdev\www\pamela\ajauction\bgimage.php:48) in f:\phpdev\www\pamela\ajauction\bgimage.php on line 82
[07-Dec-2007 18:07:25] PHP Warning:  imagejpeg(): supplied argument is not a valid Image resource in f:\phpdev\www\pamela\ajauction\bgimage.php on line 85
[07-Dec-2007 18:07:25] PHP Warning:  imagedestroy(): supplied argument is not a valid Image resource in f:\phpdev\www\pamela\ajauction\bgimage.php on line 88
[07-Dec-2007 18:07:48] PHP Warning:  imagecreatefromjpeg: Unable to open 'background1.jpg' for reading in f:\phpdev\www\pamela\ajauction\bgimage.php on line 48
[07-Dec-2007 18:07:48] PHP Warning:  imagecolorallocate(): supplied argument is not a valid Image resource in f:\phpdev\www\pamela\ajauction\bgimage.php on line 50
[07-Dec-2007 18:07:48] PHP Warning:  imagestring(): supplied argument is not a valid Image resource in f:\phpdev\www\pamela\ajauction\bgimage.php on line 54
[07-Dec-2007 18:07:48] PHP Warning:  Cannot add header information - headers already sent by (output started at f:\phpdev\www\pamela\ajauction\bgimage.php:48) in f:\phpdev\www\pamela\ajauction\bgimage.php on line 68
[07-Dec-2007 18:07:48] PHP Warning:  Cannot add header information - headers already sent by (output started at f:\phpdev\www\pamela\ajauction\bgimage.php:48) in f:\phpdev\www\pamela\ajauction\bgimage.php on line 71
[07-Dec-2007 18:07:48] PHP Warning:  Cannot add header information - headers already sent by (output started at f:\phpdev\www\pamela\ajauction\bgimage.php:48) in f:\phpdev\www\pamela\ajauction\bgimage.php on line 74
[07-Dec-2007 18:07:48] PHP Warning:  Cannot add header information - headers already sent by (output started at f:\phpdev\www\pamela\ajauction\bgimage.php:48) in f:\phpdev\www\pamela\ajauction\bgimage.php on line 75
[07-Dec-2007 18:07:48] PHP Warning:  Cannot add header information - headers already sent by (output started at f:\phpdev\www\pamela\ajauction\bgimage.php:48) in f:\phpdev\www\pamela\ajauction\bgimage.php on line 78
[07-Dec-2007 18:07:48] PHP Warning:  Cannot add header information - headers already sent by (output started at f:\phpdev\www\pamela\ajauction\bgimage.php:48) in f:\phpdev\www\pamela\ajauction\bgimage.php on line 82
[07-Dec-2007 18:07:48] PHP Warning:  imagejpeg(): supplied argument is not a valid Image resource in f:\phpdev\www\pamela\ajauction\bgimage.php on line 85
[07-Dec-2007 18:07:48] PHP Warning:  imagedestroy(): supplied argument is not a valid Image resource in f:\phpdev\www\pamela\ajauction\bgimage.php on line 88
[10-Dec-2007 11:30:42] PHP Warning:  Failed to connect to mailserver, verify your "SMTP" setting in php.ini in f:\phpdev\www\pamela\ajauction\verification_reg.php on line 72
[10-Dec-2007 11:32:22] PHP Fatal error:  Cannot redeclare getdatedifference() (previously declared in f:\phpdev\www\pamela\ajauction\include\getdatedifference.php:30) in f:\phpdev\www\pamela\ajauction\include\getdatedifference.php on line 30
[10-Dec-2007 11:33:25] PHP Fatal error:  Cannot redeclare getdatedifference() (previously declared in f:\phpdev\www\pamela\ajauction\include\getdatedifference.php:30) in f:\phpdev\www\pamela\ajauction\include\getdatedifference.php on line 30
[10-Dec-2007 12:10:13] PHP Parse error:  parse error in f:\phpdev\www\pamela\ajauction\templates\verify.tpl on line 48
[10-Dec-2007 12:10:22] PHP Parse error:  parse error in f:\phpdev\www\pamela\ajauction\templates\verify.tpl on line 48
[10-Dec-2007 12:10:28] PHP Parse error:  parse error in f:\phpdev\www\pamela\ajauction\templates\verify.tpl on line 48
[10-Dec-2007 12:10:30] PHP Parse error:  parse error in f:\phpdev\www\pamela\ajauction\templates\verify.tpl on line 48
[10-Dec-2007 12:12:05] PHP Parse error:  parse error in f:\phpdev\www\pamela\ajauction\templates\verify.tpl on line 43
[10-Dec-2007 12:26:37] PHP Warning:  mysql_fetch_array(): supplied argument is not a valid MySQL result resource in f:\phpdev\www\pamela\ajauction\detail.php on line 97
[10-Dec-2007 12:26:37] PHP Warning:  getimagesize: Unable to open 'images/themes1.gif' for reading. in f:\phpdev\www\pamela\ajauction\detail.php on line 187
[10-Dec-2007 12:27:10] PHP Warning:  mysql_fetch_array(): supplied argument is not a valid MySQL result resource in f:\phpdev\www\pamela\ajauction\detail.php on line 97
[10-Dec-2007 12:27:10] PHP Warning:  getimagesize: Unable to open 'images/themes1.gif' for reading. in f:\phpdev\www\pamela\ajauction\detail.php on line 187
[10-Dec-2007 12:48:56] PHP Warning:  mysql_fetch_array(): supplied argument is not a valid MySQL result resource in f:\phpdev\www\pamela\ajauction\detail.php on line 95
[10-Dec-2007 12:48:56] PHP Warning:  getimagesize: Unable to open 'images/themes1.gif' for reading. in f:\phpdev\www\pamela\ajauction\detail.php on line 185
[10-Dec-2007 17:20:01] PHP Parse error:  parse error in f:\phpdev\www\pamela\ajauction\sitemap.php on line 42
[10-Dec-2007 17:20:12] PHP Parse error:  parse error in f:\phpdev\www\pamela\ajauction\sitemap.php on line 42
[10-Dec-2007 17:20:14] PHP Parse error:  parse error in f:\phpdev\www\pamela\ajauction\sitemap.php on line 42
[13-Dec-2007 12:18:00] PHP Parse error:  parse error in f:\phpdev\www\pamela\ajauction\templates\search.tpl on line 104
[13-Dec-2007 13:28:47] PHP Parse error:  parse error in f:\phpdev\www\pamela\ajauction\include\search.php on line 533
[13-Dec-2007 13:28:52] PHP Parse error:  parse error in f:\phpdev\www\pamela\ajauction\include\search.php on line 533
[13-Dec-2007 13:30:06] PHP Warning:  mysql_num_rows(): supplied argument is not a valid MySQL result resource in f:\phpdev\www\pamela\ajauction\include\search.php on line 214
[13-Dec-2007 13:30:13] PHP Warning:  mysql_num_rows(): supplied argument is not a valid MySQL result resource in f:\phpdev\www\pamela\ajauction\include\search.php on line 214
[13-Dec-2007 13:54:51] PHP Warning:  mysql_num_rows(): supplied argument is not a valid MySQL result resource in f:\phpdev\www\pamela\ajauction\templates\searchlistcategories.tpl on line 42
[13-Dec-2007 13:54:51] PHP Warning:  mysql_num_rows(): supplied argument is not a valid MySQL result resource in f:\phpdev\www\pamela\ajauction\templates\searchlistcategories.tpl on line 42
[13-Dec-2007 13:54:51] PHP Warning:  mysql_num_rows(): supplied argument is not a valid MySQL result resource in f:\phpdev\www\pamela\ajauction\templates\searchlistcategories.tpl on line 42
[13-Dec-2007 13:54:51] PHP Warning:  mysql_num_rows(): supplied argument is not a valid MySQL result resource in f:\phpdev\www\pamela\ajauction\templates\searchlistcategories.tpl on line 42
[13-Dec-2007 13:54:51] PHP Warning:  mysql_num_rows(): supplied argument is not a valid MySQL result resource in f:\phpdev\www\pamela\ajauction\templates\searchlistcategories.tpl on line 42
[13-Dec-2007 13:54:51] PHP Warning:  mysql_num_rows(): supplied argument is not a valid MySQL result resource in f:\phpdev\www\pamela\ajauction\templates\searchlistcategories.tpl on line 42
[13-Dec-2007 13:54:51] PHP Warning:  mysql_num_rows(): supplied argument is not a valid MySQL result resource in f:\phpdev\www\pamela\ajauction\templates\searchlistcategories.tpl on line 42
[13-Dec-2007 13:54:51] PHP Warning:  mysql_num_rows(): supplied argument is not a valid MySQL result resource in f:\phpdev\www\pamela\ajauction\templates\searchlistcategories.tpl on line 42
[13-Dec-2007 13:54:51] PHP Warning:  mysql_num_rows(): supplied argument is not a valid MySQL result resource in f:\phpdev\www\pamela\ajauction\templates\searchlistcategories.tpl on line 42
[13-Dec-2007 13:54:52] PHP Warning:  mysql_num_rows(): supplied argument is not a valid MySQL result resource in f:\phpdev\www\pamela\ajauction\templates\searchlistcategories.tpl on line 42
[13-Dec-2007 13:55:52] PHP Warning:  mysql_num_rows(): supplied argument is not a valid MySQL result resource in f:\phpdev\www\pamela\ajauction\templates\searchlistcategories.tpl on line 42
[13-Dec-2007 13:55:52] PHP Warning:  mysql_num_rows(): supplied argument is not a valid MySQL result resource in f:\phpdev\www\pamela\ajauction\templates\searchlistcategories.tpl on line 42
[13-Dec-2007 13:55:52] PHP Warning:  mysql_num_rows(): supplied argument is not a valid MySQL result resource in f:\phpdev\www\pamela\ajauction\templates\searchlistcategories.tpl on line 42
[13-Dec-2007 13:55:52] PHP Warning:  mysql_num_rows(): supplied argument is not a valid MySQL result resource in f:\phpdev\www\pamela\ajauction\templates\searchlistcategories.tpl on line 42
[13-Dec-2007 13:55:52] PHP Warning:  mysql_num_rows(): supplied argument is not a valid MySQL result resource in f:\phpdev\www\pamela\ajauction\templates\searchlistcategories.tpl on line 42
[13-Dec-2007 13:55:52] PHP Warning:  mysql_num_rows(): supplied argument is not a valid MySQL result resource in f:\phpdev\www\pamela\ajauction\templates\searchlistcategories.tpl on line 42
[13-Dec-2007 13:55:53] PHP Warning:  mysql_num_rows(): supplied argument is not a valid MySQL result resource in f:\phpdev\www\pamela\ajauction\templates\searchlistcategories.tpl on line 42
[13-Dec-2007 13:55:53] PHP Warning:  mysql_num_rows(): supplied argument is not a valid MySQL result resource in f:\phpdev\www\pamela\ajauction\templates\searchlistcategories.tpl on line 42
[13-Dec-2007 13:55:53] PHP Warning:  mysql_num_rows(): supplied argument is not a valid MySQL result resource in f:\phpdev\www\pamela\ajauction\templates\searchlistcategories.tpl on line 42
[13-Dec-2007 13:55:53] PHP Warning:  mysql_num_rows(): supplied argument is not a valid MySQL result resource in f:\phpdev\www\pamela\ajauction\templates\searchlistcategories.tpl on line 42
[13-Dec-2007 13:56:53] PHP Warning:  mysql_num_rows(): supplied argument is not a valid MySQL result resource in f:\phpdev\www\pamela\ajauction\templates\searchlistcategories.tpl on line 42
[13-Dec-2007 13:56:53] PHP Warning:  mysql_num_rows(): supplied argument is not a valid MySQL result resource in f:\phpdev\www\pamela\ajauction\templates\searchlistcategories.tpl on line 42
[13-Dec-2007 13:56:53] PHP Warning:  mysql_num_rows(): supplied argument is not a valid MySQL result resource in f:\phpdev\www\pamela\ajauction\templates\searchlistcategories.tpl on line 42
[13-Dec-2007 13:56:53] PHP Warning:  mysql_num_rows(): supplied argument is not a valid MySQL result resource in f:\phpdev\www\pamela\ajauction\templates\searchlistcategories.tpl on line 42
[13-Dec-2007 13:56:53] PHP Warning:  mysql_num_rows(): supplied argument is not a valid MySQL result resource in f:\phpdev\www\pamela\ajauction\templates\searchlistcategories.tpl on line 42
[13-Dec-2007 13:56:53] PHP Warning:  mysql_num_rows(): supplied argument is not a valid MySQL result resource in f:\phpdev\www\pamela\ajauction\templates\searchlistcategories.tpl on line 42
[13-Dec-2007 13:56:53] PHP Warning:  mysql_num_rows(): supplied argument is not a valid MySQL result resource in f:\phpdev\www\pamela\ajauction\templates\searchlistcategories.tpl on line 42
[13-Dec-2007 13:56:53] PHP Warning:  mysql_num_rows(): supplied argument is not a valid MySQL result resource in f:\phpdev\www\pamela\ajauction\templates\searchlistcategories.tpl on line 42
[13-Dec-2007 13:56:53] PHP Warning:  mysql_num_rows(): supplied argument is not a valid MySQL result resource in f:\phpdev\www\pamela\ajauction\templates\searchlistcategories.tpl on line 42
[13-Dec-2007 13:56:53] PHP Warning:  mysql_num_rows(): supplied argument is not a valid MySQL result resource in f:\phpdev\www\pamela\ajauction\templates\searchlistcategories.tpl on line 42
[13-Dec-2007 13:57:40] PHP Warning:  mysql_num_rows(): supplied argument is not a valid MySQL result resource in f:\phpdev\www\pamela\ajauction\templates\searchlistcategories.tpl on line 42
[13-Dec-2007 13:57:40] PHP Warning:  mysql_num_rows(): supplied argument is not a valid MySQL result resource in f:\phpdev\www\pamela\ajauction\templates\searchlistcategories.tpl on line 42
[13-Dec-2007 13:57:52] PHP Warning:  mysql_num_rows(): supplied argument is not a valid MySQL result resource in f:\phpdev\www\pamela\ajauction\templates\searchlistcategories.tpl on line 42
[13-Dec-2007 13:58:23] PHP Warning:  mysql_num_rows(): supplied argument is not a valid MySQL result resource in f:\phpdev\www\pamela\ajauction\templates\searchlistcategories.tpl on line 43
[13-Dec-2007 14:48:49] PHP Warning:  mysql_fetch_array(): supplied argument is not a valid MySQL result resource in f:\phpdev\www\pamela\ajauction\templates\searchlistcategories.tpl on line 7
[13-Dec-2007 14:48:49] PHP Warning:  mysql_num_rows(): supplied argument is not a valid MySQL result resource in f:\phpdev\www\pamela\ajauction\templates\searchlistcategories.tpl on line 61
[13-Dec-2007 14:50:11] PHP Warning:  mysql_fetch_array(): supplied argument is not a valid MySQL result resource in f:\phpdev\www\pamela\ajauction\templates\searchlistcategories.tpl on line 7
[13-Dec-2007 14:50:11] PHP Warning:  mysql_num_rows(): supplied argument is not a valid MySQL result resource in f:\phpdev\www\pamela\ajauction\templates\searchlistcategories.tpl on line 61
[13-Dec-2007 14:50:18] PHP Warning:  mysql_fetch_array(): supplied argument is not a valid MySQL result resource in f:\phpdev\www\pamela\ajauction\templates\searchlistcategories.tpl on line 7
[13-Dec-2007 14:50:18] PHP Warning:  mysql_num_rows(): supplied argument is not a valid MySQL result resource in f:\phpdev\www\pamela\ajauction\templates\searchlistcategories.tpl on line 61
[13-Dec-2007 14:53:25] PHP Warning:  mysql_fetch_array(): supplied argument is not a valid MySQL result resource in f:\phpdev\www\pamela\ajauction\templates\searchlistcategories.tpl on line 7
[13-Dec-2007 14:53:25] PHP Warning:  mysql_num_rows(): supplied argument is not a valid MySQL result resource in f:\phpdev\www\pamela\ajauction\templates\searchlistcategories.tpl on line 61
[13-Dec-2007 14:53:47] PHP Warning:  mysql_fetch_array(): supplied argument is not a valid MySQL result resource in f:\phpdev\www\pamela\ajauction\templates\searchlistcategories.tpl on line 7
[13-Dec-2007 14:53:47] PHP Warning:  mysql_num_rows(): supplied argument is not a valid MySQL result resource in f:\phpdev\www\pamela\ajauction\templates\searchlistcategories.tpl on line 61
[13-Dec-2007 14:54:30] PHP Warning:  mysql_fetch_array(): supplied argument is not a valid MySQL result resource in f:\phpdev\www\pamela\ajauction\templates\searchlistcategories.tpl on line 7
[13-Dec-2007 14:54:30] PHP Warning:  mysql_num_rows(): supplied argument is not a valid MySQL result resource in f:\phpdev\www\pamela\ajauction\templates\searchlistcategories.tpl on line 61
[13-Dec-2007 14:54:45] PHP Warning:  mysql_fetch_array(): supplied argument is not a valid MySQL result resource in f:\phpdev\www\pamela\ajauction\templates\searchlistcategories.tpl on line 7
[13-Dec-2007 14:54:45] PHP Warning:  mysql_num_rows(): supplied argument is not a valid MySQL result resource in f:\phpdev\www\pamela\ajauction\templates\searchlistcategories.tpl on line 61
[13-Dec-2007 14:55:24] PHP Warning:  mysql_fetch_array(): supplied argument is not a valid MySQL result resource in f:\phpdev\www\pamela\ajauction\templates\searchlistcategories.tpl on line 8
[13-Dec-2007 14:55:24] PHP Warning:  mysql_num_rows(): supplied argument is not a valid MySQL result resource in f:\phpdev\www\pamela\ajauction\templates\searchlistcategories.tpl on line 62
[13-Dec-2007 14:55:28] PHP Warning:  mysql_fetch_array(): supplied argument is not a valid MySQL result resource in f:\phpdev\www\pamela\ajauction\templates\searchlistcategories.tpl on line 8
[13-Dec-2007 14:55:28] PHP Warning:  mysql_num_rows(): supplied argument is not a valid MySQL result resource in f:\phpdev\www\pamela\ajauction\templates\searchlistcategories.tpl on line 62
[13-Dec-2007 14:56:15] PHP Warning:  mysql_num_rows(): supplied argument is not a valid MySQL result resource in f:\phpdev\www\pamela\ajauction\templates\searchlistcategories.tpl on line 61
[13-Dec-2007 14:56:39] PHP Warning:  mysql_num_rows(): supplied argument is not a valid MySQL result resource in f:\phpdev\www\pamela\ajauction\templates\searchlistcategories.tpl on line 61
[13-Dec-2007 14:56:39] PHP Warning:  mysql_num_rows(): supplied argument is not a valid MySQL result resource in f:\phpdev\www\pamela\ajauction\templates\searchlistcategories.tpl on line 61
[13-Dec-2007 14:57:14] PHP Warning:  mysql_num_rows(): supplied argument is not a valid MySQL result resource in f:\phpdev\www\pamela\ajauction\templates\searchlistcategories.tpl on line 61
[13-Dec-2007 14:57:29] PHP Warning:  mysql_num_rows(): supplied argument is not a valid MySQL result resource in f:\phpdev\www\pamela\ajauction\templates\searchlistcategories.tpl on line 61
[13-Dec-2007 14:59:39] PHP Warning:  mysql_num_rows(): supplied argument is not a valid MySQL result resource in f:\phpdev\www\pamela\ajauction\templates\searchlistcategories.tpl on line 61
[13-Dec-2007 14:59:50] PHP Warning:  mysql_num_rows(): supplied argument is not a valid MySQL result resource in f:\phpdev\www\pamela\ajauction\templates\searchlistcategories.tpl on line 61
[13-Dec-2007 15:01:35] PHP Warning:  mysql_num_rows(): supplied argument is not a valid MySQL result resource in f:\phpdev\www\pamela\ajauction\templates\searchlistcategories.tpl on line 61
[13-Dec-2007 15:01:39] PHP Warning:  mysql_num_rows(): supplied argument is not a valid MySQL result resource in f:\phpdev\www\pamela\ajauction\templates\searchlistcategories.tpl on line 61
[13-Dec-2007 15:02:15] PHP Warning:  mysql_num_rows(): supplied argument is not a valid MySQL result resource in f:\phpdev\www\pamela\ajauction\templates\searchlistcategories.tpl on line 61
[13-Dec-2007 15:02:27] PHP Warning:  mysql_num_rows(): supplied argument is not a valid MySQL result resource in f:\phpdev\www\pamela\ajauction\templates\searchlistcategories.tpl on line 61
[13-Dec-2007 15:04:12] PHP Warning:  mysql_num_rows(): supplied argument is not a valid MySQL result resource in f:\phpdev\www\pamela\ajauction\templates\searchlistcategories.tpl on line 61
[13-Dec-2007 15:04:33] PHP Warning:  mysql_num_rows(): supplied argument is not a valid MySQL result resource in f:\phpdev\www\pamela\ajauction\templates\searchlistcategories.tpl on line 62
[13-Dec-2007 15:04:56] PHP Parse error:  parse error, expecting `T_STRING' or `T_VARIABLE' or `T_NUM_STRING' in f:\phpdev\www\pamela\ajauction\templates\searchlistcategories.tpl on line 43
[13-Dec-2007 17:53:55] PHP Warning:  mysql_num_rows(): supplied argument is not a valid MySQL result resource in f:\phpdev\www\pamela\ajauction\templates\wantitnowdes.tpl on line 281
[13-Dec-2007 17:55:56] PHP Warning:  mysql_num_rows(): supplied argument is not a valid MySQL result resource in f:\phpdev\www\pamela\ajauction\templates\wantitnowdes.tpl on line 281
[13-Dec-2007 18:38:48] PHP Fatal error:  Failed opening required 'templates/main_bid.tpl' (include_path='.;f:/phpdev/php/includes;f:/phpdev/php/class') in f:\phpdev\www\pamela\ajauction\bidding.php on line 485
[14-Dec-2007 09:29:21] PHP Warning:  Failed to connect to mailserver, verify your "SMTP" setting in php.ini in f:\phpdev\www\pamela\ajauction\bidding.php on line 373
[14-Dec-2007 09:36:09] PHP Warning:  Failed to connect to mailserver, verify your "SMTP" setting in php.ini in f:\phpdev\www\pamela\ajauction\bidding.php on line 373
[14-Dec-2007 09:52:52] PHP Warning:  Failed to connect to mailserver, verify your "SMTP" setting in php.ini in f:\phpdev\www\pamela\ajauction\bidding.php on line 373
[14-Dec-2007 10:05:01] PHP Parse error:  parse error in f:\phpdev\www\pamela\ajauction\bidding.php on line 279
[14-Dec-2007 10:05:11] PHP Parse error:  parse error in f:\phpdev\www\pamela\ajauction\bidding.php on line 279
[14-Dec-2007 10:05:14] PHP Parse error:  parse error in f:\phpdev\www\pamela\ajauction\bidding.php on line 279
[14-Dec-2007 10:05:34] PHP Parse error:  parse error in f:\phpdev\www\pamela\ajauction\bidding.php on line 282
[14-Dec-2007 10:06:29] PHP Parse error:  parse error in f:\phpdev\www\pamela\ajauction\bidding.php on line 488
[14-Dec-2007 10:07:14] PHP Parse error:  parse error in f:\phpdev\www\pamela\ajauction\bidding.php on line 488
[14-Dec-2007 10:11:35] PHP Parse error:  parse error, expecting `']'' in f:\phpdev\www\pamela\ajauction\bidding.php on line 8
[14-Dec-2007 10:14:30] PHP Parse error:  parse error, expecting `T_STRING' or `T_VARIABLE' or `T_NUM_STRING' in f:\phpdev\www\pamela\ajauction\bidding.php on line 189
[14-Dec-2007 10:16:40] PHP Parse error:  parse error in f:\phpdev\www\pamela\ajauction\bidding.php on line 7
[14-Dec-2007 10:28:16] PHP Warning:  Failed to connect to mailserver, verify your "SMTP" setting in php.ini in f:\phpdev\www\pamela\ajauction\bidding.php on line 203
[14-Dec-2007 10:30:10] PHP Warning:  Failed to connect to mailserver, verify your "SMTP" setting in php.ini in f:\phpdev\www\pamela\ajauction\bidding.php on line 203
[14-Dec-2007 10:31:17] PHP Warning:  Failed to connect to mailserver, verify your "SMTP" setting in php.ini in f:\phpdev\www\pamela\ajauction\bidding.php on line 195
[14-Dec-2007 10:31:56] PHP Warning:  Failed to connect to mailserver, verify your "SMTP" setting in php.ini in f:\phpdev\www\pamela\ajauction\bidding.php on line 195
[14-Dec-2007 10:34:10] PHP Warning:  Failed to connect to mailserver, verify your "SMTP" setting in php.ini in f:\phpdev\www\pamela\ajauction\bidding.php on line 195
[14-Dec-2007 13:42:03] PHP Fatal error:  Failed opening required 'include/wantitnow_home_inc.php' (include_path='.;f:/phpdev/php/includes;f:/phpdev/php/class') in f:\phpdev\www\pamela\ajauction\wantitnow_homepage.php on line 37
[14-Dec-2007 13:42:30] PHP Fatal error:  Failed opening required 'templates/wantitnow_homepage.tpl' (include_path='.;f:/phpdev/php/includes;f:/phpdev/php/class') in f:\phpdev\www\pamela\ajauction\wantitnow_homepage.php on line 60
[14-Dec-2007 13:42:57] PHP Fatal error:  Failed opening required 'templates/wantitnow_homepage.tpl' (include_path='.;f:/phpdev/php/includes;f:/phpdev/php/class') in f:\phpdev\www\pamela\ajauction\wantitnow_homepage.php on line 60
[14-Dec-2007 13:42:59] PHP Fatal error:  Failed opening required 'templates/wantitnow_homepage.tpl' (include_path='.;f:/phpdev/php/includes;f:/phpdev/php/class') in f:\phpdev\www\pamela\ajauction\wantitnow_homepage.php on line 60
[14-Dec-2007 13:45:42] PHP Fatal error:  Failed opening required 'templates/wantitnow_homepage.tpl' (include_path='.;f:/phpdev/php/includes;f:/phpdev/php/class') in f:\phpdev\www\pamela\ajauction\wantitnow_homepage.php on line 60
[14-Dec-2007 16:53:34] PHP Warning:  Failed to connect to mailserver, verify your "SMTP" setting in php.ini in f:\phpdev\www\pamela\ajauction\contact.php on line 94
[14-Dec-2007 17:35:35] PHP Fatal error:  Failed opening required 'templates/auction_help.tpl' (include_path='.;f:/phpdev/php/includes;f:/phpdev/php/class') in f:\phpdev\www\pamela\ajauction\auction_help.php on line 37
[15-Dec-2007 15:12:24] PHP Fatal error:  Failed opening required 'templates/returnpolicy.tpl' (include_path='.;f:/phpdev/php/includes;f:/phpdev/php/class') in f:\phpdev\www\pamela\ajauction\returnpolicy.php on line 29
[17-Dec-2007 12:37:42] PHP Fatal error:  Failed opening required 'include/bid_retract_inc.php' (include_path='.;f:/phpdev/php/includes;f:/phpdev/php/class') in f:\phpdev\www\pamela\ajauction\bid_retract.php on line 27
[17-Dec-2007 13:30:42] PHP Fatal error:  Failed opening required 'include/trackit_inc.php' (include_path='.;f:/phpdev/php/includes;f:/phpdev/php/class') in f:\phpdev\www\pamela\ajauction\trackit.php on line 30
[17-Dec-2007 13:35:41] PHP Parse error:  parse error, expecting `']'' in f:\phpdev\www\pamela\ajauction\templates\bidhistory.tpl on line 240
[17-Dec-2007 17:25:13] PHP Warning:  Failed to connect to mailserver, verify your "SMTP" setting in php.ini in f:\phpdev\www\pamela\ajauction\contact.php on line 94
[17-Dec-2007 17:27:26] PHP Warning:  Failed to connect to mailserver, verify your "SMTP" setting in php.ini in f:\phpdev\www\pamela\ajauction\contact.php on line 94
[17-Dec-2007 18:03:06] PHP Warning:  Invalid argument supplied for foreach() in f:\phpdev\www\pamela\ajauction\crosspromote.php on line 34
[17-Dec-2007 18:05:18] PHP Warning:  Invalid argument supplied for foreach() in f:\phpdev\www\pamela\ajauction\crosspromote.php on line 34
[17-Dec-2007 18:09:08] PHP Warning:  Invalid argument supplied for foreach() in f:\phpdev\www\pamela\ajauction\crosspromote.php on line 34
[17-Dec-2007 18:09:20] PHP Warning:  Invalid argument supplied for foreach() in f:\phpdev\www\pamela\ajauction\crosspromote.php on line 34
[17-Dec-2007 18:09:52] PHP Warning:  Invalid argument supplied for foreach() in f:\phpdev\www\pamela\ajauction\crosspromote.php on line 34
[17-Dec-2007 18:09:57] PHP Warning:  Invalid argument supplied for foreach() in f:\phpdev\www\pamela\ajauction\crosspromote.php on line 34
[17-Dec-2007 18:10:04] PHP Warning:  Invalid argument supplied for foreach() in f:\phpdev\www\pamela\ajauction\crosspromote.php on line 34
[17-Dec-2007 18:10:26] PHP Warning:  Invalid argument supplied for foreach() in f:\phpdev\www\pamela\ajauction\crosspromote.php on line 34
[17-Dec-2007 18:10:33] PHP Warning:  Invalid argument supplied for foreach() in f:\phpdev\www\pamela\ajauction\crosspromote.php on line 34
[17-Dec-2007 18:10:46] PHP Warning:  Invalid argument supplied for foreach() in f:\phpdev\www\pamela\ajauction\crosspromote.php on line 34
[17-Dec-2007 18:10:53] PHP Warning:  Invalid argument supplied for foreach() in f:\phpdev\www\pamela\ajauction\crosspromote.php on line 34
[17-Dec-2007 18:11:08] PHP Warning:  Invalid argument supplied for foreach() in f:\phpdev\www\pamela\ajauction\crosspromote.php on line 34
[17-Dec-2007 18:11:17] PHP Warning:  Invalid argument supplied for foreach() in f:\phpdev\www\pamela\ajauction\crosspromote.php on line 34
[17-Dec-2007 18:11:55] PHP Warning:  Invalid argument supplied for foreach() in f:\phpdev\www\pamela\ajauction\crosspromote.php on line 34
[17-Dec-2007 18:13:05] PHP Warning:  Invalid argument supplied for foreach() in f:\phpdev\www\pamela\ajauction\crosspromote.php on line 34
[17-Dec-2007 18:13:14] PHP Warning:  Invalid argument supplied for foreach() in f:\phpdev\www\pamela\ajauction\crosspromote.php on line 34
[17-Dec-2007 18:16:21] PHP Fatal error:  Failed opening required 'include/comments_inc.php' (include_path='.;f:/phpdev/php/includes;f:/phpdev/php/class') in f:\phpdev\www\pamela\ajauction\comments.php on line 28
[17-Dec-2007 18:16:43] PHP Warning:  mysql_fetch_array(): supplied argument is not a valid MySQL result resource in f:\phpdev\www\pamela\ajauction\include\comments_inc.php on line 54
[17-Dec-2007 18:16:43] PHP Warning:  mysql_fetch_array(): supplied argument is not a valid MySQL result resource in f:\phpdev\www\pamela\ajauction\include\comments_inc.php on line 58
[17-Dec-2007 18:21:24] PHP Parse error:  parse error in f:\phpdev\www\pamela\ajauction\templates\comments.tpl on line 78
[17-Dec-2007 18:31:25] PHP Warning:  mysql_fetch_array(): supplied argument is not a valid MySQL result resource in f:\phpdev\www\pamela\ajauction\unpaiddispute.php on line 43
[17-Dec-2007 18:31:25] PHP Warning:  mysql_fetch_array(): supplied argument is not a valid MySQL result resource in f:\phpdev\www\pamela\ajauction\unpaiddispute.php on line 49
[17-Dec-2007 18:31:25] PHP Warning:  mysql_fetch_array(): supplied argument is not a valid MySQL result resource in f:\phpdev\www\pamela\ajauction\unpaiddispute.php on line 54
[17-Dec-2007 18:40:02] PHP Warning:  mysql_fetch_array(): supplied argument is not a valid MySQL result resource in f:\phpdev\www\pamela\ajauction\unpaiddispute.php on line 42
[17-Dec-2007 18:40:02] PHP Warning:  mysql_fetch_array(): supplied argument is not a valid MySQL result resource in f:\phpdev\www\pamela\ajauction\unpaiddispute.php on line 48
[17-Dec-2007 18:40:02] PHP Warning:  mysql_fetch_array(): supplied argument is not a valid MySQL result resource in f:\phpdev\www\pamela\ajauction\unpaiddispute.php on line 53
[17-Dec-2007 18:40:10] PHP Warning:  mysql_fetch_array(): supplied argument is not a valid MySQL result resource in f:\phpdev\www\pamela\ajauction\unpaiddispute.php on line 42
[17-Dec-2007 18:40:10] PHP Warning:  mysql_fetch_array(): supplied argument is not a valid MySQL result resource in f:\phpdev\www\pamela\ajauction\unpaiddispute.php on line 48
[17-Dec-2007 18:40:10] PHP Warning:  mysql_fetch_array(): supplied argument is not a valid MySQL result resource in f:\phpdev\www\pamela\ajauction\unpaiddispute.php on line 53
[17-Dec-2007 18:40:19] PHP Warning:  mysql_fetch_array(): supplied argument is not a valid MySQL result resource in f:\phpdev\www\pamela\ajauction\unpaiddispute.php on line 42
[17-Dec-2007 18:40:19] PHP Warning:  mysql_fetch_array(): supplied argument is not a valid MySQL result resource in f:\phpdev\www\pamela\ajauction\unpaiddispute.php on line 48
[17-Dec-2007 18:40:19] PHP Warning:  mysql_fetch_array(): supplied argument is not a valid MySQL result resource in f:\phpdev\www\pamela\ajauction\unpaiddispute.php on line 53
[17-Dec-2007 18:45:12] PHP Warning:  mysql_fetch_array(): supplied argument is not a valid MySQL result resource in f:\phpdev\www\pamela\ajauction\report_unpaid_dispute.php on line 47
[17-Dec-2007 18:45:12] PHP Warning:  mysql_fetch_array(): supplied argument is not a valid MySQL result resource in f:\phpdev\www\pamela\ajauction\report_unpaid_dispute.php on line 53
[17-Dec-2007 18:45:12] PHP Warning:  mysql_fetch_array(): supplied argument is not a valid MySQL result resource in f:\phpdev\www\pamela\ajauction\report_unpaid_dispute.php on line 58
[17-Dec-2007 19:06:18] PHP Fatal error:  Failed opening required 'include/viewdispute_inc.php' (include_path='.;f:/phpdev/php/includes;f:/phpdev/php/class') in f:\phpdev\www\pamela\ajauction\viewdispute.php on line 32
[17-Dec-2007 19:12:10] PHP Fatal error:  Failed opening required 'templates/right_menu' (include_path='.;f:/phpdev/php/includes;f:/phpdev/php/class') in f:\phpdev\www\pamela\ajauction\templates\viewdispute.tpl on line 393
[17-Dec-2007 20:20:26] PHP Parse error:  parse error, expecting `']'' in f:\phpdev\www\pamela\ajauction\disputedescription.php on line 39
[18-Dec-2007 12:38:11] PHP Fatal error:  Failed opening required 'templates/reviewpaymentdetails.tpl' (include_path='.;f:/phpdev/php/includes;f:/phpdev/php/class') in f:\phpdev\www\pamela\ajauction\reviewpaymentdetails.php on line 162
[18-Dec-2007 12:38:11] PHP Warning:  mysql_fetch_array(): supplied argument is not a valid MySQL result resource in f:\phpdev\www\pamela\ajauction\reviewpaymentdetails.php on line 65
[18-Dec-2007 12:38:11] PHP Warning:  mysql_fetch_array(): supplied argument is not a valid MySQL result resource in f:\phpdev\www\pamela\ajauction\reviewpaymentdetails.php on line 71
[18-Dec-2007 12:38:11] PHP Warning:  mysql_fetch_array(): supplied argument is not a valid MySQL result resource in f:\phpdev\www\pamela\ajauction\reviewpaymentdetails.php on line 138
[18-Dec-2007 12:38:11] PHP Warning:  mysql_fetch_array(): supplied argument is not a valid MySQL result resource in f:\phpdev\www\pamela\ajauction\reviewpaymentdetails.php on line 156
[18-Dec-2007 12:38:11] PHP Fatal error:  Failed opening required 'templates/reviewpaymentdetails.tpl' (include_path='.;f:/phpdev/php/includes;f:/phpdev/php/class') in f:\phpdev\www\pamela\ajauction\reviewpaymentdetails.php on line 162
[18-Dec-2007 12:38:27] PHP Warning:  mysql_fetch_array(): supplied argument is not a valid MySQL result resource in f:\phpdev\www\pamela\ajauction\reviewpaymentdetails.php on line 65
[18-Dec-2007 12:38:27] PHP Warning:  mysql_fetch_array(): supplied argument is not a valid MySQL result resource in f:\phpdev\www\pamela\ajauction\reviewpaymentdetails.php on line 71
[18-Dec-2007 12:38:27] PHP Warning:  mysql_fetch_array(): supplied argument is not a valid MySQL result resource in f:\phpdev\www\pamela\ajauction\reviewpaymentdetails.php on line 138
[18-Dec-2007 12:38:27] PHP Warning:  mysql_fetch_array(): supplied argument is not a valid MySQL result resource in f:\phpdev\www\pamela\ajauction\reviewpaymentdetails.php on line 156
[18-Dec-2007 12:38:36] PHP Warning:  mysql_fetch_array(): supplied argument is not a valid MySQL result resource in f:\phpdev\www\pamela\ajauction\reviewpaymentdetails.php on line 65
[18-Dec-2007 12:38:36] PHP Warning:  mysql_fetch_array(): supplied argument is not a valid MySQL result resource in f:\phpdev\www\pamela\ajauction\reviewpaymentdetails.php on line 71
[18-Dec-2007 12:38:36] PHP Warning:  mysql_fetch_array(): supplied argument is not a valid MySQL result resource in f:\phpdev\www\pamela\ajauction\reviewpaymentdetails.php on line 138
[18-Dec-2007 12:38:36] PHP Warning:  mysql_fetch_array(): supplied argument is not a valid MySQL result resource in f:\phpdev\www\pamela\ajauction\reviewpaymentdetails.php on line 156
[18-Dec-2007 14:50:20] PHP Fatal error:  Call to undefined function:  adddays() in f:\phpdev\www\pamela\ajauction\detailstatistics.php on line 358
[19-Dec-2007 12:15:31] PHP Warning:  mysql_num_rows(): supplied argument is not a valid MySQL result resource in f:\phpdev\www\pamela\ajauction\index.php on line 931
[19-Dec-2007 12:15:43] PHP Warning:  mysql_num_rows(): supplied argument is not a valid MySQL result resource in f:\phpdev\www\pamela\ajauction\index.php on line 931
[19-Dec-2007 12:40:59] PHP Warning:  mysql_num_rows(): supplied argument is not a valid MySQL result resource in f:\phpdev\www\pamela\ajauction\index.php on line 139
[19-Dec-2007 12:41:14] PHP Warning:  mysql_num_rows(): supplied argument is not a valid MySQL result resource in f:\phpdev\www\pamela\ajauction\index.php on line 139
[19-Dec-2007 12:56:32] PHP Warning:  Division by zero in f:\phpdev\www\pamela\ajauction\index.php on line 684
[19-Dec-2007 12:56:32] PHP Warning:  Division by zero in f:\phpdev\www\pamela\ajauction\index.php on line 690
[19-Dec-2007 12:56:32] PHP Warning:  Division by zero in f:\phpdev\www\pamela\ajauction\index.php on line 696
[19-Dec-2007 13:46:52] PHP Warning:  mysql_fetch_array(): supplied argument is not a valid MySQL result resource in f:\phpdev\www\pamela\ajauction\index.php on line 930
[19-Dec-2007 13:47:16] PHP Warning:  mysql_fetch_array(): supplied argument is not a valid MySQL result resource in f:\phpdev\www\pamela\ajauction\index.php on line 930
[19-Dec-2007 13:47:56] PHP Warning:  mysql_fetch_array(): supplied argument is not a valid MySQL result resource in f:\phpdev\www\pamela\ajauction\index.php on line 930
[19-Dec-2007 15:05:35] PHP Warning:  mysql_num_rows(): supplied argument is not a valid MySQL result resource in f:\phpdev\www\pamela\ajauction\index.php on line 369
[20-Dec-2007 12:03:24] PHP Warning:  Failed to connect to mailserver, verify your "SMTP" setting in php.ini in f:\phpdev\www\pamela\ajauction\bidding.php on line 220
[20-Dec-2007 12:05:59] PHP Fatal error:  Failed opening required 'templates/payfinalsale.tpl' (include_path='.;f:/phpdev/php/includes;f:/phpdev/php/class') in f:\phpdev\www\pamela\ajauction\payfinalsale.php on line 114
[20-Dec-2007 12:05:59] PHP Warning:  mysql_fetch_array(): supplied argument is not a valid MySQL result resource in f:\phpdev\www\pamela\ajauction\payfinalsale.php on line 105
[20-Dec-2007 12:05:59] PHP Fatal error:  Failed opening required 'templates/payfinalsale.tpl' (include_path='.;f:/phpdev/php/includes;f:/phpdev/php/class') in f:\phpdev\www\pamela\ajauction\payfinalsale.php on line 114
[20-Dec-2007 12:06:23] PHP Warning:  mysql_fetch_array(): supplied argument is not a valid MySQL result resource in f:\phpdev\www\pamela\ajauction\payfinalsale.php on line 105
[20-Dec-2007 12:32:42] PHP Parse error:  parse error in f:\phpdev\www\pamela\ajauction\templates\wantitnowdes.tpl on line 516
[20-Dec-2007 15:24:41] PHP Parse error:  parse error in f:\phpdev\www\pamela\ajauction\promotelistings.php on line 598
[20-Dec-2007 15:55:45] PHP Warning:  Cannot send session cache limiter - headers already sent in f:\phpdev\www\pamela\ajauction\promotelistings.php on line 33
[20-Dec-2007 18:49:21] PHP Parse error:  parse error in f:\phpdev\www\pamela\ajauction\templates\editpromotionlistings.tpl on line 917
[20-Dec-2007 18:50:03] PHP Parse error:  parse error in f:\phpdev\www\pamela\ajauction\templates\editpromotionlistings.tpl on line 895
[21-Dec-2007 10:25:27] PHP Parse error:  parse error in f:\phpdev\www\pamela\ajauction\include\search.php on line 393
[21-Dec-2007 10:26:30] PHP Warning:  mysql_fetch_array(): supplied argument is not a valid MySQL result resource in f:\phpdev\www\pamela\ajauction\templates\search_list_view.tpl on line 44
[21-Dec-2007 10:27:03] PHP Warning:  mysql_fetch_array(): supplied argument is not a valid MySQL result resource in f:\phpdev\www\pamela\ajauction\templates\search_list_view.tpl on line 44
[21-Dec-2007 10:27:31] PHP Warning:  mysql_fetch_array(): supplied argument is not a valid MySQL result resource in f:\phpdev\www\pamela\ajauction\templates\search_list_view.tpl on line 44
[21-Dec-2007 10:29:25] PHP Warning:  mysql_fetch_array(): supplied argument is not a valid MySQL result resource in f:\phpdev\www\pamela\ajauction\templates\search_list_view.tpl on line 44
[21-Dec-2007 11:32:27] PHP Parse error:  parse error in f:\phpdev\www\pamela\ajauction\featureslist.php on line 178
[21-Dec-2007 11:33:10] PHP Warning:  mysql_num_rows(): supplied argument is not a valid MySQL result resource in f:\phpdev\www\pamela\ajauction\featureslist.php on line 175
[21-Dec-2007 11:33:10] PHP Warning:  mysql_fetch_array(): supplied argument is not a valid MySQL result resource in f:\phpdev\www\pamela\ajauction\featureslist.php on line 177
[21-Dec-2007 11:33:23] PHP Warning:  mysql_num_rows(): supplied argument is not a valid MySQL result resource in f:\phpdev\www\pamela\ajauction\featureslist.php on line 175
[21-Dec-2007 11:33:23] PHP Warning:  mysql_fetch_array(): supplied argument is not a valid MySQL result resource in f:\phpdev\www\pamela\ajauction\featureslist.php on line 177
[21-Dec-2007 11:33:33] PHP Warning:  mysql_num_rows(): supplied argument is not a valid MySQL result resource in f:\phpdev\www\pamela\ajauction\featureslist.php on line 175
[21-Dec-2007 11:33:33] PHP Warning:  mysql_fetch_array(): supplied argument is not a valid MySQL result resource in f:\phpdev\www\pamela\ajauction\featureslist.php on line 177
[21-Dec-2007 11:34:55] PHP Fatal error:  Call to undefined function:  get_single_row() in f:\phpdev\www\pamela\ajauction\featureslist.php on line 213
[21-Dec-2007 11:35:09] PHP Fatal error:  Call to undefined function:  get_single_row() in f:\phpdev\www\pamela\ajauction\featureslist.php on line 213
[21-Dec-2007 11:37:49] PHP Parse error:  parse error, expecting `','' or `';'' in f:\phpdev\www\pamela\ajauction\featureslist.php on line 194
[21-Dec-2007 12:17:50] PHP Parse error:  parse error in f:\phpdev\www\pamela\ajauction\featureslist.php on line 49
[21-Dec-2007 12:29:01] PHP Parse error:  parse error in f:\phpdev\www\pamela\ajauction\featureslist.php on line 37
[21-Dec-2007 12:31:40] PHP Parse error:  parse error in f:\phpdev\www\pamela\ajauction\featureslist.php on line 39
[21-Dec-2007 13:27:42] PHP Warning:  Cannot add header information - headers already sent by (output started at f:\phpdev\www\pamela\ajauction\ajax-banner.php:15) in f:\phpdev\www\pamela\ajauction\ajax-banner.php on line 17
[21-Dec-2007 19:29:57] PHP Warning:  Division by zero in f:\phpdev\www\pamela\ajauction\index.php on line 762
[21-Dec-2007 19:29:57] PHP Warning:  Division by zero in f:\phpdev\www\pamela\ajauction\index.php on line 768
[21-Dec-2007 19:29:57] PHP Warning:  Division by zero in f:\phpdev\www\pamela\ajauction\index.php on line 774
[21-Dec-2007 19:30:34] PHP Warning:  Division by zero in f:\phpdev\www\pamela\ajauction\index.php on line 762
[21-Dec-2007 19:30:34] PHP Warning:  Division by zero in f:\phpdev\www\pamela\ajauction\index.php on line 768
[21-Dec-2007 19:30:34] PHP Warning:  Division by zero in f:\phpdev\www\pamela\ajauction\index.php on line 774
[21-Dec-2007 19:30:38] PHP Warning:  Division by zero in f:\phpdev\www\pamela\ajauction\index.php on line 762
[21-Dec-2007 19:30:38] PHP Warning:  Division by zero in f:\phpdev\www\pamela\ajauction\index.php on line 768
[21-Dec-2007 19:30:38] PHP Warning:  Division by zero in f:\phpdev\www\pamela\ajauction\index.php on line 774
[21-Dec-2007 19:32:48] PHP Warning:  Failed to connect to mailserver, verify your "SMTP" setting in php.ini in f:\phpdev\www\pamela\ajauction\verification_reg.php on line 71
[21-Dec-2007 19:34:29] PHP Warning:  Division by zero in f:\phpdev\www\pamela\ajauction\index.php on line 762
[21-Dec-2007 19:34:29] PHP Warning:  Division by zero in f:\phpdev\www\pamela\ajauction\index.php on line 768
[21-Dec-2007 19:34:29] PHP Warning:  Division by zero in f:\phpdev\www\pamela\ajauction\index.php on line 774
[22-Dec-2007 10:05:56] PHP Warning:  Division by zero in f:\phpdev\www\pamela\ajauction\index.php on line 762
[22-Dec-2007 10:05:57] PHP Warning:  Division by zero in f:\phpdev\www\pamela\ajauction\index.php on line 768
[22-Dec-2007 10:05:57] PHP Warning:  Division by zero in f:\phpdev\www\pamela\ajauction\index.php on line 774
[22-Dec-2007 10:08:42] PHP Warning:  Division by zero in f:\phpdev\www\pamela\ajauction\index.php on line 762
[22-Dec-2007 10:08:43] PHP Warning:  Division by zero in f:\phpdev\www\pamela\ajauction\index.php on line 768
[22-Dec-2007 10:08:43] PHP Warning:  Division by zero in f:\phpdev\www\pamela\ajauction\index.php on line 774
[22-Dec-2007 10:08:59] PHP Warning:  Division by zero in f:\phpdev\www\pamela\ajauction\index.php on line 762
[22-Dec-2007 10:08:59] PHP Warning:  Division by zero in f:\phpdev\www\pamela\ajauction\index.php on line 768
[22-Dec-2007 10:08:59] PHP Warning:  Division by zero in f:\phpdev\www\pamela\ajauction\index.php on line 774
[22-Dec-2007 10:09:10] PHP Warning:  Division by zero in f:\phpdev\www\pamela\ajauction\index.php on line 762
[22-Dec-2007 10:09:11] PHP Warning:  Division by zero in f:\phpdev\www\pamela\ajauction\index.php on line 768
[22-Dec-2007 10:09:11] PHP Warning:  Division by zero in f:\phpdev\www\pamela\ajauction\index.php on line 774
[22-Dec-2007 10:10:27] PHP Warning:  Division by zero in f:\phpdev\www\pamela\ajauction\index.php on line 762
[22-Dec-2007 10:10:27] PHP Warning:  Division by zero in f:\phpdev\www\pamela\ajauction\index.php on line 768
[22-Dec-2007 10:10:27] PHP Warning:  Division by zero in f:\phpdev\www\pamela\ajauction\index.php on line 774
[26-Dec-2007 17:31:36] PHP Warning:  getimagesize: Unable to open 'images/' for reading. in f:\phpdev\www\pamela\ajauction\templates\detail.tpl on line 790
[26-Dec-2007 17:31:36] PHP Warning:  getimagesize: Unable to open 'images/' for reading. in f:\phpdev\www\pamela\ajauction\templates\detail.tpl on line 1772
[26-Dec-2007 17:32:30] PHP Warning:  getimagesize: Unable to open 'images/' for reading. in f:\phpdev\www\pamela\ajauction\templates\detail.tpl on line 1772
[26-Dec-2007 17:33:50] PHP Warning:  getimagesize: Unable to open 'images/' for reading. in f:\phpdev\www\pamela\ajauction\templates\detail.tpl on line 790
[26-Dec-2007 17:33:50] PHP Warning:  getimagesize: Unable to open 'images/' for reading. in f:\phpdev\www\pamela\ajauction\templates\detail.tpl on line 1772
[26-Dec-2007 17:46:16] PHP Parse error:  parse error in f:\phpdev\www\pamela\ajauction\templates\detail.tpl on line 1768
[26-Dec-2007 17:46:27] PHP Parse error:  parse error in f:\phpdev\www\pamela\ajauction\templates\detail.tpl on line 1768
[26-Dec-2007 17:46:30] PHP Parse error:  parse error in f:\phpdev\www\pamela\ajauction\templates\detail.tpl on line 1768
[26-Dec-2007 17:51:38] PHP Parse error:  parse error in f:\phpdev\www\pamela\ajauction\templates\detail.tpl on line 2224
[26-Dec-2007 17:52:05] PHP Parse error:  parse error in f:\phpdev\www\pamela\ajauction\templates\detail.tpl on line 2224
[26-Dec-2007 18:03:42] PHP Fatal error:  Call to undefined function:  stripslahes() in f:\phpdev\www\pamela\ajauction\templates\detail.tpl on line 1009
[28-Dec-2007 13:41:51] PHP Fatal error:  Call to undefined function:  html_entity_decode() in f:\phpdev\www\pamela\ajauction\templates\detail.tpl on line 92
[28-Dec-2007 13:43:07] PHP Fatal error:  Call to undefined function:  html_entity_decode() in f:\phpdev\www\pamela\ajauction\templates\detail.tpl on line 92
[28-Dec-2007 14:50:38] PHP Fatal error:  Call to undefined function:  html_entity_decode() in f:\phpdev\www\pamela\ajauction\templates\detail.tpl on line 92
[28-Dec-2007 14:51:03] PHP Fatal error:  Call to undefined function:  html_entity_decode() in f:\phpdev\www\pamela\ajauction\templates\detail.tpl on line 92
[28-Dec-2007 14:51:47] PHP Fatal error:  Call to undefined function:  html_entity_decode() in f:\phpdev\www\pamela\ajauction\templates\detail.tpl on line 97
[28-Dec-2007 14:59:19] PHP Fatal error:  Call to undefined function:  html_entity_decode() in f:\phpdev\www\pamela\ajauction\templates\detail.tpl on line 101
[28-Dec-2007 14:59:47] PHP Fatal error:  Call to undefined function:  html_entity_decode() in f:\phpdev\www\pamela\ajauction\templates\detail.tpl on line 101
[28-Dec-2007 15:00:02] PHP Fatal error:  Call to undefined function:  html_entity_decode() in f:\phpdev\www\pamela\ajauction\templates\detail.tpl on line 101
[28-Dec-2007 15:00:17] PHP Fatal error:  Call to undefined function:  html_entity_decode() in f:\phpdev\www\pamela\ajauction\templates\detail.tpl on line 101
[28-Dec-2007 15:01:00] PHP Fatal error:  Call to undefined function:  html_entity_decode() in f:\phpdev\www\pamela\ajauction\templates\detail.tpl on line 101
[29-Dec-2007 18:07:09] PHP Parse error:  parse error in f:\phpdev\www\pamela\ajauction\templates\detail.tpl on line 419
[31-Dec-2007 10:19:49] PHP Parse error:  parse error, expecting `']'' in f:\phpdev\www\pamela\ajauction\templates\classifide_ad.tpl on line 62
[31-Dec-2007 12:14:31] PHP Parse error:  parse error in f:\phpdev\www\pamela\ajauction\sell_item_detail.php on line 134
[31-Dec-2007 12:34:03] PHP Parse error:  parse error in f:\phpdev\www\pamela\ajauction\sell_item_detail.php on line 269
[31-Dec-2007 13:45:49] PHP Fatal error:  Failed opening required 'connect.php' (include_path='.;f:/phpdev/php/includes;f:/phpdev/php/class') in f:\phpdev\www\pamela\ajauction\pagingexample.php on line 2
[31-Dec-2007 15:38:53] PHP Parse error:  parse error in f:\phpdev\www\pamela\ajauction\pagingexample.php on line 66
[31-Dec-2007 15:40:13] PHP Warning:  mysql_fetch_array(): supplied argument is not a valid MySQL result resource in f:\phpdev\www\pamela\ajauction\pagingexample.php on line 33
[02-Jan-2008 10:32:09] PHP Warning:  Invalid argument supplied for foreach() in f:\phpdev\www\pamela\ajauction\sell_subcat1.php on line 23
[02-Jan-2008 10:32:09] PHP Warning:  Invalid argument supplied for foreach() in f:\phpdev\www\pamela\ajauction\sell_subcat1.php on line 34
[02-Jan-2008 10:32:09] PHP Warning:  Invalid argument supplied for foreach() in f:\phpdev\www\pamela\ajauction\sell_subcat1.php on line 43
[02-Jan-2008 10:32:09] PHP Warning:  Invalid argument supplied for foreach() in f:\phpdev\www\pamela\ajauction\sell_subcat1.php on line 52
[02-Jan-2008 10:32:09] PHP Warning:  Invalid argument supplied for foreach() in f:\phpdev\www\pamela\ajauction\sell_subcat1.php on line 61
[02-Jan-2008 10:32:09] PHP Warning:  Invalid argument supplied for foreach() in f:\phpdev\www\pamela\ajauction\sell_subcat1.php on line 70
[02-Jan-2008 10:32:11] PHP Warning:  Invalid argument supplied for foreach() in f:\phpdev\www\pamela\ajauction\sell_subcat1.php on line 23
[02-Jan-2008 10:32:11] PHP Warning:  Invalid argument supplied for foreach() in f:\phpdev\www\pamela\ajauction\sell_subcat1.php on line 34
[02-Jan-2008 10:32:11] PHP Warning:  Invalid argument supplied for foreach() in f:\phpdev\www\pamela\ajauction\sell_subcat1.php on line 43
[02-Jan-2008 10:32:11] PHP Warning:  Invalid argument supplied for foreach() in f:\phpdev\www\pamela\ajauction\sell_subcat1.php on line 52
[02-Jan-2008 10:32:11] PHP Warning:  Invalid argument supplied for foreach() in f:\phpdev\www\pamela\ajauction\sell_subcat1.php on line 61
[02-Jan-2008 10:32:11] PHP Warning:  Invalid argument supplied for foreach() in f:\phpdev\www\pamela\ajauction\sell_subcat1.php on line 70
[02-Jan-2008 10:32:11] PHP Warning:  Invalid argument supplied for foreach() in f:\phpdev\www\pamela\ajauction\sell_subcat1.php on line 23
[02-Jan-2008 10:32:11] PHP Warning:  Invalid argument supplied for foreach() in f:\phpdev\www\pamela\ajauction\sell_subcat1.php on line 34
[02-Jan-2008 10:32:11] PHP Warning:  Invalid argument supplied for foreach() in f:\phpdev\www\pamela\ajauction\sell_subcat1.php on line 43
[02-Jan-2008 10:32:11] PHP Warning:  Invalid argument supplied for foreach() in f:\phpdev\www\pamela\ajauction\sell_subcat1.php on line 52
[02-Jan-2008 10:32:11] PHP Warning:  Invalid argument supplied for foreach() in f:\phpdev\www\pamela\ajauction\sell_subcat1.php on line 61
[02-Jan-2008 10:32:11] PHP Warning:  Invalid argument supplied for foreach() in f:\phpdev\www\pamela\ajauction\sell_subcat1.php on line 70
[02-Jan-2008 10:32:13] PHP Warning:  Invalid argument supplied for foreach() in f:\phpdev\www\pamela\ajauction\sell_subcat1.php on line 23
[02-Jan-2008 10:32:13] PHP Warning:  Invalid argument supplied for foreach() in f:\phpdev\www\pamela\ajauction\sell_subcat1.php on line 34
[02-Jan-2008 10:32:13] PHP Warning:  Invalid argument supplied for foreach() in f:\phpdev\www\pamela\ajauction\sell_subcat1.php on line 43
[02-Jan-2008 10:32:13] PHP Warning:  Invalid argument supplied for foreach() in f:\phpdev\www\pamela\ajauction\sell_subcat1.php on line 52
[02-Jan-2008 10:32:13] PHP Warning:  Invalid argument supplied for foreach() in f:\phpdev\www\pamela\ajauction\sell_subcat1.php on line 61
[02-Jan-2008 10:32:13] PHP Warning:  Invalid argument supplied for foreach() in f:\phpdev\www\pamela\ajauction\sell_subcat1.php on line 70
[02-Jan-2008 10:32:13] PHP Warning:  Invalid argument supplied for foreach() in f:\phpdev\www\pamela\ajauction\sell_subcat1.php on line 23
[02-Jan-2008 10:32:13] PHP Warning:  Invalid argument supplied for foreach() in f:\phpdev\www\pamela\ajauction\sell_subcat1.php on line 34
[02-Jan-2008 10:32:13] PHP Warning:  Invalid argument supplied for foreach() in f:\phpdev\www\pamela\ajauction\sell_subcat1.php on line 43
[02-Jan-2008 10:32:13] PHP Warning:  Invalid argument supplied for foreach() in f:\phpdev\www\pamela\ajauction\sell_subcat1.php on line 52
[02-Jan-2008 10:32:13] PHP Warning:  Invalid argument supplied for foreach() in f:\phpdev\www\pamela\ajauction\sell_subcat1.php on line 61
[02-Jan-2008 10:32:13] PHP Warning:  Invalid argument supplied for foreach() in f:\phpdev\www\pamela\ajauction\sell_subcat1.php on line 70
[02-Jan-2008 10:32:14] PHP Warning:  Invalid argument supplied for foreach() in f:\phpdev\www\pamela\ajauction\sell_subcat1.php on line 23
[02-Jan-2008 10:32:14] PHP Warning:  Invalid argument supplied for foreach() in f:\phpdev\www\pamela\ajauction\sell_subcat1.php on line 34
[02-Jan-2008 10:32:14] PHP Warning:  Invalid argument supplied for foreach() in f:\phpdev\www\pamela\ajauction\sell_subcat1.php on line 43
[02-Jan-2008 10:32:14] PHP Warning:  Invalid argument supplied for foreach() in f:\phpdev\www\pamela\ajauction\sell_subcat1.php on line 52
[02-Jan-2008 10:32:14] PHP Warning:  Invalid argument supplied for foreach() in f:\phpdev\www\pamela\ajauction\sell_subcat1.php on line 61
[02-Jan-2008 10:32:14] PHP Warning:  Invalid argument supplied for foreach() in f:\phpdev\www\pamela\ajauction\sell_subcat1.php on line 70
[02-Jan-2008 10:32:14] PHP Warning:  Invalid argument supplied for foreach() in f:\phpdev\www\pamela\ajauction\sell_subcat1.php on line 23
[02-Jan-2008 10:32:14] PHP Warning:  Invalid argument supplied for foreach() in f:\phpdev\www\pamela\ajauction\sell_subcat1.php on line 34
[02-Jan-2008 10:32:14] PHP Warning:  Invalid argument supplied for foreach() in f:\phpdev\www\pamela\ajauction\sell_subcat1.php on line 43
[02-Jan-2008 10:32:14] PHP Warning:  Invalid argument supplied for foreach() in f:\phpdev\www\pamela\ajauction\sell_subcat1.php on line 52
[02-Jan-2008 10:32:14] PHP Warning:  Invalid argument supplied for foreach() in f:\phpdev\www\pamela\ajauction\sell_subcat1.php on line 61
[02-Jan-2008 10:32:14] PHP Warning:  Invalid argument supplied for foreach() in f:\phpdev\www\pamela\ajauction\sell_subcat1.php on line 70
[02-Jan-2008 10:32:15] PHP Warning:  Invalid argument supplied for foreach() in f:\phpdev\www\pamela\ajauction\sell_subcat1.php on line 23
[02-Jan-2008 10:32:15] PHP Warning:  Invalid argument supplied for foreach() in f:\phpdev\www\pamela\ajauction\sell_subcat1.php on line 34
[02-Jan-2008 10:32:15] PHP Warning:  Invalid argument supplied for foreach() in f:\phpdev\www\pamela\ajauction\sell_subcat1.php on line 43
[02-Jan-2008 10:32:15] PHP Warning:  Invalid argument supplied for foreach() in f:\phpdev\www\pamela\ajauction\sell_subcat1.php on line 52
[02-Jan-2008 10:32:15] PHP Warning:  Invalid argument supplied for foreach() in f:\phpdev\www\pamela\ajauction\sell_subcat1.php on line 61
[02-Jan-2008 10:32:15] PHP Warning:  Invalid argument supplied for foreach() in f:\phpdev\www\pamela\ajauction\sell_subcat1.php on line 70
[02-Jan-2008 10:32:16] PHP Warning:  Invalid argument supplied for foreach() in f:\phpdev\www\pamela\ajauction\sell_subcat2.php on line 20
[02-Jan-2008 10:32:16] PHP Warning:  Invalid argument supplied for foreach() in f:\phpdev\www\pamela\ajauction\sell_subcat2.php on line 31
[02-Jan-2008 10:32:16] PHP Warning:  Invalid argument supplied for foreach() in f:\phpdev\www\pamela\ajauction\sell_subcat2.php on line 40
[02-Jan-2008 10:32:16] PHP Warning:  Invalid argument supplied for foreach() in f:\phpdev\www\pamela\ajauction\sell_subcat2.php on line 49
[02-Jan-2008 10:32:16] PHP Warning:  Invalid argument supplied for foreach() in f:\phpdev\www\pamela\ajauction\sell_subcat2.php on line 58
[02-Jan-2008 10:32:16] PHP Warning:  Invalid argument supplied for foreach() in f:\phpdev\www\pamela\ajauction\sell_subcat2.php on line 67
[02-Jan-2008 10:32:16] PHP Warning:  Invalid argument supplied for foreach() in f:\phpdev\www\pamela\ajauction\sell_subcat2.php on line 20
[02-Jan-2008 10:32:16] PHP Warning:  Invalid argument supplied for foreach() in f:\phpdev\www\pamela\ajauction\sell_subcat2.php on line 31
[02-Jan-2008 10:32:16] PHP Warning:  Invalid argument supplied for foreach() in f:\phpdev\www\pamela\ajauction\sell_subcat2.php on line 40
[02-Jan-2008 10:32:16] PHP Warning:  Invalid argument supplied for foreach() in f:\phpdev\www\pamela\ajauction\sell_subcat2.php on line 49
[02-Jan-2008 10:32:16] PHP Warning:  Invalid argument supplied for foreach() in f:\phpdev\www\pamela\ajauction\sell_subcat2.php on line 58
[02-Jan-2008 10:32:16] PHP Warning:  Invalid argument supplied for foreach() in f:\phpdev\www\pamela\ajauction\sell_subcat2.php on line 67
[02-Jan-2008 10:32:18] PHP Warning:  Invalid argument supplied for foreach() in f:\phpdev\www\pamela\ajauction\sell_subcat2.php on line 20
[02-Jan-2008 10:32:18] PHP Warning:  Invalid argument supplied for foreach() in f:\phpdev\www\pamela\ajauction\sell_subcat2.php on line 31
[02-Jan-2008 10:32:18] PHP Warning:  Invalid argument supplied for foreach() in f:\phpdev\www\pamela\ajauction\sell_subcat2.php on line 40
[02-Jan-2008 10:32:18] PHP Warning:  Invalid argument supplied for foreach() in f:\phpdev\www\pamela\ajauction\sell_subcat2.php on line 49
[02-Jan-2008 10:32:18] PHP Warning:  Invalid argument supplied for foreach() in f:\phpdev\www\pamela\ajauction\sell_subcat2.php on line 58
[02-Jan-2008 10:32:18] PHP Warning:  Invalid argument supplied for foreach() in f:\phpdev\www\pamela\ajauction\sell_subcat2.php on line 67
[02-Jan-2008 10:32:18] PHP Warning:  Invalid argument supplied for foreach() in f:\phpdev\www\pamela\ajauction\sell_subcat2.php on line 20
[02-Jan-2008 10:32:18] PHP Warning:  Invalid argument supplied for foreach() in f:\phpdev\www\pamela\ajauction\sell_subcat2.php on line 31
[02-Jan-2008 10:32:18] PHP Warning:  Invalid argument supplied for foreach() in f:\phpdev\www\pamela\ajauction\sell_subcat2.php on line 40
[02-Jan-2008 10:32:18] PHP Warning:  Invalid argument supplied for foreach() in f:\phpdev\www\pamela\ajauction\sell_subcat2.php on line 49
[02-Jan-2008 10:32:18] PHP Warning:  Invalid argument supplied for foreach() in f:\phpdev\www\pamela\ajauction\sell_subcat2.php on line 58
[02-Jan-2008 10:32:18] PHP Warning:  Invalid argument supplied for foreach() in f:\phpdev\www\pamela\ajauction\sell_subcat2.php on line 67
[02-Jan-2008 10:32:19] PHP Warning:  Invalid argument supplied for foreach() in f:\phpdev\www\pamela\ajauction\sell_subcat2.php on line 20
[02-Jan-2008 10:32:19] PHP Warning:  Invalid argument supplied for foreach() in f:\phpdev\www\pamela\ajauction\sell_subcat2.php on line 31
[02-Jan-2008 10:32:19] PHP Warning:  Invalid argument supplied for foreach() in f:\phpdev\www\pamela\ajauction\sell_subcat2.php on line 40
[02-Jan-2008 10:32:19] PHP Warning:  Invalid argument supplied for foreach() in f:\phpdev\www\pamela\ajauction\sell_subcat2.php on line 49
[02-Jan-2008 10:32:19] PHP Warning:  Invalid argument supplied for foreach() in f:\phpdev\www\pamela\ajauction\sell_subcat2.php on line 58
[02-Jan-2008 10:32:19] PHP Warning:  Invalid argument supplied for foreach() in f:\phpdev\www\pamela\ajauction\sell_subcat2.php on line 67
[02-Jan-2008 10:32:19] PHP Warning:  Invalid argument supplied for foreach() in f:\phpdev\www\pamela\ajauction\sell_subcat2.php on line 20
[02-Jan-2008 10:32:19] PHP Warning:  Invalid argument supplied for foreach() in f:\phpdev\www\pamela\ajauction\sell_subcat2.php on line 31
[02-Jan-2008 10:32:19] PHP Warning:  Invalid argument supplied for foreach() in f:\phpdev\www\pamela\ajauction\sell_subcat2.php on line 40
[02-Jan-2008 10:32:19] PHP Warning:  Invalid argument supplied for foreach() in f:\phpdev\www\pamela\ajauction\sell_subcat2.php on line 49
[02-Jan-2008 10:32:19] PHP Warning:  Invalid argument supplied for foreach() in f:\phpdev\www\pamela\ajauction\sell_subcat2.php on line 58
[02-Jan-2008 10:32:19] PHP Warning:  Invalid argument supplied for foreach() in f:\phpdev\www\pamela\ajauction\sell_subcat2.php on line 67
[02-Jan-2008 10:32:20] PHP Warning:  Invalid argument supplied for foreach() in f:\phpdev\www\pamela\ajauction\sell_subcat2.php on line 20
[02-Jan-2008 10:32:20] PHP Warning:  Invalid argument supplied for foreach() in f:\phpdev\www\pamela\ajauction\sell_subcat2.php on line 31
[02-Jan-2008 10:32:20] PHP Warning:  Invalid argument supplied for foreach() in f:\phpdev\www\pamela\ajauction\sell_subcat2.php on line 40
[02-Jan-2008 10:32:20] PHP Warning:  Invalid argument supplied for foreach() in f:\phpdev\www\pamela\ajauction\sell_subcat2.php on line 49
[02-Jan-2008 10:32:20] PHP Warning:  Invalid argument supplied for foreach() in f:\phpdev\www\pamela\ajauction\sell_subcat2.php on line 58
[02-Jan-2008 10:32:20] PHP Warning:  Invalid argument supplied for foreach() in f:\phpdev\www\pamela\ajauction\sell_subcat2.php on line 67
[02-Jan-2008 10:32:21] PHP Warning:  Invalid argument supplied for foreach() in f:\phpdev\www\pamela\ajauction\sell_subcat1.php on line 23
[02-Jan-2008 10:32:21] PHP Warning:  Invalid argument supplied for foreach() in f:\phpdev\www\pamela\ajauction\sell_subcat1.php on line 34
[02-Jan-2008 10:32:21] PHP Warning:  Invalid argument supplied for foreach() in f:\phpdev\www\pamela\ajauction\sell_subcat1.php on line 43
[02-Jan-2008 10:32:21] PHP Warning:  Invalid argument supplied for foreach() in f:\phpdev\www\pamela\ajauction\sell_subcat1.php on line 52
[02-Jan-2008 10:32:21] PHP Warning:  Invalid argument supplied for foreach() in f:\phpdev\www\pamela\ajauction\sell_subcat1.php on line 61
[02-Jan-2008 10:32:21] PHP Warning:  Invalid argument supplied for foreach() in f:\phpdev\www\pamela\ajauction\sell_subcat1.php on line 70
[02-Jan-2008 10:32:22] PHP Warning:  Invalid argument supplied for foreach() in f:\phpdev\www\pamela\ajauction\sell_subcat1.php on line 23
[02-Jan-2008 10:32:22] PHP Warning:  Invalid argument supplied for foreach() in f:\phpdev\www\pamela\ajauction\sell_subcat1.php on line 34
[02-Jan-2008 10:32:22] PHP Warning:  Invalid argument supplied for foreach() in f:\phpdev\www\pamela\ajauction\sell_subcat1.php on line 43
[02-Jan-2008 10:32:22] PHP Warning:  Invalid argument supplied for foreach() in f:\phpdev\www\pamela\ajauction\sell_subcat1.php on line 52
[02-Jan-2008 10:32:22] PHP Warning:  Invalid argument supplied for foreach() in f:\phpdev\www\pamela\ajauction\sell_subcat1.php on line 61
[02-Jan-2008 10:32:22] PHP Warning:  Invalid argument supplied for foreach() in f:\phpdev\www\pamela\ajauction\sell_subcat1.php on line 70
[02-Jan-2008 10:32:22] PHP Warning:  Invalid argument supplied for foreach() in f:\phpdev\www\pamela\ajauction\sell_subcat1.php on line 23
[02-Jan-2008 10:32:22] PHP Warning:  Invalid argument supplied for foreach() in f:\phpdev\www\pamela\ajauction\sell_subcat1.php on line 34
[02-Jan-2008 10:32:22] PHP Warning:  Invalid argument supplied for foreach() in f:\phpdev\www\pamela\ajauction\sell_subcat1.php on line 43
[02-Jan-2008 10:32:22] PHP Warning:  Invalid argument supplied for foreach() in f:\phpdev\www\pamela\ajauction\sell_subcat1.php on line 52
[02-Jan-2008 10:32:22] PHP Warning:  Invalid argument supplied for foreach() in f:\phpdev\www\pamela\ajauction\sell_subcat1.php on line 61
[02-Jan-2008 10:32:22] PHP Warning:  Invalid argument supplied for foreach() in f:\phpdev\www\pamela\ajauction\sell_subcat1.php on line 70
[02-Jan-2008 10:32:23] PHP Warning:  Invalid argument supplied for foreach() in f:\phpdev\www\pamela\ajauction\sell_subcat1.php on line 23
[02-Jan-2008 10:32:23] PHP Warning:  Invalid argument supplied for foreach() in f:\phpdev\www\pamela\ajauction\sell_subcat1.php on line 34
[02-Jan-2008 10:32:23] PHP Warning:  Invalid argument supplied for foreach() in f:\phpdev\www\pamela\ajauction\sell_subcat1.php on line 43
[02-Jan-2008 10:32:23] PHP Warning:  Invalid argument supplied for foreach() in f:\phpdev\www\pamela\ajauction\sell_subcat1.php on line 52
[02-Jan-2008 10:32:23] PHP Warning:  Invalid argument supplied for foreach() in f:\phpdev\www\pamela\ajauction\sell_subcat1.php on line 61
[02-Jan-2008 10:32:23] PHP Warning:  Invalid argument supplied for foreach() in f:\phpdev\www\pamela\ajauction\sell_subcat1.php on line 70
[02-Jan-2008 10:32:24] PHP Warning:  Invalid argument supplied for foreach() in f:\phpdev\www\pamela\ajauction\sell_subcat1.php on line 23
[02-Jan-2008 10:32:24] PHP Warning:  Invalid argument supplied for foreach() in f:\phpdev\www\pamela\ajauction\sell_subcat1.php on line 34
[02-Jan-2008 10:32:24] PHP Warning:  Invalid argument supplied for foreach() in f:\phpdev\www\pamela\ajauction\sell_subcat1.php on line 43
[02-Jan-2008 10:32:24] PHP Warning:  Invalid argument supplied for foreach() in f:\phpdev\www\pamela\ajauction\sell_subcat1.php on line 52
[02-Jan-2008 10:32:24] PHP Warning:  Invalid argument supplied for foreach() in f:\phpdev\www\pamela\ajauction\sell_subcat1.php on line 61
[02-Jan-2008 10:32:24] PHP Warning:  Invalid argument supplied for foreach() in f:\phpdev\www\pamela\ajauction\sell_subcat1.php on line 70
[02-Jan-2008 10:32:24] PHP Warning:  Invalid argument supplied for foreach() in f:\phpdev\www\pamela\ajauction\sell_subcat1.php on line 23
[02-Jan-2008 10:32:24] PHP Warning:  Invalid argument supplied for foreach() in f:\phpdev\www\pamela\ajauction\sell_subcat1.php on line 34
[02-Jan-2008 10:32:24] PHP Warning:  Invalid argument supplied for foreach() in f:\phpdev\www\pamela\ajauction\sell_subcat1.php on line 43
[02-Jan-2008 10:32:24] PHP Warning:  Invalid argument supplied for foreach() in f:\phpdev\www\pamela\ajauction\sell_subcat1.php on line 52
[02-Jan-2008 10:32:24] PHP Warning:  Invalid argument supplied for foreach() in f:\phpdev\www\pamela\ajauction\sell_subcat1.php on line 61
[02-Jan-2008 10:32:24] PHP Warning:  Invalid argument supplied for foreach() in f:\phpdev\www\pamela\ajauction\sell_subcat1.php on line 70
[02-Jan-2008 10:32:25] PHP Warning:  Invalid argument supplied for foreach() in f:\phpdev\www\pamela\ajauction\sell_subcat1.php on line 23
[02-Jan-2008 10:32:25] PHP Warning:  Invalid argument supplied for foreach() in f:\phpdev\www\pamela\ajauction\sell_subcat1.php on line 34
[02-Jan-2008 10:32:25] PHP Warning:  Invalid argument supplied for foreach() in f:\phpdev\www\pamela\ajauction\sell_subcat1.php on line 43
[02-Jan-2008 10:32:25] PHP Warning:  Invalid argument supplied for foreach() in f:\phpdev\www\pamela\ajauction\sell_subcat1.php on line 52
[02-Jan-2008 10:32:25] PHP Warning:  Invalid argument supplied for foreach() in f:\phpdev\www\pamela\ajauction\sell_subcat1.php on line 61
[02-Jan-2008 10:32:25] PHP Warning:  Invalid argument supplied for foreach() in f:\phpdev\www\pamela\ajauction\sell_subcat1.php on line 70
[02-Jan-2008 10:32:27] PHP Warning:  Invalid argument supplied for foreach() in f:\phpdev\www\pamela\ajauction\sell_subcat1.php on line 23
[02-Jan-2008 10:32:27] PHP Warning:  Invalid argument supplied for foreach() in f:\phpdev\www\pamela\ajauction\sell_subcat1.php on line 34
[02-Jan-2008 10:32:27] PHP Warning:  Invalid argument supplied for foreach() in f:\phpdev\www\pamela\ajauction\sell_subcat1.php on line 43
[02-Jan-2008 10:32:27] PHP Warning:  Invalid argument supplied for foreach() in f:\phpdev\www\pamela\ajauction\sell_subcat1.php on line 52
[02-Jan-2008 10:32:27] PHP Warning:  Invalid argument supplied for foreach() in f:\phpdev\www\pamela\ajauction\sell_subcat1.php on line 61
[02-Jan-2008 10:32:27] PHP Warning:  Invalid argument supplied for foreach() in f:\phpdev\www\pamela\ajauction\sell_subcat1.php on line 70
[02-Jan-2008 10:32:27] PHP Warning:  Invalid argument supplied for foreach() in f:\phpdev\www\pamela\ajauction\sell_subcat1.php on line 23
[02-Jan-2008 10:32:27] PHP Warning:  Invalid argument supplied for foreach() in f:\phpdev\www\pamela\ajauction\sell_subcat1.php on line 34
[02-Jan-2008 10:32:27] PHP Warning:  Invalid argument supplied for foreach() in f:\phpdev\www\pamela\ajauction\sell_subcat1.php on line 43
[02-Jan-2008 10:32:27] PHP Warning:  Invalid argument supplied for foreach() in f:\phpdev\www\pamela\ajauction\sell_subcat1.php on line 52
[02-Jan-2008 10:32:27] PHP Warning:  Invalid argument supplied for foreach() in f:\phpdev\www\pamela\ajauction\sell_subcat1.php on line 61
[02-Jan-2008 10:32:27] PHP Warning:  Invalid argument supplied for foreach() in f:\phpdev\www\pamela\ajauction\sell_subcat1.php on line 70
[02-Jan-2008 10:32:28] PHP Warning:  Invalid argument supplied for foreach() in f:\phpdev\www\pamela\ajauction\sell_subcat1.php on line 23
[02-Jan-2008 10:32:28] PHP Warning:  Invalid argument supplied for foreach() in f:\phpdev\www\pamela\ajauction\sell_subcat1.php on line 34
[02-Jan-2008 10:32:28] PHP Warning:  Invalid argument supplied for foreach() in f:\phpdev\www\pamela\ajauction\sell_subcat1.php on line 43
[02-Jan-2008 10:32:28] PHP Warning:  Invalid argument supplied for foreach() in f:\phpdev\www\pamela\ajauction\sell_subcat1.php on line 52
[02-Jan-2008 10:32:28] PHP Warning:  Invalid argument supplied for foreach() in f:\phpdev\www\pamela\ajauction\sell_subcat1.php on line 61
[02-Jan-2008 10:32:28] PHP Warning:  Invalid argument supplied for foreach() in f:\phpdev\www\pamela\ajauction\sell_subcat1.php on line 70
[02-Jan-2008 10:32:28] PHP Warning:  Invalid argument supplied for foreach() in f:\phpdev\www\pamela\ajauction\sell_subcat1.php on line 23
[02-Jan-2008 10:32:28] PHP Warning:  Invalid argument supplied for foreach() in f:\phpdev\www\pamela\ajauction\sell_subcat1.php on line 34
[02-Jan-2008 10:32:28] PHP Warning:  Invalid argument supplied for foreach() in f:\phpdev\www\pamela\ajauction\sell_subcat1.php on line 43
[02-Jan-2008 10:32:28] PHP Warning:  Invalid argument supplied for foreach() in f:\phpdev\www\pamela\ajauction\sell_subcat1.php on line 52
[02-Jan-2008 10:32:28] PHP Warning:  Invalid argument supplied for foreach() in f:\phpdev\www\pamela\ajauction\sell_subcat1.php on line 61
[02-Jan-2008 10:32:28] PHP Warning:  Invalid argument supplied for foreach() in f:\phpdev\www\pamela\ajauction\sell_subcat1.php on line 70
[02-Jan-2008 10:32:29] PHP Warning:  Invalid argument supplied for foreach() in f:\phpdev\www\pamela\ajauction\sell_subcat1.php on line 23
[02-Jan-2008 10:32:29] PHP Warning:  Invalid argument supplied for foreach() in f:\phpdev\www\pamela\ajauction\sell_subcat1.php on line 34
[02-Jan-2008 10:32:29] PHP Warning:  Invalid argument supplied for foreach() in f:\phpdev\www\pamela\ajauction\sell_subcat1.php on line 43
[02-Jan-2008 10:32:29] PHP Warning:  Invalid argument supplied for foreach() in f:\phpdev\www\pamela\ajauction\sell_subcat1.php on line 52
[02-Jan-2008 10:32:29] PHP Warning:  Invalid argument supplied for foreach() in f:\phpdev\www\pamela\ajauction\sell_subcat1.php on line 61
[02-Jan-2008 10:32:29] PHP Warning:  Invalid argument supplied for foreach() in f:\phpdev\www\pamela\ajauction\sell_subcat1.php on line 70
[02-Jan-2008 10:32:29] PHP Warning:  Invalid argument supplied for foreach() in f:\phpdev\www\pamela\ajauction\sell_subcat1.php on line 23
[02-Jan-2008 10:32:29] PHP Warning:  Invalid argument supplied for foreach() in f:\phpdev\www\pamela\ajauction\sell_subcat1.php on line 34
[02-Jan-2008 10:32:29] PHP Warning:  Invalid argument supplied for foreach() in f:\phpdev\www\pamela\ajauction\sell_subcat1.php on line 43
[02-Jan-2008 10:32:29] PHP Warning:  Invalid argument supplied for foreach() in f:\phpdev\www\pamela\ajauction\sell_subcat1.php on line 52
[02-Jan-2008 10:32:29] PHP Warning:  Invalid argument supplied for foreach() in f:\phpdev\www\pamela\ajauction\sell_subcat1.php on line 61
[02-Jan-2008 10:32:29] PHP Warning:  Invalid argument supplied for foreach() in f:\phpdev\www\pamela\ajauction\sell_subcat1.php on line 70
[02-Jan-2008 10:32:30] PHP Warning:  Invalid argument supplied for foreach() in f:\phpdev\www\pamela\ajauction\sell_subcat2.php on line 20
[02-Jan-2008 10:32:30] PHP Warning:  Invalid argument supplied for foreach() in f:\phpdev\www\pamela\ajauction\sell_subcat2.php on line 31
[02-Jan-2008 10:32:30] PHP Warning:  Invalid argument supplied for foreach() in f:\phpdev\www\pamela\ajauction\sell_subcat2.php on line 40
[02-Jan-2008 10:32:30] PHP Warning:  Invalid argument supplied for foreach() in f:\phpdev\www\pamela\ajauction\sell_subcat2.php on line 49
[02-Jan-2008 10:32:30] PHP Warning:  Invalid argument supplied for foreach() in f:\phpdev\www\pamela\ajauction\sell_subcat2.php on line 58
[02-Jan-2008 10:32:30] PHP Warning:  Invalid argument supplied for foreach() in f:\phpdev\www\pamela\ajauction\sell_subcat2.php on line 67
[02-Jan-2008 10:32:31] PHP Warning:  Invalid argument supplied for foreach() in f:\phpdev\www\pamela\ajauction\sell_subcat3.php on line 20
[02-Jan-2008 10:32:31] PHP Warning:  Invalid argument supplied for foreach() in f:\phpdev\www\pamela\ajauction\sell_subcat3.php on line 31
[02-Jan-2008 10:32:31] PHP Warning:  Invalid argument supplied for foreach() in f:\phpdev\www\pamela\ajauction\sell_subcat3.php on line 40
[02-Jan-2008 10:32:31] PHP Warning:  Invalid argument supplied for foreach() in f:\phpdev\www\pamela\ajauction\sell_subcat3.php on line 49
[02-Jan-2008 10:32:31] PHP Warning:  Invalid argument supplied for foreach() in f:\phpdev\www\pamela\ajauction\sell_subcat3.php on line 58
[02-Jan-2008 10:32:31] PHP Warning:  Invalid argument supplied for foreach() in f:\phpdev\www\pamela\ajauction\sell_subcat3.php on line 67
[02-Jan-2008 10:32:32] PHP Warning:  Invalid argument supplied for foreach() in f:\phpdev\www\pamela\ajauction\sell_subcat3.php on line 20
[02-Jan-2008 10:32:32] PHP Warning:  Invalid argument supplied for foreach() in f:\phpdev\www\pamela\ajauction\sell_subcat3.php on line 31
[02-Jan-2008 10:32:32] PHP Warning:  Invalid argument supplied for foreach() in f:\phpdev\www\pamela\ajauction\sell_subcat3.php on line 40
[02-Jan-2008 10:32:32] PHP Warning:  Invalid argument supplied for foreach() in f:\phpdev\www\pamela\ajauction\sell_subcat3.php on line 49
[02-Jan-2008 10:32:32] PHP Warning:  Invalid argument supplied for foreach() in f:\phpdev\www\pamela\ajauction\sell_subcat3.php on line 58
[02-Jan-2008 10:32:32] PHP Warning:  Invalid argument supplied for foreach() in f:\phpdev\www\pamela\ajauction\sell_subcat3.php on line 67
[02-Jan-2008 10:32:32] PHP Warning:  Invalid argument supplied for foreach() in f:\phpdev\www\pamela\ajauction\sell_subcat3.php on line 20
[02-Jan-2008 10:32:32] PHP Warning:  Invalid argument supplied for foreach() in f:\phpdev\www\pamela\ajauction\sell_subcat3.php on line 31
[02-Jan-2008 10:32:32] PHP Warning:  Invalid argument supplied for foreach() in f:\phpdev\www\pamela\ajauction\sell_subcat3.php on line 40
[02-Jan-2008 10:32:32] PHP Warning:  Invalid argument supplied for foreach() in f:\phpdev\www\pamela\ajauction\sell_subcat3.php on line 49
[02-Jan-2008 10:32:32] PHP Warning:  Invalid argument supplied for foreach() in f:\phpdev\www\pamela\ajauction\sell_subcat3.php on line 58
[02-Jan-2008 10:32:32] PHP Warning:  Invalid argument supplied for foreach() in f:\phpdev\www\pamela\ajauction\sell_subcat3.php on line 67
[02-Jan-2008 10:32:33] PHP Warning:  Invalid argument supplied for foreach() in f:\phpdev\www\pamela\ajauction\sell_subcat2.php on line 20
[02-Jan-2008 10:32:33] PHP Warning:  Invalid argument supplied for foreach() in f:\phpdev\www\pamela\ajauction\sell_subcat2.php on line 31
[02-Jan-2008 10:32:33] PHP Warning:  Invalid argument supplied for foreach() in f:\phpdev\www\pamela\ajauction\sell_subcat2.php on line 40
[02-Jan-2008 10:32:33] PHP Warning:  Invalid argument supplied for foreach() in f:\phpdev\www\pamela\ajauction\sell_subcat2.php on line 49
[02-Jan-2008 10:32:33] PHP Warning:  Invalid argument supplied for foreach() in f:\phpdev\www\pamela\ajauction\sell_subcat2.php on line 58
[02-Jan-2008 10:32:33] PHP Warning:  Invalid argument supplied for foreach() in f:\phpdev\www\pamela\ajauction\sell_subcat2.php on line 67
[02-Jan-2008 11:00:51] PHP Warning:  Invalid argument supplied for foreach() in f:\phpdev\www\pamela\ajauction\sell_subcat1.php on line 23
[02-Jan-2008 11:00:51] PHP Warning:  Invalid argument supplied for foreach() in f:\phpdev\www\pamela\ajauction\sell_subcat1.php on line 34
[02-Jan-2008 11:00:51] PHP Warning:  Invalid argument supplied for foreach() in f:\phpdev\www\pamela\ajauction\sell_subcat1.php on line 43
[02-Jan-2008 11:00:51] PHP Warning:  Invalid argument supplied for foreach() in f:\phpdev\www\pamela\ajauction\sell_subcat1.php on line 52
[02-Jan-2008 11:00:51] PHP Warning:  Invalid argument supplied for foreach() in f:\phpdev\www\pamela\ajauction\sell_subcat1.php on line 61
[02-Jan-2008 11:00:51] PHP Warning:  Invalid argument supplied for foreach() in f:\phpdev\www\pamela\ajauction\sell_subcat1.php on line 70
[02-Jan-2008 11:00:51] PHP Warning:  Invalid argument supplied for foreach() in f:\phpdev\www\pamela\ajauction\sell_subcat1.php on line 23
[02-Jan-2008 11:00:51] PHP Warning:  Invalid argument supplied for foreach() in f:\phpdev\www\pamela\ajauction\sell_subcat1.php on line 34
[02-Jan-2008 11:00:51] PHP Warning:  Invalid argument supplied for foreach() in f:\phpdev\www\pamela\ajauction\sell_subcat1.php on line 43
[02-Jan-2008 11:00:51] PHP Warning:  Invalid argument supplied for foreach() in f:\phpdev\www\pamela\ajauction\sell_subcat1.php on line 52
[02-Jan-2008 11:00:51] PHP Warning:  Invalid argument supplied for foreach() in f:\phpdev\www\pamela\ajauction\sell_subcat1.php on line 61
[02-Jan-2008 11:00:51] PHP Warning:  Invalid argument supplied for foreach() in f:\phpdev\www\pamela\ajauction\sell_subcat1.php on line 70
[02-Jan-2008 11:00:52] PHP Warning:  Invalid argument supplied for foreach() in f:\phpdev\www\pamela\ajauction\sell_subcat1.php on line 23
[02-Jan-2008 11:00:52] PHP Warning:  Invalid argument supplied for foreach() in f:\phpdev\www\pamela\ajauction\sell_subcat1.php on line 34
[02-Jan-2008 11:00:52] PHP Warning:  Invalid argument supplied for foreach() in f:\phpdev\www\pamela\ajauction\sell_subcat1.php on line 43
[02-Jan-2008 11:00:52] PHP Warning:  Invalid argument supplied for foreach() in f:\phpdev\www\pamela\ajauction\sell_subcat1.php on line 52
[02-Jan-2008 11:00:52] PHP Warning:  Invalid argument supplied for foreach() in f:\phpdev\www\pamela\ajauction\sell_subcat1.php on line 61
[02-Jan-2008 11:00:52] PHP Warning:  Invalid argument supplied for foreach() in f:\phpdev\www\pamela\ajauction\sell_subcat1.php on line 70
[02-Jan-2008 11:00:53] PHP Warning:  Invalid argument supplied for foreach() in f:\phpdev\www\pamela\ajauction\sell_subcat1.php on line 23
[02-Jan-2008 11:00:53] PHP Warning:  Invalid argument supplied for foreach() in f:\phpdev\www\pamela\ajauction\sell_subcat1.php on line 34
[02-Jan-2008 11:00:53] PHP Warning:  Invalid argument supplied for foreach() in f:\phpdev\www\pamela\ajauction\sell_subcat1.php on line 43
[02-Jan-2008 11:00:53] PHP Warning:  Invalid argument supplied for foreach() in f:\phpdev\www\pamela\ajauction\sell_subcat1.php on line 52
[02-Jan-2008 11:00:53] PHP Warning:  Invalid argument supplied for foreach() in f:\phpdev\www\pamela\ajauction\sell_subcat1.php on line 61
[02-Jan-2008 11:00:53] PHP Warning:  Invalid argument supplied for foreach() in f:\phpdev\www\pamela\ajauction\sell_subcat1.php on line 70
[02-Jan-2008 11:00:54] PHP Warning:  Invalid argument supplied for foreach() in f:\phpdev\www\pamela\ajauction\sell_subcat1.php on line 23
[02-Jan-2008 11:00:54] PHP Warning:  Invalid argument supplied for foreach() in f:\phpdev\www\pamela\ajauction\sell_subcat1.php on line 34
[02-Jan-2008 11:00:54] PHP Warning:  Invalid argument supplied for foreach() in f:\phpdev\www\pamela\ajauction\sell_subcat1.php on line 43
[02-Jan-2008 11:00:54] PHP Warning:  Invalid argument supplied for foreach() in f:\phpdev\www\pamela\ajauction\sell_subcat1.php on line 52
[02-Jan-2008 11:00:54] PHP Warning:  Invalid argument supplied for foreach() in f:\phpdev\www\pamela\ajauction\sell_subcat1.php on line 61
[02-Jan-2008 11:00:54] PHP Warning:  Invalid argument supplied for foreach() in f:\phpdev\www\pamela\ajauction\sell_subcat1.php on line 70
[02-Jan-2008 11:00:54] PHP Warning:  Invalid argument supplied for foreach() in f:\phpdev\www\pamela\ajauction\sell_subcat1.php on line 23
[02-Jan-2008 11:00:54] PHP Warning:  Invalid argument supplied for foreach() in f:\phpdev\www\pamela\ajauction\sell_subcat1.php on line 34
[02-Jan-2008 11:00:54] PHP Warning:  Invalid argument supplied for foreach() in f:\phpdev\www\pamela\ajauction\sell_subcat1.php on line 43
[02-Jan-2008 11:00:54] PHP Warning:  Invalid argument supplied for foreach() in f:\phpdev\www\pamela\ajauction\sell_subcat1.php on line 52
[02-Jan-2008 11:00:54] PHP Warning:  Invalid argument supplied for foreach() in f:\phpdev\www\pamela\ajauction\sell_subcat1.php on line 61
[02-Jan-2008 11:00:54] PHP Warning:  Invalid argument supplied for foreach() in f:\phpdev\www\pamela\ajauction\sell_subcat1.php on line 70
[02-Jan-2008 11:00:55] PHP Warning:  Invalid argument supplied for foreach() in f:\phpdev\www\pamela\ajauction\sell_subcat1.php on line 23
[02-Jan-2008 11:00:55] PHP Warning:  Invalid argument supplied for foreach() in f:\phpdev\www\pamela\ajauction\sell_subcat1.php on line 34
[02-Jan-2008 11:00:55] PHP Warning:  Invalid argument supplied for foreach() in f:\phpdev\www\pamela\ajauction\sell_subcat1.php on line 43
[02-Jan-2008 11:00:55] PHP Warning:  Invalid argument supplied for foreach() in f:\phpdev\www\pamela\ajauction\sell_subcat1.php on line 52
[02-Jan-2008 11:00:55] PHP Warning:  Invalid argument supplied for foreach() in f:\phpdev\www\pamela\ajauction\sell_subcat1.php on line 61
[02-Jan-2008 11:00:55] PHP Warning:  Invalid argument supplied for foreach() in f:\phpdev\www\pamela\ajauction\sell_subcat1.php on line 70
[02-Jan-2008 11:00:57] PHP Warning:  Invalid argument supplied for foreach() in f:\phpdev\www\pamela\ajauction\sell_subcat1.php on line 23
[02-Jan-2008 11:00:57] PHP Warning:  Invalid argument supplied for foreach() in f:\phpdev\www\pamela\ajauction\sell_subcat1.php on line 34
[02-Jan-2008 11:00:57] PHP Warning:  Invalid argument supplied for foreach() in f:\phpdev\www\pamela\ajauction\sell_subcat1.php on line 43
[02-Jan-2008 11:00:57] PHP Warning:  Invalid argument supplied for foreach() in f:\phpdev\www\pamela\ajauction\sell_subcat1.php on line 52
[02-Jan-2008 11:00:57] PHP Warning:  Invalid argument supplied for foreach() in f:\phpdev\www\pamela\ajauction\sell_subcat1.php on line 61
[02-Jan-2008 11:00:57] PHP Warning:  Invalid argument supplied for foreach() in f:\phpdev\www\pamela\ajauction\sell_subcat1.php on line 70
[02-Jan-2008 11:00:58] PHP Warning:  Invalid argument supplied for foreach() in f:\phpdev\www\pamela\ajauction\sell_subcat1.php on line 23
[02-Jan-2008 11:00:58] PHP Warning:  Invalid argument supplied for foreach() in f:\phpdev\www\pamela\ajauction\sell_subcat1.php on line 34
[02-Jan-2008 11:00:58] PHP Warning:  Invalid argument supplied for foreach() in f:\phpdev\www\pamela\ajauction\sell_subcat1.php on line 43
[02-Jan-2008 11:00:58] PHP Warning:  Invalid argument supplied for foreach() in f:\phpdev\www\pamela\ajauction\sell_subcat1.php on line 52
[02-Jan-2008 11:00:58] PHP Warning:  Invalid argument supplied for foreach() in f:\phpdev\www\pamela\ajauction\sell_subcat1.php on line 61
[02-Jan-2008 11:00:58] PHP Warning:  Invalid argument supplied for foreach() in f:\phpdev\www\pamela\ajauction\sell_subcat1.php on line 70
[02-Jan-2008 11:00:58] PHP Warning:  Invalid argument supplied for foreach() in f:\phpdev\www\pamela\ajauction\sell_subcat1.php on line 23
[02-Jan-2008 11:00:58] PHP Warning:  Invalid argument supplied for foreach() in f:\phpdev\www\pamela\ajauction\sell_subcat1.php on line 34
[02-Jan-2008 11:00:58] PHP Warning:  Invalid argument supplied for foreach() in f:\phpdev\www\pamela\ajauction\sell_subcat1.php on line 43
[02-Jan-2008 11:00:58] PHP Warning:  Invalid argument supplied for foreach() in f:\phpdev\www\pamela\ajauction\sell_subcat1.php on line 52
[02-Jan-2008 11:00:58] PHP Warning:  Invalid argument supplied for foreach() in f:\phpdev\www\pamela\ajauction\sell_subcat1.php on line 61
[02-Jan-2008 11:00:58] PHP Warning:  Invalid argument supplied for foreach() in f:\phpdev\www\pamela\ajauction\sell_subcat1.php on line 70
[02-Jan-2008 11:00:59] PHP Warning:  Invalid argument supplied for foreach() in f:\phpdev\www\pamela\ajauction\sell_subcat1.php on line 23
[02-Jan-2008 11:00:59] PHP Warning:  Invalid argument supplied for foreach() in f:\phpdev\www\pamela\ajauction\sell_subcat1.php on line 34
[02-Jan-2008 11:00:59] PHP Warning:  Invalid argument supplied for foreach() in f:\phpdev\www\pamela\ajauction\sell_subcat1.php on line 43
[02-Jan-2008 11:00:59] PHP Warning:  Invalid argument supplied for foreach() in f:\phpdev\www\pamela\ajauction\sell_subcat1.php on line 52
[02-Jan-2008 11:00:59] PHP Warning:  Invalid argument supplied for foreach() in f:\phpdev\www\pamela\ajauction\sell_subcat1.php on line 61
[02-Jan-2008 11:00:59] PHP Warning:  Invalid argument supplied for foreach() in f:\phpdev\www\pamela\ajauction\sell_subcat1.php on line 70
[02-Jan-2008 11:02:39] PHP Warning:  Invalid argument supplied for foreach() in f:\phpdev\www\pamela\ajauction\sell_subcat1.php on line 23
[02-Jan-2008 11:02:39] PHP Warning:  Invalid argument supplied for foreach() in f:\phpdev\www\pamela\ajauction\sell_subcat1.php on line 34
[02-Jan-2008 11:02:39] PHP Warning:  Invalid argument supplied for foreach() in f:\phpdev\www\pamela\ajauction\sell_subcat1.php on line 43
[02-Jan-2008 11:02:39] PHP Warning:  Invalid argument supplied for foreach() in f:\phpdev\www\pamela\ajauction\sell_subcat1.php on line 52
[02-Jan-2008 11:02:39] PHP Warning:  Invalid argument supplied for foreach() in f:\phpdev\www\pamela\ajauction\sell_subcat1.php on line 61
[02-Jan-2008 11:02:39] PHP Warning:  Invalid argument supplied for foreach() in f:\phpdev\www\pamela\ajauction\sell_subcat1.php on line 70
[02-Jan-2008 11:02:39] PHP Warning:  Invalid argument supplied for foreach() in f:\phpdev\www\pamela\ajauction\sell_subcat1.php on line 23
[02-Jan-2008 11:02:40] PHP Warning:  Invalid argument supplied for foreach() in f:\phpdev\www\pamela\ajauction\sell_subcat1.php on line 34
[02-Jan-2008 11:02:40] PHP Warning:  Invalid argument supplied for foreach() in f:\phpdev\www\pamela\ajauction\sell_subcat1.php on line 43
[02-Jan-2008 11:02:40] PHP Warning:  Invalid argument supplied for foreach() in f:\phpdev\www\pamela\ajauction\sell_subcat1.php on line 52
[02-Jan-2008 11:02:40] PHP Warning:  Invalid argument supplied for foreach() in f:\phpdev\www\pamela\ajauction\sell_subcat1.php on line 61
[02-Jan-2008 11:02:40] PHP Warning:  Invalid argument supplied for foreach() in f:\phpdev\www\pamela\ajauction\sell_subcat1.php on line 70
[02-Jan-2008 11:02:40] PHP Warning:  Invalid argument supplied for foreach() in f:\phpdev\www\pamela\ajauction\sell_subcat1.php on line 23
[02-Jan-2008 11:02:40] PHP Warning:  Invalid argument supplied for foreach() in f:\phpdev\www\pamela\ajauction\sell_subcat1.php on line 34
[02-Jan-2008 11:02:40] PHP Warning:  Invalid argument supplied for foreach() in f:\phpdev\www\pamela\ajauction\sell_subcat1.php on line 43
[02-Jan-2008 11:02:40] PHP Warning:  Invalid argument supplied for foreach() in f:\phpdev\www\pamela\ajauction\sell_subcat1.php on line 52
[02-Jan-2008 11:02:40] PHP Warning:  Invalid argument supplied for foreach() in f:\phpdev\www\pamela\ajauction\sell_subcat1.php on line 61
[02-Jan-2008 11:02:40] PHP Warning:  Invalid argument supplied for foreach() in f:\phpdev\www\pamela\ajauction\sell_subcat1.php on line 70
[02-Jan-2008 11:02:40] PHP Warning:  Invalid argument supplied for foreach() in f:\phpdev\www\pamela\ajauction\sell_subcat1.php on line 23
[02-Jan-2008 11:02:40] PHP Warning:  Invalid argument supplied for foreach() in f:\phpdev\www\pamela\ajauction\sell_subcat1.php on line 34
[02-Jan-2008 11:02:41] PHP Warning:  Invalid argument supplied for foreach() in f:\phpdev\www\pamela\ajauction\sell_subcat1.php on line 43
[02-Jan-2008 11:02:41] PHP Warning:  Invalid argument supplied for foreach() in f:\phpdev\www\pamela\ajauction\sell_subcat1.php on line 52
[02-Jan-2008 11:02:41] PHP Warning:  Invalid argument supplied for foreach() in f:\phpdev\www\pamela\ajauction\sell_subcat1.php on line 61
[02-Jan-2008 11:02:41] PHP Warning:  Invalid argument supplied for foreach() in f:\phpdev\www\pamela\ajauction\sell_subcat1.php on line 70
[02-Jan-2008 11:02:41] PHP Warning:  Invalid argument supplied for foreach() in f:\phpdev\www\pamela\ajauction\sell_subcat1.php on line 23
[02-Jan-2008 11:02:41] PHP Warning:  Invalid argument supplied for foreach() in f:\phpdev\www\pamela\ajauction\sell_subcat1.php on line 34
[02-Jan-2008 11:02:41] PHP Warning:  Invalid argument supplied for foreach() in f:\phpdev\www\pamela\ajauction\sell_subcat1.php on line 43
[02-Jan-2008 11:02:41] PHP Warning:  Invalid argument supplied for foreach() in f:\phpdev\www\pamela\ajauction\sell_subcat1.php on line 52
[02-Jan-2008 11:02:41] PHP Warning:  Invalid argument supplied for foreach() in f:\phpdev\www\pamela\ajauction\sell_subcat1.php on line 61
[02-Jan-2008 11:02:41] PHP Warning:  Invalid argument supplied for foreach() in f:\phpdev\www\pamela\ajauction\sell_subcat1.php on line 70
[02-Jan-2008 11:02:41] PHP Warning:  Invalid argument supplied for foreach() in f:\phpdev\www\pamela\ajauction\sell_subcat1.php on line 23
[02-Jan-2008 11:02:41] PHP Warning:  Invalid argument supplied for foreach() in f:\phpdev\www\pamela\ajauction\sell_subcat1.php on line 34
[02-Jan-2008 11:02:41] PHP Warning:  Invalid argument supplied for foreach() in f:\phpdev\www\pamela\ajauction\sell_subcat1.php on line 43
[02-Jan-2008 11:02:41] PHP Warning:  Invalid argument supplied for foreach() in f:\phpdev\www\pamela\ajauction\sell_subcat1.php on line 52
[02-Jan-2008 11:02:41] PHP Warning:  Invalid argument supplied for foreach() in f:\phpdev\www\pamela\ajauction\sell_subcat1.php on line 61
[02-Jan-2008 11:02:41] PHP Warning:  Invalid argument supplied for foreach() in f:\phpdev\www\pamela\ajauction\sell_subcat1.php on line 70
[02-Jan-2008 11:02:42] PHP Warning:  Invalid argument supplied for foreach() in f:\phpdev\www\pamela\ajauction\sell_subcat1.php on line 23
[02-Jan-2008 11:02:42] PHP Warning:  Invalid argument supplied for foreach() in f:\phpdev\www\pamela\ajauction\sell_subcat1.php on line 34
[02-Jan-2008 11:02:42] PHP Warning:  Invalid argument supplied for foreach() in f:\phpdev\www\pamela\ajauction\sell_subcat1.php on line 43
[02-Jan-2008 11:02:42] PHP Warning:  Invalid argument supplied for foreach() in f:\phpdev\www\pamela\ajauction\sell_subcat1.php on line 52
[02-Jan-2008 11:02:42] PHP Warning:  Invalid argument supplied for foreach() in f:\phpdev\www\pamela\ajauction\sell_subcat1.php on line 61
[02-Jan-2008 11:02:42] PHP Warning:  Invalid argument supplied for foreach() in f:\phpdev\www\pamela\ajauction\sell_subcat1.php on line 70
[02-Jan-2008 11:02:42] PHP Warning:  Invalid argument supplied for foreach() in f:\phpdev\www\pamela\ajauction\sell_subcat1.php on line 23
[02-Jan-2008 11:02:42] PHP Warning:  Invalid argument supplied for foreach() in f:\phpdev\www\pamela\ajauction\sell_subcat1.php on line 34
[02-Jan-2008 11:02:42] PHP Warning:  Invalid argument supplied for foreach() in f:\phpdev\www\pamela\ajauction\sell_subcat1.php on line 43
[02-Jan-2008 11:02:42] PHP Warning:  Invalid argument supplied for foreach() in f:\phpdev\www\pamela\ajauction\sell_subcat1.php on line 52
[02-Jan-2008 11:02:42] PHP Warning:  Invalid argument supplied for foreach() in f:\phpdev\www\pamela\ajauction\sell_subcat1.php on line 61
[02-Jan-2008 11:02:42] PHP Warning:  Invalid argument supplied for foreach() in f:\phpdev\www\pamela\ajauction\sell_subcat1.php on line 70
[02-Jan-2008 11:02:43] PHP Warning:  Invalid argument supplied for foreach() in f:\phpdev\www\pamela\ajauction\sell_subcat1.php on line 23
[02-Jan-2008 11:02:43] PHP Warning:  Invalid argument supplied for foreach() in f:\phpdev\www\pamela\ajauction\sell_subcat1.php on line 34
[02-Jan-2008 11:02:43] PHP Warning:  Invalid argument supplied for foreach() in f:\phpdev\www\pamela\ajauction\sell_subcat1.php on line 43
[02-Jan-2008 11:02:43] PHP Warning:  Invalid argument supplied for foreach() in f:\phpdev\www\pamela\ajauction\sell_subcat1.php on line 52
[02-Jan-2008 11:02:43] PHP Warning:  Invalid argument supplied for foreach() in f:\phpdev\www\pamela\ajauction\sell_subcat1.php on line 61
[02-Jan-2008 11:02:43] PHP Warning:  Invalid argument supplied for foreach() in f:\phpdev\www\pamela\ajauction\sell_subcat1.php on line 70
[02-Jan-2008 11:02:43] PHP Warning:  Invalid argument supplied for foreach() in f:\phpdev\www\pamela\ajauction\sell_subcat1.php on line 23
[02-Jan-2008 11:02:43] PHP Warning:  Invalid argument supplied for foreach() in f:\phpdev\www\pamela\ajauction\sell_subcat1.php on line 34
[02-Jan-2008 11:02:43] PHP Warning:  Invalid argument supplied for foreach() in f:\phpdev\www\pamela\ajauction\sell_subcat1.php on line 43
[02-Jan-2008 11:02:43] PHP Warning:  Invalid argument supplied for foreach() in f:\phpdev\www\pamela\ajauction\sell_subcat1.php on line 52
[02-Jan-2008 11:02:43] PHP Warning:  Invalid argument supplied for foreach() in f:\phpdev\www\pamela\ajauction\sell_subcat1.php on line 61
[02-Jan-2008 11:02:43] PHP Warning:  Invalid argument supplied for foreach() in f:\phpdev\www\pamela\ajauction\sell_subcat1.php on line 70
[02-Jan-2008 11:02:44] PHP Warning:  Invalid argument supplied for foreach() in f:\phpdev\www\pamela\ajauction\sell_subcat1.php on line 23
[02-Jan-2008 11:02:44] PHP Warning:  Invalid argument supplied for foreach() in f:\phpdev\www\pamela\ajauction\sell_subcat1.php on line 34
[02-Jan-2008 11:02:44] PHP Warning:  Invalid argument supplied for foreach() in f:\phpdev\www\pamela\ajauction\sell_subcat1.php on line 43
[02-Jan-2008 11:02:44] PHP Warning:  Invalid argument supplied for foreach() in f:\phpdev\www\pamela\ajauction\sell_subcat1.php on line 52
[02-Jan-2008 11:02:44] PHP Warning:  Invalid argument supplied for foreach() in f:\phpdev\www\pamela\ajauction\sell_subcat1.php on line 61
[02-Jan-2008 11:02:44] PHP Warning:  Invalid argument supplied for foreach() in f:\phpdev\www\pamela\ajauction\sell_subcat1.php on line 70
[02-Jan-2008 11:02:44] PHP Warning:  Invalid argument supplied for foreach() in f:\phpdev\www\pamela\ajauction\sell_subcat1.php on line 23
[02-Jan-2008 11:02:44] PHP Warning:  Invalid argument supplied for foreach() in f:\phpdev\www\pamela\ajauction\sell_subcat1.php on line 34
[02-Jan-2008 11:02:44] PHP Warning:  Invalid argument supplied for foreach() in f:\phpdev\www\pamela\ajauction\sell_subcat1.php on line 43
[02-Jan-2008 11:02:44] PHP Warning:  Invalid argument supplied for foreach() in f:\phpdev\www\pamela\ajauction\sell_subcat1.php on line 52
[02-Jan-2008 11:02:44] PHP Warning:  Invalid argument supplied for foreach() in f:\phpdev\www\pamela\ajauction\sell_subcat1.php on line 61
[02-Jan-2008 11:02:44] PHP Warning:  Invalid argument supplied for foreach() in f:\phpdev\www\pamela\ajauction\sell_subcat1.php on line 70
[02-Jan-2008 11:02:45] PHP Warning:  Invalid argument supplied for foreach() in f:\phpdev\www\pamela\ajauction\sell_subcat1.php on line 23
[02-Jan-2008 11:02:45] PHP Warning:  Invalid argument supplied for foreach() in f:\phpdev\www\pamela\ajauction\sell_subcat1.php on line 34
[02-Jan-2008 11:02:45] PHP Warning:  Invalid argument supplied for foreach() in f:\phpdev\www\pamela\ajauction\sell_subcat1.php on line 43
[02-Jan-2008 11:02:45] PHP Warning:  Invalid argument supplied for foreach() in f:\phpdev\www\pamela\ajauction\sell_subcat1.php on line 52
[02-Jan-2008 11:02:45] PHP Warning:  Invalid argument supplied for foreach() in f:\phpdev\www\pamela\ajauction\sell_subcat1.php on line 61
[02-Jan-2008 11:02:45] PHP Warning:  Invalid argument supplied for foreach() in f:\phpdev\www\pamela\ajauction\sell_subcat1.php on line 70
[02-Jan-2008 11:02:45] PHP Warning:  Invalid argument supplied for foreach() in f:\phpdev\www\pamela\ajauction\sell_subcat1.php on line 23
[02-Jan-2008 11:02:45] PHP Warning:  Invalid argument supplied for foreach() in f:\phpdev\www\pamela\ajauction\sell_subcat1.php on line 34
[02-Jan-2008 11:02:45] PHP Warning:  Invalid argument supplied for foreach() in f:\phpdev\www\pamela\ajauction\sell_subcat1.php on line 43
[02-Jan-2008 11:02:45] PHP Warning:  Invalid argument supplied for foreach() in f:\phpdev\www\pamela\ajauction\sell_subcat1.php on line 52
[02-Jan-2008 11:02:45] PHP Warning:  Invalid argument supplied for foreach() in f:\phpdev\www\pamela\ajauction\sell_subcat1.php on line 61
[02-Jan-2008 11:02:45] PHP Warning:  Invalid argument supplied for foreach() in f:\phpdev\www\pamela\ajauction\sell_subcat1.php on line 70
[02-Jan-2008 11:03:22] PHP Warning:  Invalid argument supplied for foreach() in f:\phpdev\www\pamela\ajauction\sell_subcat1.php on line 22
[02-Jan-2008 11:03:22] PHP Warning:  Invalid argument supplied for foreach() in f:\phpdev\www\pamela\ajauction\sell_subcat1.php on line 33
[02-Jan-2008 11:03:22] PHP Warning:  Invalid argument supplied for foreach() in f:\phpdev\www\pamela\ajauction\sell_subcat1.php on line 42
[02-Jan-2008 11:03:22] PHP Warning:  Invalid argument supplied for foreach() in f:\phpdev\www\pamela\ajauction\sell_subcat1.php on line 51
[02-Jan-2008 11:03:22] PHP Warning:  Invalid argument supplied for foreach() in f:\phpdev\www\pamela\ajauction\sell_subcat1.php on line 60
[02-Jan-2008 11:03:22] PHP Warning:  Invalid argument supplied for foreach() in f:\phpdev\www\pamela\ajauction\sell_subcat1.php on line 69
[02-Jan-2008 11:03:23] PHP Warning:  Invalid argument supplied for foreach() in f:\phpdev\www\pamela\ajauction\sell_subcat1.php on line 22
[02-Jan-2008 11:03:23] PHP Warning:  Invalid argument supplied for foreach() in f:\phpdev\www\pamela\ajauction\sell_subcat1.php on line 33
[02-Jan-2008 11:03:23] PHP Warning:  Invalid argument supplied for foreach() in f:\phpdev\www\pamela\ajauction\sell_subcat1.php on line 42
[02-Jan-2008 11:03:23] PHP Warning:  Invalid argument supplied for foreach() in f:\phpdev\www\pamela\ajauction\sell_subcat1.php on line 51
[02-Jan-2008 11:03:23] PHP Warning:  Invalid argument supplied for foreach() in f:\phpdev\www\pamela\ajauction\sell_subcat1.php on line 60
[02-Jan-2008 11:03:23] PHP Warning:  Invalid argument supplied for foreach() in f:\phpdev\www\pamela\ajauction\sell_subcat1.php on line 69
[02-Jan-2008 11:03:23] PHP Warning:  Invalid argument supplied for foreach() in f:\phpdev\www\pamela\ajauction\sell_subcat1.php on line 22
[02-Jan-2008 11:03:23] PHP Warning:  Invalid argument supplied for foreach() in f:\phpdev\www\pamela\ajauction\sell_subcat1.php on line 33
[02-Jan-2008 11:03:23] PHP Warning:  Invalid argument supplied for foreach() in f:\phpdev\www\pamela\ajauction\sell_subcat1.php on line 42
[02-Jan-2008 11:03:23] PHP Warning:  Invalid argument supplied for foreach() in f:\phpdev\www\pamela\ajauction\sell_subcat1.php on line 51
[02-Jan-2008 11:03:23] PHP Warning:  Invalid argument supplied for foreach() in f:\phpdev\www\pamela\ajauction\sell_subcat1.php on line 60
[02-Jan-2008 11:03:23] PHP Warning:  Invalid argument supplied for foreach() in f:\phpdev\www\pamela\ajauction\sell_subcat1.php on line 69
[02-Jan-2008 11:03:24] PHP Warning:  Invalid argument supplied for foreach() in f:\phpdev\www\pamela\ajauction\sell_subcat1.php on line 22
[02-Jan-2008 11:03:24] PHP Warning:  Invalid argument supplied for foreach() in f:\phpdev\www\pamela\ajauction\sell_subcat1.php on line 33
[02-Jan-2008 11:03:24] PHP Warning:  Invalid argument supplied for foreach() in f:\phpdev\www\pamela\ajauction\sell_subcat1.php on line 42
[02-Jan-2008 11:03:24] PHP Warning:  Invalid argument supplied for foreach() in f:\phpdev\www\pamela\ajauction\sell_subcat1.php on line 51
[02-Jan-2008 11:03:24] PHP Warning:  Invalid argument supplied for foreach() in f:\phpdev\www\pamela\ajauction\sell_subcat1.php on line 60
[02-Jan-2008 11:03:24] PHP Warning:  Invalid argument supplied for foreach() in f:\phpdev\www\pamela\ajauction\sell_subcat1.php on line 69
[02-Jan-2008 11:03:24] PHP Warning:  Invalid argument supplied for foreach() in f:\phpdev\www\pamela\ajauction\sell_subcat1.php on line 22
[02-Jan-2008 11:03:24] PHP Warning:  Invalid argument supplied for foreach() in f:\phpdev\www\pamela\ajauction\sell_subcat1.php on line 33
[02-Jan-2008 11:03:24] PHP Warning:  Invalid argument supplied for foreach() in f:\phpdev\www\pamela\ajauction\sell_subcat1.php on line 42
[02-Jan-2008 11:03:24] PHP Warning:  Invalid argument supplied for foreach() in f:\phpdev\www\pamela\ajauction\sell_subcat1.php on line 51
[02-Jan-2008 11:03:24] PHP Warning:  Invalid argument supplied for foreach() in f:\phpdev\www\pamela\ajauction\sell_subcat1.php on line 60
[02-Jan-2008 11:03:24] PHP Warning:  Invalid argument supplied for foreach() in f:\phpdev\www\pamela\ajauction\sell_subcat1.php on line 69
[02-Jan-2008 11:03:24] PHP Warning:  Invalid argument supplied for foreach() in f:\phpdev\www\pamela\ajauction\sell_subcat1.php on line 22
[02-Jan-2008 11:03:24] PHP Warning:  Invalid argument supplied for foreach() in f:\phpdev\www\pamela\ajauction\sell_subcat1.php on line 33
[02-Jan-2008 11:03:24] PHP Warning:  Invalid argument supplied for foreach() in f:\phpdev\www\pamela\ajauction\sell_subcat1.php on line 42
[02-Jan-2008 11:03:24] PHP Warning:  Invalid argument supplied for foreach() in f:\phpdev\www\pamela\ajauction\sell_subcat1.php on line 51
[02-Jan-2008 11:03:24] PHP Warning:  Invalid argument supplied for foreach() in f:\phpdev\www\pamela\ajauction\sell_subcat1.php on line 60
[02-Jan-2008 11:03:24] PHP Warning:  Invalid argument supplied for foreach() in f:\phpdev\www\pamela\ajauction\sell_subcat1.php on line 69
[02-Jan-2008 11:03:32] PHP Warning:  Invalid argument supplied for foreach() in f:\phpdev\www\pamela\ajauction\sell_subcat1.php on line 22
[02-Jan-2008 11:03:32] PHP Warning:  Invalid argument supplied for foreach() in f:\phpdev\www\pamela\ajauction\sell_subcat1.php on line 33
[02-Jan-2008 11:03:32] PHP Warning:  Invalid argument supplied for foreach() in f:\phpdev\www\pamela\ajauction\sell_subcat1.php on line 42
[02-Jan-2008 11:03:32] PHP Warning:  Invalid argument supplied for foreach() in f:\phpdev\www\pamela\ajauction\sell_subcat1.php on line 51
[02-Jan-2008 11:03:32] PHP Warning:  Invalid argument supplied for foreach() in f:\phpdev\www\pamela\ajauction\sell_subcat1.php on line 60
[02-Jan-2008 11:03:32] PHP Warning:  Invalid argument supplied for foreach() in f:\phpdev\www\pamela\ajauction\sell_subcat1.php on line 69
[02-Jan-2008 11:03:32] PHP Warning:  Invalid argument supplied for foreach() in f:\phpdev\www\pamela\ajauction\sell_subcat1.php on line 22
[02-Jan-2008 11:03:32] PHP Warning:  Invalid argument supplied for foreach() in f:\phpdev\www\pamela\ajauction\sell_subcat1.php on line 33
[02-Jan-2008 11:03:32] PHP Warning:  Invalid argument supplied for foreach() in f:\phpdev\www\pamela\ajauction\sell_subcat1.php on line 42
[02-Jan-2008 11:03:32] PHP Warning:  Invalid argument supplied for foreach() in f:\phpdev\www\pamela\ajauction\sell_subcat1.php on line 51
[02-Jan-2008 11:03:32] PHP Warning:  Invalid argument supplied for foreach() in f:\phpdev\www\pamela\ajauction\sell_subcat1.php on line 60
[02-Jan-2008 11:03:32] PHP Warning:  Invalid argument supplied for foreach() in f:\phpdev\www\pamela\ajauction\sell_subcat1.php on line 69
[02-Jan-2008 11:03:33] PHP Warning:  Invalid argument supplied for foreach() in f:\phpdev\www\pamela\ajauction\sell_subcat1.php on line 22
[02-Jan-2008 11:03:33] PHP Warning:  Invalid argument supplied for foreach() in f:\phpdev\www\pamela\ajauction\sell_subcat1.php on line 33
[02-Jan-2008 11:03:33] PHP Warning:  Invalid argument supplied for foreach() in f:\phpdev\www\pamela\ajauction\sell_subcat1.php on line 42
[02-Jan-2008 11:03:33] PHP Warning:  Invalid argument supplied for foreach() in f:\phpdev\www\pamela\ajauction\sell_subcat1.php on line 51
[02-Jan-2008 11:03:33] PHP Warning:  Invalid argument supplied for foreach() in f:\phpdev\www\pamela\ajauction\sell_subcat1.php on line 60
[02-Jan-2008 11:03:33] PHP Warning:  Invalid argument supplied for foreach() in f:\phpdev\www\pamela\ajauction\sell_subcat1.php on line 69
[02-Jan-2008 11:03:33] PHP Warning:  Invalid argument supplied for foreach() in f:\phpdev\www\pamela\ajauction\sell_subcat1.php on line 22
[02-Jan-2008 11:03:33] PHP Warning:  Invalid argument supplied for foreach() in f:\phpdev\www\pamela\ajauction\sell_subcat1.php on line 33
[02-Jan-2008 11:03:33] PHP Warning:  Invalid argument supplied for foreach() in f:\phpdev\www\pamela\ajauction\sell_subcat1.php on line 42
[02-Jan-2008 11:03:33] PHP Warning:  Invalid argument supplied for foreach() in f:\phpdev\www\pamela\ajauction\sell_subcat1.php on line 51
[02-Jan-2008 11:03:33] PHP Warning:  Invalid argument supplied for foreach() in f:\phpdev\www\pamela\ajauction\sell_subcat1.php on line 60
[02-Jan-2008 11:03:33] PHP Warning:  Invalid argument supplied for foreach() in f:\phpdev\www\pamela\ajauction\sell_subcat1.php on line 69
[02-Jan-2008 11:03:33] PHP Warning:  Invalid argument supplied for foreach() in f:\phpdev\www\pamela\ajauction\sell_subcat1.php on line 22
[02-Jan-2008 11:03:33] PHP Warning:  Invalid argument supplied for foreach() in f:\phpdev\www\pamela\ajauction\sell_subcat1.php on line 33
[02-Jan-2008 11:03:33] PHP Warning:  Invalid argument supplied for foreach() in f:\phpdev\www\pamela\ajauction\sell_subcat1.php on line 42
[02-Jan-2008 11:03:33] PHP Warning:  Invalid argument supplied for foreach() in f:\phpdev\www\pamela\ajauction\sell_subcat1.php on line 51
[02-Jan-2008 11:03:33] PHP Warning:  Invalid argument supplied for foreach() in f:\phpdev\www\pamela\ajauction\sell_subcat1.php on line 60
[02-Jan-2008 11:03:33] PHP Warning:  Invalid argument supplied for foreach() in f:\phpdev\www\pamela\ajauction\sell_subcat1.php on line 69
[02-Jan-2008 11:03:34] PHP Warning:  Invalid argument supplied for foreach() in f:\phpdev\www\pamela\ajauction\sell_subcat1.php on line 22
[02-Jan-2008 11:03:34] PHP Warning:  Invalid argument supplied for foreach() in f:\phpdev\www\pamela\ajauction\sell_subcat1.php on line 33
[02-Jan-2008 11:03:34] PHP Warning:  Invalid argument supplied for foreach() in f:\phpdev\www\pamela\ajauction\sell_subcat1.php on line 42
[02-Jan-2008 11:03:34] PHP Warning:  Invalid argument supplied for foreach() in f:\phpdev\www\pamela\ajauction\sell_subcat1.php on line 51
[02-Jan-2008 11:03:34] PHP Warning:  Invalid argument supplied for foreach() in f:\phpdev\www\pamela\ajauction\sell_subcat1.php on line 60
[02-Jan-2008 11:03:34] PHP Warning:  Invalid argument supplied for foreach() in f:\phpdev\www\pamela\ajauction\sell_subcat1.php on line 69
[02-Jan-2008 11:03:34] PHP Warning:  Invalid argument supplied for foreach() in f:\phpdev\www\pamela\ajauction\sell_subcat1.php on line 22
[02-Jan-2008 11:03:34] PHP Warning:  Invalid argument supplied for foreach() in f:\phpdev\www\pamela\ajauction\sell_subcat1.php on line 33
[02-Jan-2008 11:03:34] PHP Warning:  Invalid argument supplied for foreach() in f:\phpdev\www\pamela\ajauction\sell_subcat1.php on line 42
[02-Jan-2008 11:03:34] PHP Warning:  Invalid argument supplied for foreach() in f:\phpdev\www\pamela\ajauction\sell_subcat1.php on line 51
[02-Jan-2008 11:03:34] PHP Warning:  Invalid argument supplied for foreach() in f:\phpdev\www\pamela\ajauction\sell_subcat1.php on line 60
[02-Jan-2008 11:03:34] PHP Warning:  Invalid argument supplied for foreach() in f:\phpdev\www\pamela\ajauction\sell_subcat1.php on line 69
[02-Jan-2008 11:03:35] PHP Warning:  Invalid argument supplied for foreach() in f:\phpdev\www\pamela\ajauction\sell_subcat1.php on line 22
[02-Jan-2008 11:03:35] PHP Warning:  Invalid argument supplied for foreach() in f:\phpdev\www\pamela\ajauction\sell_subcat1.php on line 33
[02-Jan-2008 11:03:35] PHP Warning:  Invalid argument supplied for foreach() in f:\phpdev\www\pamela\ajauction\sell_subcat1.php on line 42
[02-Jan-2008 11:03:35] PHP Warning:  Invalid argument supplied for foreach() in f:\phpdev\www\pamela\ajauction\sell_subcat1.php on line 51
[02-Jan-2008 11:03:35] PHP Warning:  Invalid argument supplied for foreach() in f:\phpdev\www\pamela\ajauction\sell_subcat1.php on line 60
[02-Jan-2008 11:03:35] PHP Warning:  Invalid argument supplied for foreach() in f:\phpdev\www\pamela\ajauction\sell_subcat1.php on line 69
[02-Jan-2008 11:03:35] PHP Warning:  Invalid argument supplied for foreach() in f:\phpdev\www\pamela\ajauction\sell_subcat1.php on line 22
[02-Jan-2008 11:03:35] PHP Warning:  Invalid argument supplied for foreach() in f:\phpdev\www\pamela\ajauction\sell_subcat1.php on line 33
[02-Jan-2008 11:03:35] PHP Warning:  Invalid argument supplied for foreach() in f:\phpdev\www\pamela\ajauction\sell_subcat1.php on line 42
[02-Jan-2008 11:03:35] PHP Warning:  Invalid argument supplied for foreach() in f:\phpdev\www\pamela\ajauction\sell_subcat1.php on line 51
[02-Jan-2008 11:03:35] PHP Warning:  Invalid argument supplied for foreach() in f:\phpdev\www\pamela\ajauction\sell_subcat1.php on line 60
[02-Jan-2008 11:03:35] PHP Warning:  Invalid argument supplied for foreach() in f:\phpdev\www\pamela\ajauction\sell_subcat1.php on line 69
[02-Jan-2008 11:03:35] PHP Warning:  Invalid argument supplied for foreach() in f:\phpdev\www\pamela\ajauction\sell_subcat1.php on line 22
[02-Jan-2008 11:03:35] PHP Warning:  Invalid argument supplied for foreach() in f:\phpdev\www\pamela\ajauction\sell_subcat1.php on line 33
[02-Jan-2008 11:03:35] PHP Warning:  Invalid argument supplied for foreach() in f:\phpdev\www\pamela\ajauction\sell_subcat1.php on line 42
[02-Jan-2008 11:03:35] PHP Warning:  Invalid argument supplied for foreach() in f:\phpdev\www\pamela\ajauction\sell_subcat1.php on line 51
[02-Jan-2008 11:03:35] PHP Warning:  Invalid argument supplied for foreach() in f:\phpdev\www\pamela\ajauction\sell_subcat1.php on line 60
[02-Jan-2008 11:03:35] PHP Warning:  Invalid argument supplied for foreach() in f:\phpdev\www\pamela\ajauction\sell_subcat1.php on line 69
[02-Jan-2008 11:03:36] PHP Warning:  Invalid argument supplied for foreach() in f:\phpdev\www\pamela\ajauction\sell_subcat1.php on line 22
[02-Jan-2008 11:03:36] PHP Warning:  Invalid argument supplied for foreach() in f:\phpdev\www\pamela\ajauction\sell_subcat1.php on line 33
[02-Jan-2008 11:03:36] PHP Warning:  Invalid argument supplied for foreach() in f:\phpdev\www\pamela\ajauction\sell_subcat1.php on line 42
[02-Jan-2008 11:03:36] PHP Warning:  Invalid argument supplied for foreach() in f:\phpdev\www\pamela\ajauction\sell_subcat1.php on line 51
[02-Jan-2008 11:03:36] PHP Warning:  Invalid argument supplied for foreach() in f:\phpdev\www\pamela\ajauction\sell_subcat1.php on line 60
[02-Jan-2008 11:03:36] PHP Warning:  Invalid argument supplied for foreach() in f:\phpdev\www\pamela\ajauction\sell_subcat1.php on line 69
[02-Jan-2008 11:03:36] PHP Warning:  Invalid argument supplied for foreach() in f:\phpdev\www\pamela\ajauction\sell_subcat1.php on line 22
[02-Jan-2008 11:03:36] PHP Warning:  Invalid argument supplied for foreach() in f:\phpdev\www\pamela\ajauction\sell_subcat1.php on line 33
[02-Jan-2008 11:03:36] PHP Warning:  Invalid argument supplied for foreach() in f:\phpdev\www\pamela\ajauction\sell_subcat1.php on line 42
[02-Jan-2008 11:03:36] PHP Warning:  Invalid argument supplied for foreach() in f:\phpdev\www\pamela\ajauction\sell_subcat1.php on line 51
[02-Jan-2008 11:03:36] PHP Warning:  Invalid argument supplied for foreach() in f:\phpdev\www\pamela\ajauction\sell_subcat1.php on line 60
[02-Jan-2008 11:03:36] PHP Warning:  Invalid argument supplied for foreach() in f:\phpdev\www\pamela\ajauction\sell_subcat1.php on line 69
[02-Jan-2008 11:03:50] PHP Warning:  Invalid argument supplied for foreach() in f:\phpdev\www\pamela\ajauction\sell_subcat1.php on line 22
[02-Jan-2008 11:03:50] PHP Warning:  Invalid argument supplied for foreach() in f:\phpdev\www\pamela\ajauction\sell_subcat1.php on line 33
[02-Jan-2008 11:03:50] PHP Warning:  Invalid argument supplied for foreach() in f:\phpdev\www\pamela\ajauction\sell_subcat1.php on line 42
[02-Jan-2008 11:03:50] PHP Warning:  Invalid argument supplied for foreach() in f:\phpdev\www\pamela\ajauction\sell_subcat1.php on line 51
[02-Jan-2008 11:03:50] PHP Warning:  Invalid argument supplied for foreach() in f:\phpdev\www\pamela\ajauction\sell_subcat1.php on line 60
[02-Jan-2008 11:03:50] PHP Warning:  Invalid argument supplied for foreach() in f:\phpdev\www\pamela\ajauction\sell_subcat1.php on line 69
[02-Jan-2008 11:03:51] PHP Warning:  Invalid argument supplied for foreach() in f:\phpdev\www\pamela\ajauction\sell_subcat1.php on line 22
[02-Jan-2008 11:03:51] PHP Warning:  Invalid argument supplied for foreach() in f:\phpdev\www\pamela\ajauction\sell_subcat1.php on line 33
[02-Jan-2008 11:03:51] PHP Warning:  Invalid argument supplied for foreach() in f:\phpdev\www\pamela\ajauction\sell_subcat1.php on line 42
[02-Jan-2008 11:03:51] PHP Warning:  Invalid argument supplied for foreach() in f:\phpdev\www\pamela\ajauction\sell_subcat1.php on line 51
[02-Jan-2008 11:03:51] PHP Warning:  Invalid argument supplied for foreach() in f:\phpdev\www\pamela\ajauction\sell_subcat1.php on line 60
[02-Jan-2008 11:03:51] PHP Warning:  Invalid argument supplied for foreach() in f:\phpdev\www\pamela\ajauction\sell_subcat1.php on line 69
[02-Jan-2008 11:03:52] PHP Warning:  Invalid argument supplied for foreach() in f:\phpdev\www\pamela\ajauction\sell_subcat1.php on line 22
[02-Jan-2008 11:03:52] PHP Warning:  Invalid argument supplied for foreach() in f:\phpdev\www\pamela\ajauction\sell_subcat1.php on line 33
[02-Jan-2008 11:03:52] PHP Warning:  Invalid argument supplied for foreach() in f:\phpdev\www\pamela\ajauction\sell_subcat1.php on line 42
[02-Jan-2008 11:03:52] PHP Warning:  Invalid argument supplied for foreach() in f:\phpdev\www\pamela\ajauction\sell_subcat1.php on line 51
[02-Jan-2008 11:03:52] PHP Warning:  Invalid argument supplied for foreach() in f:\phpdev\www\pamela\ajauction\sell_subcat1.php on line 60
[02-Jan-2008 11:03:52] PHP Warning:  Invalid argument supplied for foreach() in f:\phpdev\www\pamela\ajauction\sell_subcat1.php on line 69
[02-Jan-2008 11:03:52] PHP Warning:  Invalid argument supplied for foreach() in f:\phpdev\www\pamela\ajauction\sell_subcat1.php on line 22
[02-Jan-2008 11:03:52] PHP Warning:  Invalid argument supplied for foreach() in f:\phpdev\www\pamela\ajauction\sell_subcat1.php on line 33
[02-Jan-2008 11:03:52] PHP Warning:  Invalid argument supplied for foreach() in f:\phpdev\www\pamela\ajauction\sell_subcat1.php on line 42
[02-Jan-2008 11:03:52] PHP Warning:  Invalid argument supplied for foreach() in f:\phpdev\www\pamela\ajauction\sell_subcat1.php on line 51
[02-Jan-2008 11:03:52] PHP Warning:  Invalid argument supplied for foreach() in f:\phpdev\www\pamela\ajauction\sell_subcat1.php on line 60
[02-Jan-2008 11:03:52] PHP Warning:  Invalid argument supplied for foreach() in f:\phpdev\www\pamela\ajauction\sell_subcat1.php on line 69
[02-Jan-2008 11:03:53] PHP Warning:  Invalid argument supplied for foreach() in f:\phpdev\www\pamela\ajauction\sell_subcat1.php on line 22
[02-Jan-2008 11:03:53] PHP Warning:  Invalid argument supplied for foreach() in f:\phpdev\www\pamela\ajauction\sell_subcat1.php on line 33
[02-Jan-2008 11:03:53] PHP Warning:  Invalid argument supplied for foreach() in f:\phpdev\www\pamela\ajauction\sell_subcat1.php on line 42
[02-Jan-2008 11:03:53] PHP Warning:  Invalid argument supplied for foreach() in f:\phpdev\www\pamela\ajauction\sell_subcat1.php on line 51
[02-Jan-2008 11:03:53] PHP Warning:  Invalid argument supplied for foreach() in f:\phpdev\www\pamela\ajauction\sell_subcat1.php on line 60
[02-Jan-2008 11:03:53] PHP Warning:  Invalid argument supplied for foreach() in f:\phpdev\www\pamela\ajauction\sell_subcat1.php on line 69
[02-Jan-2008 11:04:00] PHP Warning:  Invalid argument supplied for foreach() in f:\phpdev\www\pamela\ajauction\sell_subcat1.php on line 22
[02-Jan-2008 11:04:00] PHP Warning:  Invalid argument supplied for foreach() in f:\phpdev\www\pamela\ajauction\sell_subcat1.php on line 33
[02-Jan-2008 11:04:00] PHP Warning:  Invalid argument supplied for foreach() in f:\phpdev\www\pamela\ajauction\sell_subcat1.php on line 42
[02-Jan-2008 11:04:00] PHP Warning:  Invalid argument supplied for foreach() in f:\phpdev\www\pamela\ajauction\sell_subcat1.php on line 51
[02-Jan-2008 11:04:00] PHP Warning:  Invalid argument supplied for foreach() in f:\phpdev\www\pamela\ajauction\sell_subcat1.php on line 60
[02-Jan-2008 11:04:00] PHP Warning:  Invalid argument supplied for foreach() in f:\phpdev\www\pamela\ajauction\sell_subcat1.php on line 69
[02-Jan-2008 11:04:01] PHP Warning:  Invalid argument supplied for foreach() in f:\phpdev\www\pamela\ajauction\sell_subcat1.php on line 22
[02-Jan-2008 11:04:01] PHP Warning:  Invalid argument supplied for foreach() in f:\phpdev\www\pamela\ajauction\sell_subcat1.php on line 33
[02-Jan-2008 11:04:01] PHP Warning:  Invalid argument supplied for foreach() in f:\phpdev\www\pamela\ajauction\sell_subcat1.php on line 42
[02-Jan-2008 11:04:01] PHP Warning:  Invalid argument supplied for foreach() in f:\phpdev\www\pamela\ajauction\sell_subcat1.php on line 51
[02-Jan-2008 11:04:01] PHP Warning:  Invalid argument supplied for foreach() in f:\phpdev\www\pamela\ajauction\sell_subcat1.php on line 60
[02-Jan-2008 11:04:01] PHP Warning:  Invalid argument supplied for foreach() in f:\phpdev\www\pamela\ajauction\sell_subcat1.php on line 69
[02-Jan-2008 11:04:01] PHP Warning:  Invalid argument supplied for foreach() in f:\phpdev\www\pamela\ajauction\sell_subcat1.php on line 22
[02-Jan-2008 11:04:01] PHP Warning:  Invalid argument supplied for foreach() in f:\phpdev\www\pamela\ajauction\sell_subcat1.php on line 33
[02-Jan-2008 11:04:01] PHP Warning:  Invalid argument supplied for foreach() in f:\phpdev\www\pamela\ajauction\sell_subcat1.php on line 42
[02-Jan-2008 11:04:01] PHP Warning:  Invalid argument supplied for foreach() in f:\phpdev\www\pamela\ajauction\sell_subcat1.php on line 51
[02-Jan-2008 11:04:01] PHP Warning:  Invalid argument supplied for foreach() in f:\phpdev\www\pamela\ajauction\sell_subcat1.php on line 60
[02-Jan-2008 11:04:01] PHP Warning:  Invalid argument supplied for foreach() in f:\phpdev\www\pamela\ajauction\sell_subcat1.php on line 69
[02-Jan-2008 11:04:09] PHP Warning:  Invalid argument supplied for foreach() in f:\phpdev\www\pamela\ajauction\sell_subcat1.php on line 22
[02-Jan-2008 11:04:09] PHP Warning:  Invalid argument supplied for foreach() in f:\phpdev\www\pamela\ajauction\sell_subcat1.php on line 33
[02-Jan-2008 11:04:09] PHP Warning:  Invalid argument supplied for foreach() in f:\phpdev\www\pamela\ajauction\sell_subcat1.php on line 42
[02-Jan-2008 11:04:09] PHP Warning:  Invalid argument supplied for foreach() in f:\phpdev\www\pamela\ajauction\sell_subcat1.php on line 51
[02-Jan-2008 11:04:09] PHP Warning:  Invalid argument supplied for foreach() in f:\phpdev\www\pamela\ajauction\sell_subcat1.php on line 60
[02-Jan-2008 11:04:09] PHP Warning:  Invalid argument supplied for foreach() in f:\phpdev\www\pamela\ajauction\sell_subcat1.php on line 69
[02-Jan-2008 11:04:10] PHP Warning:  Invalid argument supplied for foreach() in f:\phpdev\www\pamela\ajauction\sell_subcat1.php on line 22
[02-Jan-2008 11:04:10] PHP Warning:  Invalid argument supplied for foreach() in f:\phpdev\www\pamela\ajauction\sell_subcat1.php on line 33
[02-Jan-2008 11:04:10] PHP Warning:  Invalid argument supplied for foreach() in f:\phpdev\www\pamela\ajauction\sell_subcat1.php on line 42
[02-Jan-2008 11:04:10] PHP Warning:  Invalid argument supplied for foreach() in f:\phpdev\www\pamela\ajauction\sell_subcat1.php on line 51
[02-Jan-2008 11:04:10] PHP Warning:  Invalid argument supplied for foreach() in f:\phpdev\www\pamela\ajauction\sell_subcat1.php on line 60
[02-Jan-2008 11:04:10] PHP Warning:  Invalid argument supplied for foreach() in f:\phpdev\www\pamela\ajauction\sell_subcat1.php on line 69
[02-Jan-2008 11:04:11] PHP Warning:  Invalid argument supplied for foreach() in f:\phpdev\www\pamela\ajauction\sell_subcat1.php on line 22
[02-Jan-2008 11:04:11] PHP Warning:  Invalid argument supplied for foreach() in f:\phpdev\www\pamela\ajauction\sell_subcat1.php on line 33
[02-Jan-2008 11:04:11] PHP Warning:  Invalid argument supplied for foreach() in f:\phpdev\www\pamela\ajauction\sell_subcat1.php on line 42
[02-Jan-2008 11:04:11] PHP Warning:  Invalid argument supplied for foreach() in f:\phpdev\www\pamela\ajauction\sell_subcat1.php on line 51
[02-Jan-2008 11:04:11] PHP Warning:  Invalid argument supplied for foreach() in f:\phpdev\www\pamela\ajauction\sell_subcat1.php on line 60
[02-Jan-2008 11:04:11] PHP Warning:  Invalid argument supplied for foreach() in f:\phpdev\www\pamela\ajauction\sell_subcat1.php on line 69
[02-Jan-2008 11:04:11] PHP Warning:  Invalid argument supplied for foreach() in f:\phpdev\www\pamela\ajauction\sell_subcat1.php on line 22
[02-Jan-2008 11:04:11] PHP Warning:  Invalid argument supplied for foreach() in f:\phpdev\www\pamela\ajauction\sell_subcat1.php on line 33
[02-Jan-2008 11:04:11] PHP Warning:  Invalid argument supplied for foreach() in f:\phpdev\www\pamela\ajauction\sell_subcat1.php on line 42
[02-Jan-2008 11:04:11] PHP Warning:  Invalid argument supplied for foreach() in f:\phpdev\www\pamela\ajauction\sell_subcat1.php on line 51
[02-Jan-2008 11:04:11] PHP Warning:  Invalid argument supplied for foreach() in f:\phpdev\www\pamela\ajauction\sell_subcat1.php on line 60
[02-Jan-2008 11:04:11] PHP Warning:  Invalid argument supplied for foreach() in f:\phpdev\www\pamela\ajauction\sell_subcat1.php on line 69
[02-Jan-2008 11:04:11] PHP Warning:  Invalid argument supplied for foreach() in f:\phpdev\www\pamela\ajauction\sell_subcat1.php on line 22
[02-Jan-2008 11:04:11] PHP Warning:  Invalid argument supplied for foreach() in f:\phpdev\www\pamela\ajauction\sell_subcat1.php on line 33
[02-Jan-2008 11:04:12] PHP Warning:  Invalid argument supplied for foreach() in f:\phpdev\www\pamela\ajauction\sell_subcat1.php on line 42
[02-Jan-2008 11:04:12] PHP Warning:  Invalid argument supplied for foreach() in f:\phpdev\www\pamela\ajauction\sell_subcat1.php on line 51
[02-Jan-2008 11:04:12] PHP Warning:  Invalid argument supplied for foreach() in f:\phpdev\www\pamela\ajauction\sell_subcat1.php on line 60
[02-Jan-2008 11:04:12] PHP Warning:  Invalid argument supplied for foreach() in f:\phpdev\www\pamela\ajauction\sell_subcat1.php on line 69
[02-Jan-2008 11:04:12] PHP Warning:  Invalid argument supplied for foreach() in f:\phpdev\www\pamela\ajauction\sell_subcat1.php on line 22
[02-Jan-2008 11:04:12] PHP Warning:  Invalid argument supplied for foreach() in f:\phpdev\www\pamela\ajauction\sell_subcat1.php on line 33
[02-Jan-2008 11:04:12] PHP Warning:  Invalid argument supplied for foreach() in f:\phpdev\www\pamela\ajauction\sell_subcat1.php on line 42
[02-Jan-2008 11:04:12] PHP Warning:  Invalid argument supplied for foreach() in f:\phpdev\www\pamela\ajauction\sell_subcat1.php on line 51
[02-Jan-2008 11:04:12] PHP Warning:  Invalid argument supplied for foreach() in f:\phpdev\www\pamela\ajauction\sell_subcat1.php on line 60
[02-Jan-2008 11:04:12] PHP Warning:  Invalid argument supplied for foreach() in f:\phpdev\www\pamela\ajauction\sell_subcat1.php on line 69
[02-Jan-2008 11:05:22] PHP Warning:  Invalid argument supplied for foreach() in f:\phpdev\www\pamela\ajauction\sell_subcat1.php on line 22
[02-Jan-2008 11:05:22] PHP Warning:  Invalid argument supplied for foreach() in f:\phpdev\www\pamela\ajauction\sell_subcat1.php on line 33
[02-Jan-2008 11:05:22] PHP Warning:  Invalid argument supplied for foreach() in f:\phpdev\www\pamela\ajauction\sell_subcat1.php on line 42
[02-Jan-2008 11:05:22] PHP Warning:  Invalid argument supplied for foreach() in f:\phpdev\www\pamela\ajauction\sell_subcat1.php on line 51
[02-Jan-2008 11:05:22] PHP Warning:  Invalid argument supplied for foreach() in f:\phpdev\www\pamela\ajauction\sell_subcat1.php on line 60
[02-Jan-2008 11:05:22] PHP Warning:  Invalid argument supplied for foreach() in f:\phpdev\www\pamela\ajauction\sell_subcat1.php on line 69
[02-Jan-2008 11:05:23] PHP Warning:  Invalid argument supplied for foreach() in f:\phpdev\www\pamela\ajauction\sell_subcat1.php on line 22
[02-Jan-2008 11:05:23] PHP Warning:  Invalid argument supplied for foreach() in f:\phpdev\www\pamela\ajauction\sell_subcat1.php on line 33
[02-Jan-2008 11:05:23] PHP Warning:  Invalid argument supplied for foreach() in f:\phpdev\www\pamela\ajauction\sell_subcat1.php on line 42
[02-Jan-2008 11:05:23] PHP Warning:  Invalid argument supplied for foreach() in f:\phpdev\www\pamela\ajauction\sell_subcat1.php on line 51
[02-Jan-2008 11:05:23] PHP Warning:  Invalid argument supplied for foreach() in f:\phpdev\www\pamela\ajauction\sell_subcat1.php on line 60
[02-Jan-2008 11:05:23] PHP Warning:  Invalid argument supplied for foreach() in f:\phpdev\www\pamela\ajauction\sell_subcat1.php on line 69
[02-Jan-2008 11:07:11] PHP Warning:  Invalid argument supplied for foreach() in f:\phpdev\www\pamela\ajauction\sell_subcat1.php on line 22
[02-Jan-2008 11:07:11] PHP Warning:  Invalid argument supplied for foreach() in f:\phpdev\www\pamela\ajauction\sell_subcat1.php on line 33
[02-Jan-2008 11:07:11] PHP Warning:  Invalid argument supplied for foreach() in f:\phpdev\www\pamela\ajauction\sell_subcat1.php on line 42
[02-Jan-2008 11:07:11] PHP Warning:  Invalid argument supplied for foreach() in f:\phpdev\www\pamela\ajauction\sell_subcat1.php on line 51
[02-Jan-2008 11:07:11] PHP Warning:  Invalid argument supplied for foreach() in f:\phpdev\www\pamela\ajauction\sell_subcat1.php on line 60
[02-Jan-2008 11:07:11] PHP Warning:  Invalid argument supplied for foreach() in f:\phpdev\www\pamela\ajauction\sell_subcat1.php on line 69
[02-Jan-2008 11:07:11] PHP Warning:  Invalid argument supplied for foreach() in f:\phpdev\www\pamela\ajauction\sell_subcat1.php on line 22
[02-Jan-2008 11:07:11] PHP Warning:  Invalid argument supplied for foreach() in f:\phpdev\www\pamela\ajauction\sell_subcat1.php on line 33
[02-Jan-2008 11:07:11] PHP Warning:  Invalid argument supplied for foreach() in f:\phpdev\www\pamela\ajauction\sell_subcat1.php on line 42
[02-Jan-2008 11:07:11] PHP Warning:  Invalid argument supplied for foreach() in f:\phpdev\www\pamela\ajauction\sell_subcat1.php on line 51
[02-Jan-2008 11:07:11] PHP Warning:  Invalid argument supplied for foreach() in f:\phpdev\www\pamela\ajauction\sell_subcat1.php on line 60
[02-Jan-2008 11:07:11] PHP Warning:  Invalid argument supplied for foreach() in f:\phpdev\www\pamela\ajauction\sell_subcat1.php on line 69
[02-Jan-2008 11:07:11] PHP Warning:  Invalid argument supplied for foreach() in f:\phpdev\www\pamela\ajauction\sell_subcat1.php on line 22
[02-Jan-2008 11:07:11] PHP Warning:  Invalid argument supplied for foreach() in f:\phpdev\www\pamela\ajauction\sell_subcat1.php on line 33
[02-Jan-2008 11:07:11] PHP Warning:  Invalid argument supplied for foreach() in f:\phpdev\www\pamela\ajauction\sell_subcat1.php on line 42
[02-Jan-2008 11:07:11] PHP Warning:  Invalid argument supplied for foreach() in f:\phpdev\www\pamela\ajauction\sell_subcat1.php on line 51
[02-Jan-2008 11:07:11] PHP Warning:  Invalid argument supplied for foreach() in f:\phpdev\www\pamela\ajauction\sell_subcat1.php on line 60
[02-Jan-2008 11:07:11] PHP Warning:  Invalid argument supplied for foreach() in f:\phpdev\www\pamela\ajauction\sell_subcat1.php on line 69
[02-Jan-2008 11:07:13] PHP Warning:  Invalid argument supplied for foreach() in f:\phpdev\www\pamela\ajauction\sell_subcat1.php on line 22
[02-Jan-2008 11:07:13] PHP Warning:  Invalid argument supplied for foreach() in f:\phpdev\www\pamela\ajauction\sell_subcat1.php on line 33
[02-Jan-2008 11:07:13] PHP Warning:  Invalid argument supplied for foreach() in f:\phpdev\www\pamela\ajauction\sell_subcat1.php on line 42
[02-Jan-2008 11:07:13] PHP Warning:  Invalid argument supplied for foreach() in f:\phpdev\www\pamela\ajauction\sell_subcat1.php on line 51
[02-Jan-2008 11:07:13] PHP Warning:  Invalid argument supplied for foreach() in f:\phpdev\www\pamela\ajauction\sell_subcat1.php on line 60
[02-Jan-2008 11:07:13] PHP Warning:  Invalid argument supplied for foreach() in f:\phpdev\www\pamela\ajauction\sell_subcat1.php on line 69
[02-Jan-2008 11:07:14] PHP Warning:  Invalid argument supplied for foreach() in f:\phpdev\www\pamela\ajauction\sell_subcat1.php on line 22
[02-Jan-2008 11:07:14] PHP Warning:  Invalid argument supplied for foreach() in f:\phpdev\www\pamela\ajauction\sell_subcat1.php on line 33
[02-Jan-2008 11:07:14] PHP Warning:  Invalid argument supplied for foreach() in f:\phpdev\www\pamela\ajauction\sell_subcat1.php on line 42
[02-Jan-2008 11:07:14] PHP Warning:  Invalid argument supplied for foreach() in f:\phpdev\www\pamela\ajauction\sell_subcat1.php on line 51
[02-Jan-2008 11:07:14] PHP Warning:  Invalid argument supplied for foreach() in f:\phpdev\www\pamela\ajauction\sell_subcat1.php on line 60
[02-Jan-2008 11:07:14] PHP Warning:  Invalid argument supplied for foreach() in f:\phpdev\www\pamela\ajauction\sell_subcat1.php on line 69
[02-Jan-2008 11:07:14] PHP Warning:  Invalid argument supplied for foreach() in f:\phpdev\www\pamela\ajauction\sell_subcat1.php on line 22
[02-Jan-2008 11:07:14] PHP Warning:  Invalid argument supplied for foreach() in f:\phpdev\www\pamela\ajauction\sell_subcat1.php on line 33
[02-Jan-2008 11:07:14] PHP Warning:  Invalid argument supplied for foreach() in f:\phpdev\www\pamela\ajauction\sell_subcat1.php on line 42
[02-Jan-2008 11:07:14] PHP Warning:  Invalid argument supplied for foreach() in f:\phpdev\www\pamela\ajauction\sell_subcat1.php on line 51
[02-Jan-2008 11:07:14] PHP Warning:  Invalid argument supplied for foreach() in f:\phpdev\www\pamela\ajauction\sell_subcat1.php on line 60
[02-Jan-2008 11:07:14] PHP Warning:  Invalid argument supplied for foreach() in f:\phpdev\www\pamela\ajauction\sell_subcat1.php on line 69
[02-Jan-2008 11:07:14] PHP Warning:  Invalid argument supplied for foreach() in f:\phpdev\www\pamela\ajauction\sell_subcat1.php on line 22
[02-Jan-2008 11:07:14] PHP Warning:  Invalid argument supplied for foreach() in f:\phpdev\www\pamela\ajauction\sell_subcat1.php on line 33
[02-Jan-2008 11:07:14] PHP Warning:  Invalid argument supplied for foreach() in f:\phpdev\www\pamela\ajauction\sell_subcat1.php on line 42
[02-Jan-2008 11:07:14] PHP Warning:  Invalid argument supplied for foreach() in f:\phpdev\www\pamela\ajauction\sell_subcat1.php on line 51
[02-Jan-2008 11:07:14] PHP Warning:  Invalid argument supplied for foreach() in f:\phpdev\www\pamela\ajauction\sell_subcat1.php on line 60
[02-Jan-2008 11:07:14] PHP Warning:  Invalid argument supplied for foreach() in f:\phpdev\www\pamela\ajauction\sell_subcat1.php on line 69
[02-Jan-2008 12:14:00] PHP Warning:  Invalid argument supplied for foreach() in f:\phpdev\www\pamela\ajauction\sell_subcat1.php on line 22
[02-Jan-2008 12:14:00] PHP Warning:  Invalid argument supplied for foreach() in f:\phpdev\www\pamela\ajauction\sell_subcat1.php on line 33
[02-Jan-2008 12:14:00] PHP Warning:  Invalid argument supplied for foreach() in f:\phpdev\www\pamela\ajauction\sell_subcat1.php on line 42
[02-Jan-2008 12:14:00] PHP Warning:  Invalid argument supplied for foreach() in f:\phpdev\www\pamela\ajauction\sell_subcat1.php on line 51
[02-Jan-2008 12:14:00] PHP Warning:  Invalid argument supplied for foreach() in f:\phpdev\www\pamela\ajauction\sell_subcat1.php on line 60
[02-Jan-2008 12:14:00] PHP Warning:  Invalid argument supplied for foreach() in f:\phpdev\www\pamela\ajauction\sell_subcat1.php on line 69
[02-Jan-2008 12:14:01] PHP Warning:  Invalid argument supplied for foreach() in f:\phpdev\www\pamela\ajauction\sell_subcat1.php on line 22
[02-Jan-2008 12:14:01] PHP Warning:  Invalid argument supplied for foreach() in f:\phpdev\www\pamela\ajauction\sell_subcat1.php on line 33
[02-Jan-2008 12:14:01] PHP Warning:  Invalid argument supplied for foreach() in f:\phpdev\www\pamela\ajauction\sell_subcat1.php on line 42
[02-Jan-2008 12:14:01] PHP Warning:  Invalid argument supplied for foreach() in f:\phpdev\www\pamela\ajauction\sell_subcat1.php on line 51
[02-Jan-2008 12:14:01] PHP Warning:  Invalid argument supplied for foreach() in f:\phpdev\www\pamela\ajauction\sell_subcat1.php on line 60
[02-Jan-2008 12:14:01] PHP Warning:  Invalid argument supplied for foreach() in f:\phpdev\www\pamela\ajauction\sell_subcat1.php on line 69
[02-Jan-2008 12:14:02] PHP Warning:  Invalid argument supplied for foreach() in f:\phpdev\www\pamela\ajauction\sell_subcat1.php on line 22
[02-Jan-2008 12:14:02] PHP Warning:  Invalid argument supplied for foreach() in f:\phpdev\www\pamela\ajauction\sell_subcat1.php on line 33
[02-Jan-2008 12:14:02] PHP Warning:  Invalid argument supplied for foreach() in f:\phpdev\www\pamela\ajauction\sell_subcat1.php on line 42
[02-Jan-2008 12:14:02] PHP Warning:  Invalid argument supplied for foreach() in f:\phpdev\www\pamela\ajauction\sell_subcat1.php on line 51
[02-Jan-2008 12:14:02] PHP Warning:  Invalid argument supplied for foreach() in f:\phpdev\www\pamela\ajauction\sell_subcat1.php on line 60
[02-Jan-2008 12:14:02] PHP Warning:  Invalid argument supplied for foreach() in f:\phpdev\www\pamela\ajauction\sell_subcat1.php on line 69
[02-Jan-2008 12:26:17] PHP Warning:  Invalid argument supplied for foreach() in f:\phpdev\www\pamela\ajauction\sell_subcat1.php on line 22
[02-Jan-2008 12:26:17] PHP Warning:  Invalid argument supplied for foreach() in f:\phpdev\www\pamela\ajauction\sell_subcat1.php on line 33
[02-Jan-2008 12:26:17] PHP Warning:  Invalid argument supplied for foreach() in f:\phpdev\www\pamela\ajauction\sell_subcat1.php on line 42
[02-Jan-2008 12:26:17] PHP Warning:  Invalid argument supplied for foreach() in f:\phpdev\www\pamela\ajauction\sell_subcat1.php on line 51
[02-Jan-2008 12:26:17] PHP Warning:  Invalid argument supplied for foreach() in f:\phpdev\www\pamela\ajauction\sell_subcat1.php on line 60
[02-Jan-2008 12:26:17] PHP Warning:  Invalid argument supplied for foreach() in f:\phpdev\www\pamela\ajauction\sell_subcat1.php on line 69
[02-Jan-2008 12:30:13] PHP Warning:  Invalid argument supplied for foreach() in f:\phpdev\www\pamela\ajauction\sell_subcat1.php on line 22
[02-Jan-2008 12:30:13] PHP Warning:  Invalid argument supplied for foreach() in f:\phpdev\www\pamela\ajauction\sell_subcat1.php on line 33
[02-Jan-2008 12:30:13] PHP Warning:  Invalid argument supplied for foreach() in f:\phpdev\www\pamela\ajauction\sell_subcat1.php on line 42
[02-Jan-2008 12:30:13] PHP Warning:  Invalid argument supplied for foreach() in f:\phpdev\www\pamela\ajauction\sell_subcat1.php on line 51
[02-Jan-2008 12:30:13] PHP Warning:  Invalid argument supplied for foreach() in f:\phpdev\www\pamela\ajauction\sell_subcat1.php on line 60
[02-Jan-2008 12:30:13] PHP Warning:  Invalid argument supplied for foreach() in f:\phpdev\www\pamela\ajauction\sell_subcat1.php on line 69
[02-Jan-2008 12:30:55] PHP Warning:  Invalid argument supplied for foreach() in f:\phpdev\www\pamela\ajauction\sell_subcat1.php on line 22
[02-Jan-2008 12:30:55] PHP Warning:  Invalid argument supplied for foreach() in f:\phpdev\www\pamela\ajauction\sell_subcat1.php on line 33
[02-Jan-2008 12:30:55] PHP Warning:  Invalid argument supplied for foreach() in f:\phpdev\www\pamela\ajauction\sell_subcat1.php on line 42
[02-Jan-2008 12:30:56] PHP Warning:  Invalid argument supplied for foreach() in f:\phpdev\www\pamela\ajauction\sell_subcat1.php on line 51
[02-Jan-2008 12:30:56] PHP Warning:  Invalid argument supplied for foreach() in f:\phpdev\www\pamela\ajauction\sell_subcat1.php on line 60
[02-Jan-2008 12:30:56] PHP Warning:  Invalid argument supplied for foreach() in f:\phpdev\www\pamela\ajauction\sell_subcat1.php on line 69
[02-Jan-2008 12:30:56] PHP Warning:  Invalid argument supplied for foreach() in f:\phpdev\www\pamela\ajauction\sell_subcat1.php on line 22
[02-Jan-2008 12:30:56] PHP Warning:  Invalid argument supplied for foreach() in f:\phpdev\www\pamela\ajauction\sell_subcat1.php on line 33
[02-Jan-2008 12:30:56] PHP Warning:  Invalid argument supplied for foreach() in f:\phpdev\www\pamela\ajauction\sell_subcat1.php on line 42
[02-Jan-2008 12:30:56] PHP Warning:  Invalid argument supplied for foreach() in f:\phpdev\www\pamela\ajauction\sell_subcat1.php on line 51
[02-Jan-2008 12:30:56] PHP Warning:  Invalid argument supplied for foreach() in f:\phpdev\www\pamela\ajauction\sell_subcat1.php on line 60
[02-Jan-2008 12:30:56] PHP Warning:  Invalid argument supplied for foreach() in f:\phpdev\www\pamela\ajauction\sell_subcat1.php on line 69
[02-Jan-2008 12:30:56] PHP Warning:  Invalid argument supplied for foreach() in f:\phpdev\www\pamela\ajauction\sell_subcat1.php on line 22
[02-Jan-2008 12:30:56] PHP Warning:  Invalid argument supplied for foreach() in f:\phpdev\www\pamela\ajauction\sell_subcat1.php on line 33
[02-Jan-2008 12:30:56] PHP Warning:  Invalid argument supplied for foreach() in f:\phpdev\www\pamela\ajauction\sell_subcat1.php on line 42
[02-Jan-2008 12:30:56] PHP Warning:  Invalid argument supplied for foreach() in f:\phpdev\www\pamela\ajauction\sell_subcat1.php on line 51
[02-Jan-2008 12:30:56] PHP Warning:  Invalid argument supplied for foreach() in f:\phpdev\www\pamela\ajauction\sell_subcat1.php on line 60
[02-Jan-2008 12:30:56] PHP Warning:  Invalid argument supplied for foreach() in f:\phpdev\www\pamela\ajauction\sell_subcat1.php on line 69
[02-Jan-2008 12:30:57] PHP Warning:  Invalid argument supplied for foreach() in f:\phpdev\www\pamela\ajauction\sell_subcat1.php on line 22
[02-Jan-2008 12:30:57] PHP Warning:  Invalid argument supplied for foreach() in f:\phpdev\www\pamela\ajauction\sell_subcat1.php on line 33
[02-Jan-2008 12:30:57] PHP Warning:  Invalid argument supplied for foreach() in f:\phpdev\www\pamela\ajauction\sell_subcat1.php on line 42
[02-Jan-2008 12:30:57] PHP Warning:  Invalid argument supplied for foreach() in f:\phpdev\www\pamela\ajauction\sell_subcat1.php on line 51
[02-Jan-2008 12:30:57] PHP Warning:  Invalid argument supplied for foreach() in f:\phpdev\www\pamela\ajauction\sell_subcat1.php on line 60
[02-Jan-2008 12:30:57] PHP Warning:  Invalid argument supplied for foreach() in f:\phpdev\www\pamela\ajauction\sell_subcat1.php on line 69
[02-Jan-2008 12:30:57] PHP Warning:  Invalid argument supplied for foreach() in f:\phpdev\www\pamela\ajauction\sell_subcat1.php on line 22
[02-Jan-2008 12:30:57] PHP Warning:  Invalid argument supplied for foreach() in f:\phpdev\www\pamela\ajauction\sell_subcat1.php on line 33
[02-Jan-2008 12:30:57] PHP Warning:  Invalid argument supplied for foreach() in f:\phpdev\www\pamela\ajauction\sell_subcat1.php on line 42
[02-Jan-2008 12:30:57] PHP Warning:  Invalid argument supplied for foreach() in f:\phpdev\www\pamela\ajauction\sell_subcat1.php on line 51
[02-Jan-2008 12:30:57] PHP Warning:  Invalid argument supplied for foreach() in f:\phpdev\www\pamela\ajauction\sell_subcat1.php on line 60
[02-Jan-2008 12:30:57] PHP Warning:  Invalid argument supplied for foreach() in f:\phpdev\www\pamela\ajauction\sell_subcat1.php on line 69
[02-Jan-2008 12:31:11] PHP Warning:  Invalid argument supplied for foreach() in f:\phpdev\www\pamela\ajauction\sell_subcat1.php on line 22
[02-Jan-2008 12:31:11] PHP Warning:  Invalid argument supplied for foreach() in f:\phpdev\www\pamela\ajauction\sell_subcat1.php on line 33
[02-Jan-2008 12:31:11] PHP Warning:  Invalid argument supplied for foreach() in f:\phpdev\www\pamela\ajauction\sell_subcat1.php on line 42
[02-Jan-2008 12:31:11] PHP Warning:  Invalid argument supplied for foreach() in f:\phpdev\www\pamela\ajauction\sell_subcat1.php on line 51
[02-Jan-2008 12:31:11] PHP Warning:  Invalid argument supplied for foreach() in f:\phpdev\www\pamela\ajauction\sell_subcat1.php on line 60
[02-Jan-2008 12:31:11] PHP Warning:  Invalid argument supplied for foreach() in f:\phpdev\www\pamela\ajauction\sell_subcat1.php on line 69
[02-Jan-2008 12:32:11] PHP Warning:  Invalid argument supplied for foreach() in f:\phpdev\www\pamela\ajauction\sell_subcat1.php on line 22
[02-Jan-2008 12:32:11] PHP Warning:  Invalid argument supplied for foreach() in f:\phpdev\www\pamela\ajauction\sell_subcat1.php on line 33
[02-Jan-2008 12:32:11] PHP Warning:  Invalid argument supplied for foreach() in f:\phpdev\www\pamela\ajauction\sell_subcat1.php on line 42
[02-Jan-2008 12:32:11] PHP Warning:  Invalid argument supplied for foreach() in f:\phpdev\www\pamela\ajauction\sell_subcat1.php on line 51
[02-Jan-2008 12:32:11] PHP Warning:  Invalid argument supplied for foreach() in f:\phpdev\www\pamela\ajauction\sell_subcat1.php on line 60
[02-Jan-2008 12:32:11] PHP Warning:  Invalid argument supplied for foreach() in f:\phpdev\www\pamela\ajauction\sell_subcat1.php on line 69
[02-Jan-2008 12:32:47] PHP Warning:  Invalid argument supplied for foreach() in f:\phpdev\www\pamela\ajauction\sell_subcat1.php on line 22
[02-Jan-2008 12:32:47] PHP Warning:  Invalid argument supplied for foreach() in f:\phpdev\www\pamela\ajauction\sell_subcat1.php on line 33
[02-Jan-2008 12:32:48] PHP Warning:  Invalid argument supplied for foreach() in f:\phpdev\www\pamela\ajauction\sell_subcat1.php on line 42
[02-Jan-2008 12:32:48] PHP Warning:  Invalid argument supplied for foreach() in f:\phpdev\www\pamela\ajauction\sell_subcat1.php on line 51
[02-Jan-2008 12:32:48] PHP Warning:  Invalid argument supplied for foreach() in f:\phpdev\www\pamela\ajauction\sell_subcat1.php on line 60
[02-Jan-2008 12:32:48] PHP Warning:  Invalid argument supplied for foreach() in f:\phpdev\www\pamela\ajauction\sell_subcat1.php on line 69
[02-Jan-2008 12:32:58] PHP Warning:  Invalid argument supplied for foreach() in f:\phpdev\www\pamela\ajauction\sell_subcat1.php on line 22
[02-Jan-2008 12:32:58] PHP Warning:  Invalid argument supplied for foreach() in f:\phpdev\www\pamela\ajauction\sell_subcat1.php on line 33
[02-Jan-2008 12:32:58] PHP Warning:  Invalid argument supplied for foreach() in f:\phpdev\www\pamela\ajauction\sell_subcat1.php on line 42
[02-Jan-2008 12:32:58] PHP Warning:  Invalid argument supplied for foreach() in f:\phpdev\www\pamela\ajauction\sell_subcat1.php on line 51
[02-Jan-2008 12:32:58] PHP Warning:  Invalid argument supplied for foreach() in f:\phpdev\www\pamela\ajauction\sell_subcat1.php on line 60
[02-Jan-2008 12:32:58] PHP Warning:  Invalid argument supplied for foreach() in f:\phpdev\www\pamela\ajauction\sell_subcat1.php on line 69
[02-Jan-2008 12:33:04] PHP Warning:  Invalid argument supplied for foreach() in f:\phpdev\www\pamela\ajauction\sell_subcat1.php on line 22
[02-Jan-2008 12:33:04] PHP Warning:  Invalid argument supplied for foreach() in f:\phpdev\www\pamela\ajauction\sell_subcat1.php on line 33
[02-Jan-2008 12:33:04] PHP Warning:  Invalid argument supplied for foreach() in f:\phpdev\www\pamela\ajauction\sell_subcat1.php on line 42
[02-Jan-2008 12:33:04] PHP Warning:  Invalid argument supplied for foreach() in f:\phpdev\www\pamela\ajauction\sell_subcat1.php on line 51
[02-Jan-2008 12:33:04] PHP Warning:  Invalid argument supplied for foreach() in f:\phpdev\www\pamela\ajauction\sell_subcat1.php on line 60
[02-Jan-2008 12:33:04] PHP Warning:  Invalid argument supplied for foreach() in f:\phpdev\www\pamela\ajauction\sell_subcat1.php on line 69
[02-Jan-2008 12:33:53] PHP Warning:  Invalid argument supplied for foreach() in f:\phpdev\www\pamela\ajauction\sell_subcat1.php on line 22
[02-Jan-2008 12:33:53] PHP Warning:  Invalid argument supplied for foreach() in f:\phpdev\www\pamela\ajauction\sell_subcat1.php on line 33
[02-Jan-2008 12:33:53] PHP Warning:  Invalid argument supplied for foreach() in f:\phpdev\www\pamela\ajauction\sell_subcat1.php on line 42
[02-Jan-2008 12:33:53] PHP Warning:  Invalid argument supplied for foreach() in f:\phpdev\www\pamela\ajauction\sell_subcat1.php on line 51
[02-Jan-2008 12:33:53] PHP Warning:  Invalid argument supplied for foreach() in f:\phpdev\www\pamela\ajauction\sell_subcat1.php on line 60
[02-Jan-2008 12:33:53] PHP Warning:  Invalid argument supplied for foreach() in f:\phpdev\www\pamela\ajauction\sell_subcat1.php on line 69
[02-Jan-2008 12:36:32] PHP Warning:  Invalid argument supplied for foreach() in f:\phpdev\www\pamela\ajauction\sell_subcat1.php on line 22
[02-Jan-2008 12:36:32] PHP Warning:  Invalid argument supplied for foreach() in f:\phpdev\www\pamela\ajauction\sell_subcat1.php on line 33
[02-Jan-2008 12:36:32] PHP Warning:  Invalid argument supplied for foreach() in f:\phpdev\www\pamela\ajauction\sell_subcat1.php on line 42
[02-Jan-2008 12:36:32] PHP Warning:  Invalid argument supplied for foreach() in f:\phpdev\www\pamela\ajauction\sell_subcat1.php on line 51
[02-Jan-2008 12:36:32] PHP Warning:  Invalid argument supplied for foreach() in f:\phpdev\www\pamela\ajauction\sell_subcat1.php on line 60
[02-Jan-2008 12:36:32] PHP Warning:  Invalid argument supplied for foreach() in f:\phpdev\www\pamela\ajauction\sell_subcat1.php on line 69
[02-Jan-2008 12:37:53] PHP Warning:  Invalid argument supplied for foreach() in f:\phpdev\www\pamela\ajauction\sell_subcat1.php on line 22
[02-Jan-2008 12:37:53] PHP Warning:  Invalid argument supplied for foreach() in f:\phpdev\www\pamela\ajauction\sell_subcat1.php on line 33
[02-Jan-2008 12:37:53] PHP Warning:  Invalid argument supplied for foreach() in f:\phpdev\www\pamela\ajauction\sell_subcat1.php on line 42
[02-Jan-2008 12:37:53] PHP Warning:  Invalid argument supplied for foreach() in f:\phpdev\www\pamela\ajauction\sell_subcat1.php on line 51
[02-Jan-2008 12:37:53] PHP Warning:  Invalid argument supplied for foreach() in f:\phpdev\www\pamela\ajauction\sell_subcat1.php on line 60
[02-Jan-2008 12:37:53] PHP Warning:  Invalid argument supplied for foreach() in f:\phpdev\www\pamela\ajauction\sell_subcat1.php on line 69
[02-Jan-2008 12:37:55] PHP Warning:  Invalid argument supplied for foreach() in f:\phpdev\www\pamela\ajauction\sell_subcat2.php on line 20
[02-Jan-2008 12:37:55] PHP Warning:  Invalid argument supplied for foreach() in f:\phpdev\www\pamela\ajauction\sell_subcat2.php on line 31
[02-Jan-2008 12:37:55] PHP Warning:  Invalid argument supplied for foreach() in f:\phpdev\www\pamela\ajauction\sell_subcat2.php on line 40
[02-Jan-2008 12:37:55] PHP Warning:  Invalid argument supplied for foreach() in f:\phpdev\www\pamela\ajauction\sell_subcat2.php on line 49
[02-Jan-2008 12:37:55] PHP Warning:  Invalid argument supplied for foreach() in f:\phpdev\www\pamela\ajauction\sell_subcat2.php on line 58
[02-Jan-2008 12:37:55] PHP Warning:  Invalid argument supplied for foreach() in f:\phpdev\www\pamela\ajauction\sell_subcat2.php on line 67
[02-Jan-2008 12:38:01] PHP Warning:  Invalid argument supplied for foreach() in f:\phpdev\www\pamela\ajauction\sell_subcat1.php on line 22
[02-Jan-2008 12:38:01] PHP Warning:  Invalid argument supplied for foreach() in f:\phpdev\www\pamela\ajauction\sell_subcat1.php on line 33
[02-Jan-2008 12:38:01] PHP Warning:  Invalid argument supplied for foreach() in f:\phpdev\www\pamela\ajauction\sell_subcat1.php on line 42
[02-Jan-2008 12:38:01] PHP Warning:  Invalid argument supplied for foreach() in f:\phpdev\www\pamela\ajauction\sell_subcat1.php on line 51
[02-Jan-2008 12:38:01] PHP Warning:  Invalid argument supplied for foreach() in f:\phpdev\www\pamela\ajauction\sell_subcat1.php on line 60
[02-Jan-2008 12:38:01] PHP Warning:  Invalid argument supplied for foreach() in f:\phpdev\www\pamela\ajauction\sell_subcat1.php on line 69
[02-Jan-2008 12:38:04] PHP Warning:  Invalid argument supplied for foreach() in f:\phpdev\www\pamela\ajauction\sell_subcat1.php on line 22
[02-Jan-2008 12:38:04] PHP Warning:  Invalid argument supplied for foreach() in f:\phpdev\www\pamela\ajauction\sell_subcat1.php on line 33
[02-Jan-2008 12:38:04] PHP Warning:  Invalid argument supplied for foreach() in f:\phpdev\www\pamela\ajauction\sell_subcat1.php on line 42
[02-Jan-2008 12:38:04] PHP Warning:  Invalid argument supplied for foreach() in f:\phpdev\www\pamela\ajauction\sell_subcat1.php on line 51
[02-Jan-2008 12:38:04] PHP Warning:  Invalid argument supplied for foreach() in f:\phpdev\www\pamela\ajauction\sell_subcat1.php on line 60
[02-Jan-2008 12:38:04] PHP Warning:  Invalid argument supplied for foreach() in f:\phpdev\www\pamela\ajauction\sell_subcat1.php on line 69
[02-Jan-2008 12:38:11] PHP Warning:  Invalid argument supplied for foreach() in f:\phpdev\www\pamela\ajauction\sell_subcat1.php on line 22
[02-Jan-2008 12:38:11] PHP Warning:  Invalid argument supplied for foreach() in f:\phpdev\www\pamela\ajauction\sell_subcat1.php on line 33
[02-Jan-2008 12:38:11] PHP Warning:  Invalid argument supplied for foreach() in f:\phpdev\www\pamela\ajauction\sell_subcat1.php on line 42
[02-Jan-2008 12:38:11] PHP Warning:  Invalid argument supplied for foreach() in f:\phpdev\www\pamela\ajauction\sell_subcat1.php on line 51
[02-Jan-2008 12:38:11] PHP Warning:  Invalid argument supplied for foreach() in f:\phpdev\www\pamela\ajauction\sell_subcat1.php on line 60
[02-Jan-2008 12:38:11] PHP Warning:  Invalid argument supplied for foreach() in f:\phpdev\www\pamela\ajauction\sell_subcat1.php on line 69
[02-Jan-2008 12:38:14] PHP Warning:  Invalid argument supplied for foreach() in f:\phpdev\www\pamela\ajauction\sell_subcat2.php on line 20
[02-Jan-2008 12:38:14] PHP Warning:  Invalid argument supplied for foreach() in f:\phpdev\www\pamela\ajauction\sell_subcat2.php on line 31
[02-Jan-2008 12:38:14] PHP Warning:  Invalid argument supplied for foreach() in f:\phpdev\www\pamela\ajauction\sell_subcat2.php on line 40
[02-Jan-2008 12:38:14] PHP Warning:  Invalid argument supplied for foreach() in f:\phpdev\www\pamela\ajauction\sell_subcat2.php on line 49
[02-Jan-2008 12:38:14] PHP Warning:  Invalid argument supplied for foreach() in f:\phpdev\www\pamela\ajauction\sell_subcat2.php on line 58
[02-Jan-2008 12:38:14] PHP Warning:  Invalid argument supplied for foreach() in f:\phpdev\www\pamela\ajauction\sell_subcat2.php on line 67
[02-Jan-2008 12:38:19] PHP Warning:  Invalid argument supplied for foreach() in f:\phpdev\www\pamela\ajauction\sell_subcat2.php on line 20
[02-Jan-2008 12:38:19] PHP Warning:  Invalid argument supplied for foreach() in f:\phpdev\www\pamela\ajauction\sell_subcat2.php on line 31
[02-Jan-2008 12:38:19] PHP Warning:  Invalid argument supplied for foreach() in f:\phpdev\www\pamela\ajauction\sell_subcat2.php on line 40
[02-Jan-2008 12:38:19] PHP Warning:  Invalid argument supplied for foreach() in f:\phpdev\www\pamela\ajauction\sell_subcat2.php on line 49
[02-Jan-2008 12:38:19] PHP Warning:  Invalid argument supplied for foreach() in f:\phpdev\www\pamela\ajauction\sell_subcat2.php on line 58
[02-Jan-2008 12:38:19] PHP Warning:  Invalid argument supplied for foreach() in f:\phpdev\www\pamela\ajauction\sell_subcat2.php on line 67
[02-Jan-2008 12:41:46] PHP Warning:  Invalid argument supplied for foreach() in f:\phpdev\www\pamela\ajauction\sell_subcat1.php on line 22
[02-Jan-2008 12:41:46] PHP Warning:  Invalid argument supplied for foreach() in f:\phpdev\www\pamela\ajauction\sell_subcat1.php on line 33
[02-Jan-2008 12:41:46] PHP Warning:  Invalid argument supplied for foreach() in f:\phpdev\www\pamela\ajauction\sell_subcat1.php on line 42
[02-Jan-2008 12:41:46] PHP Warning:  Invalid argument supplied for foreach() in f:\phpdev\www\pamela\ajauction\sell_subcat1.php on line 51
[02-Jan-2008 12:41:46] PHP Warning:  Invalid argument supplied for foreach() in f:\phpdev\www\pamela\ajauction\sell_subcat1.php on line 60
[02-Jan-2008 12:41:46] PHP Warning:  Invalid argument supplied for foreach() in f:\phpdev\www\pamela\ajauction\sell_subcat1.php on line 69
[02-Jan-2008 12:41:48] PHP Warning:  Invalid argument supplied for foreach() in f:\phpdev\www\pamela\ajauction\sell_subcat1.php on line 22
[02-Jan-2008 12:41:48] PHP Warning:  Invalid argument supplied for foreach() in f:\phpdev\www\pamela\ajauction\sell_subcat1.php on line 33
[02-Jan-2008 12:41:48] PHP Warning:  Invalid argument supplied for foreach() in f:\phpdev\www\pamela\ajauction\sell_subcat1.php on line 42
[02-Jan-2008 12:41:48] PHP Warning:  Invalid argument supplied for foreach() in f:\phpdev\www\pamela\ajauction\sell_subcat1.php on line 51
[02-Jan-2008 12:41:48] PHP Warning:  Invalid argument supplied for foreach() in f:\phpdev\www\pamela\ajauction\sell_subcat1.php on line 60
[02-Jan-2008 12:41:48] PHP Warning:  Invalid argument supplied for foreach() in f:\phpdev\www\pamela\ajauction\sell_subcat1.php on line 69
[02-Jan-2008 12:42:05] PHP Warning:  Invalid argument supplied for foreach() in f:\phpdev\www\pamela\ajauction\sell_subcat1.php on line 22
[02-Jan-2008 12:42:05] PHP Warning:  Invalid argument supplied for foreach() in f:\phpdev\www\pamela\ajauction\sell_subcat1.php on line 33
[02-Jan-2008 12:42:05] PHP Warning:  Invalid argument supplied for foreach() in f:\phpdev\www\pamela\ajauction\sell_subcat1.php on line 42
[02-Jan-2008 12:42:05] PHP Warning:  Invalid argument supplied for foreach() in f:\phpdev\www\pamela\ajauction\sell_subcat1.php on line 51
[02-Jan-2008 12:42:05] PHP Warning:  Invalid argument supplied for foreach() in f:\phpdev\www\pamela\ajauction\sell_subcat1.php on line 60
[02-Jan-2008 12:42:05] PHP Warning:  Invalid argument supplied for foreach() in f:\phpdev\www\pamela\ajauction\sell_subcat1.php on line 69
[02-Jan-2008 12:42:17] PHP Warning:  Invalid argument supplied for foreach() in f:\phpdev\www\pamela\ajauction\sell_subcat1.php on line 22
[02-Jan-2008 12:42:17] PHP Warning:  Invalid argument supplied for foreach() in f:\phpdev\www\pamela\ajauction\sell_subcat1.php on line 33
[02-Jan-2008 12:42:17] PHP Warning:  Invalid argument supplied for foreach() in f:\phpdev\www\pamela\ajauction\sell_subcat1.php on line 42
[02-Jan-2008 12:42:17] PHP Warning:  Invalid argument supplied for foreach() in f:\phpdev\www\pamela\ajauction\sell_subcat1.php on line 51
[02-Jan-2008 12:42:17] PHP Warning:  Invalid argument supplied for foreach() in f:\phpdev\www\pamela\ajauction\sell_subcat1.php on line 60
[02-Jan-2008 12:42:17] PHP Warning:  Invalid argument supplied for foreach() in f:\phpdev\www\pamela\ajauction\sell_subcat1.php on line 69
[02-Jan-2008 12:42:22] PHP Warning:  Invalid argument supplied for foreach() in f:\phpdev\www\pamela\ajauction\sell_subcat1.php on line 22
[02-Jan-2008 12:42:22] PHP Warning:  Invalid argument supplied for foreach() in f:\phpdev\www\pamela\ajauction\sell_subcat1.php on line 33
[02-Jan-2008 12:42:22] PHP Warning:  Invalid argument supplied for foreach() in f:\phpdev\www\pamela\ajauction\sell_subcat1.php on line 42
[02-Jan-2008 12:42:22] PHP Warning:  Invalid argument supplied for foreach() in f:\phpdev\www\pamela\ajauction\sell_subcat1.php on line 51
[02-Jan-2008 12:42:22] PHP Warning:  Invalid argument supplied for foreach() in f:\phpdev\www\pamela\ajauction\sell_subcat1.php on line 60
[02-Jan-2008 12:42:22] PHP Warning:  Invalid argument supplied for foreach() in f:\phpdev\www\pamela\ajauction\sell_subcat1.php on line 69
[02-Jan-2008 12:48:50] PHP Warning:  Invalid argument supplied for foreach() in f:\phpdev\www\pamela\ajauction\sell_subcat1.php on line 22
[02-Jan-2008 12:48:50] PHP Warning:  Invalid argument supplied for foreach() in f:\phpdev\www\pamela\ajauction\sell_subcat1.php on line 33
[02-Jan-2008 12:48:50] PHP Warning:  Invalid argument supplied for foreach() in f:\phpdev\www\pamela\ajauction\sell_subcat1.php on line 42
[02-Jan-2008 12:48:50] PHP Warning:  Invalid argument supplied for foreach() in f:\phpdev\www\pamela\ajauction\sell_subcat1.php on line 51
[02-Jan-2008 12:48:50] PHP Warning:  Invalid argument supplied for foreach() in f:\phpdev\www\pamela\ajauction\sell_subcat1.php on line 60
[02-Jan-2008 12:48:50] PHP Warning:  Invalid argument supplied for foreach() in f:\phpdev\www\pamela\ajauction\sell_subcat1.php on line 69
[02-Jan-2008 12:48:52] PHP Warning:  Invalid argument supplied for foreach() in f:\phpdev\www\pamela\ajauction\sell_subcat1.php on line 22
[02-Jan-2008 12:48:52] PHP Warning:  Invalid argument supplied for foreach() in f:\phpdev\www\pamela\ajauction\sell_subcat1.php on line 33
[02-Jan-2008 12:48:52] PHP Warning:  Invalid argument supplied for foreach() in f:\phpdev\www\pamela\ajauction\sell_subcat1.php on line 42
[02-Jan-2008 12:48:52] PHP Warning:  Invalid argument supplied for foreach() in f:\phpdev\www\pamela\ajauction\sell_subcat1.php on line 51
[02-Jan-2008 12:48:52] PHP Warning:  Invalid argument supplied for foreach() in f:\phpdev\www\pamela\ajauction\sell_subcat1.php on line 60
[02-Jan-2008 12:48:52] PHP Warning:  Invalid argument supplied for foreach() in f:\phpdev\www\pamela\ajauction\sell_subcat1.php on line 69
[02-Jan-2008 12:49:19] PHP Warning:  Invalid argument supplied for foreach() in f:\phpdev\www\pamela\ajauction\sell_subcat1.php on line 22
[02-Jan-2008 12:49:19] PHP Warning:  Invalid argument supplied for foreach() in f:\phpdev\www\pamela\ajauction\sell_subcat1.php on line 33
[02-Jan-2008 12:49:19] PHP Warning:  Invalid argument supplied for foreach() in f:\phpdev\www\pamela\ajauction\sell_subcat1.php on line 42
[02-Jan-2008 12:49:19] PHP Warning:  Invalid argument supplied for foreach() in f:\phpdev\www\pamela\ajauction\sell_subcat1.php on line 51
[02-Jan-2008 12:49:19] PHP Warning:  Invalid argument supplied for foreach() in f:\phpdev\www\pamela\ajauction\sell_subcat1.php on line 60
[02-Jan-2008 12:49:19] PHP Warning:  Invalid argument supplied for foreach() in f:\phpdev\www\pamela\ajauction\sell_subcat1.php on line 69
[02-Jan-2008 12:49:21] PHP Warning:  Invalid argument supplied for foreach() in f:\phpdev\www\pamela\ajauction\sell_subcat1.php on line 22
[02-Jan-2008 12:49:21] PHP Warning:  Invalid argument supplied for foreach() in f:\phpdev\www\pamela\ajauction\sell_subcat1.php on line 33
[02-Jan-2008 12:49:21] PHP Warning:  Invalid argument supplied for foreach() in f:\phpdev\www\pamela\ajauction\sell_subcat1.php on line 42
[02-Jan-2008 12:49:21] PHP Warning:  Invalid argument supplied for foreach() in f:\phpdev\www\pamela\ajauction\sell_subcat1.php on line 51
[02-Jan-2008 12:49:21] PHP Warning:  Invalid argument supplied for foreach() in f:\phpdev\www\pamela\ajauction\sell_subcat1.php on line 60
[02-Jan-2008 12:49:21] PHP Warning:  Invalid argument supplied for foreach() in f:\phpdev\www\pamela\ajauction\sell_subcat1.php on line 69
[02-Jan-2008 12:49:59] PHP Warning:  Invalid argument supplied for foreach() in f:\phpdev\www\pamela\ajauction\sell_subcat1.php on line 22
[02-Jan-2008 12:49:59] PHP Warning:  Invalid argument supplied for foreach() in f:\phpdev\www\pamela\ajauction\sell_subcat1.php on line 33
[02-Jan-2008 12:49:59] PHP Warning:  Invalid argument supplied for foreach() in f:\phpdev\www\pamela\ajauction\sell_subcat1.php on line 42
[02-Jan-2008 12:49:59] PHP Warning:  Invalid argument supplied for foreach() in f:\phpdev\www\pamela\ajauction\sell_subcat1.php on line 51
[02-Jan-2008 12:49:59] PHP Warning:  Invalid argument supplied for foreach() in f:\phpdev\www\pamela\ajauction\sell_subcat1.php on line 60
[02-Jan-2008 12:49:59] PHP Warning:  Invalid argument supplied for foreach() in f:\phpdev\www\pamela\ajauction\sell_subcat1.php on line 69
[02-Jan-2008 12:50:11] PHP Warning:  Invalid argument supplied for foreach() in f:\phpdev\www\pamela\ajauction\sell_subcat1.php on line 22
[02-Jan-2008 12:50:11] PHP Warning:  Invalid argument supplied for foreach() in f:\phpdev\www\pamela\ajauction\sell_subcat1.php on line 33
[02-Jan-2008 12:50:11] PHP Warning:  Invalid argument supplied for foreach() in f:\phpdev\www\pamela\ajauction\sell_subcat1.php on line 42
[02-Jan-2008 12:50:11] PHP Warning:  Invalid argument supplied for foreach() in f:\phpdev\www\pamela\ajauction\sell_subcat1.php on line 51
[02-Jan-2008 12:50:11] PHP Warning:  Invalid argument supplied for foreach() in f:\phpdev\www\pamela\ajauction\sell_subcat1.php on line 60
[02-Jan-2008 12:50:11] PHP Warning:  Invalid argument supplied for foreach() in f:\phpdev\www\pamela\ajauction\sell_subcat1.php on line 69
[02-Jan-2008 12:50:35] PHP Warning:  Invalid argument supplied for foreach() in f:\phpdev\www\pamela\ajauction\sell_subcat1.php on line 22
[02-Jan-2008 12:50:35] PHP Warning:  Invalid argument supplied for foreach() in f:\phpdev\www\pamela\ajauction\sell_subcat1.php on line 33
[02-Jan-2008 12:50:35] PHP Warning:  Invalid argument supplied for foreach() in f:\phpdev\www\pamela\ajauction\sell_subcat1.php on line 42
[02-Jan-2008 12:50:35] PHP Warning:  Invalid argument supplied for foreach() in f:\phpdev\www\pamela\ajauction\sell_subcat1.php on line 51
[02-Jan-2008 12:50:35] PHP Warning:  Invalid argument supplied for foreach() in f:\phpdev\www\pamela\ajauction\sell_subcat1.php on line 60
[02-Jan-2008 12:50:35] PHP Warning:  Invalid argument supplied for foreach() in f:\phpdev\www\pamela\ajauction\sell_subcat1.php on line 69
[02-Jan-2008 12:50:46] PHP Warning:  Invalid argument supplied for foreach() in f:\phpdev\www\pamela\ajauction\sell_subcat1.php on line 22
[02-Jan-2008 12:50:46] PHP Warning:  Invalid argument supplied for foreach() in f:\phpdev\www\pamela\ajauction\sell_subcat1.php on line 33
[02-Jan-2008 12:50:46] PHP Warning:  Invalid argument supplied for foreach() in f:\phpdev\www\pamela\ajauction\sell_subcat1.php on line 42
[02-Jan-2008 12:50:46] PHP Warning:  Invalid argument supplied for foreach() in f:\phpdev\www\pamela\ajauction\sell_subcat1.php on line 51
[02-Jan-2008 12:50:46] PHP Warning:  Invalid argument supplied for foreach() in f:\phpdev\www\pamela\ajauction\sell_subcat1.php on line 60
[02-Jan-2008 12:50:46] PHP Warning:  Invalid argument supplied for foreach() in f:\phpdev\www\pamela\ajauction\sell_subcat1.php on line 69
[02-Jan-2008 12:51:06] PHP Warning:  Invalid argument supplied for foreach() in f:\phpdev\www\pamela\ajauction\sell_subcat1.php on line 22
[02-Jan-2008 12:51:06] PHP Warning:  Invalid argument supplied for foreach() in f:\phpdev\www\pamela\ajauction\sell_subcat1.php on line 33
[02-Jan-2008 12:51:06] PHP Warning:  Invalid argument supplied for foreach() in f:\phpdev\www\pamela\ajauction\sell_subcat1.php on line 42
[02-Jan-2008 12:51:06] PHP Warning:  Invalid argument supplied for foreach() in f:\phpdev\www\pamela\ajauction\sell_subcat1.php on line 51
[02-Jan-2008 12:51:06] PHP Warning:  Invalid argument supplied for foreach() in f:\phpdev\www\pamela\ajauction\sell_subcat1.php on line 60
[02-Jan-2008 12:51:06] PHP Warning:  Invalid argument supplied for foreach() in f:\phpdev\www\pamela\ajauction\sell_subcat1.php on line 69
[02-Jan-2008 12:51:09] PHP Warning:  Invalid argument supplied for foreach() in f:\phpdev\www\pamela\ajauction\sell_subcat1.php on line 22
[02-Jan-2008 12:51:09] PHP Warning:  Invalid argument supplied for foreach() in f:\phpdev\www\pamela\ajauction\sell_subcat1.php on line 33
[02-Jan-2008 12:51:09] PHP Warning:  Invalid argument supplied for foreach() in f:\phpdev\www\pamela\ajauction\sell_subcat1.php on line 42
[02-Jan-2008 12:51:09] PHP Warning:  Invalid argument supplied for foreach() in f:\phpdev\www\pamela\ajauction\sell_subcat1.php on line 51
[02-Jan-2008 12:51:09] PHP Warning:  Invalid argument supplied for foreach() in f:\phpdev\www\pamela\ajauction\sell_subcat1.php on line 60
[02-Jan-2008 12:51:09] PHP Warning:  Invalid argument supplied for foreach() in f:\phpdev\www\pamela\ajauction\sell_subcat1.php on line 69
[02-Jan-2008 12:51:38] PHP Warning:  Invalid argument supplied for foreach() in f:\phpdev\www\pamela\ajauction\sell_subcat1.php on line 22
[02-Jan-2008 12:51:38] PHP Warning:  Invalid argument supplied for foreach() in f:\phpdev\www\pamela\ajauction\sell_subcat1.php on line 33
[02-Jan-2008 12:51:38] PHP Warning:  Invalid argument supplied for foreach() in f:\phpdev\www\pamela\ajauction\sell_subcat1.php on line 42
[02-Jan-2008 12:51:38] PHP Warning:  Invalid argument supplied for foreach() in f:\phpdev\www\pamela\ajauction\sell_subcat1.php on line 51
[02-Jan-2008 12:51:38] PHP Warning:  Invalid argument supplied for foreach() in f:\phpdev\www\pamela\ajauction\sell_subcat1.php on line 60
[02-Jan-2008 12:51:38] PHP Warning:  Invalid argument supplied for foreach() in f:\phpdev\www\pamela\ajauction\sell_subcat1.php on line 69
[02-Jan-2008 12:52:12] PHP Warning:  Invalid argument supplied for foreach() in f:\phpdev\www\pamela\ajauction\sell_subcat1.php on line 22
[02-Jan-2008 12:52:12] PHP Warning:  Invalid argument supplied for foreach() in f:\phpdev\www\pamela\ajauction\sell_subcat1.php on line 33
[02-Jan-2008 12:52:12] PHP Warning:  Invalid argument supplied for foreach() in f:\phpdev\www\pamela\ajauction\sell_subcat1.php on line 42
[02-Jan-2008 12:52:12] PHP Warning:  Invalid argument supplied for foreach() in f:\phpdev\www\pamela\ajauction\sell_subcat1.php on line 51
[02-Jan-2008 12:52:12] PHP Warning:  Invalid argument supplied for foreach() in f:\phpdev\www\pamela\ajauction\sell_subcat1.php on line 60
[02-Jan-2008 12:52:12] PHP Warning:  Invalid argument supplied for foreach() in f:\phpdev\www\pamela\ajauction\sell_subcat1.php on line 69
[02-Jan-2008 12:52:40] PHP Warning:  Invalid argument supplied for foreach() in f:\phpdev\www\pamela\ajauction\sell_subcat1.php on line 22
[02-Jan-2008 12:52:40] PHP Warning:  Invalid argument supplied for foreach() in f:\phpdev\www\pamela\ajauction\sell_subcat1.php on line 33
[02-Jan-2008 12:52:40] PHP Warning:  Invalid argument supplied for foreach() in f:\phpdev\www\pamela\ajauction\sell_subcat1.php on line 42
[02-Jan-2008 12:52:40] PHP Warning:  Invalid argument supplied for foreach() in f:\phpdev\www\pamela\ajauction\sell_subcat1.php on line 51
[02-Jan-2008 12:52:40] PHP Warning:  Invalid argument supplied for foreach() in f:\phpdev\www\pamela\ajauction\sell_subcat1.php on line 60
[02-Jan-2008 12:52:40] PHP Warning:  Invalid argument supplied for foreach() in f:\phpdev\www\pamela\ajauction\sell_subcat1.php on line 69
[02-Jan-2008 12:52:43] PHP Warning:  Invalid argument supplied for foreach() in f:\phpdev\www\pamela\ajauction\sell_subcat1.php on line 22
[02-Jan-2008 12:52:43] PHP Warning:  Invalid argument supplied for foreach() in f:\phpdev\www\pamela\ajauction\sell_subcat1.php on line 33
[02-Jan-2008 12:52:43] PHP Warning:  Invalid argument supplied for foreach() in f:\phpdev\www\pamela\ajauction\sell_subcat1.php on line 42
[02-Jan-2008 12:52:43] PHP Warning:  Invalid argument supplied for foreach() in f:\phpdev\www\pamela\ajauction\sell_subcat1.php on line 51
[02-Jan-2008 12:52:43] PHP Warning:  Invalid argument supplied for foreach() in f:\phpdev\www\pamela\ajauction\sell_subcat1.php on line 60
[02-Jan-2008 12:52:43] PHP Warning:  Invalid argument supplied for foreach() in f:\phpdev\www\pamela\ajauction\sell_subcat1.php on line 69
[02-Jan-2008 12:52:59] PHP Warning:  Invalid argument supplied for foreach() in f:\phpdev\www\pamela\ajauction\sell_subcat1.php on line 22
[02-Jan-2008 12:52:59] PHP Warning:  Invalid argument supplied for foreach() in f:\phpdev\www\pamela\ajauction\sell_subcat1.php on line 33
[02-Jan-2008 12:52:59] PHP Warning:  Invalid argument supplied for foreach() in f:\phpdev\www\pamela\ajauction\sell_subcat1.php on line 42
[02-Jan-2008 12:52:59] PHP Warning:  Invalid argument supplied for foreach() in f:\phpdev\www\pamela\ajauction\sell_subcat1.php on line 51
[02-Jan-2008 12:52:59] PHP Warning:  Invalid argument supplied for foreach() in f:\phpdev\www\pamela\ajauction\sell_subcat1.php on line 60
[02-Jan-2008 12:52:59] PHP Warning:  Invalid argument supplied for foreach() in f:\phpdev\www\pamela\ajauction\sell_subcat1.php on line 69
[02-Jan-2008 12:53:02] PHP Warning:  Invalid argument supplied for foreach() in f:\phpdev\www\pamela\ajauction\sell_subcat1.php on line 22
[02-Jan-2008 12:53:02] PHP Warning:  Invalid argument supplied for foreach() in f:\phpdev\www\pamela\ajauction\sell_subcat1.php on line 33
[02-Jan-2008 12:53:02] PHP Warning:  Invalid argument supplied for foreach() in f:\phpdev\www\pamela\ajauction\sell_subcat1.php on line 42
[02-Jan-2008 12:53:02] PHP Warning:  Invalid argument supplied for foreach() in f:\phpdev\www\pamela\ajauction\sell_subcat1.php on line 51
[02-Jan-2008 12:53:02] PHP Warning:  Invalid argument supplied for foreach() in f:\phpdev\www\pamela\ajauction\sell_subcat1.php on line 60
[02-Jan-2008 12:53:02] PHP Warning:  Invalid argument supplied for foreach() in f:\phpdev\www\pamela\ajauction\sell_subcat1.php on line 69
[02-Jan-2008 12:54:22] PHP Warning:  Invalid argument supplied for foreach() in f:\phpdev\www\pamela\ajauction\sell_subcat1.php on line 22
[02-Jan-2008 12:54:22] PHP Warning:  Invalid argument supplied for foreach() in f:\phpdev\www\pamela\ajauction\sell_subcat1.php on line 33
[02-Jan-2008 12:54:22] PHP Warning:  Invalid argument supplied for foreach() in f:\phpdev\www\pamela\ajauction\sell_subcat1.php on line 42
[02-Jan-2008 12:54:22] PHP Warning:  Invalid argument supplied for foreach() in f:\phpdev\www\pamela\ajauction\sell_subcat1.php on line 51
[02-Jan-2008 12:54:22] PHP Warning:  Invalid argument supplied for foreach() in f:\phpdev\www\pamela\ajauction\sell_subcat1.php on line 60
[02-Jan-2008 12:54:22] PHP Warning:  Invalid argument supplied for foreach() in f:\phpdev\www\pamela\ajauction\sell_subcat1.php on line 69
[02-Jan-2008 12:55:09] PHP Warning:  Invalid argument supplied for foreach() in f:\phpdev\www\pamela\ajauction\sell_subcat1.php on line 22
[02-Jan-2008 12:55:09] PHP Warning:  Invalid argument supplied for foreach() in f:\phpdev\www\pamela\ajauction\sell_subcat1.php on line 33
[02-Jan-2008 12:55:09] PHP Warning:  Invalid argument supplied for foreach() in f:\phpdev\www\pamela\ajauction\sell_subcat1.php on line 42
[02-Jan-2008 12:55:09] PHP Warning:  Invalid argument supplied for foreach() in f:\phpdev\www\pamela\ajauction\sell_subcat1.php on line 51
[02-Jan-2008 12:55:09] PHP Warning:  Invalid argument supplied for foreach() in f:\phpdev\www\pamela\ajauction\sell_subcat1.php on line 60
[02-Jan-2008 12:55:09] PHP Warning:  Invalid argument supplied for foreach() in f:\phpdev\www\pamela\ajauction\sell_subcat1.php on line 69
[02-Jan-2008 12:55:12] PHP Warning:  Invalid argument supplied for foreach() in f:\phpdev\www\pamela\ajauction\sell_subcat1.php on line 22
[02-Jan-2008 12:55:12] PHP Warning:  Invalid argument supplied for foreach() in f:\phpdev\www\pamela\ajauction\sell_subcat1.php on line 33
[02-Jan-2008 12:55:12] PHP Warning:  Invalid argument supplied for foreach() in f:\phpdev\www\pamela\ajauction\sell_subcat1.php on line 42
[02-Jan-2008 12:55:12] PHP Warning:  Invalid argument supplied for foreach() in f:\phpdev\www\pamela\ajauction\sell_subcat1.php on line 51
[02-Jan-2008 12:55:12] PHP Warning:  Invalid argument supplied for foreach() in f:\phpdev\www\pamela\ajauction\sell_subcat1.php on line 60
[02-Jan-2008 12:55:12] PHP Warning:  Invalid argument supplied for foreach() in f:\phpdev\www\pamela\ajauction\sell_subcat1.php on line 69
[02-Jan-2008 12:55:14] PHP Warning:  Invalid argument supplied for foreach() in f:\phpdev\www\pamela\ajauction\sell_subcat1.php on line 22
[02-Jan-2008 12:55:14] PHP Warning:  Invalid argument supplied for foreach() in f:\phpdev\www\pamela\ajauction\sell_subcat1.php on line 33
[02-Jan-2008 12:55:14] PHP Warning:  Invalid argument supplied for foreach() in f:\phpdev\www\pamela\ajauction\sell_subcat1.php on line 42
[02-Jan-2008 12:55:14] PHP Warning:  Invalid argument supplied for foreach() in f:\phpdev\www\pamela\ajauction\sell_subcat1.php on line 51
[02-Jan-2008 12:55:14] PHP Warning:  Invalid argument supplied for foreach() in f:\phpdev\www\pamela\ajauction\sell_subcat1.php on line 60
[02-Jan-2008 12:55:14] PHP Warning:  Invalid argument supplied for foreach() in f:\phpdev\www\pamela\ajauction\sell_subcat1.php on line 69
[02-Jan-2008 12:57:58] PHP Warning:  Invalid argument supplied for foreach() in f:\phpdev\www\pamela\ajauction\sell_subcat1.php on line 22
[02-Jan-2008 12:57:58] PHP Warning:  Invalid argument supplied for foreach() in f:\phpdev\www\pamela\ajauction\sell_subcat1.php on line 33
[02-Jan-2008 12:57:58] PHP Warning:  Invalid argument supplied for foreach() in f:\phpdev\www\pamela\ajauction\sell_subcat1.php on line 42
[02-Jan-2008 12:57:58] PHP Warning:  Invalid argument supplied for foreach() in f:\phpdev\www\pamela\ajauction\sell_subcat1.php on line 51
[02-Jan-2008 12:57:58] PHP Warning:  Invalid argument supplied for foreach() in f:\phpdev\www\pamela\ajauction\sell_subcat1.php on line 60
[02-Jan-2008 12:57:58] PHP Warning:  Invalid argument supplied for foreach() in f:\phpdev\www\pamela\ajauction\sell_subcat1.php on line 69
[02-Jan-2008 12:58:51] PHP Warning:  Invalid argument supplied for foreach() in f:\phpdev\www\pamela\ajauction\sell_subcat1.php on line 22
[02-Jan-2008 12:58:51] PHP Warning:  Invalid argument supplied for foreach() in f:\phpdev\www\pamela\ajauction\sell_subcat1.php on line 33
[02-Jan-2008 12:58:51] PHP Warning:  Invalid argument supplied for foreach() in f:\phpdev\www\pamela\ajauction\sell_subcat1.php on line 42
[02-Jan-2008 12:58:51] PHP Warning:  Invalid argument supplied for foreach() in f:\phpdev\www\pamela\ajauction\sell_subcat1.php on line 51
[02-Jan-2008 12:58:51] PHP Warning:  Invalid argument supplied for foreach() in f:\phpdev\www\pamela\ajauction\sell_subcat1.php on line 60
[02-Jan-2008 12:58:51] PHP Warning:  Invalid argument supplied for foreach() in f:\phpdev\www\pamela\ajauction\sell_subcat1.php on line 69
[02-Jan-2008 12:58:54] PHP Warning:  Invalid argument supplied for foreach() in f:\phpdev\www\pamela\ajauction\sell_subcat1.php on line 22
[02-Jan-2008 12:58:54] PHP Warning:  Invalid argument supplied for foreach() in f:\phpdev\www\pamela\ajauction\sell_subcat1.php on line 33
[02-Jan-2008 12:58:54] PHP Warning:  Invalid argument supplied for foreach() in f:\phpdev\www\pamela\ajauction\sell_subcat1.php on line 42
[02-Jan-2008 12:58:54] PHP Warning:  Invalid argument supplied for foreach() in f:\phpdev\www\pamela\ajauction\sell_subcat1.php on line 51
[02-Jan-2008 12:58:54] PHP Warning:  Invalid argument supplied for foreach() in f:\phpdev\www\pamela\ajauction\sell_subcat1.php on line 60
[02-Jan-2008 12:58:54] PHP Warning:  Invalid argument supplied for foreach() in f:\phpdev\www\pamela\ajauction\sell_subcat1.php on line 69
[02-Jan-2008 12:59:19] PHP Warning:  Invalid argument supplied for foreach() in f:\phpdev\www\pamela\ajauction\sell_subcat1.php on line 22
[02-Jan-2008 12:59:19] PHP Warning:  Invalid argument supplied for foreach() in f:\phpdev\www\pamela\ajauction\sell_subcat1.php on line 33
[02-Jan-2008 12:59:19] PHP Warning:  Invalid argument supplied for foreach() in f:\phpdev\www\pamela\ajauction\sell_subcat1.php on line 42
[02-Jan-2008 12:59:19] PHP Warning:  Invalid argument supplied for foreach() in f:\phpdev\www\pamela\ajauction\sell_subcat1.php on line 51
[02-Jan-2008 12:59:19] PHP Warning:  Invalid argument supplied for foreach() in f:\phpdev\www\pamela\ajauction\sell_subcat1.php on line 60
[02-Jan-2008 12:59:19] PHP Warning:  Invalid argument supplied for foreach() in f:\phpdev\www\pamela\ajauction\sell_subcat1.php on line 69
[02-Jan-2008 12:59:20] PHP Warning:  mysql_num_rows(): supplied argument is not a valid MySQL result resource in f:\phpdev\www\pamela\ajauction\sell_subcat3.php on line 11
[02-Jan-2008 12:59:20] PHP Warning:  mysql_fetch_array(): supplied argument is not a valid MySQL result resource in f:\phpdev\www\pamela\ajauction\sell_subcat3.php on line 12
[02-Jan-2008 12:59:20] PHP Warning:  Invalid argument supplied for foreach() in f:\phpdev\www\pamela\ajauction\sell_subcat3.php on line 20
[02-Jan-2008 12:59:20] PHP Warning:  Invalid argument supplied for foreach() in f:\phpdev\www\pamela\ajauction\sell_subcat3.php on line 31
[02-Jan-2008 12:59:20] PHP Warning:  Invalid argument supplied for foreach() in f:\phpdev\www\pamela\ajauction\sell_subcat3.php on line 40
[02-Jan-2008 12:59:20] PHP Warning:  Invalid argument supplied for foreach() in f:\phpdev\www\pamela\ajauction\sell_subcat3.php on line 49
[02-Jan-2008 12:59:20] PHP Warning:  Invalid argument supplied for foreach() in f:\phpdev\www\pamela\ajauction\sell_subcat3.php on line 58
[02-Jan-2008 12:59:20] PHP Warning:  Invalid argument supplied for foreach() in f:\phpdev\www\pamela\ajauction\sell_subcat3.php on line 67
[02-Jan-2008 12:59:23] PHP Warning:  Invalid argument supplied for foreach() in f:\phpdev\www\pamela\ajauction\sell_subcat1.php on line 22
[02-Jan-2008 12:59:23] PHP Warning:  Invalid argument supplied for foreach() in f:\phpdev\www\pamela\ajauction\sell_subcat1.php on line 33
[02-Jan-2008 12:59:23] PHP Warning:  Invalid argument supplied for foreach() in f:\phpdev\www\pamela\ajauction\sell_subcat1.php on line 42
[02-Jan-2008 12:59:23] PHP Warning:  Invalid argument supplied for foreach() in f:\phpdev\www\pamela\ajauction\sell_subcat1.php on line 51
[02-Jan-2008 12:59:23] PHP Warning:  Invalid argument supplied for foreach() in f:\phpdev\www\pamela\ajauction\sell_subcat1.php on line 60
[02-Jan-2008 12:59:23] PHP Warning:  Invalid argument supplied for foreach() in f:\phpdev\www\pamela\ajauction\sell_subcat1.php on line 69
[02-Jan-2008 12:59:25] PHP Warning:  mysql_num_rows(): supplied argument is not a valid MySQL result resource in f:\phpdev\www\pamela\ajauction\sell_subcat3.php on line 11
[02-Jan-2008 12:59:25] PHP Warning:  mysql_fetch_array(): supplied argument is not a valid MySQL result resource in f:\phpdev\www\pamela\ajauction\sell_subcat3.php on line 12
[02-Jan-2008 12:59:25] PHP Warning:  Invalid argument supplied for foreach() in f:\phpdev\www\pamela\ajauction\sell_subcat3.php on line 20
[02-Jan-2008 12:59:25] PHP Warning:  Invalid argument supplied for foreach() in f:\phpdev\www\pamela\ajauction\sell_subcat3.php on line 31
[02-Jan-2008 12:59:25] PHP Warning:  Invalid argument supplied for foreach() in f:\phpdev\www\pamela\ajauction\sell_subcat3.php on line 40
[02-Jan-2008 12:59:25] PHP Warning:  Invalid argument supplied for foreach() in f:\phpdev\www\pamela\ajauction\sell_subcat3.php on line 49
[02-Jan-2008 12:59:25] PHP Warning:  Invalid argument supplied for foreach() in f:\phpdev\www\pamela\ajauction\sell_subcat3.php on line 58
[02-Jan-2008 12:59:25] PHP Warning:  Invalid argument supplied for foreach() in f:\phpdev\www\pamela\ajauction\sell_subcat3.php on line 67
[02-Jan-2008 12:59:27] PHP Warning:  Invalid argument supplied for foreach() in f:\phpdev\www\pamela\ajauction\sell_subcat1.php on line 22
[02-Jan-2008 12:59:27] PHP Warning:  Invalid argument supplied for foreach() in f:\phpdev\www\pamela\ajauction\sell_subcat1.php on line 33
[02-Jan-2008 12:59:27] PHP Warning:  Invalid argument supplied for foreach() in f:\phpdev\www\pamela\ajauction\sell_subcat1.php on line 42
[02-Jan-2008 12:59:27] PHP Warning:  Invalid argument supplied for foreach() in f:\phpdev\www\pamela\ajauction\sell_subcat1.php on line 51
[02-Jan-2008 12:59:27] PHP Warning:  Invalid argument supplied for foreach() in f:\phpdev\www\pamela\ajauction\sell_subcat1.php on line 60
[02-Jan-2008 12:59:27] PHP Warning:  Invalid argument supplied for foreach() in f:\phpdev\www\pamela\ajauction\sell_subcat1.php on line 69
[02-Jan-2008 12:59:30] PHP Warning:  Invalid argument supplied for foreach() in f:\phpdev\www\pamela\ajauction\sell_subcat1.php on line 22
[02-Jan-2008 12:59:30] PHP Warning:  Invalid argument supplied for foreach() in f:\phpdev\www\pamela\ajauction\sell_subcat1.php on line 33
[02-Jan-2008 12:59:30] PHP Warning:  Invalid argument supplied for foreach() in f:\phpdev\www\pamela\ajauction\sell_subcat1.php on line 42
[02-Jan-2008 12:59:30] PHP Warning:  Invalid argument supplied for foreach() in f:\phpdev\www\pamela\ajauction\sell_subcat1.php on line 51
[02-Jan-2008 12:59:30] PHP Warning:  Invalid argument supplied for foreach() in f:\phpdev\www\pamela\ajauction\sell_subcat1.php on line 60
[02-Jan-2008 12:59:30] PHP Warning:  Invalid argument supplied for foreach() in f:\phpdev\www\pamela\ajauction\sell_subcat1.php on line 69
[02-Jan-2008 13:02:18] PHP Warning:  Invalid argument supplied for foreach() in f:\phpdev\www\pamela\ajauction\sell_subcat1.php on line 22
[02-Jan-2008 13:02:18] PHP Warning:  Invalid argument supplied for foreach() in f:\phpdev\www\pamela\ajauction\sell_subcat1.php on line 33
[02-Jan-2008 13:02:18] PHP Warning:  Invalid argument supplied for foreach() in f:\phpdev\www\pamela\ajauction\sell_subcat1.php on line 42
[02-Jan-2008 13:02:18] PHP Warning:  Invalid argument supplied for foreach() in f:\phpdev\www\pamela\ajauction\sell_subcat1.php on line 51
[02-Jan-2008 13:02:18] PHP Warning:  Invalid argument supplied for foreach() in f:\phpdev\www\pamela\ajauction\sell_subcat1.php on line 60
[02-Jan-2008 13:02:18] PHP Warning:  Invalid argument supplied for foreach() in f:\phpdev\www\pamela\ajauction\sell_subcat1.php on line 69
[02-Jan-2008 13:02:20] PHP Warning:  Invalid argument supplied for foreach() in f:\phpdev\www\pamela\ajauction\sell_subcat1.php on line 22
[02-Jan-2008 13:02:20] PHP Warning:  Invalid argument supplied for foreach() in f:\phpdev\www\pamela\ajauction\sell_subcat1.php on line 33
[02-Jan-2008 13:02:20] PHP Warning:  Invalid argument supplied for foreach() in f:\phpdev\www\pamela\ajauction\sell_subcat1.php on line 42
[02-Jan-2008 13:02:20] PHP Warning:  Invalid argument supplied for foreach() in f:\phpdev\www\pamela\ajauction\sell_subcat1.php on line 51
[02-Jan-2008 13:02:20] PHP Warning:  Invalid argument supplied for foreach() in f:\phpdev\www\pamela\ajauction\sell_subcat1.php on line 60
[02-Jan-2008 13:02:20] PHP Warning:  Invalid argument supplied for foreach() in f:\phpdev\www\pamela\ajauction\sell_subcat1.php on line 69
[02-Jan-2008 13:02:38] PHP Warning:  Invalid argument supplied for foreach() in f:\phpdev\www\pamela\ajauction\sell_subcat1.php on line 22
[02-Jan-2008 13:02:38] PHP Warning:  Invalid argument supplied for foreach() in f:\phpdev\www\pamela\ajauction\sell_subcat1.php on line 33
[02-Jan-2008 13:02:38] PHP Warning:  Invalid argument supplied for foreach() in f:\phpdev\www\pamela\ajauction\sell_subcat1.php on line 42
[02-Jan-2008 13:02:38] PHP Warning:  Invalid argument supplied for foreach() in f:\phpdev\www\pamela\ajauction\sell_subcat1.php on line 51
[02-Jan-2008 13:02:38] PHP Warning:  Invalid argument supplied for foreach() in f:\phpdev\www\pamela\ajauction\sell_subcat1.php on line 60
[02-Jan-2008 13:02:38] PHP Warning:  Invalid argument supplied for foreach() in f:\phpdev\www\pamela\ajauction\sell_subcat1.php on line 69
[02-Jan-2008 13:05:12] PHP Warning:  Invalid argument supplied for foreach() in f:\phpdev\www\pamela\ajauction\sell_subcat1.php on line 22
[02-Jan-2008 13:05:12] PHP Warning:  Invalid argument supplied for foreach() in f:\phpdev\www\pamela\ajauction\sell_subcat1.php on line 33
[02-Jan-2008 13:05:12] PHP Warning:  Invalid argument supplied for foreach() in f:\phpdev\www\pamela\ajauction\sell_subcat1.php on line 42
[02-Jan-2008 13:05:12] PHP Warning:  Invalid argument supplied for foreach() in f:\phpdev\www\pamela\ajauction\sell_subcat1.php on line 51
[02-Jan-2008 13:05:12] PHP Warning:  Invalid argument supplied for foreach() in f:\phpdev\www\pamela\ajauction\sell_subcat1.php on line 60
[02-Jan-2008 13:05:12] PHP Warning:  Invalid argument supplied for foreach() in f:\phpdev\www\pamela\ajauction\sell_subcat1.php on line 69
[02-Jan-2008 13:05:14] PHP Warning:  Invalid argument supplied for foreach() in f:\phpdev\www\pamela\ajauction\sell_subcat2.php on line 20
[02-Jan-2008 13:05:14] PHP Warning:  Invalid argument supplied for foreach() in f:\phpdev\www\pamela\ajauction\sell_subcat2.php on line 31
[02-Jan-2008 13:05:14] PHP Warning:  Invalid argument supplied for foreach() in f:\phpdev\www\pamela\ajauction\sell_subcat2.php on line 40
[02-Jan-2008 13:05:14] PHP Warning:  Invalid argument supplied for foreach() in f:\phpdev\www\pamela\ajauction\sell_subcat2.php on line 49
[02-Jan-2008 13:05:14] PHP Warning:  Invalid argument supplied for foreach() in f:\phpdev\www\pamela\ajauction\sell_subcat2.php on line 58
[02-Jan-2008 13:05:14] PHP Warning:  Invalid argument supplied for foreach() in f:\phpdev\www\pamela\ajauction\sell_subcat2.php on line 67
[02-Jan-2008 13:05:17] PHP Warning:  Invalid argument supplied for foreach() in f:\phpdev\www\pamela\ajauction\sell_subcat2.php on line 20
[02-Jan-2008 13:05:17] PHP Warning:  Invalid argument supplied for foreach() in f:\phpdev\www\pamela\ajauction\sell_subcat2.php on line 31
[02-Jan-2008 13:05:17] PHP Warning:  Invalid argument supplied for foreach() in f:\phpdev\www\pamela\ajauction\sell_subcat2.php on line 40
[02-Jan-2008 13:05:17] PHP Warning:  Invalid argument supplied for foreach() in f:\phpdev\www\pamela\ajauction\sell_subcat2.php on line 49
[02-Jan-2008 13:05:17] PHP Warning:  Invalid argument supplied for foreach() in f:\phpdev\www\pamela\ajauction\sell_subcat2.php on line 58
[02-Jan-2008 13:05:17] PHP Warning:  Invalid argument supplied for foreach() in f:\phpdev\www\pamela\ajauction\sell_subcat2.php on line 67
[02-Jan-2008 13:05:22] PHP Warning:  Invalid argument supplied for foreach() in f:\phpdev\www\pamela\ajauction\sell_subcat1.php on line 22
[02-Jan-2008 13:05:22] PHP Warning:  Invalid argument supplied for foreach() in f:\phpdev\www\pamela\ajauction\sell_subcat1.php on line 33
[02-Jan-2008 13:05:22] PHP Warning:  Invalid argument supplied for foreach() in f:\phpdev\www\pamela\ajauction\sell_subcat1.php on line 42
[02-Jan-2008 13:05:22] PHP Warning:  Invalid argument supplied for foreach() in f:\phpdev\www\pamela\ajauction\sell_subcat1.php on line 51
[02-Jan-2008 13:05:22] PHP Warning:  Invalid argument supplied for foreach() in f:\phpdev\www\pamela\ajauction\sell_subcat1.php on line 60
[02-Jan-2008 13:05:22] PHP Warning:  Invalid argument supplied for foreach() in f:\phpdev\www\pamela\ajauction\sell_subcat1.php on line 69
[02-Jan-2008 13:05:24] PHP Warning:  Invalid argument supplied for foreach() in f:\phpdev\www\pamela\ajauction\sell_subcat2.php on line 20
[02-Jan-2008 13:05:24] PHP Warning:  Invalid argument supplied for foreach() in f:\phpdev\www\pamela\ajauction\sell_subcat2.php on line 31
[02-Jan-2008 13:05:25] PHP Warning:  Invalid argument supplied for foreach() in f:\phpdev\www\pamela\ajauction\sell_subcat2.php on line 40
[02-Jan-2008 13:05:25] PHP Warning:  Invalid argument supplied for foreach() in f:\phpdev\www\pamela\ajauction\sell_subcat2.php on line 49
[02-Jan-2008 13:05:25] PHP Warning:  Invalid argument supplied for foreach() in f:\phpdev\www\pamela\ajauction\sell_subcat2.php on line 58
[02-Jan-2008 13:05:25] PHP Warning:  Invalid argument supplied for foreach() in f:\phpdev\www\pamela\ajauction\sell_subcat2.php on line 67
[02-Jan-2008 13:05:27] PHP Warning:  Invalid argument supplied for foreach() in f:\phpdev\www\pamela\ajauction\sell_subcat2.php on line 20
[02-Jan-2008 13:05:27] PHP Warning:  Invalid argument supplied for foreach() in f:\phpdev\www\pamela\ajauction\sell_subcat2.php on line 31
[02-Jan-2008 13:05:27] PHP Warning:  Invalid argument supplied for foreach() in f:\phpdev\www\pamela\ajauction\sell_subcat2.php on line 40
[02-Jan-2008 13:05:27] PHP Warning:  Invalid argument supplied for foreach() in f:\phpdev\www\pamela\ajauction\sell_subcat2.php on line 49
[02-Jan-2008 13:05:27] PHP Warning:  Invalid argument supplied for foreach() in f:\phpdev\www\pamela\ajauction\sell_subcat2.php on line 58
[02-Jan-2008 13:05:27] PHP Warning:  Invalid argument supplied for foreach() in f:\phpdev\www\pamela\ajauction\sell_subcat2.php on line 67
[02-Jan-2008 13:07:14] PHP Warning:  Invalid argument supplied for foreach() in f:\phpdev\www\pamela\ajauction\sell_subcat1.php on line 22
[02-Jan-2008 13:07:14] PHP Warning:  Invalid argument supplied for foreach() in f:\phpdev\www\pamela\ajauction\sell_subcat1.php on line 33
[02-Jan-2008 13:07:14] PHP Warning:  Invalid argument supplied for foreach() in f:\phpdev\www\pamela\ajauction\sell_subcat1.php on line 42
[02-Jan-2008 13:07:14] PHP Warning:  Invalid argument supplied for foreach() in f:\phpdev\www\pamela\ajauction\sell_subcat1.php on line 51
[02-Jan-2008 13:07:14] PHP Warning:  Invalid argument supplied for foreach() in f:\phpdev\www\pamela\ajauction\sell_subcat1.php on line 60
[02-Jan-2008 13:07:14] PHP Warning:  Invalid argument supplied for foreach() in f:\phpdev\www\pamela\ajauction\sell_subcat1.php on line 69
[02-Jan-2008 13:07:22] PHP Warning:  Invalid argument supplied for foreach() in f:\phpdev\www\pamela\ajauction\sell_subcat1.php on line 22
[02-Jan-2008 13:07:22] PHP Warning:  Invalid argument supplied for foreach() in f:\phpdev\www\pamela\ajauction\sell_subcat1.php on line 33
[02-Jan-2008 13:07:22] PHP Warning:  Invalid argument supplied for foreach() in f:\phpdev\www\pamela\ajauction\sell_subcat1.php on line 42
[02-Jan-2008 13:07:22] PHP Warning:  Invalid argument supplied for foreach() in f:\phpdev\www\pamela\ajauction\sell_subcat1.php on line 51
[02-Jan-2008 13:07:22] PHP Warning:  Invalid argument supplied for foreach() in f:\phpdev\www\pamela\ajauction\sell_subcat1.php on line 60
[02-Jan-2008 13:07:22] PHP Warning:  Invalid argument supplied for foreach() in f:\phpdev\www\pamela\ajauction\sell_subcat1.php on line 69
[02-Jan-2008 13:07:24] PHP Warning:  Invalid argument supplied for foreach() in f:\phpdev\www\pamela\ajauction\sell_subcat2.php on line 20
[02-Jan-2008 13:07:25] PHP Warning:  Invalid argument supplied for foreach() in f:\phpdev\www\pamela\ajauction\sell_subcat2.php on line 31
[02-Jan-2008 13:07:25] PHP Warning:  Invalid argument supplied for foreach() in f:\phpdev\www\pamela\ajauction\sell_subcat2.php on line 40
[02-Jan-2008 13:07:25] PHP Warning:  Invalid argument supplied for foreach() in f:\phpdev\www\pamela\ajauction\sell_subcat2.php on line 49
[02-Jan-2008 13:07:25] PHP Warning:  Invalid argument supplied for foreach() in f:\phpdev\www\pamela\ajauction\sell_subcat2.php on line 58
[02-Jan-2008 13:07:25] PHP Warning:  Invalid argument supplied for foreach() in f:\phpdev\www\pamela\ajauction\sell_subcat2.php on line 67
[02-Jan-2008 13:07:27] PHP Warning:  Invalid argument supplied for foreach() in f:\phpdev\www\pamela\ajauction\sell_subcat2.php on line 20
[02-Jan-2008 13:07:27] PHP Warning:  Invalid argument supplied for foreach() in f:\phpdev\www\pamela\ajauction\sell_subcat2.php on line 31
[02-Jan-2008 13:07:27] PHP Warning:  Invalid argument supplied for foreach() in f:\phpdev\www\pamela\ajauction\sell_subcat2.php on line 40
[02-Jan-2008 13:07:27] PHP Warning:  Invalid argument supplied for foreach() in f:\phpdev\www\pamela\ajauction\sell_subcat2.php on line 49
[02-Jan-2008 13:07:27] PHP Warning:  Invalid argument supplied for foreach() in f:\phpdev\www\pamela\ajauction\sell_subcat2.php on line 58
[02-Jan-2008 13:07:27] PHP Warning:  Invalid argument supplied for foreach() in f:\phpdev\www\pamela\ajauction\sell_subcat2.php on line 67
[02-Jan-2008 13:07:31] PHP Warning:  Invalid argument supplied for foreach() in f:\phpdev\www\pamela\ajauction\sell_subcat2.php on line 20
[02-Jan-2008 13:07:31] PHP Warning:  Invalid argument supplied for foreach() in f:\phpdev\www\pamela\ajauction\sell_subcat2.php on line 31
[02-Jan-2008 13:07:31] PHP Warning:  Invalid argument supplied for foreach() in f:\phpdev\www\pamela\ajauction\sell_subcat2.php on line 40
[02-Jan-2008 13:07:31] PHP Warning:  Invalid argument supplied for foreach() in f:\phpdev\www\pamela\ajauction\sell_subcat2.php on line 49
[02-Jan-2008 13:07:31] PHP Warning:  Invalid argument supplied for foreach() in f:\phpdev\www\pamela\ajauction\sell_subcat2.php on line 58
[02-Jan-2008 13:07:31] PHP Warning:  Invalid argument supplied for foreach() in f:\phpdev\www\pamela\ajauction\sell_subcat2.php on line 67
[02-Jan-2008 13:10:47] PHP Warning:  Invalid argument supplied for foreach() in f:\phpdev\www\pamela\ajauction\sell_subcat1.php on line 22
[02-Jan-2008 13:10:47] PHP Warning:  Invalid argument supplied for foreach() in f:\phpdev\www\pamela\ajauction\sell_subcat1.php on line 33
[02-Jan-2008 13:10:47] PHP Warning:  Invalid argument supplied for foreach() in f:\phpdev\www\pamela\ajauction\sell_subcat1.php on line 42
[02-Jan-2008 13:10:47] PHP Warning:  Invalid argument supplied for foreach() in f:\phpdev\www\pamela\ajauction\sell_subcat1.php on line 51
[02-Jan-2008 13:10:47] PHP Warning:  Invalid argument supplied for foreach() in f:\phpdev\www\pamela\ajauction\sell_subcat1.php on line 60
[02-Jan-2008 13:10:47] PHP Warning:  Invalid argument supplied for foreach() in f:\phpdev\www\pamela\ajauction\sell_subcat1.php on line 69
[02-Jan-2008 13:10:50] PHP Warning:  Invalid argument supplied for foreach() in f:\phpdev\www\pamela\ajauction\sell_subcat2.php on line 20
[02-Jan-2008 13:10:50] PHP Warning:  Invalid argument supplied for foreach() in f:\phpdev\www\pamela\ajauction\sell_subcat2.php on line 31
[02-Jan-2008 13:10:50] PHP Warning:  Invalid argument supplied for foreach() in f:\phpdev\www\pamela\ajauction\sell_subcat2.php on line 40
[02-Jan-2008 13:10:50] PHP Warning:  Invalid argument supplied for foreach() in f:\phpdev\www\pamela\ajauction\sell_subcat2.php on line 49
[02-Jan-2008 13:10:50] PHP Warning:  Invalid argument supplied for foreach() in f:\phpdev\www\pamela\ajauction\sell_subcat2.php on line 58
[02-Jan-2008 13:10:50] PHP Warning:  Invalid argument supplied for foreach() in f:\phpdev\www\pamela\ajauction\sell_subcat2.php on line 67
[02-Jan-2008 13:10:53] PHP Warning:  Invalid argument supplied for foreach() in f:\phpdev\www\pamela\ajauction\sell_subcat2.php on line 20
[02-Jan-2008 13:10:53] PHP Warning:  Invalid argument supplied for foreach() in f:\phpdev\www\pamela\ajauction\sell_subcat2.php on line 31
[02-Jan-2008 13:10:53] PHP Warning:  Invalid argument supplied for foreach() in f:\phpdev\www\pamela\ajauction\sell_subcat2.php on line 40
[02-Jan-2008 13:10:53] PHP Warning:  Invalid argument supplied for foreach() in f:\phpdev\www\pamela\ajauction\sell_subcat2.php on line 49
[02-Jan-2008 13:10:53] PHP Warning:  Invalid argument supplied for foreach() in f:\phpdev\www\pamela\ajauction\sell_subcat2.php on line 58
[02-Jan-2008 13:10:53] PHP Warning:  Invalid argument supplied for foreach() in f:\phpdev\www\pamela\ajauction\sell_subcat2.php on line 67
[02-Jan-2008 13:11:58] PHP Warning:  Invalid argument supplied for foreach() in f:\phpdev\www\pamela\ajauction\sell_subcat1.php on line 22
[02-Jan-2008 13:11:58] PHP Warning:  Invalid argument supplied for foreach() in f:\phpdev\www\pamela\ajauction\sell_subcat1.php on line 33
[02-Jan-2008 13:11:58] PHP Warning:  Invalid argument supplied for foreach() in f:\phpdev\www\pamela\ajauction\sell_subcat1.php on line 42
[02-Jan-2008 13:11:58] PHP Warning:  Invalid argument supplied for foreach() in f:\phpdev\www\pamela\ajauction\sell_subcat1.php on line 51
[02-Jan-2008 13:11:58] PHP Warning:  Invalid argument supplied for foreach() in f:\phpdev\www\pamela\ajauction\sell_subcat1.php on line 60
[02-Jan-2008 13:11:58] PHP Warning:  Invalid argument supplied for foreach() in f:\phpdev\www\pamela\ajauction\sell_subcat1.php on line 69
[02-Jan-2008 13:12:03] PHP Warning:  Invalid argument supplied for foreach() in f:\phpdev\www\pamela\ajauction\sell_subcat2.php on line 20
[02-Jan-2008 13:12:03] PHP Warning:  Invalid argument supplied for foreach() in f:\phpdev\www\pamela\ajauction\sell_subcat2.php on line 31
[02-Jan-2008 13:12:03] PHP Warning:  Invalid argument supplied for foreach() in f:\phpdev\www\pamela\ajauction\sell_subcat2.php on line 40
[02-Jan-2008 13:12:03] PHP Warning:  Invalid argument supplied for foreach() in f:\phpdev\www\pamela\ajauction\sell_subcat2.php on line 49
[02-Jan-2008 13:12:03] PHP Warning:  Invalid argument supplied for foreach() in f:\phpdev\www\pamela\ajauction\sell_subcat2.php on line 58
[02-Jan-2008 13:12:03] PHP Warning:  Invalid argument supplied for foreach() in f:\phpdev\www\pamela\ajauction\sell_subcat2.php on line 67
[02-Jan-2008 13:12:08] PHP Warning:  mysql_num_rows(): supplied argument is not a valid MySQL result resource in f:\phpdev\www\pamela\ajauction\sell_subcat2.php on line 11
[02-Jan-2008 13:12:08] PHP Warning:  mysql_fetch_array(): supplied argument is not a valid MySQL result resource in f:\phpdev\www\pamela\ajauction\sell_subcat2.php on line 12
[02-Jan-2008 13:12:08] PHP Warning:  Invalid argument supplied for foreach() in f:\phpdev\www\pamela\ajauction\sell_subcat2.php on line 20
[02-Jan-2008 13:12:08] PHP Warning:  Invalid argument supplied for foreach() in f:\phpdev\www\pamela\ajauction\sell_subcat2.php on line 31
[02-Jan-2008 13:12:08] PHP Warning:  Invalid argument supplied for foreach() in f:\phpdev\www\pamela\ajauction\sell_subcat2.php on line 40
[02-Jan-2008 13:12:08] PHP Warning:  Invalid argument supplied for foreach() in f:\phpdev\www\pamela\ajauction\sell_subcat2.php on line 49
[02-Jan-2008 13:12:08] PHP Warning:  Invalid argument supplied for foreach() in f:\phpdev\www\pamela\ajauction\sell_subcat2.php on line 58
[02-Jan-2008 13:12:08] PHP Warning:  Invalid argument supplied for foreach() in f:\phpdev\www\pamela\ajauction\sell_subcat2.php on line 67
[02-Jan-2008 13:12:11] PHP Warning:  mysql_num_rows(): supplied argument is not a valid MySQL result resource in f:\phpdev\www\pamela\ajauction\sell_subcat2.php on line 11
[02-Jan-2008 13:12:11] PHP Warning:  mysql_fetch_array(): supplied argument is not a valid MySQL result resource in f:\phpdev\www\pamela\ajauction\sell_subcat2.php on line 12
[02-Jan-2008 13:12:11] PHP Warning:  Invalid argument supplied for foreach() in f:\phpdev\www\pamela\ajauction\sell_subcat2.php on line 20
[02-Jan-2008 13:12:11] PHP Warning:  Invalid argument supplied for foreach() in f:\phpdev\www\pamela\ajauction\sell_subcat2.php on line 31
[02-Jan-2008 13:12:11] PHP Warning:  Invalid argument supplied for foreach() in f:\phpdev\www\pamela\ajauction\sell_subcat2.php on line 40
[02-Jan-2008 13:12:11] PHP Warning:  Invalid argument supplied for foreach() in f:\phpdev\www\pamela\ajauction\sell_subcat2.php on line 49
[02-Jan-2008 13:12:11] PHP Warning:  Invalid argument supplied for foreach() in f:\phpdev\www\pamela\ajauction\sell_subcat2.php on line 58
[02-Jan-2008 13:12:11] PHP Warning:  Invalid argument supplied for foreach() in f:\phpdev\www\pamela\ajauction\sell_subcat2.php on line 67
[02-Jan-2008 13:14:34] PHP Warning:  Invalid argument supplied for foreach() in f:\phpdev\www\pamela\ajauction\sell_subcat1.php on line 22
[02-Jan-2008 13:14:34] PHP Warning:  Invalid argument supplied for foreach() in f:\phpdev\www\pamela\ajauction\sell_subcat1.php on line 33
[02-Jan-2008 13:14:34] PHP Warning:  Invalid argument supplied for foreach() in f:\phpdev\www\pamela\ajauction\sell_subcat1.php on line 42
[02-Jan-2008 13:14:34] PHP Warning:  Invalid argument supplied for foreach() in f:\phpdev\www\pamela\ajauction\sell_subcat1.php on line 51
[02-Jan-2008 13:14:34] PHP Warning:  Invalid argument supplied for foreach() in f:\phpdev\www\pamela\ajauction\sell_subcat1.php on line 60
[02-Jan-2008 13:14:34] PHP Warning:  Invalid argument supplied for foreach() in f:\phpdev\www\pamela\ajauction\sell_subcat1.php on line 69
[02-Jan-2008 13:14:34] PHP Warning:  Invalid argument supplied for foreach() in f:\phpdev\www\pamela\ajauction\sell_subcat2.php on line 20
[02-Jan-2008 13:14:34] PHP Warning:  Invalid argument supplied for foreach() in f:\phpdev\www\pamela\ajauction\sell_subcat2.php on line 31
[02-Jan-2008 13:14:34] PHP Warning:  Invalid argument supplied for foreach() in f:\phpdev\www\pamela\ajauction\sell_subcat2.php on line 40
[02-Jan-2008 13:14:34] PHP Warning:  Invalid argument supplied for foreach() in f:\phpdev\www\pamela\ajauction\sell_subcat2.php on line 49
[02-Jan-2008 13:14:34] PHP Warning:  Invalid argument supplied for foreach() in f:\phpdev\www\pamela\ajauction\sell_subcat2.php on line 58
[02-Jan-2008 13:14:34] PHP Warning:  Invalid argument supplied for foreach() in f:\phpdev\www\pamela\ajauction\sell_subcat2.php on line 67
[02-Jan-2008 13:14:35] PHP Warning:  Invalid argument supplied for foreach() in f:\phpdev\www\pamela\ajauction\sell_subcat2.php on line 20
[02-Jan-2008 13:14:35] PHP Warning:  Invalid argument supplied for foreach() in f:\phpdev\www\pamela\ajauction\sell_subcat2.php on line 31
[02-Jan-2008 13:14:35] PHP Warning:  Invalid argument supplied for foreach() in f:\phpdev\www\pamela\ajauction\sell_subcat2.php on line 40
[02-Jan-2008 13:14:36] PHP Warning:  Invalid argument supplied for foreach() in f:\phpdev\www\pamela\ajauction\sell_subcat2.php on line 49
[02-Jan-2008 13:14:36] PHP Warning:  Invalid argument supplied for foreach() in f:\phpdev\www\pamela\ajauction\sell_subcat2.php on line 58
[02-Jan-2008 13:14:36] PHP Warning:  Invalid argument supplied for foreach() in f:\phpdev\www\pamela\ajauction\sell_subcat2.php on line 67
[02-Jan-2008 13:15:05] PHP Warning:  Invalid argument supplied for foreach() in f:\phpdev\www\pamela\ajauction\sell_subcat1.php on line 22
[02-Jan-2008 13:15:05] PHP Warning:  Invalid argument supplied for foreach() in f:\phpdev\www\pamela\ajauction\sell_subcat1.php on line 33
[02-Jan-2008 13:15:05] PHP Warning:  Invalid argument supplied for foreach() in f:\phpdev\www\pamela\ajauction\sell_subcat1.php on line 42
[02-Jan-2008 13:15:05] PHP Warning:  Invalid argument supplied for foreach() in f:\phpdev\www\pamela\ajauction\sell_subcat1.php on line 51
[02-Jan-2008 13:15:05] PHP Warning:  Invalid argument supplied for foreach() in f:\phpdev\www\pamela\ajauction\sell_subcat1.php on line 60
[02-Jan-2008 13:15:05] PHP Warning:  Invalid argument supplied for foreach() in f:\phpdev\www\pamela\ajauction\sell_subcat1.php on line 69
[02-Jan-2008 13:15:05] PHP Warning:  Invalid argument supplied for foreach() in f:\phpdev\www\pamela\ajauction\sell_subcat2.php on line 20
[02-Jan-2008 13:15:05] PHP Warning:  Invalid argument supplied for foreach() in f:\phpdev\www\pamela\ajauction\sell_subcat2.php on line 31
[02-Jan-2008 13:15:05] PHP Warning:  Invalid argument supplied for foreach() in f:\phpdev\www\pamela\ajauction\sell_subcat2.php on line 40
[02-Jan-2008 13:15:05] PHP Warning:  Invalid argument supplied for foreach() in f:\phpdev\www\pamela\ajauction\sell_subcat2.php on line 49
[02-Jan-2008 13:15:05] PHP Warning:  Invalid argument supplied for foreach() in f:\phpdev\www\pamela\ajauction\sell_subcat2.php on line 58
[02-Jan-2008 13:15:05] PHP Warning:  Invalid argument supplied for foreach() in f:\phpdev\www\pamela\ajauction\sell_subcat2.php on line 67
[02-Jan-2008 13:15:06] PHP Warning:  Invalid argument supplied for foreach() in f:\phpdev\www\pamela\ajauction\sell_subcat2.php on line 20
[02-Jan-2008 13:15:06] PHP Warning:  Invalid argument supplied for foreach() in f:\phpdev\www\pamela\ajauction\sell_subcat2.php on line 31
[02-Jan-2008 13:15:06] PHP Warning:  Invalid argument supplied for foreach() in f:\phpdev\www\pamela\ajauction\sell_subcat2.php on line 40
[02-Jan-2008 13:15:06] PHP Warning:  Invalid argument supplied for foreach() in f:\phpdev\www\pamela\ajauction\sell_subcat2.php on line 49
[02-Jan-2008 13:15:06] PHP Warning:  Invalid argument supplied for foreach() in f:\phpdev\www\pamela\ajauction\sell_subcat2.php on line 58
[02-Jan-2008 13:15:06] PHP Warning:  Invalid argument supplied for foreach() in f:\phpdev\www\pamela\ajauction\sell_subcat2.php on line 67
[02-Jan-2008 13:15:07] PHP Warning:  Invalid argument supplied for foreach() in f:\phpdev\www\pamela\ajauction\sell_subcat2.php on line 20
[02-Jan-2008 13:15:07] PHP Warning:  Invalid argument supplied for foreach() in f:\phpdev\www\pamela\ajauction\sell_subcat2.php on line 31
[02-Jan-2008 13:15:07] PHP Warning:  Invalid argument supplied for foreach() in f:\phpdev\www\pamela\ajauction\sell_subcat2.php on line 40
[02-Jan-2008 13:15:07] PHP Warning:  Invalid argument supplied for foreach() in f:\phpdev\www\pamela\ajauction\sell_subcat2.php on line 49
[02-Jan-2008 13:15:07] PHP Warning:  Invalid argument supplied for foreach() in f:\phpdev\www\pamela\ajauction\sell_subcat2.php on line 58
[02-Jan-2008 13:15:07] PHP Warning:  Invalid argument supplied for foreach() in f:\phpdev\www\pamela\ajauction\sell_subcat2.php on line 67
[02-Jan-2008 13:15:08] PHP Warning:  Invalid argument supplied for foreach() in f:\phpdev\www\pamela\ajauction\sell_subcat2.php on line 20
[02-Jan-2008 13:15:08] PHP Warning:  Invalid argument supplied for foreach() in f:\phpdev\www\pamela\ajauction\sell_subcat2.php on line 31
[02-Jan-2008 13:15:08] PHP Warning:  Invalid argument supplied for foreach() in f:\phpdev\www\pamela\ajauction\sell_subcat2.php on line 40
[02-Jan-2008 13:15:08] PHP Warning:  Invalid argument supplied for foreach() in f:\phpdev\www\pamela\ajauction\sell_subcat2.php on line 49
[02-Jan-2008 13:15:08] PHP Warning:  Invalid argument supplied for foreach() in f:\phpdev\www\pamela\ajauction\sell_subcat2.php on line 58
[02-Jan-2008 13:15:08] PHP Warning:  Invalid argument supplied for foreach() in f:\phpdev\www\pamela\ajauction\sell_subcat2.php on line 67
[02-Jan-2008 13:15:08] PHP Warning:  Invalid argument supplied for foreach() in f:\phpdev\www\pamela\ajauction\sell_subcat2.php on line 20
[02-Jan-2008 13:15:08] PHP Warning:  Invalid argument supplied for foreach() in f:\phpdev\www\pamela\ajauction\sell_subcat2.php on line 31
[02-Jan-2008 13:15:08] PHP Warning:  Invalid argument supplied for foreach() in f:\phpdev\www\pamela\ajauction\sell_subcat2.php on line 40
[02-Jan-2008 13:15:08] PHP Warning:  Invalid argument supplied for foreach() in f:\phpdev\www\pamela\ajauction\sell_subcat2.php on line 49
[02-Jan-2008 13:15:08] PHP Warning:  Invalid argument supplied for foreach() in f:\phpdev\www\pamela\ajauction\sell_subcat2.php on line 58
[02-Jan-2008 13:15:08] PHP Warning:  Invalid argument supplied for foreach() in f:\phpdev\www\pamela\ajauction\sell_subcat2.php on line 67
[02-Jan-2008 13:15:08] PHP Warning:  Invalid argument supplied for foreach() in f:\phpdev\www\pamela\ajauction\sell_subcat2.php on line 20
[02-Jan-2008 13:15:09] PHP Warning:  Invalid argument supplied for foreach() in f:\phpdev\www\pamela\ajauction\sell_subcat2.php on line 31
[02-Jan-2008 13:15:09] PHP Warning:  Invalid argument supplied for foreach() in f:\phpdev\www\pamela\ajauction\sell_subcat2.php on line 40
[02-Jan-2008 13:15:09] PHP Warning:  Invalid argument supplied for foreach() in f:\phpdev\www\pamela\ajauction\sell_subcat2.php on line 49
[02-Jan-2008 13:15:09] PHP Warning:  Invalid argument supplied for foreach() in f:\phpdev\www\pamela\ajauction\sell_subcat2.php on line 58
[02-Jan-2008 13:15:09] PHP Warning:  Invalid argument supplied for foreach() in f:\phpdev\www\pamela\ajauction\sell_subcat2.php on line 67
[02-Jan-2008 13:15:09] PHP Warning:  Invalid argument supplied for foreach() in f:\phpdev\www\pamela\ajauction\sell_subcat2.php on line 20
[02-Jan-2008 13:15:09] PHP Warning:  Invalid argument supplied for foreach() in f:\phpdev\www\pamela\ajauction\sell_subcat2.php on line 31
[02-Jan-2008 13:15:09] PHP Warning:  Invalid argument supplied for foreach() in f:\phpdev\www\pamela\ajauction\sell_subcat2.php on line 40
[02-Jan-2008 13:15:09] PHP Warning:  Invalid argument supplied for foreach() in f:\phpdev\www\pamela\ajauction\sell_subcat2.php on line 49
[02-Jan-2008 13:15:09] PHP Warning:  Invalid argument supplied for foreach() in f:\phpdev\www\pamela\ajauction\sell_subcat2.php on line 58
[02-Jan-2008 13:15:09] PHP Warning:  Invalid argument supplied for foreach() in f:\phpdev\www\pamela\ajauction\sell_subcat2.php on line 67
[02-Jan-2008 13:15:10] PHP Warning:  Invalid argument supplied for foreach() in f:\phpdev\www\pamela\ajauction\sell_subcat2.php on line 20
[02-Jan-2008 13:15:10] PHP Warning:  Invalid argument supplied for foreach() in f:\phpdev\www\pamela\ajauction\sell_subcat2.php on line 31
[02-Jan-2008 13:15:10] PHP Warning:  Invalid argument supplied for foreach() in f:\phpdev\www\pamela\ajauction\sell_subcat2.php on line 40
[02-Jan-2008 13:15:10] PHP Warning:  Invalid argument supplied for foreach() in f:\phpdev\www\pamela\ajauction\sell_subcat2.php on line 49
[02-Jan-2008 13:15:10] PHP Warning:  Invalid argument supplied for foreach() in f:\phpdev\www\pamela\ajauction\sell_subcat2.php on line 58
[02-Jan-2008 13:15:10] PHP Warning:  Invalid argument supplied for foreach() in f:\phpdev\www\pamela\ajauction\sell_subcat2.php on line 67
[02-Jan-2008 13:15:12] PHP Warning:  Invalid argument supplied for foreach() in f:\phpdev\www\pamela\ajauction\sell_subcat2.php on line 20
[02-Jan-2008 13:15:12] PHP Warning:  Invalid argument supplied for foreach() in f:\phpdev\www\pamela\ajauction\sell_subcat2.php on line 31
[02-Jan-2008 13:15:12] PHP Warning:  Invalid argument supplied for foreach() in f:\phpdev\www\pamela\ajauction\sell_subcat2.php on line 40
[02-Jan-2008 13:15:12] PHP Warning:  Invalid argument supplied for foreach() in f:\phpdev\www\pamela\ajauction\sell_subcat2.php on line 49
[02-Jan-2008 13:15:12] PHP Warning:  Invalid argument supplied for foreach() in f:\phpdev\www\pamela\ajauction\sell_subcat2.php on line 58
[02-Jan-2008 13:15:12] PHP Warning:  Invalid argument supplied for foreach() in f:\phpdev\www\pamela\ajauction\sell_subcat2.php on line 67
[02-Jan-2008 13:15:13] PHP Warning:  Invalid argument supplied for foreach() in f:\phpdev\www\pamela\ajauction\sell_subcat2.php on line 20
[02-Jan-2008 13:15:13] PHP Warning:  Invalid argument supplied for foreach() in f:\phpdev\www\pamela\ajauction\sell_subcat2.php on line 31
[02-Jan-2008 13:15:13] PHP Warning:  Invalid argument supplied for foreach() in f:\phpdev\www\pamela\ajauction\sell_subcat2.php on line 40
[02-Jan-2008 13:15:13] PHP Warning:  Invalid argument supplied for foreach() in f:\phpdev\www\pamela\ajauction\sell_subcat2.php on line 49
[02-Jan-2008 13:15:13] PHP Warning:  Invalid argument supplied for foreach() in f:\phpdev\www\pamela\ajauction\sell_subcat2.php on line 58
[02-Jan-2008 13:15:13] PHP Warning:  Invalid argument supplied for foreach() in f:\phpdev\www\pamela\ajauction\sell_subcat2.php on line 67
[02-Jan-2008 13:15:13] PHP Warning:  Invalid argument supplied for foreach() in f:\phpdev\www\pamela\ajauction\sell_subcat2.php on line 20
[02-Jan-2008 13:15:13] PHP Warning:  Invalid argument supplied for foreach() in f:\phpdev\www\pamela\ajauction\sell_subcat2.php on line 31
[02-Jan-2008 13:15:13] PHP Warning:  Invalid argument supplied for foreach() in f:\phpdev\www\pamela\ajauction\sell_subcat2.php on line 40
[02-Jan-2008 13:15:13] PHP Warning:  Invalid argument supplied for foreach() in f:\phpdev\www\pamela\ajauction\sell_subcat2.php on line 49
[02-Jan-2008 13:15:13] PHP Warning:  Invalid argument supplied for foreach() in f:\phpdev\www\pamela\ajauction\sell_subcat2.php on line 58
[02-Jan-2008 13:15:13] PHP Warning:  Invalid argument supplied for foreach() in f:\phpdev\www\pamela\ajauction\sell_subcat2.php on line 67
[02-Jan-2008 13:15:13] PHP Warning:  Invalid argument supplied for foreach() in f:\phpdev\www\pamela\ajauction\sell_subcat2.php on line 20
[02-Jan-2008 13:15:13] PHP Warning:  Invalid argument supplied for foreach() in f:\phpdev\www\pamela\ajauction\sell_subcat2.php on line 31
[02-Jan-2008 13:15:13] PHP Warning:  Invalid argument supplied for foreach() in f:\phpdev\www\pamela\ajauction\sell_subcat2.php on line 40
[02-Jan-2008 13:15:14] PHP Warning:  Invalid argument supplied for foreach() in f:\phpdev\www\pamela\ajauction\sell_subcat2.php on line 49
[02-Jan-2008 13:15:14] PHP Warning:  Invalid argument supplied for foreach() in f:\phpdev\www\pamela\ajauction\sell_subcat2.php on line 58
[02-Jan-2008 13:15:14] PHP Warning:  Invalid argument supplied for foreach() in f:\phpdev\www\pamela\ajauction\sell_subcat2.php on line 67
[02-Jan-2008 13:15:14] PHP Warning:  Invalid argument supplied for foreach() in f:\phpdev\www\pamela\ajauction\sell_subcat2.php on line 20
[02-Jan-2008 13:15:14] PHP Warning:  Invalid argument supplied for foreach() in f:\phpdev\www\pamela\ajauction\sell_subcat2.php on line 31
[02-Jan-2008 13:15:14] PHP Warning:  Invalid argument supplied for foreach() in f:\phpdev\www\pamela\ajauction\sell_subcat2.php on line 40
[02-Jan-2008 13:15:14] PHP Warning:  Invalid argument supplied for foreach() in f:\phpdev\www\pamela\ajauction\sell_subcat2.php on line 49
[02-Jan-2008 13:15:14] PHP Warning:  Invalid argument supplied for foreach() in f:\phpdev\www\pamela\ajauction\sell_subcat2.php on line 58
[02-Jan-2008 13:15:14] PHP Warning:  Invalid argument supplied for foreach() in f:\phpdev\www\pamela\ajauction\sell_subcat2.php on line 67
[02-Jan-2008 13:15:14] PHP Warning:  Invalid argument supplied for foreach() in f:\phpdev\www\pamela\ajauction\sell_subcat2.php on line 20
[02-Jan-2008 13:15:14] PHP Warning:  Invalid argument supplied for foreach() in f:\phpdev\www\pamela\ajauction\sell_subcat2.php on line 31
[02-Jan-2008 13:15:14] PHP Warning:  Invalid argument supplied for foreach() in f:\phpdev\www\pamela\ajauction\sell_subcat2.php on line 40
[02-Jan-2008 13:15:14] PHP Warning:  Invalid argument supplied for foreach() in f:\phpdev\www\pamela\ajauction\sell_subcat2.php on line 49
[02-Jan-2008 13:15:14] PHP Warning:  Invalid argument supplied for foreach() in f:\phpdev\www\pamela\ajauction\sell_subcat2.php on line 58
[02-Jan-2008 13:15:14] PHP Warning:  Invalid argument supplied for foreach() in f:\phpdev\www\pamela\ajauction\sell_subcat2.php on line 67
[02-Jan-2008 13:15:14] PHP Warning:  Invalid argument supplied for foreach() in f:\phpdev\www\pamela\ajauction\sell_subcat2.php on line 20
[02-Jan-2008 13:15:15] PHP Warning:  Invalid argument supplied for foreach() in f:\phpdev\www\pamela\ajauction\sell_subcat2.php on line 31
[02-Jan-2008 13:15:15] PHP Warning:  Invalid argument supplied for foreach() in f:\phpdev\www\pamela\ajauction\sell_subcat2.php on line 40
[02-Jan-2008 13:15:15] PHP Warning:  Invalid argument supplied for foreach() in f:\phpdev\www\pamela\ajauction\sell_subcat2.php on line 49
[02-Jan-2008 13:15:15] PHP Warning:  Invalid argument supplied for foreach() in f:\phpdev\www\pamela\ajauction\sell_subcat2.php on line 58
[02-Jan-2008 13:15:15] PHP Warning:  Invalid argument supplied for foreach() in f:\phpdev\www\pamela\ajauction\sell_subcat2.php on line 67
[02-Jan-2008 13:15:15] PHP Warning:  Invalid argument supplied for foreach() in f:\phpdev\www\pamela\ajauction\sell_subcat2.php on line 20
[02-Jan-2008 13:15:15] PHP Warning:  Invalid argument supplied for foreach() in f:\phpdev\www\pamela\ajauction\sell_subcat2.php on line 31
[02-Jan-2008 13:15:15] PHP Warning:  Invalid argument supplied for foreach() in f:\phpdev\www\pamela\ajauction\sell_subcat2.php on line 40
[02-Jan-2008 13:15:15] PHP Warning:  Invalid argument supplied for foreach() in f:\phpdev\www\pamela\ajauction\sell_subcat2.php on line 49
[02-Jan-2008 13:15:15] PHP Warning:  Invalid argument supplied for foreach() in f:\phpdev\www\pamela\ajauction\sell_subcat2.php on line 58
[02-Jan-2008 13:15:15] PHP Warning:  Invalid argument supplied for foreach() in f:\phpdev\www\pamela\ajauction\sell_subcat2.php on line 67
[02-Jan-2008 13:15:15] PHP Warning:  mysql_num_rows(): supplied argument is not a valid MySQL result resource in f:\phpdev\www\pamela\ajauction\sell_subcat2.php on line 11
[02-Jan-2008 13:15:15] PHP Warning:  mysql_fetch_array(): supplied argument is not a valid MySQL result resource in f:\phpdev\www\pamela\ajauction\sell_subcat2.php on line 12
[02-Jan-2008 13:15:15] PHP Warning:  Invalid argument supplied for foreach() in f:\phpdev\www\pamela\ajauction\sell_subcat2.php on line 20
[02-Jan-2008 13:15:15] PHP Warning:  Invalid argument supplied for foreach() in f:\phpdev\www\pamela\ajauction\sell_subcat2.php on line 31
[02-Jan-2008 13:15:15] PHP Warning:  Invalid argument supplied for foreach() in f:\phpdev\www\pamela\ajauction\sell_subcat2.php on line 40
[02-Jan-2008 13:15:15] PHP Warning:  Invalid argument supplied for foreach() in f:\phpdev\www\pamela\ajauction\sell_subcat2.php on line 49
[02-Jan-2008 13:15:15] PHP Warning:  Invalid argument supplied for foreach() in f:\phpdev\www\pamela\ajauction\sell_subcat2.php on line 58
[02-Jan-2008 13:15:15] PHP Warning:  Invalid argument supplied for foreach() in f:\phpdev\www\pamela\ajauction\sell_subcat2.php on line 67
[02-Jan-2008 13:15:17] PHP Warning:  Invalid argument supplied for foreach() in f:\phpdev\www\pamela\ajauction\sell_subcat2.php on line 20
[02-Jan-2008 13:15:17] PHP Warning:  Invalid argument supplied for foreach() in f:\phpdev\www\pamela\ajauction\sell_subcat2.php on line 31
[02-Jan-2008 13:15:17] PHP Warning:  Invalid argument supplied for foreach() in f:\phpdev\www\pamela\ajauction\sell_subcat2.php on line 40
[02-Jan-2008 13:15:17] PHP Warning:  Invalid argument supplied for foreach() in f:\phpdev\www\pamela\ajauction\sell_subcat2.php on line 49
[02-Jan-2008 13:15:17] PHP Warning:  Invalid argument supplied for foreach() in f:\phpdev\www\pamela\ajauction\sell_subcat2.php on line 58
[02-Jan-2008 13:15:17] PHP Warning:  Invalid argument supplied for foreach() in f:\phpdev\www\pamela\ajauction\sell_subcat2.php on line 67
[02-Jan-2008 13:17:56] PHP Warning:  Invalid argument supplied for foreach() in f:\phpdev\www\pamela\ajauction\sell_subcat1.php on line 22
[02-Jan-2008 13:17:56] PHP Warning:  Invalid argument supplied for foreach() in f:\phpdev\www\pamela\ajauction\sell_subcat1.php on line 33
[02-Jan-2008 13:17:56] PHP Warning:  Invalid argument supplied for foreach() in f:\phpdev\www\pamela\ajauction\sell_subcat1.php on line 42
[02-Jan-2008 13:17:56] PHP Warning:  Invalid argument supplied for foreach() in f:\phpdev\www\pamela\ajauction\sell_subcat1.php on line 51
[02-Jan-2008 13:17:56] PHP Warning:  Invalid argument supplied for foreach() in f:\phpdev\www\pamela\ajauction\sell_subcat1.php on line 60
[02-Jan-2008 13:17:56] PHP Warning:  Invalid argument supplied for foreach() in f:\phpdev\www\pamela\ajauction\sell_subcat1.php on line 69
[02-Jan-2008 13:19:03] PHP Warning:  Invalid argument supplied for foreach() in f:\phpdev\www\pamela\ajauction\sell_subcat1.php on line 22
[02-Jan-2008 13:19:03] PHP Warning:  Invalid argument supplied for foreach() in f:\phpdev\www\pamela\ajauction\sell_subcat1.php on line 33
[02-Jan-2008 13:19:03] PHP Warning:  Invalid argument supplied for foreach() in f:\phpdev\www\pamela\ajauction\sell_subcat1.php on line 42
[02-Jan-2008 13:19:03] PHP Warning:  Invalid argument supplied for foreach() in f:\phpdev\www\pamela\ajauction\sell_subcat1.php on line 51
[02-Jan-2008 13:19:03] PHP Warning:  Invalid argument supplied for foreach() in f:\phpdev\www\pamela\ajauction\sell_subcat1.php on line 60
[02-Jan-2008 13:19:03] PHP Warning:  Invalid argument supplied for foreach() in f:\phpdev\www\pamela\ajauction\sell_subcat1.php on line 69
[02-Jan-2008 13:19:06] PHP Warning:  Invalid argument supplied for foreach() in f:\phpdev\www\pamela\ajauction\sell_subcat2.php on line 20
[02-Jan-2008 13:19:06] PHP Warning:  Invalid argument supplied for foreach() in f:\phpdev\www\pamela\ajauction\sell_subcat2.php on line 31
[02-Jan-2008 13:19:06] PHP Warning:  Invalid argument supplied for foreach() in f:\phpdev\www\pamela\ajauction\sell_subcat2.php on line 40
[02-Jan-2008 13:19:06] PHP Warning:  Invalid argument supplied for foreach() in f:\phpdev\www\pamela\ajauction\sell_subcat2.php on line 49
[02-Jan-2008 13:19:06] PHP Warning:  Invalid argument supplied for foreach() in f:\phpdev\www\pamela\ajauction\sell_subcat2.php on line 58
[02-Jan-2008 13:19:06] PHP Warning:  Invalid argument supplied for foreach() in f:\phpdev\www\pamela\ajauction\sell_subcat2.php on line 67
[02-Jan-2008 13:19:08] PHP Warning:  Invalid argument supplied for foreach() in f:\phpdev\www\pamela\ajauction\sell_subcat3.php on line 20
[02-Jan-2008 13:19:08] PHP Warning:  Invalid argument supplied for foreach() in f:\phpdev\www\pamela\ajauction\sell_subcat3.php on line 31
[02-Jan-2008 13:19:08] PHP Warning:  Invalid argument supplied for foreach() in f:\phpdev\www\pamela\ajauction\sell_subcat3.php on line 40
[02-Jan-2008 13:19:08] PHP Warning:  Invalid argument supplied for foreach() in f:\phpdev\www\pamela\ajauction\sell_subcat3.php on line 49
[02-Jan-2008 13:19:08] PHP Warning:  Invalid argument supplied for foreach() in f:\phpdev\www\pamela\ajauction\sell_subcat3.php on line 58
[02-Jan-2008 13:19:08] PHP Warning:  Invalid argument supplied for foreach() in f:\phpdev\www\pamela\ajauction\sell_subcat3.php on line 67
[02-Jan-2008 13:21:00] PHP Warning:  Invalid argument supplied for foreach() in f:\phpdev\www\pamela\ajauction\sell_subcat1.php on line 22
[02-Jan-2008 13:21:00] PHP Warning:  Invalid argument supplied for foreach() in f:\phpdev\www\pamela\ajauction\sell_subcat1.php on line 33
[02-Jan-2008 13:21:00] PHP Warning:  Invalid argument supplied for foreach() in f:\phpdev\www\pamela\ajauction\sell_subcat1.php on line 42
[02-Jan-2008 13:21:00] PHP Warning:  Invalid argument supplied for foreach() in f:\phpdev\www\pamela\ajauction\sell_subcat1.php on line 51
[02-Jan-2008 13:21:00] PHP Warning:  Invalid argument supplied for foreach() in f:\phpdev\www\pamela\ajauction\sell_subcat1.php on line 60
[02-Jan-2008 13:21:00] PHP Warning:  Invalid argument supplied for foreach() in f:\phpdev\www\pamela\ajauction\sell_subcat1.php on line 69
[02-Jan-2008 13:21:03] PHP Warning:  Invalid argument supplied for foreach() in f:\phpdev\www\pamela\ajauction\sell_subcat2.php on line 20
[02-Jan-2008 13:21:03] PHP Warning:  Invalid argument supplied for foreach() in f:\phpdev\www\pamela\ajauction\sell_subcat2.php on line 31
[02-Jan-2008 13:21:03] PHP Warning:  Invalid argument supplied for foreach() in f:\phpdev\www\pamela\ajauction\sell_subcat2.php on line 40
[02-Jan-2008 13:21:03] PHP Warning:  Invalid argument supplied for foreach() in f:\phpdev\www\pamela\ajauction\sell_subcat2.php on line 49
[02-Jan-2008 13:21:03] PHP Warning:  Invalid argument supplied for foreach() in f:\phpdev\www\pamela\ajauction\sell_subcat2.php on line 58
[02-Jan-2008 13:21:03] PHP Warning:  Invalid argument supplied for foreach() in f:\phpdev\www\pamela\ajauction\sell_subcat2.php on line 67
[02-Jan-2008 13:21:05] PHP Warning:  Invalid argument supplied for foreach() in f:\phpdev\www\pamela\ajauction\sell_subcat3.php on line 20
[02-Jan-2008 13:21:05] PHP Warning:  Invalid argument supplied for foreach() in f:\phpdev\www\pamela\ajauction\sell_subcat3.php on line 31
[02-Jan-2008 13:21:05] PHP Warning:  Invalid argument supplied for foreach() in f:\phpdev\www\pamela\ajauction\sell_subcat3.php on line 40
[02-Jan-2008 13:21:05] PHP Warning:  Invalid argument supplied for foreach() in f:\phpdev\www\pamela\ajauction\sell_subcat3.php on line 49
[02-Jan-2008 13:21:05] PHP Warning:  Invalid argument supplied for foreach() in f:\phpdev\www\pamela\ajauction\sell_subcat3.php on line 58
[02-Jan-2008 13:21:05] PHP Warning:  Invalid argument supplied for foreach() in f:\phpdev\www\pamela\ajauction\sell_subcat3.php on line 67
[02-Jan-2008 13:22:39] PHP Warning:  Invalid argument supplied for foreach() in f:\phpdev\www\pamela\ajauction\sell_subcat1.php on line 22
[02-Jan-2008 13:22:39] PHP Warning:  Invalid argument supplied for foreach() in f:\phpdev\www\pamela\ajauction\sell_subcat1.php on line 33
[02-Jan-2008 13:22:39] PHP Warning:  Invalid argument supplied for foreach() in f:\phpdev\www\pamela\ajauction\sell_subcat1.php on line 42
[02-Jan-2008 13:22:39] PHP Warning:  Invalid argument supplied for foreach() in f:\phpdev\www\pamela\ajauction\sell_subcat1.php on line 51
[02-Jan-2008 13:22:39] PHP Warning:  Invalid argument supplied for foreach() in f:\phpdev\www\pamela\ajauction\sell_subcat1.php on line 60
[02-Jan-2008 13:22:39] PHP Warning:  Invalid argument supplied for foreach() in f:\phpdev\www\pamela\ajauction\sell_subcat1.php on line 69
[02-Jan-2008 13:22:42] PHP Warning:  Invalid argument supplied for foreach() in f:\phpdev\www\pamela\ajauction\sell_subcat2.php on line 20
[02-Jan-2008 13:22:42] PHP Warning:  Invalid argument supplied for foreach() in f:\phpdev\www\pamela\ajauction\sell_subcat2.php on line 31
[02-Jan-2008 13:22:42] PHP Warning:  Invalid argument supplied for foreach() in f:\phpdev\www\pamela\ajauction\sell_subcat2.php on line 40
[02-Jan-2008 13:22:42] PHP Warning:  Invalid argument supplied for foreach() in f:\phpdev\www\pamela\ajauction\sell_subcat2.php on line 49
[02-Jan-2008 13:22:42] PHP Warning:  Invalid argument supplied for foreach() in f:\phpdev\www\pamela\ajauction\sell_subcat2.php on line 58
[02-Jan-2008 13:22:42] PHP Warning:  Invalid argument supplied for foreach() in f:\phpdev\www\pamela\ajauction\sell_subcat2.php on line 67
[02-Jan-2008 13:22:44] PHP Warning:  Invalid argument supplied for foreach() in f:\phpdev\www\pamela\ajauction\sell_subcat3.php on line 20
[02-Jan-2008 13:22:44] PHP Warning:  Invalid argument supplied for foreach() in f:\phpdev\www\pamela\ajauction\sell_subcat3.php on line 31
[02-Jan-2008 13:22:44] PHP Warning:  Invalid argument supplied for foreach() in f:\phpdev\www\pamela\ajauction\sell_subcat3.php on line 40
[02-Jan-2008 13:22:44] PHP Warning:  Invalid argument supplied for foreach() in f:\phpdev\www\pamela\ajauction\sell_subcat3.php on line 49
[02-Jan-2008 13:22:44] PHP Warning:  Invalid argument supplied for foreach() in f:\phpdev\www\pamela\ajauction\sell_subcat3.php on line 58
[02-Jan-2008 13:22:44] PHP Warning:  Invalid argument supplied for foreach() in f:\phpdev\www\pamela\ajauction\sell_subcat3.php on line 67
[02-Jan-2008 13:22:45] PHP Warning:  Invalid argument supplied for foreach() in f:\phpdev\www\pamela\ajauction\sell_subcat4.php on line 20
[02-Jan-2008 13:22:45] PHP Warning:  Invalid argument supplied for foreach() in f:\phpdev\www\pamela\ajauction\sell_subcat4.php on line 31
[02-Jan-2008 13:22:45] PHP Warning:  Invalid argument supplied for foreach() in f:\phpdev\www\pamela\ajauction\sell_subcat4.php on line 40
[02-Jan-2008 13:22:45] PHP Warning:  Invalid argument supplied for foreach() in f:\phpdev\www\pamela\ajauction\sell_subcat4.php on line 49
[02-Jan-2008 13:22:45] PHP Warning:  Invalid argument supplied for foreach() in f:\phpdev\www\pamela\ajauction\sell_subcat4.php on line 58
[02-Jan-2008 13:22:45] PHP Warning:  Invalid argument supplied for foreach() in f:\phpdev\www\pamela\ajauction\sell_subcat4.php on line 67
[02-Jan-2008 13:22:46] PHP Warning:  Invalid argument supplied for foreach() in f:\phpdev\www\pamela\ajauction\sell_subcat5.php on line 20
[02-Jan-2008 13:22:46] PHP Warning:  Invalid argument supplied for foreach() in f:\phpdev\www\pamela\ajauction\sell_subcat5.php on line 31
[02-Jan-2008 13:22:46] PHP Warning:  Invalid argument supplied for foreach() in f:\phpdev\www\pamela\ajauction\sell_subcat5.php on line 40
[02-Jan-2008 13:22:46] PHP Warning:  Invalid argument supplied for foreach() in f:\phpdev\www\pamela\ajauction\sell_subcat5.php on line 49
[02-Jan-2008 13:22:46] PHP Warning:  Invalid argument supplied for foreach() in f:\phpdev\www\pamela\ajauction\sell_subcat5.php on line 58
[02-Jan-2008 13:22:46] PHP Warning:  Invalid argument supplied for foreach() in f:\phpdev\www\pamela\ajauction\sell_subcat5.php on line 67
[02-Jan-2008 13:22:47] PHP Warning:  Invalid argument supplied for foreach() in f:\phpdev\www\pamela\ajauction\sell_subcat5.php on line 20
[02-Jan-2008 13:22:47] PHP Warning:  Invalid argument supplied for foreach() in f:\phpdev\www\pamela\ajauction\sell_subcat5.php on line 31
[02-Jan-2008 13:22:47] PHP Warning:  Invalid argument supplied for foreach() in f:\phpdev\www\pamela\ajauction\sell_subcat5.php on line 40
[02-Jan-2008 13:22:47] PHP Warning:  Invalid argument supplied for foreach() in f:\phpdev\www\pamela\ajauction\sell_subcat5.php on line 49
[02-Jan-2008 13:22:47] PHP Warning:  Invalid argument supplied for foreach() in f:\phpdev\www\pamela\ajauction\sell_subcat5.php on line 58
[02-Jan-2008 13:22:47] PHP Warning:  Invalid argument supplied for foreach() in f:\phpdev\www\pamela\ajauction\sell_subcat5.php on line 67
[02-Jan-2008 13:22:47] PHP Warning:  Invalid argument supplied for foreach() in f:\phpdev\www\pamela\ajauction\sell_subcat5.php on line 20
[02-Jan-2008 13:22:47] PHP Warning:  Invalid argument supplied for foreach() in f:\phpdev\www\pamela\ajauction\sell_subcat5.php on line 31
[02-Jan-2008 13:22:47] PHP Warning:  Invalid argument supplied for foreach() in f:\phpdev\www\pamela\ajauction\sell_subcat5.php on line 40
[02-Jan-2008 13:22:47] PHP Warning:  Invalid argument supplied for foreach() in f:\phpdev\www\pamela\ajauction\sell_subcat5.php on line 49
[02-Jan-2008 13:22:47] PHP Warning:  Invalid argument supplied for foreach() in f:\phpdev\www\pamela\ajauction\sell_subcat5.php on line 58
[02-Jan-2008 13:22:47] PHP Warning:  Invalid argument supplied for foreach() in f:\phpdev\www\pamela\ajauction\sell_subcat5.php on line 67
[02-Jan-2008 13:22:48] PHP Warning:  Invalid argument supplied for foreach() in f:\phpdev\www\pamela\ajauction\sell_subcat5.php on line 20
[02-Jan-2008 13:22:48] PHP Warning:  Invalid argument supplied for foreach() in f:\phpdev\www\pamela\ajauction\sell_subcat5.php on line 31
[02-Jan-2008 13:22:48] PHP Warning:  Invalid argument supplied for foreach() in f:\phpdev\www\pamela\ajauction\sell_subcat5.php on line 40
[02-Jan-2008 13:22:48] PHP Warning:  Invalid argument supplied for foreach() in f:\phpdev\www\pamela\ajauction\sell_subcat5.php on line 49
[02-Jan-2008 13:22:48] PHP Warning:  Invalid argument supplied for foreach() in f:\phpdev\www\pamela\ajauction\sell_subcat5.php on line 58
[02-Jan-2008 13:22:48] PHP Warning:  Invalid argument supplied for foreach() in f:\phpdev\www\pamela\ajauction\sell_subcat5.php on line 67
[02-Jan-2008 13:23:43] PHP Warning:  Invalid argument supplied for foreach() in f:\phpdev\www\pamela\ajauction\sell_subcat1.php on line 22
[02-Jan-2008 13:23:43] PHP Warning:  Invalid argument supplied for foreach() in f:\phpdev\www\pamela\ajauction\sell_subcat1.php on line 33
[02-Jan-2008 13:23:43] PHP Warning:  Invalid argument supplied for foreach() in f:\phpdev\www\pamela\ajauction\sell_subcat1.php on line 42
[02-Jan-2008 13:23:43] PHP Warning:  Invalid argument supplied for foreach() in f:\phpdev\www\pamela\ajauction\sell_subcat1.php on line 51
[02-Jan-2008 13:23:43] PHP Warning:  Invalid argument supplied for foreach() in f:\phpdev\www\pamela\ajauction\sell_subcat1.php on line 60
[02-Jan-2008 13:23:43] PHP Warning:  Invalid argument supplied for foreach() in f:\phpdev\www\pamela\ajauction\sell_subcat1.php on line 69
[02-Jan-2008 13:23:45] PHP Warning:  Invalid argument supplied for foreach() in f:\phpdev\www\pamela\ajauction\sell_subcat2.php on line 20
[02-Jan-2008 13:23:45] PHP Warning:  Invalid argument supplied for foreach() in f:\phpdev\www\pamela\ajauction\sell_subcat2.php on line 31
[02-Jan-2008 13:23:45] PHP Warning:  Invalid argument supplied for foreach() in f:\phpdev\www\pamela\ajauction\sell_subcat2.php on line 40
[02-Jan-2008 13:23:45] PHP Warning:  Invalid argument supplied for foreach() in f:\phpdev\www\pamela\ajauction\sell_subcat2.php on line 49
[02-Jan-2008 13:23:45] PHP Warning:  Invalid argument supplied for foreach() in f:\phpdev\www\pamela\ajauction\sell_subcat2.php on line 58
[02-Jan-2008 13:23:45] PHP Warning:  Invalid argument supplied for foreach() in f:\phpdev\www\pamela\ajauction\sell_subcat2.php on line 67
[02-Jan-2008 13:23:48] PHP Warning:  Invalid argument supplied for foreach() in f:\phpdev\www\pamela\ajauction\sell_subcat3.php on line 20
[02-Jan-2008 13:23:48] PHP Warning:  Invalid argument supplied for foreach() in f:\phpdev\www\pamela\ajauction\sell_subcat3.php on line 31
[02-Jan-2008 13:23:48] PHP Warning:  Invalid argument supplied for foreach() in f:\phpdev\www\pamela\ajauction\sell_subcat3.php on line 40
[02-Jan-2008 13:23:48] PHP Warning:  Invalid argument supplied for foreach() in f:\phpdev\www\pamela\ajauction\sell_subcat3.php on line 49
[02-Jan-2008 13:23:48] PHP Warning:  Invalid argument supplied for foreach() in f:\phpdev\www\pamela\ajauction\sell_subcat3.php on line 58
[02-Jan-2008 13:23:48] PHP Warning:  Invalid argument supplied for foreach() in f:\phpdev\www\pamela\ajauction\sell_subcat3.php on line 67
[02-Jan-2008 13:23:48] PHP Warning:  Invalid argument supplied for foreach() in f:\phpdev\www\pamela\ajauction\sell_subcat4.php on line 20
[02-Jan-2008 13:23:48] PHP Warning:  Invalid argument supplied for foreach() in f:\phpdev\www\pamela\ajauction\sell_subcat4.php on line 31
[02-Jan-2008 13:23:48] PHP Warning:  Invalid argument supplied for foreach() in f:\phpdev\www\pamela\ajauction\sell_subcat4.php on line 40
[02-Jan-2008 13:23:48] PHP Warning:  Invalid argument supplied for foreach() in f:\phpdev\www\pamela\ajauction\sell_subcat4.php on line 49
[02-Jan-2008 13:23:48] PHP Warning:  Invalid argument supplied for foreach() in f:\phpdev\www\pamela\ajauction\sell_subcat4.php on line 58
[02-Jan-2008 13:23:48] PHP Warning:  Invalid argument supplied for foreach() in f:\phpdev\www\pamela\ajauction\sell_subcat4.php on line 67
[02-Jan-2008 13:23:49] PHP Warning:  Invalid argument supplied for foreach() in f:\phpdev\www\pamela\ajauction\sell_subcat5.php on line 20
[02-Jan-2008 13:23:49] PHP Warning:  Invalid argument supplied for foreach() in f:\phpdev\www\pamela\ajauction\sell_subcat5.php on line 31
[02-Jan-2008 13:23:49] PHP Warning:  Invalid argument supplied for foreach() in f:\phpdev\www\pamela\ajauction\sell_subcat5.php on line 40
[02-Jan-2008 13:23:49] PHP Warning:  Invalid argument supplied for foreach() in f:\phpdev\www\pamela\ajauction\sell_subcat5.php on line 49
[02-Jan-2008 13:23:49] PHP Warning:  Invalid argument supplied for foreach() in f:\phpdev\www\pamela\ajauction\sell_subcat5.php on line 58
[02-Jan-2008 13:23:49] PHP Warning:  Invalid argument supplied for foreach() in f:\phpdev\www\pamela\ajauction\sell_subcat5.php on line 67
[02-Jan-2008 13:23:50] PHP Warning:  Invalid argument supplied for foreach() in f:\phpdev\www\pamela\ajauction\sell_subcat6.php on line 20
[02-Jan-2008 13:23:50] PHP Warning:  Invalid argument supplied for foreach() in f:\phpdev\www\pamela\ajauction\sell_subcat6.php on line 31
[02-Jan-2008 13:23:50] PHP Warning:  Invalid argument supplied for foreach() in f:\phpdev\www\pamela\ajauction\sell_subcat6.php on line 40
[02-Jan-2008 13:23:50] PHP Warning:  Invalid argument supplied for foreach() in f:\phpdev\www\pamela\ajauction\sell_subcat6.php on line 49
[02-Jan-2008 13:23:50] PHP Warning:  Invalid argument supplied for foreach() in f:\phpdev\www\pamela\ajauction\sell_subcat6.php on line 58
[02-Jan-2008 13:23:50] PHP Warning:  Invalid argument supplied for foreach() in f:\phpdev\www\pamela\ajauction\sell_subcat6.php on line 67
[02-Jan-2008 13:25:11] PHP Warning:  Invalid argument supplied for foreach() in f:\phpdev\www\pamela\ajauction\sell_subcat1.php on line 22
[02-Jan-2008 13:25:11] PHP Warning:  Invalid argument supplied for foreach() in f:\phpdev\www\pamela\ajauction\sell_subcat1.php on line 33
[02-Jan-2008 13:25:11] PHP Warning:  Invalid argument supplied for foreach() in f:\phpdev\www\pamela\ajauction\sell_subcat1.php on line 42
[02-Jan-2008 13:25:11] PHP Warning:  Invalid argument supplied for foreach() in f:\phpdev\www\pamela\ajauction\sell_subcat1.php on line 51
[02-Jan-2008 13:25:11] PHP Warning:  Invalid argument supplied for foreach() in f:\phpdev\www\pamela\ajauction\sell_subcat1.php on line 60
[02-Jan-2008 13:25:11] PHP Warning:  Invalid argument supplied for foreach() in f:\phpdev\www\pamela\ajauction\sell_subcat1.php on line 69
[02-Jan-2008 13:25:13] PHP Warning:  Invalid argument supplied for foreach() in f:\phpdev\www\pamela\ajauction\sell_subcat2.php on line 20
[02-Jan-2008 13:25:13] PHP Warning:  Invalid argument supplied for foreach() in f:\phpdev\www\pamela\ajauction\sell_subcat2.php on line 31
[02-Jan-2008 13:25:13] PHP Warning:  Invalid argument supplied for foreach() in f:\phpdev\www\pamela\ajauction\sell_subcat2.php on line 40
[02-Jan-2008 13:25:13] PHP Warning:  Invalid argument supplied for foreach() in f:\phpdev\www\pamela\ajauction\sell_subcat2.php on line 49
[02-Jan-2008 13:25:13] PHP Warning:  Invalid argument supplied for foreach() in f:\phpdev\www\pamela\ajauction\sell_subcat2.php on line 58
[02-Jan-2008 13:25:13] PHP Warning:  Invalid argument supplied for foreach() in f:\phpdev\www\pamela\ajauction\sell_subcat2.php on line 67
[02-Jan-2008 13:25:15] PHP Warning:  Invalid argument supplied for foreach() in f:\phpdev\www\pamela\ajauction\sell_subcat3.php on line 20
[02-Jan-2008 13:25:15] PHP Warning:  Invalid argument supplied for foreach() in f:\phpdev\www\pamela\ajauction\sell_subcat3.php on line 31
[02-Jan-2008 13:25:15] PHP Warning:  Invalid argument supplied for foreach() in f:\phpdev\www\pamela\ajauction\sell_subcat3.php on line 40
[02-Jan-2008 13:25:15] PHP Warning:  Invalid argument supplied for foreach() in f:\phpdev\www\pamela\ajauction\sell_subcat3.php on line 49
[02-Jan-2008 13:25:15] PHP Warning:  Invalid argument supplied for foreach() in f:\phpdev\www\pamela\ajauction\sell_subcat3.php on line 58
[02-Jan-2008 13:25:15] PHP Warning:  Invalid argument supplied for foreach() in f:\phpdev\www\pamela\ajauction\sell_subcat3.php on line 67
[02-Jan-2008 13:25:16] PHP Warning:  Invalid argument supplied for foreach() in f:\phpdev\www\pamela\ajauction\sell_subcat4.php on line 20
[02-Jan-2008 13:25:16] PHP Warning:  Invalid argument supplied for foreach() in f:\phpdev\www\pamela\ajauction\sell_subcat4.php on line 31
[02-Jan-2008 13:25:16] PHP Warning:  Invalid argument supplied for foreach() in f:\phpdev\www\pamela\ajauction\sell_subcat4.php on line 40
[02-Jan-2008 13:25:16] PHP Warning:  Invalid argument supplied for foreach() in f:\phpdev\www\pamela\ajauction\sell_subcat4.php on line 49
[02-Jan-2008 13:25:16] PHP Warning:  Invalid argument supplied for foreach() in f:\phpdev\www\pamela\ajauction\sell_subcat4.php on line 58
[02-Jan-2008 13:25:16] PHP Warning:  Invalid argument supplied for foreach() in f:\phpdev\www\pamela\ajauction\sell_subcat4.php on line 67
[02-Jan-2008 13:25:17] PHP Warning:  Invalid argument supplied for foreach() in f:\phpdev\www\pamela\ajauction\sell_subcat5.php on line 20
[02-Jan-2008 13:25:17] PHP Warning:  Invalid argument supplied for foreach() in f:\phpdev\www\pamela\ajauction\sell_subcat5.php on line 31
[02-Jan-2008 13:25:17] PHP Warning:  Invalid argument supplied for foreach() in f:\phpdev\www\pamela\ajauction\sell_subcat5.php on line 40
[02-Jan-2008 13:25:17] PHP Warning:  Invalid argument supplied for foreach() in f:\phpdev\www\pamela\ajauction\sell_subcat5.php on line 49
[02-Jan-2008 13:25:17] PHP Warning:  Invalid argument supplied for foreach() in f:\phpdev\www\pamela\ajauction\sell_subcat5.php on line 58
[02-Jan-2008 13:25:17] PHP Warning:  Invalid argument supplied for foreach() in f:\phpdev\www\pamela\ajauction\sell_subcat5.php on line 67
[02-Jan-2008 13:25:17] PHP Warning:  Invalid argument supplied for foreach() in f:\phpdev\www\pamela\ajauction\sell_subcat6.php on line 20
[02-Jan-2008 13:25:17] PHP Warning:  Invalid argument supplied for foreach() in f:\phpdev\www\pamela\ajauction\sell_subcat6.php on line 31
[02-Jan-2008 13:25:17] PHP Warning:  Invalid argument supplied for foreach() in f:\phpdev\www\pamela\ajauction\sell_subcat6.php on line 40
[02-Jan-2008 13:25:17] PHP Warning:  Invalid argument supplied for foreach() in f:\phpdev\www\pamela\ajauction\sell_subcat6.php on line 49
[02-Jan-2008 13:25:17] PHP Warning:  Invalid argument supplied for foreach() in f:\phpdev\www\pamela\ajauction\sell_subcat6.php on line 58
[02-Jan-2008 13:25:17] PHP Warning:  Invalid argument supplied for foreach() in f:\phpdev\www\pamela\ajauction\sell_subcat6.php on line 67
[02-Jan-2008 13:25:18] PHP Warning:  Invalid argument supplied for foreach() in f:\phpdev\www\pamela\ajauction\sell_subcat7.php on line 20
[02-Jan-2008 13:25:18] PHP Warning:  Invalid argument supplied for foreach() in f:\phpdev\www\pamela\ajauction\sell_subcat7.php on line 31
[02-Jan-2008 13:25:18] PHP Warning:  Invalid argument supplied for foreach() in f:\phpdev\www\pamela\ajauction\sell_subcat7.php on line 40
[02-Jan-2008 13:25:18] PHP Warning:  Invalid argument supplied for foreach() in f:\phpdev\www\pamela\ajauction\sell_subcat7.php on line 49
[02-Jan-2008 13:25:18] PHP Warning:  Invalid argument supplied for foreach() in f:\phpdev\www\pamela\ajauction\sell_subcat7.php on line 58
[02-Jan-2008 13:25:18] PHP Warning:  Invalid argument supplied for foreach() in f:\phpdev\www\pamela\ajauction\sell_subcat7.php on line 67
[02-Jan-2008 13:26:36] PHP Warning:  Invalid argument supplied for foreach() in f:\phpdev\www\pamela\ajauction\sell_subcat1.php on line 22
[02-Jan-2008 13:26:37] PHP Warning:  Invalid argument supplied for foreach() in f:\phpdev\www\pamela\ajauction\sell_subcat1.php on line 33
[02-Jan-2008 13:26:37] PHP Warning:  Invalid argument supplied for foreach() in f:\phpdev\www\pamela\ajauction\sell_subcat1.php on line 42
[02-Jan-2008 13:26:37] PHP Warning:  Invalid argument supplied for foreach() in f:\phpdev\www\pamela\ajauction\sell_subcat1.php on line 51
[02-Jan-2008 13:26:37] PHP Warning:  Invalid argument supplied for foreach() in f:\phpdev\www\pamela\ajauction\sell_subcat1.php on line 60
[02-Jan-2008 13:26:37] PHP Warning:  Invalid argument supplied for foreach() in f:\phpdev\www\pamela\ajauction\sell_subcat1.php on line 69
[02-Jan-2008 13:26:42] PHP Warning:  Invalid argument supplied for foreach() in f:\phpdev\www\pamela\ajauction\sell_subcat1.php on line 22
[02-Jan-2008 13:26:42] PHP Warning:  Invalid argument supplied for foreach() in f:\phpdev\www\pamela\ajauction\sell_subcat1.php on line 33
[02-Jan-2008 13:26:42] PHP Warning:  Invalid argument supplied for foreach() in f:\phpdev\www\pamela\ajauction\sell_subcat1.php on line 42
[02-Jan-2008 13:26:42] PHP Warning:  Invalid argument supplied for foreach() in f:\phpdev\www\pamela\ajauction\sell_subcat1.php on line 51
[02-Jan-2008 13:26:42] PHP Warning:  Invalid argument supplied for foreach() in f:\phpdev\www\pamela\ajauction\sell_subcat1.php on line 60
[02-Jan-2008 13:26:42] PHP Warning:  Invalid argument supplied for foreach() in f:\phpdev\www\pamela\ajauction\sell_subcat1.php on line 69
[02-Jan-2008 13:26:44] PHP Warning:  Invalid argument supplied for foreach() in f:\phpdev\www\pamela\ajauction\sell_subcat2.php on line 20
[02-Jan-2008 13:26:44] PHP Warning:  Invalid argument supplied for foreach() in f:\phpdev\www\pamela\ajauction\sell_subcat2.php on line 31
[02-Jan-2008 13:26:44] PHP Warning:  Invalid argument supplied for foreach() in f:\phpdev\www\pamela\ajauction\sell_subcat2.php on line 40
[02-Jan-2008 13:26:44] PHP Warning:  Invalid argument supplied for foreach() in f:\phpdev\www\pamela\ajauction\sell_subcat2.php on line 49
[02-Jan-2008 13:26:44] PHP Warning:  Invalid argument supplied for foreach() in f:\phpdev\www\pamela\ajauction\sell_subcat2.php on line 58
[02-Jan-2008 13:26:44] PHP Warning:  Invalid argument supplied for foreach() in f:\phpdev\www\pamela\ajauction\sell_subcat2.php on line 67
[02-Jan-2008 13:26:47] PHP Warning:  Invalid argument supplied for foreach() in f:\phpdev\www\pamela\ajauction\sell_subcat3.php on line 20
[02-Jan-2008 13:26:47] PHP Warning:  Invalid argument supplied for foreach() in f:\phpdev\www\pamela\ajauction\sell_subcat3.php on line 31
[02-Jan-2008 13:26:47] PHP Warning:  Invalid argument supplied for foreach() in f:\phpdev\www\pamela\ajauction\sell_subcat3.php on line 40
[02-Jan-2008 13:26:47] PHP Warning:  Invalid argument supplied for foreach() in f:\phpdev\www\pamela\ajauction\sell_subcat3.php on line 49
[02-Jan-2008 13:26:47] PHP Warning:  Invalid argument supplied for foreach() in f:\phpdev\www\pamela\ajauction\sell_subcat3.php on line 58
[02-Jan-2008 13:26:47] PHP Warning:  Invalid argument supplied for foreach() in f:\phpdev\www\pamela\ajauction\sell_subcat3.php on line 67
[02-Jan-2008 13:26:47] PHP Warning:  Invalid argument supplied for foreach() in f:\phpdev\www\pamela\ajauction\sell_subcat4.php on line 20
[02-Jan-2008 13:26:47] PHP Warning:  Invalid argument supplied for foreach() in f:\phpdev\www\pamela\ajauction\sell_subcat4.php on line 31
[02-Jan-2008 13:26:47] PHP Warning:  Invalid argument supplied for foreach() in f:\phpdev\www\pamela\ajauction\sell_subcat4.php on line 40
[02-Jan-2008 13:26:47] PHP Warning:  Invalid argument supplied for foreach() in f:\phpdev\www\pamela\ajauction\sell_subcat4.php on line 49
[02-Jan-2008 13:26:47] PHP Warning:  Invalid argument supplied for foreach() in f:\phpdev\www\pamela\ajauction\sell_subcat4.php on line 58
[02-Jan-2008 13:26:47] PHP Warning:  Invalid argument supplied for foreach() in f:\phpdev\www\pamela\ajauction\sell_subcat4.php on line 67
[02-Jan-2008 13:26:48] PHP Warning:  Invalid argument supplied for foreach() in f:\phpdev\www\pamela\ajauction\sell_subcat5.php on line 20
[02-Jan-2008 13:26:48] PHP Warning:  Invalid argument supplied for foreach() in f:\phpdev\www\pamela\ajauction\sell_subcat5.php on line 31
[02-Jan-2008 13:26:48] PHP Warning:  Invalid argument supplied for foreach() in f:\phpdev\www\pamela\ajauction\sell_subcat5.php on line 40
[02-Jan-2008 13:26:48] PHP Warning:  Invalid argument supplied for foreach() in f:\phpdev\www\pamela\ajauction\sell_subcat5.php on line 49
[02-Jan-2008 13:26:48] PHP Warning:  Invalid argument supplied for foreach() in f:\phpdev\www\pamela\ajauction\sell_subcat5.php on line 58
[02-Jan-2008 13:26:48] PHP Warning:  Invalid argument supplied for foreach() in f:\phpdev\www\pamela\ajauction\sell_subcat5.php on line 67
[02-Jan-2008 13:26:48] PHP Warning:  Invalid argument supplied for foreach() in f:\phpdev\www\pamela\ajauction\sell_subcat6.php on line 20
[02-Jan-2008 13:26:48] PHP Warning:  Invalid argument supplied for foreach() in f:\phpdev\www\pamela\ajauction\sell_subcat6.php on line 31
[02-Jan-2008 13:26:48] PHP Warning:  Invalid argument supplied for foreach() in f:\phpdev\www\pamela\ajauction\sell_subcat6.php on line 40
[02-Jan-2008 13:26:48] PHP Warning:  Invalid argument supplied for foreach() in f:\phpdev\www\pamela\ajauction\sell_subcat6.php on line 49
[02-Jan-2008 13:26:48] PHP Warning:  Invalid argument supplied for foreach() in f:\phpdev\www\pamela\ajauction\sell_subcat6.php on line 58
[02-Jan-2008 13:26:48] PHP Warning:  Invalid argument supplied for foreach() in f:\phpdev\www\pamela\ajauction\sell_subcat6.php on line 67
[02-Jan-2008 13:26:49] PHP Warning:  Invalid argument supplied for foreach() in f:\phpdev\www\pamela\ajauction\sell_subcat7.php on line 20
[02-Jan-2008 13:26:49] PHP Warning:  Invalid argument supplied for foreach() in f:\phpdev\www\pamela\ajauction\sell_subcat7.php on line 31
[02-Jan-2008 13:26:49] PHP Warning:  Invalid argument supplied for foreach() in f:\phpdev\www\pamela\ajauction\sell_subcat7.php on line 40
[02-Jan-2008 13:26:49] PHP Warning:  Invalid argument supplied for foreach() in f:\phpdev\www\pamela\ajauction\sell_subcat7.php on line 49
[02-Jan-2008 13:26:49] PHP Warning:  Invalid argument supplied for foreach() in f:\phpdev\www\pamela\ajauction\sell_subcat7.php on line 58
[02-Jan-2008 13:26:49] PHP Warning:  Invalid argument supplied for foreach() in f:\phpdev\www\pamela\ajauction\sell_subcat7.php on line 67
[02-Jan-2008 13:32:59] PHP Warning:  Invalid argument supplied for foreach() in f:\phpdev\www\pamela\ajauction\sell_subcat1.php on line 22
[02-Jan-2008 13:32:59] PHP Warning:  Invalid argument supplied for foreach() in f:\phpdev\www\pamela\ajauction\sell_subcat1.php on line 33
[02-Jan-2008 13:32:59] PHP Warning:  Invalid argument supplied for foreach() in f:\phpdev\www\pamela\ajauction\sell_subcat1.php on line 42
[02-Jan-2008 13:32:59] PHP Warning:  Invalid argument supplied for foreach() in f:\phpdev\www\pamela\ajauction\sell_subcat1.php on line 51
[02-Jan-2008 13:32:59] PHP Warning:  Invalid argument supplied for foreach() in f:\phpdev\www\pamela\ajauction\sell_subcat1.php on line 60
[02-Jan-2008 13:32:59] PHP Warning:  Invalid argument supplied for foreach() in f:\phpdev\www\pamela\ajauction\sell_subcat1.php on line 69
[02-Jan-2008 13:33:00] PHP Warning:  Invalid argument supplied for foreach() in f:\phpdev\www\pamela\ajauction\sell_subcat2.php on line 20
[02-Jan-2008 13:33:00] PHP Warning:  Invalid argument supplied for foreach() in f:\phpdev\www\pamela\ajauction\sell_subcat2.php on line 31
[02-Jan-2008 13:33:00] PHP Warning:  Invalid argument supplied for foreach() in f:\phpdev\www\pamela\ajauction\sell_subcat2.php on line 40
[02-Jan-2008 13:33:00] PHP Warning:  Invalid argument supplied for foreach() in f:\phpdev\www\pamela\ajauction\sell_subcat2.php on line 49
[02-Jan-2008 13:33:00] PHP Warning:  Invalid argument supplied for foreach() in f:\phpdev\www\pamela\ajauction\sell_subcat2.php on line 58
[02-Jan-2008 13:33:00] PHP Warning:  Invalid argument supplied for foreach() in f:\phpdev\www\pamela\ajauction\sell_subcat2.php on line 67
[02-Jan-2008 13:33:03] PHP Warning:  Invalid argument supplied for foreach() in f:\phpdev\www\pamela\ajauction\sell_subcat1.php on line 22
[02-Jan-2008 13:33:03] PHP Warning:  Invalid argument supplied for foreach() in f:\phpdev\www\pamela\ajauction\sell_subcat1.php on line 33
[02-Jan-2008 13:33:03] PHP Warning:  Invalid argument supplied for foreach() in f:\phpdev\www\pamela\ajauction\sell_subcat1.php on line 42
[02-Jan-2008 13:33:03] PHP Warning:  Invalid argument supplied for foreach() in f:\phpdev\www\pamela\ajauction\sell_subcat1.php on line 51
[02-Jan-2008 13:33:03] PHP Warning:  Invalid argument supplied for foreach() in f:\phpdev\www\pamela\ajauction\sell_subcat1.php on line 60
[02-Jan-2008 13:33:03] PHP Warning:  Invalid argument supplied for foreach() in f:\phpdev\www\pamela\ajauction\sell_subcat1.php on line 69
[02-Jan-2008 13:33:03] PHP Warning:  Invalid argument supplied for foreach() in f:\phpdev\www\pamela\ajauction\sell_subcat2.php on line 20
[02-Jan-2008 13:33:03] PHP Warning:  Invalid argument supplied for foreach() in f:\phpdev\www\pamela\ajauction\sell_subcat2.php on line 31
[02-Jan-2008 13:33:03] PHP Warning:  Invalid argument supplied for foreach() in f:\phpdev\www\pamela\ajauction\sell_subcat2.php on line 40
[02-Jan-2008 13:33:03] PHP Warning:  Invalid argument supplied for foreach() in f:\phpdev\www\pamela\ajauction\sell_subcat2.php on line 49
[02-Jan-2008 13:33:03] PHP Warning:  Invalid argument supplied for foreach() in f:\phpdev\www\pamela\ajauction\sell_subcat2.php on line 58
[02-Jan-2008 13:33:03] PHP Warning:  Invalid argument supplied for foreach() in f:\phpdev\www\pamela\ajauction\sell_subcat2.php on line 67
[02-Jan-2008 13:33:04] PHP Warning:  Invalid argument supplied for foreach() in f:\phpdev\www\pamela\ajauction\sell_subcat3.php on line 20
[02-Jan-2008 13:33:04] PHP Warning:  Invalid argument supplied for foreach() in f:\phpdev\www\pamela\ajauction\sell_subcat3.php on line 31
[02-Jan-2008 13:33:04] PHP Warning:  Invalid argument supplied for foreach() in f:\phpdev\www\pamela\ajauction\sell_subcat3.php on line 40
[02-Jan-2008 13:33:04] PHP Warning:  Invalid argument supplied for foreach() in f:\phpdev\www\pamela\ajauction\sell_subcat3.php on line 49
[02-Jan-2008 13:33:04] PHP Warning:  Invalid argument supplied for foreach() in f:\phpdev\www\pamela\ajauction\sell_subcat3.php on line 58
[02-Jan-2008 13:33:04] PHP Warning:  Invalid argument supplied for foreach() in f:\phpdev\www\pamela\ajauction\sell_subcat3.php on line 67
[02-Jan-2008 13:33:04] PHP Warning:  Invalid argument supplied for foreach() in f:\phpdev\www\pamela\ajauction\sell_subcat4.php on line 20
[02-Jan-2008 13:33:04] PHP Warning:  Invalid argument supplied for foreach() in f:\phpdev\www\pamela\ajauction\sell_subcat4.php on line 31
[02-Jan-2008 13:33:04] PHP Warning:  Invalid argument supplied for foreach() in f:\phpdev\www\pamela\ajauction\sell_subcat4.php on line 40
[02-Jan-2008 13:33:04] PHP Warning:  Invalid argument supplied for foreach() in f:\phpdev\www\pamela\ajauction\sell_subcat4.php on line 49
[02-Jan-2008 13:33:04] PHP Warning:  Invalid argument supplied for foreach() in f:\phpdev\www\pamela\ajauction\sell_subcat4.php on line 58
[02-Jan-2008 13:33:04] PHP Warning:  Invalid argument supplied for foreach() in f:\phpdev\www\pamela\ajauction\sell_subcat4.php on line 67
[02-Jan-2008 13:33:05] PHP Warning:  Invalid argument supplied for foreach() in f:\phpdev\www\pamela\ajauction\sell_subcat5.php on line 20
[02-Jan-2008 13:33:05] PHP Warning:  Invalid argument supplied for foreach() in f:\phpdev\www\pamela\ajauction\sell_subcat5.php on line 31
[02-Jan-2008 13:33:05] PHP Warning:  Invalid argument supplied for foreach() in f:\phpdev\www\pamela\ajauction\sell_subcat5.php on line 40
[02-Jan-2008 13:33:05] PHP Warning:  Invalid argument supplied for foreach() in f:\phpdev\www\pamela\ajauction\sell_subcat5.php on line 49
[02-Jan-2008 13:33:05] PHP Warning:  Invalid argument supplied for foreach() in f:\phpdev\www\pamela\ajauction\sell_subcat5.php on line 58
[02-Jan-2008 13:33:05] PHP Warning:  Invalid argument supplied for foreach() in f:\phpdev\www\pamela\ajauction\sell_subcat5.php on line 67
[02-Jan-2008 13:33:06] PHP Warning:  Invalid argument supplied for foreach() in f:\phpdev\www\pamela\ajauction\sell_subcat6.php on line 20
[02-Jan-2008 13:33:06] PHP Warning:  Invalid argument supplied for foreach() in f:\phpdev\www\pamela\ajauction\sell_subcat6.php on line 31
[02-Jan-2008 13:33:06] PHP Warning:  Invalid argument supplied for foreach() in f:\phpdev\www\pamela\ajauction\sell_subcat6.php on line 40
[02-Jan-2008 13:33:06] PHP Warning:  Invalid argument supplied for foreach() in f:\phpdev\www\pamela\ajauction\sell_subcat6.php on line 49
[02-Jan-2008 13:33:06] PHP Warning:  Invalid argument supplied for foreach() in f:\phpdev\www\pamela\ajauction\sell_subcat6.php on line 58
[02-Jan-2008 13:33:06] PHP Warning:  Invalid argument supplied for foreach() in f:\phpdev\www\pamela\ajauction\sell_subcat6.php on line 67
[02-Jan-2008 13:33:06] PHP Warning:  Invalid argument supplied for foreach() in f:\phpdev\www\pamela\ajauction\sell_subcat7.php on line 20
[02-Jan-2008 13:33:06] PHP Warning:  Invalid argument supplied for foreach() in f:\phpdev\www\pamela\ajauction\sell_subcat7.php on line 31
[02-Jan-2008 13:33:06] PHP Warning:  Invalid argument supplied for foreach() in f:\phpdev\www\pamela\ajauction\sell_subcat7.php on line 40
[02-Jan-2008 13:33:06] PHP Warning:  Invalid argument supplied for foreach() in f:\phpdev\www\pamela\ajauction\sell_subcat7.php on line 49
[02-Jan-2008 13:33:06] PHP Warning:  Invalid argument supplied for foreach() in f:\phpdev\www\pamela\ajauction\sell_subcat7.php on line 58
[02-Jan-2008 13:33:06] PHP Warning:  Invalid argument supplied for foreach() in f:\phpdev\www\pamela\ajauction\sell_subcat7.php on line 67
[02-Jan-2008 13:37:42] PHP Warning:  Invalid argument supplied for foreach() in f:\phpdev\www\pamela\ajauction\sell_subcat1.php on line 22
[02-Jan-2008 13:37:42] PHP Warning:  Invalid argument supplied for foreach() in f:\phpdev\www\pamela\ajauction\sell_subcat1.php on line 33
[02-Jan-2008 13:37:42] PHP Warning:  Invalid argument supplied for foreach() in f:\phpdev\www\pamela\ajauction\sell_subcat1.php on line 42
[02-Jan-2008 13:37:42] PHP Warning:  Invalid argument supplied for foreach() in f:\phpdev\www\pamela\ajauction\sell_subcat1.php on line 51
[02-Jan-2008 13:37:42] PHP Warning:  Invalid argument supplied for foreach() in f:\phpdev\www\pamela\ajauction\sell_subcat1.php on line 60
[02-Jan-2008 13:37:42] PHP Warning:  Invalid argument supplied for foreach() in f:\phpdev\www\pamela\ajauction\sell_subcat1.php on line 69
[02-Jan-2008 13:37:43] PHP Warning:  Invalid argument supplied for foreach() in f:\phpdev\www\pamela\ajauction\sell_subcat2.php on line 20
[02-Jan-2008 13:37:43] PHP Warning:  Invalid argument supplied for foreach() in f:\phpdev\www\pamela\ajauction\sell_subcat2.php on line 31
[02-Jan-2008 13:37:43] PHP Warning:  Invalid argument supplied for foreach() in f:\phpdev\www\pamela\ajauction\sell_subcat2.php on line 40
[02-Jan-2008 13:37:43] PHP Warning:  Invalid argument supplied for foreach() in f:\phpdev\www\pamela\ajauction\sell_subcat2.php on line 49
[02-Jan-2008 13:37:43] PHP Warning:  Invalid argument supplied for foreach() in f:\phpdev\www\pamela\ajauction\sell_subcat2.php on line 58
[02-Jan-2008 13:37:43] PHP Warning:  Invalid argument supplied for foreach() in f:\phpdev\www\pamela\ajauction\sell_subcat2.php on line 67
[02-Jan-2008 13:37:43] PHP Warning:  Invalid argument supplied for foreach() in f:\phpdev\www\pamela\ajauction\sell_subcat3.php on line 20
[02-Jan-2008 13:37:43] PHP Warning:  Invalid argument supplied for foreach() in f:\phpdev\www\pamela\ajauction\sell_subcat3.php on line 31
[02-Jan-2008 13:37:44] PHP Warning:  Invalid argument supplied for foreach() in f:\phpdev\www\pamela\ajauction\sell_subcat3.php on line 40
[02-Jan-2008 13:37:44] PHP Warning:  Invalid argument supplied for foreach() in f:\phpdev\www\pamela\ajauction\sell_subcat3.php on line 49
[02-Jan-2008 13:37:44] PHP Warning:  Invalid argument supplied for foreach() in f:\phpdev\www\pamela\ajauction\sell_subcat3.php on line 58
[02-Jan-2008 13:37:44] PHP Warning:  Invalid argument supplied for foreach() in f:\phpdev\www\pamela\ajauction\sell_subcat3.php on line 67
[02-Jan-2008 13:37:44] PHP Warning:  Invalid argument supplied for foreach() in f:\phpdev\www\pamela\ajauction\sell_subcat4.php on line 20
[02-Jan-2008 13:37:44] PHP Warning:  Invalid argument supplied for foreach() in f:\phpdev\www\pamela\ajauction\sell_subcat4.php on line 31
[02-Jan-2008 13:37:44] PHP Warning:  Invalid argument supplied for foreach() in f:\phpdev\www\pamela\ajauction\sell_subcat4.php on line 40
[02-Jan-2008 13:37:44] PHP Warning:  Invalid argument supplied for foreach() in f:\phpdev\www\pamela\ajauction\sell_subcat4.php on line 49
[02-Jan-2008 13:37:44] PHP Warning:  Invalid argument supplied for foreach() in f:\phpdev\www\pamela\ajauction\sell_subcat4.php on line 58
[02-Jan-2008 13:37:44] PHP Warning:  Invalid argument supplied for foreach() in f:\phpdev\www\pamela\ajauction\sell_subcat4.php on line 67
[02-Jan-2008 13:37:45] PHP Warning:  Invalid argument supplied for foreach() in f:\phpdev\www\pamela\ajauction\sell_subcat5.php on line 20
[02-Jan-2008 13:37:45] PHP Warning:  Invalid argument supplied for foreach() in f:\phpdev\www\pamela\ajauction\sell_subcat5.php on line 31
[02-Jan-2008 13:37:45] PHP Warning:  Invalid argument supplied for foreach() in f:\phpdev\www\pamela\ajauction\sell_subcat5.php on line 40
[02-Jan-2008 13:37:45] PHP Warning:  Invalid argument supplied for foreach() in f:\phpdev\www\pamela\ajauction\sell_subcat5.php on line 49
[02-Jan-2008 13:37:45] PHP Warning:  Invalid argument supplied for foreach() in f:\phpdev\www\pamela\ajauction\sell_subcat5.php on line 58
[02-Jan-2008 13:37:45] PHP Warning:  Invalid argument supplied for foreach() in f:\phpdev\www\pamela\ajauction\sell_subcat5.php on line 67
[02-Jan-2008 13:37:45] PHP Warning:  Invalid argument supplied for foreach() in f:\phpdev\www\pamela\ajauction\sell_subcat6.php on line 20
[02-Jan-2008 13:37:45] PHP Warning:  Invalid argument supplied for foreach() in f:\phpdev\www\pamela\ajauction\sell_subcat6.php on line 31
[02-Jan-2008 13:37:45] PHP Warning:  Invalid argument supplied for foreach() in f:\phpdev\www\pamela\ajauction\sell_subcat6.php on line 40
[02-Jan-2008 13:37:45] PHP Warning:  Invalid argument supplied for foreach() in f:\phpdev\www\pamela\ajauction\sell_subcat6.php on line 49
[02-Jan-2008 13:37:45] PHP Warning:  Invalid argument supplied for foreach() in f:\phpdev\www\pamela\ajauction\sell_subcat6.php on line 58
[02-Jan-2008 13:37:46] PHP Warning:  Invalid argument supplied for foreach() in f:\phpdev\www\pamela\ajauction\sell_subcat6.php on line 67
[02-Jan-2008 13:37:46] PHP Warning:  Invalid argument supplied for foreach() in f:\phpdev\www\pamela\ajauction\sell_subcat7.php on line 20
[02-Jan-2008 13:37:46] PHP Warning:  Invalid argument supplied for foreach() in f:\phpdev\www\pamela\ajauction\sell_subcat7.php on line 31
[02-Jan-2008 13:37:46] PHP Warning:  Invalid argument supplied for foreach() in f:\phpdev\www\pamela\ajauction\sell_subcat7.php on line 40
[02-Jan-2008 13:37:46] PHP Warning:  Invalid argument supplied for foreach() in f:\phpdev\www\pamela\ajauction\sell_subcat7.php on line 49
[02-Jan-2008 13:37:46] PHP Warning:  Invalid argument supplied for foreach() in f:\phpdev\www\pamela\ajauction\sell_subcat7.php on line 58
[02-Jan-2008 13:37:46] PHP Warning:  Invalid argument supplied for foreach() in f:\phpdev\www\pamela\ajauction\sell_subcat7.php on line 67
[02-Jan-2008 13:38:45] PHP Warning:  Invalid argument supplied for foreach() in f:\phpdev\www\pamela\ajauction\sell_subcat1.php on line 22
[02-Jan-2008 13:38:45] PHP Warning:  Invalid argument supplied for foreach() in f:\phpdev\www\pamela\ajauction\sell_subcat1.php on line 33
[02-Jan-2008 13:38:45] PHP Warning:  Invalid argument supplied for foreach() in f:\phpdev\www\pamela\ajauction\sell_subcat1.php on line 42
[02-Jan-2008 13:38:45] PHP Warning:  Invalid argument supplied for foreach() in f:\phpdev\www\pamela\ajauction\sell_subcat1.php on line 51
[02-Jan-2008 13:38:45] PHP Warning:  Invalid argument supplied for foreach() in f:\phpdev\www\pamela\ajauction\sell_subcat1.php on line 60
[02-Jan-2008 13:38:45] PHP Warning:  Invalid argument supplied for foreach() in f:\phpdev\www\pamela\ajauction\sell_subcat1.php on line 69
[02-Jan-2008 13:38:47] PHP Warning:  Invalid argument supplied for foreach() in f:\phpdev\www\pamela\ajauction\sell_subcat2.php on line 20
[02-Jan-2008 13:38:47] PHP Warning:  Invalid argument supplied for foreach() in f:\phpdev\www\pamela\ajauction\sell_subcat2.php on line 31
[02-Jan-2008 13:38:47] PHP Warning:  Invalid argument supplied for foreach() in f:\phpdev\www\pamela\ajauction\sell_subcat2.php on line 40
[02-Jan-2008 13:38:47] PHP Warning:  Invalid argument supplied for foreach() in f:\phpdev\www\pamela\ajauction\sell_subcat2.php on line 49
[02-Jan-2008 13:38:47] PHP Warning:  Invalid argument supplied for foreach() in f:\phpdev\www\pamela\ajauction\sell_subcat2.php on line 58
[02-Jan-2008 13:38:47] PHP Warning:  Invalid argument supplied for foreach() in f:\phpdev\www\pamela\ajauction\sell_subcat2.php on line 67
[02-Jan-2008 13:38:49] PHP Warning:  Invalid argument supplied for foreach() in f:\phpdev\www\pamela\ajauction\sell_subcat3.php on line 20
[02-Jan-2008 13:38:49] PHP Warning:  Invalid argument supplied for foreach() in f:\phpdev\www\pamela\ajauction\sell_subcat3.php on line 31
[02-Jan-2008 13:38:49] PHP Warning:  Invalid argument supplied for foreach() in f:\phpdev\www\pamela\ajauction\sell_subcat3.php on line 40
[02-Jan-2008 13:38:49] PHP Warning:  Invalid argument supplied for foreach() in f:\phpdev\www\pamela\ajauction\sell_subcat3.php on line 49
[02-Jan-2008 13:38:49] PHP Warning:  Invalid argument supplied for foreach() in f:\phpdev\www\pamela\ajauction\sell_subcat3.php on line 58
[02-Jan-2008 13:38:49] PHP Warning:  Invalid argument supplied for foreach() in f:\phpdev\www\pamela\ajauction\sell_subcat3.php on line 67
[02-Jan-2008 13:39:55] PHP Warning:  Invalid argument supplied for foreach() in f:\phpdev\www\pamela\ajauction\sell_subcat1.php on line 22
[02-Jan-2008 13:39:55] PHP Warning:  Invalid argument supplied for foreach() in f:\phpdev\www\pamela\ajauction\sell_subcat1.php on line 33
[02-Jan-2008 13:39:56] PHP Warning:  Invalid argument supplied for foreach() in f:\phpdev\www\pamela\ajauction\sell_subcat1.php on line 42
[02-Jan-2008 13:39:56] PHP Warning:  Invalid argument supplied for foreach() in f:\phpdev\www\pamela\ajauction\sell_subcat1.php on line 51
[02-Jan-2008 13:39:56] PHP Warning:  Invalid argument supplied for foreach() in f:\phpdev\www\pamela\ajauction\sell_subcat1.php on line 60
[02-Jan-2008 13:39:56] PHP Warning:  Invalid argument supplied for foreach() in f:\phpdev\www\pamela\ajauction\sell_subcat1.php on line 69
[02-Jan-2008 13:39:58] PHP Warning:  Invalid argument supplied for foreach() in f:\phpdev\www\pamela\ajauction\sell_subcat2.php on line 20
[02-Jan-2008 13:39:58] PHP Warning:  Invalid argument supplied for foreach() in f:\phpdev\www\pamela\ajauction\sell_subcat2.php on line 31
[02-Jan-2008 13:39:58] PHP Warning:  Invalid argument supplied for foreach() in f:\phpdev\www\pamela\ajauction\sell_subcat2.php on line 40
[02-Jan-2008 13:39:58] PHP Warning:  Invalid argument supplied for foreach() in f:\phpdev\www\pamela\ajauction\sell_subcat2.php on line 49
[02-Jan-2008 13:39:58] PHP Warning:  Invalid argument supplied for foreach() in f:\phpdev\www\pamela\ajauction\sell_subcat2.php on line 58
[02-Jan-2008 13:39:58] PHP Warning:  Invalid argument supplied for foreach() in f:\phpdev\www\pamela\ajauction\sell_subcat2.php on line 67
[02-Jan-2008 13:40:01] PHP Warning:  Invalid argument supplied for foreach() in f:\phpdev\www\pamela\ajauction\sell_subcat3.php on line 20
[02-Jan-2008 13:40:01] PHP Warning:  Invalid argument supplied for foreach() in f:\phpdev\www\pamela\ajauction\sell_subcat3.php on line 31
[02-Jan-2008 13:40:01] PHP Warning:  Invalid argument supplied for foreach() in f:\phpdev\www\pamela\ajauction\sell_subcat3.php on line 40
[02-Jan-2008 13:40:01] PHP Warning:  Invalid argument supplied for foreach() in f:\phpdev\www\pamela\ajauction\sell_subcat3.php on line 49
[02-Jan-2008 13:40:01] PHP Warning:  Invalid argument supplied for foreach() in f:\phpdev\www\pamela\ajauction\sell_subcat3.php on line 58
[02-Jan-2008 13:40:01] PHP Warning:  Invalid argument supplied for foreach() in f:\phpdev\www\pamela\ajauction\sell_subcat3.php on line 67
[02-Jan-2008 13:40:05] PHP Warning:  Invalid argument supplied for foreach() in f:\phpdev\www\pamela\ajauction\sell_subcat4.php on line 20
[02-Jan-2008 13:40:05] PHP Warning:  Invalid argument supplied for foreach() in f:\phpdev\www\pamela\ajauction\sell_subcat4.php on line 31
[02-Jan-2008 13:40:05] PHP Warning:  Invalid argument supplied for foreach() in f:\phpdev\www\pamela\ajauction\sell_subcat4.php on line 40
[02-Jan-2008 13:40:05] PHP Warning:  Invalid argument supplied for foreach() in f:\phpdev\www\pamela\ajauction\sell_subcat4.php on line 49
[02-Jan-2008 13:40:05] PHP Warning:  Invalid argument supplied for foreach() in f:\phpdev\www\pamela\ajauction\sell_subcat4.php on line 58
[02-Jan-2008 13:40:05] PHP Warning:  Invalid argument supplied for foreach() in f:\phpdev\www\pamela\ajauction\sell_subcat4.php on line 67
[02-Jan-2008 13:40:08] PHP Warning:  Invalid argument supplied for foreach() in f:\phpdev\www\pamela\ajauction\sell_subcat5.php on line 20
[02-Jan-2008 13:40:08] PHP Warning:  Invalid argument supplied for foreach() in f:\phpdev\www\pamela\ajauction\sell_subcat5.php on line 31
[02-Jan-2008 13:40:08] PHP Warning:  Invalid argument supplied for foreach() in f:\phpdev\www\pamela\ajauction\sell_subcat5.php on line 40
[02-Jan-2008 13:40:08] PHP Warning:  Invalid argument supplied for foreach() in f:\phpdev\www\pamela\ajauction\sell_subcat5.php on line 49
[02-Jan-2008 13:40:08] PHP Warning:  Invalid argument supplied for foreach() in f:\phpdev\www\pamela\ajauction\sell_subcat5.php on line 58
[02-Jan-2008 13:40:08] PHP Warning:  Invalid argument supplied for foreach() in f:\phpdev\www\pamela\ajauction\sell_subcat5.php on line 67
[02-Jan-2008 13:40:11] PHP Warning:  Invalid argument supplied for foreach() in f:\phpdev\www\pamela\ajauction\sell_subcat6.php on line 20
[02-Jan-2008 13:40:11] PHP Warning:  Invalid argument supplied for foreach() in f:\phpdev\www\pamela\ajauction\sell_subcat6.php on line 31
[02-Jan-2008 13:40:11] PHP Warning:  Invalid argument supplied for foreach() in f:\phpdev\www\pamela\ajauction\sell_subcat6.php on line 40
[02-Jan-2008 13:40:11] PHP Warning:  Invalid argument supplied for foreach() in f:\phpdev\www\pamela\ajauction\sell_subcat6.php on line 49
[02-Jan-2008 13:40:11] PHP Warning:  Invalid argument supplied for foreach() in f:\phpdev\www\pamela\ajauction\sell_subcat6.php on line 58
[02-Jan-2008 13:40:11] PHP Warning:  Invalid argument supplied for foreach() in f:\phpdev\www\pamela\ajauction\sell_subcat6.php on line 67
[02-Jan-2008 13:40:13] PHP Warning:  Invalid argument supplied for foreach() in f:\phpdev\www\pamela\ajauction\sell_subcat7.php on line 20
[02-Jan-2008 13:40:13] PHP Warning:  Invalid argument supplied for foreach() in f:\phpdev\www\pamela\ajauction\sell_subcat7.php on line 31
[02-Jan-2008 13:40:13] PHP Warning:  Invalid argument supplied for foreach() in f:\phpdev\www\pamela\ajauction\sell_subcat7.php on line 40
[02-Jan-2008 13:40:13] PHP Warning:  Invalid argument supplied for foreach() in f:\phpdev\www\pamela\ajauction\sell_subcat7.php on line 49
[02-Jan-2008 13:40:13] PHP Warning:  Invalid argument supplied for foreach() in f:\phpdev\www\pamela\ajauction\sell_subcat7.php on line 58
[02-Jan-2008 13:40:13] PHP Warning:  Invalid argument supplied for foreach() in f:\phpdev\www\pamela\ajauction\sell_subcat7.php on line 67
[02-Jan-2008 13:48:56] PHP Warning:  Invalid argument supplied for foreach() in f:\phpdev\www\pamela\ajauction\sell_subcat1.php on line 22
[02-Jan-2008 13:48:56] PHP Warning:  Invalid argument supplied for foreach() in f:\phpdev\www\pamela\ajauction\sell_subcat1.php on line 33
[02-Jan-2008 13:48:56] PHP Warning:  Invalid argument supplied for foreach() in f:\phpdev\www\pamela\ajauction\sell_subcat1.php on line 42
[02-Jan-2008 13:48:56] PHP Warning:  Invalid argument supplied for foreach() in f:\phpdev\www\pamela\ajauction\sell_subcat1.php on line 51
[02-Jan-2008 13:48:56] PHP Warning:  Invalid argument supplied for foreach() in f:\phpdev\www\pamela\ajauction\sell_subcat1.php on line 60
[02-Jan-2008 13:48:56] PHP Warning:  Invalid argument supplied for foreach() in f:\phpdev\www\pamela\ajauction\sell_subcat1.php on line 69
[02-Jan-2008 13:48:59] PHP Warning:  Invalid argument supplied for foreach() in f:\phpdev\www\pamela\ajauction\sell_subcat1.php on line 22
[02-Jan-2008 13:48:59] PHP Warning:  Invalid argument supplied for foreach() in f:\phpdev\www\pamela\ajauction\sell_subcat1.php on line 33
[02-Jan-2008 13:48:59] PHP Warning:  Invalid argument supplied for foreach() in f:\phpdev\www\pamela\ajauction\sell_subcat1.php on line 42
[02-Jan-2008 13:48:59] PHP Warning:  Invalid argument supplied for foreach() in f:\phpdev\www\pamela\ajauction\sell_subcat1.php on line 51
[02-Jan-2008 13:48:59] PHP Warning:  Invalid argument supplied for foreach() in f:\phpdev\www\pamela\ajauction\sell_subcat1.php on line 60
[02-Jan-2008 13:48:59] PHP Warning:  Invalid argument supplied for foreach() in f:\phpdev\www\pamela\ajauction\sell_subcat1.php on line 69
[02-Jan-2008 13:49:00] PHP Warning:  Invalid argument supplied for foreach() in f:\phpdev\www\pamela\ajauction\sell_subcat2.php on line 20
[02-Jan-2008 13:49:00] PHP Warning:  Invalid argument supplied for foreach() in f:\phpdev\www\pamela\ajauction\sell_subcat2.php on line 31
[02-Jan-2008 13:49:00] PHP Warning:  Invalid argument supplied for foreach() in f:\phpdev\www\pamela\ajauction\sell_subcat2.php on line 40
[02-Jan-2008 13:49:00] PHP Warning:  Invalid argument supplied for foreach() in f:\phpdev\www\pamela\ajauction\sell_subcat2.php on line 49
[02-Jan-2008 13:49:00] PHP Warning:  Invalid argument supplied for foreach() in f:\phpdev\www\pamela\ajauction\sell_subcat2.php on line 58
[02-Jan-2008 13:49:00] PHP Warning:  Invalid argument supplied for foreach() in f:\phpdev\www\pamela\ajauction\sell_subcat2.php on line 67
[02-Jan-2008 14:42:36] PHP Warning:  Invalid argument supplied for foreach() in f:\phpdev\www\pamela\ajauction\sell_subcat1.php on line 22
[02-Jan-2008 14:42:36] PHP Warning:  Invalid argument supplied for foreach() in f:\phpdev\www\pamela\ajauction\sell_subcat1.php on line 33
[02-Jan-2008 14:42:36] PHP Warning:  Invalid argument supplied for foreach() in f:\phpdev\www\pamela\ajauction\sell_subcat1.php on line 42
[02-Jan-2008 14:42:36] PHP Warning:  Invalid argument supplied for foreach() in f:\phpdev\www\pamela\ajauction\sell_subcat1.php on line 51
[02-Jan-2008 14:42:36] PHP Warning:  Invalid argument supplied for foreach() in f:\phpdev\www\pamela\ajauction\sell_subcat1.php on line 60
[02-Jan-2008 14:42:36] PHP Warning:  Invalid argument supplied for foreach() in f:\phpdev\www\pamela\ajauction\sell_subcat1.php on line 69
[02-Jan-2008 14:42:37] PHP Warning:  Invalid argument supplied for foreach() in f:\phpdev\www\pamela\ajauction\sell_subcat1.php on line 22
[02-Jan-2008 14:42:37] PHP Warning:  Invalid argument supplied for foreach() in f:\phpdev\www\pamela\ajauction\sell_subcat1.php on line 33
[02-Jan-2008 14:42:37] PHP Warning:  Invalid argument supplied for foreach() in f:\phpdev\www\pamela\ajauction\sell_subcat1.php on line 42
[02-Jan-2008 14:42:37] PHP Warning:  Invalid argument supplied for foreach() in f:\phpdev\www\pamela\ajauction\sell_subcat1.php on line 51
[02-Jan-2008 14:42:37] PHP Warning:  Invalid argument supplied for foreach() in f:\phpdev\www\pamela\ajauction\sell_subcat1.php on line 60
[02-Jan-2008 14:42:37] PHP Warning:  Invalid argument supplied for foreach() in f:\phpdev\www\pamela\ajauction\sell_subcat1.php on line 69
[02-Jan-2008 14:42:37] PHP Warning:  Invalid argument supplied for foreach() in f:\phpdev\www\pamela\ajauction\sell_subcat1.php on line 22
[02-Jan-2008 14:42:37] PHP Warning:  Invalid argument supplied for foreach() in f:\phpdev\www\pamela\ajauction\sell_subcat1.php on line 33
[02-Jan-2008 14:42:37] PHP Warning:  Invalid argument supplied for foreach() in f:\phpdev\www\pamela\ajauction\sell_subcat1.php on line 42
[02-Jan-2008 14:42:37] PHP Warning:  Invalid argument supplied for foreach() in f:\phpdev\www\pamela\ajauction\sell_subcat1.php on line 51
[02-Jan-2008 14:42:37] PHP Warning:  Invalid argument supplied for foreach() in f:\phpdev\www\pamela\ajauction\sell_subcat1.php on line 60
[02-Jan-2008 14:42:37] PHP Warning:  Invalid argument supplied for foreach() in f:\phpdev\www\pamela\ajauction\sell_subcat1.php on line 69
[02-Jan-2008 14:42:37] PHP Warning:  Invalid argument supplied for foreach() in f:\phpdev\www\pamela\ajauction\sell_subcat1.php on line 22
[02-Jan-2008 14:42:37] PHP Warning:  Invalid argument supplied for foreach() in f:\phpdev\www\pamela\ajauction\sell_subcat1.php on line 33
[02-Jan-2008 14:42:37] PHP Warning:  Invalid argument supplied for foreach() in f:\phpdev\www\pamela\ajauction\sell_subcat1.php on line 42
[02-Jan-2008 14:42:37] PHP Warning:  Invalid argument supplied for foreach() in f:\phpdev\www\pamela\ajauction\sell_subcat1.php on line 51
[02-Jan-2008 14:42:37] PHP Warning:  Invalid argument supplied for foreach() in f:\phpdev\www\pamela\ajauction\sell_subcat1.php on line 60
[02-Jan-2008 14:42:37] PHP Warning:  Invalid argument supplied for foreach() in f:\phpdev\www\pamela\ajauction\sell_subcat1.php on line 69
[02-Jan-2008 14:42:38] PHP Warning:  Invalid argument supplied for foreach() in f:\phpdev\www\pamela\ajauction\sell_subcat1.php on line 22
[02-Jan-2008 14:42:38] PHP Warning:  Invalid argument supplied for foreach() in f:\phpdev\www\pamela\ajauction\sell_subcat1.php on line 33
[02-Jan-2008 14:42:38] PHP Warning:  Invalid argument supplied for foreach() in f:\phpdev\www\pamela\ajauction\sell_subcat1.php on line 42
[02-Jan-2008 14:42:38] PHP Warning:  Invalid argument supplied for foreach() in f:\phpdev\www\pamela\ajauction\sell_subcat1.php on line 51
[02-Jan-2008 14:42:38] PHP Warning:  Invalid argument supplied for foreach() in f:\phpdev\www\pamela\ajauction\sell_subcat1.php on line 60
[02-Jan-2008 14:42:38] PHP Warning:  Invalid argument supplied for foreach() in f:\phpdev\www\pamela\ajauction\sell_subcat1.php on line 69
[02-Jan-2008 14:42:38] PHP Warning:  Invalid argument supplied for foreach() in f:\phpdev\www\pamela\ajauction\sell_subcat1.php on line 22
[02-Jan-2008 14:42:38] PHP Warning:  Invalid argument supplied for foreach() in f:\phpdev\www\pamela\ajauction\sell_subcat1.php on line 33
[02-Jan-2008 14:42:38] PHP Warning:  Invalid argument supplied for foreach() in f:\phpdev\www\pamela\ajauction\sell_subcat1.php on line 42
[02-Jan-2008 14:42:38] PHP Warning:  Invalid argument supplied for foreach() in f:\phpdev\www\pamela\ajauction\sell_subcat1.php on line 51
[02-Jan-2008 14:42:38] PHP Warning:  Invalid argument supplied for foreach() in f:\phpdev\www\pamela\ajauction\sell_subcat1.php on line 60
[02-Jan-2008 14:42:38] PHP Warning:  Invalid argument supplied for foreach() in f:\phpdev\www\pamela\ajauction\sell_subcat1.php on line 69
[02-Jan-2008 14:42:38] PHP Warning:  Invalid argument supplied for foreach() in f:\phpdev\www\pamela\ajauction\sell_subcat1.php on line 22
[02-Jan-2008 14:42:38] PHP Warning:  Invalid argument supplied for foreach() in f:\phpdev\www\pamela\ajauction\sell_subcat1.php on line 33
[02-Jan-2008 14:42:38] PHP Warning:  Invalid argument supplied for foreach() in f:\phpdev\www\pamela\ajauction\sell_subcat1.php on line 42
[02-Jan-2008 14:42:38] PHP Warning:  Invalid argument supplied for foreach() in f:\phpdev\www\pamela\ajauction\sell_subcat1.php on line 51
[02-Jan-2008 14:42:38] PHP Warning:  Invalid argument supplied for foreach() in f:\phpdev\www\pamela\ajauction\sell_subcat1.php on line 60
[02-Jan-2008 14:42:38] PHP Warning:  Invalid argument supplied for foreach() in f:\phpdev\www\pamela\ajauction\sell_subcat1.php on line 69
[02-Jan-2008 14:43:04] PHP Warning:  Invalid argument supplied for foreach() in f:\phpdev\www\pamela\ajauction\sell_subcat1.php on line 22
[02-Jan-2008 14:43:04] PHP Warning:  Invalid argument supplied for foreach() in f:\phpdev\www\pamela\ajauction\sell_subcat1.php on line 33
[02-Jan-2008 14:43:04] PHP Warning:  Invalid argument supplied for foreach() in f:\phpdev\www\pamela\ajauction\sell_subcat1.php on line 42
[02-Jan-2008 14:43:04] PHP Warning:  Invalid argument supplied for foreach() in f:\phpdev\www\pamela\ajauction\sell_subcat1.php on line 51
[02-Jan-2008 14:43:04] PHP Warning:  Invalid argument supplied for foreach() in f:\phpdev\www\pamela\ajauction\sell_subcat1.php on line 60
[02-Jan-2008 14:43:04] PHP Warning:  Invalid argument supplied for foreach() in f:\phpdev\www\pamela\ajauction\sell_subcat1.php on line 69
[02-Jan-2008 14:43:35] PHP Warning:  Invalid argument supplied for foreach() in f:\phpdev\www\pamela\ajauction\sell_subcat1.php on line 22
[02-Jan-2008 14:43:35] PHP Warning:  Invalid argument supplied for foreach() in f:\phpdev\www\pamela\ajauction\sell_subcat1.php on line 33
[02-Jan-2008 14:43:35] PHP Warning:  Invalid argument supplied for foreach() in f:\phpdev\www\pamela\ajauction\sell_subcat1.php on line 42
[02-Jan-2008 14:43:35] PHP Warning:  Invalid argument supplied for foreach() in f:\phpdev\www\pamela\ajauction\sell_subcat1.php on line 51
[02-Jan-2008 14:43:35] PHP Warning:  Invalid argument supplied for foreach() in f:\phpdev\www\pamela\ajauction\sell_subcat1.php on line 60
[02-Jan-2008 14:43:35] PHP Warning:  Invalid argument supplied for foreach() in f:\phpdev\www\pamela\ajauction\sell_subcat1.php on line 69
[02-Jan-2008 14:43:36] PHP Warning:  Invalid argument supplied for foreach() in f:\phpdev\www\pamela\ajauction\sell_subcat1.php on line 22
[02-Jan-2008 14:43:36] PHP Warning:  Invalid argument supplied for foreach() in f:\phpdev\www\pamela\ajauction\sell_subcat1.php on line 33
[02-Jan-2008 14:43:36] PHP Warning:  Invalid argument supplied for foreach() in f:\phpdev\www\pamela\ajauction\sell_subcat1.php on line 42
[02-Jan-2008 14:43:36] PHP Warning:  Invalid argument supplied for foreach() in f:\phpdev\www\pamela\ajauction\sell_subcat1.php on line 51
[02-Jan-2008 14:43:36] PHP Warning:  Invalid argument supplied for foreach() in f:\phpdev\www\pamela\ajauction\sell_subcat1.php on line 60
[02-Jan-2008 14:43:36] PHP Warning:  Invalid argument supplied for foreach() in f:\phpdev\www\pamela\ajauction\sell_subcat1.php on line 69
[02-Jan-2008 14:43:36] PHP Warning:  Invalid argument supplied for foreach() in f:\phpdev\www\pamela\ajauction\sell_subcat1.php on line 22
[02-Jan-2008 14:43:36] PHP Warning:  Invalid argument supplied for foreach() in f:\phpdev\www\pamela\ajauction\sell_subcat1.php on line 33
[02-Jan-2008 14:43:36] PHP Warning:  Invalid argument supplied for foreach() in f:\phpdev\www\pamela\ajauction\sell_subcat1.php on line 42
[02-Jan-2008 14:43:36] PHP Warning:  Invalid argument supplied for foreach() in f:\phpdev\www\pamela\ajauction\sell_subcat1.php on line 51
[02-Jan-2008 14:43:36] PHP Warning:  Invalid argument supplied for foreach() in f:\phpdev\www\pamela\ajauction\sell_subcat1.php on line 60
[02-Jan-2008 14:43:36] PHP Warning:  Invalid argument supplied for foreach() in f:\phpdev\www\pamela\ajauction\sell_subcat1.php on line 69
[02-Jan-2008 14:43:37] PHP Warning:  Invalid argument supplied for foreach() in f:\phpdev\www\pamela\ajauction\sell_subcat1.php on line 22
[02-Jan-2008 14:43:37] PHP Warning:  Invalid argument supplied for foreach() in f:\phpdev\www\pamela\ajauction\sell_subcat1.php on line 33
[02-Jan-2008 14:43:37] PHP Warning:  Invalid argument supplied for foreach() in f:\phpdev\www\pamela\ajauction\sell_subcat1.php on line 42
[02-Jan-2008 14:43:37] PHP Warning:  Invalid argument supplied for foreach() in f:\phpdev\www\pamela\ajauction\sell_subcat1.php on line 51
[02-Jan-2008 14:43:37] PHP Warning:  Invalid argument supplied for foreach() in f:\phpdev\www\pamela\ajauction\sell_subcat1.php on line 60
[02-Jan-2008 14:43:37] PHP Warning:  Invalid argument supplied for foreach() in f:\phpdev\www\pamela\ajauction\sell_subcat1.php on line 69
[02-Jan-2008 14:43:57] PHP Warning:  Invalid argument supplied for foreach() in f:\phpdev\www\pamela\ajauction\sell_subcat1.php on line 22
[02-Jan-2008 14:43:57] PHP Warning:  Invalid argument supplied for foreach() in f:\phpdev\www\pamela\ajauction\sell_subcat1.php on line 33
[02-Jan-2008 14:43:57] PHP Warning:  Invalid argument supplied for foreach() in f:\phpdev\www\pamela\ajauction\sell_subcat1.php on line 42
[02-Jan-2008 14:43:57] PHP Warning:  Invalid argument supplied for foreach() in f:\phpdev\www\pamela\ajauction\sell_subcat1.php on line 51
[02-Jan-2008 14:43:57] PHP Warning:  Invalid argument supplied for foreach() in f:\phpdev\www\pamela\ajauction\sell_subcat1.php on line 60
[02-Jan-2008 14:43:57] PHP Warning:  Invalid argument supplied for foreach() in f:\phpdev\www\pamela\ajauction\sell_subcat1.php on line 69
[02-Jan-2008 14:46:05] PHP Warning:  Invalid argument supplied for foreach() in f:\phpdev\www\pamela\ajauction\sell_subcat1.php on line 22
[02-Jan-2008 14:46:05] PHP Warning:  Invalid argument supplied for foreach() in f:\phpdev\www\pamela\ajauction\sell_subcat1.php on line 33
[02-Jan-2008 14:46:05] PHP Warning:  Invalid argument supplied for foreach() in f:\phpdev\www\pamela\ajauction\sell_subcat1.php on line 42
[02-Jan-2008 14:46:05] PHP Warning:  Invalid argument supplied for foreach() in f:\phpdev\www\pamela\ajauction\sell_subcat1.php on line 51
[02-Jan-2008 14:46:05] PHP Warning:  Invalid argument supplied for foreach() in f:\phpdev\www\pamela\ajauction\sell_subcat1.php on line 60
[02-Jan-2008 14:46:05] PHP Warning:  Invalid argument supplied for foreach() in f:\phpdev\www\pamela\ajauction\sell_subcat1.php on line 69
[02-Jan-2008 14:46:08] PHP Warning:  Invalid argument supplied for foreach() in f:\phpdev\www\pamela\ajauction\sell_subcat1.php on line 22
[02-Jan-2008 14:46:08] PHP Warning:  Invalid argument supplied for foreach() in f:\phpdev\www\pamela\ajauction\sell_subcat1.php on line 33
[02-Jan-2008 14:46:08] PHP Warning:  Invalid argument supplied for foreach() in f:\phpdev\www\pamela\ajauction\sell_subcat1.php on line 42
[02-Jan-2008 14:46:08] PHP Warning:  Invalid argument supplied for foreach() in f:\phpdev\www\pamela\ajauction\sell_subcat1.php on line 51
[02-Jan-2008 14:46:08] PHP Warning:  Invalid argument supplied for foreach() in f:\phpdev\www\pamela\ajauction\sell_subcat1.php on line 60
[02-Jan-2008 14:46:08] PHP Warning:  Invalid argument supplied for foreach() in f:\phpdev\www\pamela\ajauction\sell_subcat1.php on line 69
[02-Jan-2008 14:46:24] PHP Warning:  Invalid argument supplied for foreach() in f:\phpdev\www\pamela\ajauction\sell_subcat1.php on line 22
[02-Jan-2008 14:46:24] PHP Warning:  Invalid argument supplied for foreach() in f:\phpdev\www\pamela\ajauction\sell_subcat1.php on line 33
[02-Jan-2008 14:46:24] PHP Warning:  Invalid argument supplied for foreach() in f:\phpdev\www\pamela\ajauction\sell_subcat1.php on line 42
[02-Jan-2008 14:46:24] PHP Warning:  Invalid argument supplied for foreach() in f:\phpdev\www\pamela\ajauction\sell_subcat1.php on line 51
[02-Jan-2008 14:46:24] PHP Warning:  Invalid argument supplied for foreach() in f:\phpdev\www\pamela\ajauction\sell_subcat1.php on line 60
[02-Jan-2008 14:46:24] PHP Warning:  Invalid argument supplied for foreach() in f:\phpdev\www\pamela\ajauction\sell_subcat1.php on line 69
[02-Jan-2008 14:46:27] PHP Warning:  Invalid argument supplied for foreach() in f:\phpdev\www\pamela\ajauction\sell_subcat2.php on line 20
[02-Jan-2008 14:46:27] PHP Warning:  Invalid argument supplied for foreach() in f:\phpdev\www\pamela\ajauction\sell_subcat2.php on line 31
[02-Jan-2008 14:46:27] PHP Warning:  Invalid argument supplied for foreach() in f:\phpdev\www\pamela\ajauction\sell_subcat2.php on line 40
[02-Jan-2008 14:46:27] PHP Warning:  Invalid argument supplied for foreach() in f:\phpdev\www\pamela\ajauction\sell_subcat2.php on line 49
[02-Jan-2008 14:46:27] PHP Warning:  Invalid argument supplied for foreach() in f:\phpdev\www\pamela\ajauction\sell_subcat2.php on line 58
[02-Jan-2008 14:46:27] PHP Warning:  Invalid argument supplied for foreach() in f:\phpdev\www\pamela\ajauction\sell_subcat2.php on line 67
[02-Jan-2008 15:04:04] PHP Warning:  Invalid argument supplied for foreach() in f:\phpdev\www\pamela\ajauction\sell_subcat1.php on line 22
[02-Jan-2008 15:04:04] PHP Warning:  Invalid argument supplied for foreach() in f:\phpdev\www\pamela\ajauction\sell_subcat1.php on line 33
[02-Jan-2008 15:04:04] PHP Warning:  Invalid argument supplied for foreach() in f:\phpdev\www\pamela\ajauction\sell_subcat1.php on line 42
[02-Jan-2008 15:04:04] PHP Warning:  Invalid argument supplied for foreach() in f:\phpdev\www\pamela\ajauction\sell_subcat1.php on line 51
[02-Jan-2008 15:04:04] PHP Warning:  Invalid argument supplied for foreach() in f:\phpdev\www\pamela\ajauction\sell_subcat1.php on line 60
[02-Jan-2008 15:04:04] PHP Warning:  Invalid argument supplied for foreach() in f:\phpdev\www\pamela\ajauction\sell_subcat1.php on line 69
[02-Jan-2008 15:04:07] PHP Warning:  Invalid argument supplied for foreach() in f:\phpdev\www\pamela\ajauction\sell_subcat1.php on line 22
[02-Jan-2008 15:04:07] PHP Warning:  Invalid argument supplied for foreach() in f:\phpdev\www\pamela\ajauction\sell_subcat1.php on line 33
[02-Jan-2008 15:04:07] PHP Warning:  Invalid argument supplied for foreach() in f:\phpdev\www\pamela\ajauction\sell_subcat1.php on line 42
[02-Jan-2008 15:04:07] PHP Warning:  Invalid argument supplied for foreach() in f:\phpdev\www\pamela\ajauction\sell_subcat1.php on line 51
[02-Jan-2008 15:04:07] PHP Warning:  Invalid argument supplied for foreach() in f:\phpdev\www\pamela\ajauction\sell_subcat1.php on line 60
[02-Jan-2008 15:04:07] PHP Warning:  Invalid argument supplied for foreach() in f:\phpdev\www\pamela\ajauction\sell_subcat1.php on line 69
[02-Jan-2008 15:04:08] PHP Warning:  Invalid argument supplied for foreach() in f:\phpdev\www\pamela\ajauction\sell_subcat2.php on line 20
[02-Jan-2008 15:04:08] PHP Warning:  Invalid argument supplied for foreach() in f:\phpdev\www\pamela\ajauction\sell_subcat2.php on line 31
[02-Jan-2008 15:04:08] PHP Warning:  Invalid argument supplied for foreach() in f:\phpdev\www\pamela\ajauction\sell_subcat2.php on line 40
[02-Jan-2008 15:04:08] PHP Warning:  Invalid argument supplied for foreach() in f:\phpdev\www\pamela\ajauction\sell_subcat2.php on line 49
[02-Jan-2008 15:04:08] PHP Warning:  Invalid argument supplied for foreach() in f:\phpdev\www\pamela\ajauction\sell_subcat2.php on line 58
[02-Jan-2008 15:04:08] PHP Warning:  Invalid argument supplied for foreach() in f:\phpdev\www\pamela\ajauction\sell_subcat2.php on line 67
[02-Jan-2008 15:04:09] PHP Warning:  Invalid argument supplied for foreach() in f:\phpdev\www\pamela\ajauction\sell_subcat3.php on line 20
[02-Jan-2008 15:04:09] PHP Warning:  Invalid argument supplied for foreach() in f:\phpdev\www\pamela\ajauction\sell_subcat3.php on line 31
[02-Jan-2008 15:04:09] PHP Warning:  Invalid argument supplied for foreach() in f:\phpdev\www\pamela\ajauction\sell_subcat3.php on line 40
[02-Jan-2008 15:04:09] PHP Warning:  Invalid argument supplied for foreach() in f:\phpdev\www\pamela\ajauction\sell_subcat3.php on line 49
[02-Jan-2008 15:04:09] PHP Warning:  Invalid argument supplied for foreach() in f:\phpdev\www\pamela\ajauction\sell_subcat3.php on line 58
[02-Jan-2008 15:04:09] PHP Warning:  Invalid argument supplied for foreach() in f:\phpdev\www\pamela\ajauction\sell_subcat3.php on line 67
[02-Jan-2008 15:04:09] PHP Warning:  Invalid argument supplied for foreach() in f:\phpdev\www\pamela\ajauction\sell_subcat4.php on line 20
[02-Jan-2008 15:04:09] PHP Warning:  Invalid argument supplied for foreach() in f:\phpdev\www\pamela\ajauction\sell_subcat4.php on line 31
[02-Jan-2008 15:04:09] PHP Warning:  Invalid argument supplied for foreach() in f:\phpdev\www\pamela\ajauction\sell_subcat4.php on line 40
[02-Jan-2008 15:04:09] PHP Warning:  Invalid argument supplied for foreach() in f:\phpdev\www\pamela\ajauction\sell_subcat4.php on line 49
[02-Jan-2008 15:04:09] PHP Warning:  Invalid argument supplied for foreach() in f:\phpdev\www\pamela\ajauction\sell_subcat4.php on line 58
[02-Jan-2008 15:04:09] PHP Warning:  Invalid argument supplied for foreach() in f:\phpdev\www\pamela\ajauction\sell_subcat4.php on line 67
[02-Jan-2008 15:04:10] PHP Warning:  Invalid argument supplied for foreach() in f:\phpdev\www\pamela\ajauction\sell_subcat5.php on line 20
[02-Jan-2008 15:04:10] PHP Warning:  Invalid argument supplied for foreach() in f:\phpdev\www\pamela\ajauction\sell_subcat5.php on line 31
[02-Jan-2008 15:04:10] PHP Warning:  Invalid argument supplied for foreach() in f:\phpdev\www\pamela\ajauction\sell_subcat5.php on line 40
[02-Jan-2008 15:04:10] PHP Warning:  Invalid argument supplied for foreach() in f:\phpdev\www\pamela\ajauction\sell_subcat5.php on line 49
[02-Jan-2008 15:04:10] PHP Warning:  Invalid argument supplied for foreach() in f:\phpdev\www\pamela\ajauction\sell_subcat5.php on line 58
[02-Jan-2008 15:04:10] PHP Warning:  Invalid argument supplied for foreach() in f:\phpdev\www\pamela\ajauction\sell_subcat5.php on line 67
[02-Jan-2008 15:04:11] PHP Warning:  Invalid argument supplied for foreach() in f:\phpdev\www\pamela\ajauction\sell_subcat6.php on line 20
[02-Jan-2008 15:04:11] PHP Warning:  Invalid argument supplied for foreach() in f:\phpdev\www\pamela\ajauction\sell_subcat6.php on line 31
[02-Jan-2008 15:04:11] PHP Warning:  Invalid argument supplied for foreach() in f:\phpdev\www\pamela\ajauction\sell_subcat6.php on line 40
[02-Jan-2008 15:04:11] PHP Warning:  Invalid argument supplied for foreach() in f:\phpdev\www\pamela\ajauction\sell_subcat6.php on line 49
[02-Jan-2008 15:04:11] PHP Warning:  Invalid argument supplied for foreach() in f:\phpdev\www\pamela\ajauction\sell_subcat6.php on line 58
[02-Jan-2008 15:04:11] PHP Warning:  Invalid argument supplied for foreach() in f:\phpdev\www\pamela\ajauction\sell_subcat6.php on line 67
[02-Jan-2008 15:04:11] PHP Warning:  Invalid argument supplied for foreach() in f:\phpdev\www\pamela\ajauction\sell_subcat7.php on line 20
[02-Jan-2008 15:04:11] PHP Warning:  Invalid argument supplied for foreach() in f:\phpdev\www\pamela\ajauction\sell_subcat7.php on line 31
[02-Jan-2008 15:04:11] PHP Warning:  Invalid argument supplied for foreach() in f:\phpdev\www\pamela\ajauction\sell_subcat7.php on line 40
[02-Jan-2008 15:04:11] PHP Warning:  Invalid argument supplied for foreach() in f:\phpdev\www\pamela\ajauction\sell_subcat7.php on line 49
[02-Jan-2008 15:04:11] PHP Warning:  Invalid argument supplied for foreach() in f:\phpdev\www\pamela\ajauction\sell_subcat7.php on line 58
[02-Jan-2008 15:04:11] PHP Warning:  Invalid argument supplied for foreach() in f:\phpdev\www\pamela\ajauction\sell_subcat7.php on line 67
[02-Jan-2008 15:06:37] PHP Warning:  Invalid argument supplied for foreach() in f:\phpdev\www\pamela\ajauction\sell_subcat1.php on line 22
[02-Jan-2008 15:06:37] PHP Warning:  Invalid argument supplied for foreach() in f:\phpdev\www\pamela\ajauction\sell_subcat1.php on line 33
[02-Jan-2008 15:06:37] PHP Warning:  Invalid argument supplied for foreach() in f:\phpdev\www\pamela\ajauction\sell_subcat1.php on line 42
[02-Jan-2008 15:06:37] PHP Warning:  Invalid argument supplied for foreach() in f:\phpdev\www\pamela\ajauction\sell_subcat1.php on line 51
[02-Jan-2008 15:06:37] PHP Warning:  Invalid argument supplied for foreach() in f:\phpdev\www\pamela\ajauction\sell_subcat1.php on line 60
[02-Jan-2008 15:06:37] PHP Warning:  Invalid argument supplied for foreach() in f:\phpdev\www\pamela\ajauction\sell_subcat1.php on line 69
[02-Jan-2008 15:06:39] PHP Warning:  Invalid argument supplied for foreach() in f:\phpdev\www\pamela\ajauction\sell_subcat2.php on line 20
[02-Jan-2008 15:06:39] PHP Warning:  Invalid argument supplied for foreach() in f:\phpdev\www\pamela\ajauction\sell_subcat2.php on line 31
[02-Jan-2008 15:06:39] PHP Warning:  Invalid argument supplied for foreach() in f:\phpdev\www\pamela\ajauction\sell_subcat2.php on line 40
[02-Jan-2008 15:06:39] PHP Warning:  Invalid argument supplied for foreach() in f:\phpdev\www\pamela\ajauction\sell_subcat2.php on line 49
[02-Jan-2008 15:06:39] PHP Warning:  Invalid argument supplied for foreach() in f:\phpdev\www\pamela\ajauction\sell_subcat2.php on line 58
[02-Jan-2008 15:06:39] PHP Warning:  Invalid argument supplied for foreach() in f:\phpdev\www\pamela\ajauction\sell_subcat2.php on line 67
[02-Jan-2008 15:06:40] PHP Warning:  Invalid argument supplied for foreach() in f:\phpdev\www\pamela\ajauction\sell_subcat3.php on line 20
[02-Jan-2008 15:06:40] PHP Warning:  Invalid argument supplied for foreach() in f:\phpdev\www\pamela\ajauction\sell_subcat3.php on line 31
[02-Jan-2008 15:06:40] PHP Warning:  Invalid argument supplied for foreach() in f:\phpdev\www\pamela\ajauction\sell_subcat3.php on line 40
[02-Jan-2008 15:06:40] PHP Warning:  Invalid argument supplied for foreach() in f:\phpdev\www\pamela\ajauction\sell_subcat3.php on line 49
[02-Jan-2008 15:06:40] PHP Warning:  Invalid argument supplied for foreach() in f:\phpdev\www\pamela\ajauction\sell_subcat3.php on line 58
[02-Jan-2008 15:06:40] PHP Warning:  Invalid argument supplied for foreach() in f:\phpdev\www\pamela\ajauction\sell_subcat3.php on line 67
[02-Jan-2008 15:06:41] PHP Warning:  Invalid argument supplied for foreach() in f:\phpdev\www\pamela\ajauction\sell_subcat4.php on line 20
[02-Jan-2008 15:06:41] PHP Warning:  Invalid argument supplied for foreach() in f:\phpdev\www\pamela\ajauction\sell_subcat4.php on line 31
[02-Jan-2008 15:06:41] PHP Warning:  Invalid argument supplied for foreach() in f:\phpdev\www\pamela\ajauction\sell_subcat4.php on line 40
[02-Jan-2008 15:06:41] PHP Warning:  Invalid argument supplied for foreach() in f:\phpdev\www\pamela\ajauction\sell_subcat4.php on line 49
[02-Jan-2008 15:06:41] PHP Warning:  Invalid argument supplied for foreach() in f:\phpdev\www\pamela\ajauction\sell_subcat4.php on line 58
[02-Jan-2008 15:06:41] PHP Warning:  Invalid argument supplied for foreach() in f:\phpdev\www\pamela\ajauction\sell_subcat4.php on line 67
[02-Jan-2008 15:06:50] PHP Warning:  Invalid argument supplied for foreach() in f:\phpdev\www\pamela\ajauction\sell_subcat5.php on line 20
[02-Jan-2008 15:06:50] PHP Warning:  Invalid argument supplied for foreach() in f:\phpdev\www\pamela\ajauction\sell_subcat5.php on line 31
[02-Jan-2008 15:06:50] PHP Warning:  Invalid argument supplied for foreach() in f:\phpdev\www\pamela\ajauction\sell_subcat5.php on line 40
[02-Jan-2008 15:06:50] PHP Warning:  Invalid argument supplied for foreach() in f:\phpdev\www\pamela\ajauction\sell_subcat5.php on line 49
[02-Jan-2008 15:06:50] PHP Warning:  Invalid argument supplied for foreach() in f:\phpdev\www\pamela\ajauction\sell_subcat5.php on line 58
[02-Jan-2008 15:06:50] PHP Warning:  Invalid argument supplied for foreach() in f:\phpdev\www\pamela\ajauction\sell_subcat5.php on line 67
[02-Jan-2008 15:06:50] PHP Warning:  Invalid argument supplied for foreach() in f:\phpdev\www\pamela\ajauction\sell_subcat6.php on line 20
[02-Jan-2008 15:06:50] PHP Warning:  Invalid argument supplied for foreach() in f:\phpdev\www\pamela\ajauction\sell_subcat6.php on line 31
[02-Jan-2008 15:06:50] PHP Warning:  Invalid argument supplied for foreach() in f:\phpdev\www\pamela\ajauction\sell_subcat6.php on line 40
[02-Jan-2008 15:06:50] PHP Warning:  Invalid argument supplied for foreach() in f:\phpdev\www\pamela\ajauction\sell_subcat6.php on line 49
[02-Jan-2008 15:06:50] PHP Warning:  Invalid argument supplied for foreach() in f:\phpdev\www\pamela\ajauction\sell_subcat6.php on line 58
[02-Jan-2008 15:06:51] PHP Warning:  Invalid argument supplied for foreach() in f:\phpdev\www\pamela\ajauction\sell_subcat6.php on line 67
[02-Jan-2008 15:06:51] PHP Warning:  Invalid argument supplied for foreach() in f:\phpdev\www\pamela\ajauction\sell_subcat7.php on line 20
[02-Jan-2008 15:06:51] PHP Warning:  Invalid argument supplied for foreach() in f:\phpdev\www\pamela\ajauction\sell_subcat7.php on line 31
[02-Jan-2008 15:06:51] PHP Warning:  Invalid argument supplied for foreach() in f:\phpdev\www\pamela\ajauction\sell_subcat7.php on line 40
[02-Jan-2008 15:06:51] PHP Warning:  Invalid argument supplied for foreach() in f:\phpdev\www\pamela\ajauction\sell_subcat7.php on line 49
[02-Jan-2008 15:06:51] PHP Warning:  Invalid argument supplied for foreach() in f:\phpdev\www\pamela\ajauction\sell_subcat7.php on line 58
[02-Jan-2008 15:06:51] PHP Warning:  Invalid argument supplied for foreach() in f:\phpdev\www\pamela\ajauction\sell_subcat7.php on line 67
[02-Jan-2008 15:07:31] PHP Warning:  Invalid argument supplied for foreach() in f:\phpdev\www\pamela\ajauction\sell_subcat1.php on line 22
[02-Jan-2008 15:07:31] PHP Warning:  Invalid argument supplied for foreach() in f:\phpdev\www\pamela\ajauction\sell_subcat1.php on line 33
[02-Jan-2008 15:07:31] PHP Warning:  Invalid argument supplied for foreach() in f:\phpdev\www\pamela\ajauction\sell_subcat1.php on line 42
[02-Jan-2008 15:07:31] PHP Warning:  Invalid argument supplied for foreach() in f:\phpdev\www\pamela\ajauction\sell_subcat1.php on line 51
[02-Jan-2008 15:07:31] PHP Warning:  Invalid argument supplied for foreach() in f:\phpdev\www\pamela\ajauction\sell_subcat1.php on line 60
[02-Jan-2008 15:07:31] PHP Warning:  Invalid argument supplied for foreach() in f:\phpdev\www\pamela\ajauction\sell_subcat1.php on line 69
[02-Jan-2008 15:07:32] PHP Warning:  Invalid argument supplied for foreach() in f:\phpdev\www\pamela\ajauction\sell_subcat2.php on line 20
[02-Jan-2008 15:07:32] PHP Warning:  Invalid argument supplied for foreach() in f:\phpdev\www\pamela\ajauction\sell_subcat2.php on line 31
[02-Jan-2008 15:07:32] PHP Warning:  Invalid argument supplied for foreach() in f:\phpdev\www\pamela\ajauction\sell_subcat2.php on line 40
[02-Jan-2008 15:07:32] PHP Warning:  Invalid argument supplied for foreach() in f:\phpdev\www\pamela\ajauction\sell_subcat2.php on line 49
[02-Jan-2008 15:07:32] PHP Warning:  Invalid argument supplied for foreach() in f:\phpdev\www\pamela\ajauction\sell_subcat2.php on line 58
[02-Jan-2008 15:07:32] PHP Warning:  Invalid argument supplied for foreach() in f:\phpdev\www\pamela\ajauction\sell_subcat2.php on line 67
[02-Jan-2008 15:07:33] PHP Warning:  Invalid argument supplied for foreach() in f:\phpdev\www\pamela\ajauction\sell_subcat3.php on line 20
[02-Jan-2008 15:07:33] PHP Warning:  Invalid argument supplied for foreach() in f:\phpdev\www\pamela\ajauction\sell_subcat3.php on line 31
[02-Jan-2008 15:07:33] PHP Warning:  Invalid argument supplied for foreach() in f:\phpdev\www\pamela\ajauction\sell_subcat3.php on line 40
[02-Jan-2008 15:07:33] PHP Warning:  Invalid argument supplied for foreach() in f:\phpdev\www\pamela\ajauction\sell_subcat3.php on line 49
[02-Jan-2008 15:07:33] PHP Warning:  Invalid argument supplied for foreach() in f:\phpdev\www\pamela\ajauction\sell_subcat3.php on line 58
[02-Jan-2008 15:07:33] PHP Warning:  Invalid argument supplied for foreach() in f:\phpdev\www\pamela\ajauction\sell_subcat3.php on line 67
[02-Jan-2008 15:07:34] PHP Warning:  Invalid argument supplied for foreach() in f:\phpdev\www\pamela\ajauction\sell_subcat4.php on line 20
[02-Jan-2008 15:07:34] PHP Warning:  Invalid argument supplied for foreach() in f:\phpdev\www\pamela\ajauction\sell_subcat4.php on line 31
[02-Jan-2008 15:07:34] PHP Warning:  Invalid argument supplied for foreach() in f:\phpdev\www\pamela\ajauction\sell_subcat4.php on line 40
[02-Jan-2008 15:07:34] PHP Warning:  Invalid argument supplied for foreach() in f:\phpdev\www\pamela\ajauction\sell_subcat4.php on line 49
[02-Jan-2008 15:07:34] PHP Warning:  Invalid argument supplied for foreach() in f:\phpdev\www\pamela\ajauction\sell_subcat4.php on line 58
[02-Jan-2008 15:07:34] PHP Warning:  Invalid argument supplied for foreach() in f:\phpdev\www\pamela\ajauction\sell_subcat4.php on line 67
[02-Jan-2008 15:07:35] PHP Warning:  Invalid argument supplied for foreach() in f:\phpdev\www\pamela\ajauction\sell_subcat5.php on line 20
[02-Jan-2008 15:07:35] PHP Warning:  Invalid argument supplied for foreach() in f:\phpdev\www\pamela\ajauction\sell_subcat5.php on line 31
[02-Jan-2008 15:07:35] PHP Warning:  Invalid argument supplied for foreach() in f:\phpdev\www\pamela\ajauction\sell_subcat5.php on line 40
[02-Jan-2008 15:07:35] PHP Warning:  Invalid argument supplied for foreach() in f:\phpdev\www\pamela\ajauction\sell_subcat5.php on line 49
[02-Jan-2008 15:07:35] PHP Warning:  Invalid argument supplied for foreach() in f:\phpdev\www\pamela\ajauction\sell_subcat5.php on line 58
[02-Jan-2008 15:07:35] PHP Warning:  Invalid argument supplied for foreach() in f:\phpdev\www\pamela\ajauction\sell_subcat5.php on line 67
[02-Jan-2008 15:07:35] PHP Warning:  Invalid argument supplied for foreach() in f:\phpdev\www\pamela\ajauction\sell_subcat6.php on line 20
[02-Jan-2008 15:07:35] PHP Warning:  Invalid argument supplied for foreach() in f:\phpdev\www\pamela\ajauction\sell_subcat6.php on line 31
[02-Jan-2008 15:07:35] PHP Warning:  Invalid argument supplied for foreach() in f:\phpdev\www\pamela\ajauction\sell_subcat6.php on line 40
[02-Jan-2008 15:07:35] PHP Warning:  Invalid argument supplied for foreach() in f:\phpdev\www\pamela\ajauction\sell_subcat6.php on line 49
[02-Jan-2008 15:07:35] PHP Warning:  Invalid argument supplied for foreach() in f:\phpdev\www\pamela\ajauction\sell_subcat6.php on line 58
[02-Jan-2008 15:07:35] PHP Warning:  Invalid argument supplied for foreach() in f:\phpdev\www\pamela\ajauction\sell_subcat6.php on line 67
[02-Jan-2008 15:07:36] PHP Warning:  Invalid argument supplied for foreach() in f:\phpdev\www\pamela\ajauction\sell_subcat7.php on line 20
[02-Jan-2008 15:07:36] PHP Warning:  Invalid argument supplied for foreach() in f:\phpdev\www\pamela\ajauction\sell_subcat7.php on line 31
[02-Jan-2008 15:07:36] PHP Warning:  Invalid argument supplied for foreach() in f:\phpdev\www\pamela\ajauction\sell_subcat7.php on line 40
[02-Jan-2008 15:07:36] PHP Warning:  Invalid argument supplied for foreach() in f:\phpdev\www\pamela\ajauction\sell_subcat7.php on line 49
[02-Jan-2008 15:07:36] PHP Warning:  Invalid argument supplied for foreach() in f:\phpdev\www\pamela\ajauction\sell_subcat7.php on line 58
[02-Jan-2008 15:07:36] PHP Warning:  Invalid argument supplied for foreach() in f:\phpdev\www\pamela\ajauction\sell_subcat7.php on line 67
[02-Jan-2008 15:08:43] PHP Warning:  Invalid argument supplied for foreach() in f:\phpdev\www\pamela\ajauction\sell_subcat1.php on line 22
[02-Jan-2008 15:08:43] PHP Warning:  Invalid argument supplied for foreach() in f:\phpdev\www\pamela\ajauction\sell_subcat1.php on line 33
[02-Jan-2008 15:08:43] PHP Warning:  Invalid argument supplied for foreach() in f:\phpdev\www\pamela\ajauction\sell_subcat1.php on line 42
[02-Jan-2008 15:08:43] PHP Warning:  Invalid argument supplied for foreach() in f:\phpdev\www\pamela\ajauction\sell_subcat1.php on line 51
[02-Jan-2008 15:08:43] PHP Warning:  Invalid argument supplied for foreach() in f:\phpdev\www\pamela\ajauction\sell_subcat1.php on line 60
[02-Jan-2008 15:08:43] PHP Warning:  Invalid argument supplied for foreach() in f:\phpdev\www\pamela\ajauction\sell_subcat1.php on line 69
[02-Jan-2008 15:08:49] PHP Warning:  Invalid argument supplied for foreach() in f:\phpdev\www\pamela\ajauction\sell_subcat1.php on line 22
[02-Jan-2008 15:08:49] PHP Warning:  Invalid argument supplied for foreach() in f:\phpdev\www\pamela\ajauction\sell_subcat1.php on line 33
[02-Jan-2008 15:08:49] PHP Warning:  Invalid argument supplied for foreach() in f:\phpdev\www\pamela\ajauction\sell_subcat1.php on line 42
[02-Jan-2008 15:08:49] PHP Warning:  Invalid argument supplied for foreach() in f:\phpdev\www\pamela\ajauction\sell_subcat1.php on line 51
[02-Jan-2008 15:08:49] PHP Warning:  Invalid argument supplied for foreach() in f:\phpdev\www\pamela\ajauction\sell_subcat1.php on line 60
[02-Jan-2008 15:08:49] PHP Warning:  Invalid argument supplied for foreach() in f:\phpdev\www\pamela\ajauction\sell_subcat1.php on line 69
[02-Jan-2008 15:08:52] PHP Warning:  Invalid argument supplied for foreach() in f:\phpdev\www\pamela\ajauction\sell_subcat2.php on line 20
[02-Jan-2008 15:08:52] PHP Warning:  Invalid argument supplied for foreach() in f:\phpdev\www\pamela\ajauction\sell_subcat2.php on line 31
[02-Jan-2008 15:08:52] PHP Warning:  Invalid argument supplied for foreach() in f:\phpdev\www\pamela\ajauction\sell_subcat2.php on line 40
[02-Jan-2008 15:08:52] PHP Warning:  Invalid argument supplied for foreach() in f:\phpdev\www\pamela\ajauction\sell_subcat2.php on line 49
[02-Jan-2008 15:08:52] PHP Warning:  Invalid argument supplied for foreach() in f:\phpdev\www\pamela\ajauction\sell_subcat2.php on line 58
[02-Jan-2008 15:08:52] PHP Warning:  Invalid argument supplied for foreach() in f:\phpdev\www\pamela\ajauction\sell_subcat2.php on line 67
[02-Jan-2008 15:08:56] PHP Warning:  Invalid argument supplied for foreach() in f:\phpdev\www\pamela\ajauction\sell_subcat3.php on line 20
[02-Jan-2008 15:08:56] PHP Warning:  Invalid argument supplied for foreach() in f:\phpdev\www\pamela\ajauction\sell_subcat3.php on line 31
[02-Jan-2008 15:08:56] PHP Warning:  Invalid argument supplied for foreach() in f:\phpdev\www\pamela\ajauction\sell_subcat3.php on line 40
[02-Jan-2008 15:08:56] PHP Warning:  Invalid argument supplied for foreach() in f:\phpdev\www\pamela\ajauction\sell_subcat3.php on line 49
[02-Jan-2008 15:08:56] PHP Warning:  Invalid argument supplied for foreach() in f:\phpdev\www\pamela\ajauction\sell_subcat3.php on line 58
[02-Jan-2008 15:08:56] PHP Warning:  Invalid argument supplied for foreach() in f:\phpdev\www\pamela\ajauction\sell_subcat3.php on line 67
[02-Jan-2008 15:08:58] PHP Warning:  Invalid argument supplied for foreach() in f:\phpdev\www\pamela\ajauction\sell_subcat4.php on line 20
[02-Jan-2008 15:08:58] PHP Warning:  Invalid argument supplied for foreach() in f:\phpdev\www\pamela\ajauction\sell_subcat4.php on line 31
[02-Jan-2008 15:08:58] PHP Warning:  Invalid argument supplied for foreach() in f:\phpdev\www\pamela\ajauction\sell_subcat4.php on line 40
[02-Jan-2008 15:08:58] PHP Warning:  Invalid argument supplied for foreach() in f:\phpdev\www\pamela\ajauction\sell_subcat4.php on line 49
[02-Jan-2008 15:08:58] PHP Warning:  Invalid argument supplied for foreach() in f:\phpdev\www\pamela\ajauction\sell_subcat4.php on line 58
[02-Jan-2008 15:08:58] PHP Warning:  Invalid argument supplied for foreach() in f:\phpdev\www\pamela\ajauction\sell_subcat4.php on line 67
[02-Jan-2008 15:09:01] PHP Warning:  Invalid argument supplied for foreach() in f:\phpdev\www\pamela\ajauction\sell_subcat5.php on line 20
[02-Jan-2008 15:09:01] PHP Warning:  Invalid argument supplied for foreach() in f:\phpdev\www\pamela\ajauction\sell_subcat5.php on line 31
[02-Jan-2008 15:09:01] PHP Warning:  Invalid argument supplied for foreach() in f:\phpdev\www\pamela\ajauction\sell_subcat5.php on line 40
[02-Jan-2008 15:09:01] PHP Warning:  Invalid argument supplied for foreach() in f:\phpdev\www\pamela\ajauction\sell_subcat5.php on line 49
[02-Jan-2008 15:09:01] PHP Warning:  Invalid argument supplied for foreach() in f:\phpdev\www\pamela\ajauction\sell_subcat5.php on line 58
[02-Jan-2008 15:09:01] PHP Warning:  Invalid argument supplied for foreach() in f:\phpdev\www\pamela\ajauction\sell_subcat5.php on line 67
[02-Jan-2008 15:09:03] PHP Warning:  Invalid argument supplied for foreach() in f:\phpdev\www\pamela\ajauction\sell_subcat6.php on line 20
[02-Jan-2008 15:09:03] PHP Warning:  Invalid argument supplied for foreach() in f:\phpdev\www\pamela\ajauction\sell_subcat6.php on line 31
[02-Jan-2008 15:09:03] PHP Warning:  Invalid argument supplied for foreach() in f:\phpdev\www\pamela\ajauction\sell_subcat6.php on line 40
[02-Jan-2008 15:09:03] PHP Warning:  Invalid argument supplied for foreach() in f:\phpdev\www\pamela\ajauction\sell_subcat6.php on line 49
[02-Jan-2008 15:09:03] PHP Warning:  Invalid argument supplied for foreach() in f:\phpdev\www\pamela\ajauction\sell_subcat6.php on line 58
[02-Jan-2008 15:09:03] PHP Warning:  Invalid argument supplied for foreach() in f:\phpdev\www\pamela\ajauction\sell_subcat6.php on line 67
[02-Jan-2008 15:09:04] PHP Warning:  Invalid argument supplied for foreach() in f:\phpdev\www\pamela\ajauction\sell_subcat7.php on line 20
[02-Jan-2008 15:09:04] PHP Warning:  Invalid argument supplied for foreach() in f:\phpdev\www\pamela\ajauction\sell_subcat7.php on line 31
[02-Jan-2008 15:09:05] PHP Warning:  Invalid argument supplied for foreach() in f:\phpdev\www\pamela\ajauction\sell_subcat7.php on line 40
[02-Jan-2008 15:09:05] PHP Warning:  Invalid argument supplied for foreach() in f:\phpdev\www\pamela\ajauction\sell_subcat7.php on line 49
[02-Jan-2008 15:09:05] PHP Warning:  Invalid argument supplied for foreach() in f:\phpdev\www\pamela\ajauction\sell_subcat7.php on line 58
[02-Jan-2008 15:09:05] PHP Warning:  Invalid argument supplied for foreach() in f:\phpdev\www\pamela\ajauction\sell_subcat7.php on line 67
[02-Jan-2008 15:15:03] PHP Warning:  Invalid argument supplied for foreach() in f:\phpdev\www\pamela\ajauction\sell_subcat1.php on line 22
[02-Jan-2008 15:15:03] PHP Warning:  Invalid argument supplied for foreach() in f:\phpdev\www\pamela\ajauction\sell_subcat1.php on line 33
[02-Jan-2008 15:15:03] PHP Warning:  Invalid argument supplied for foreach() in f:\phpdev\www\pamela\ajauction\sell_subcat1.php on line 42
[02-Jan-2008 15:15:03] PHP Warning:  Invalid argument supplied for foreach() in f:\phpdev\www\pamela\ajauction\sell_subcat1.php on line 51
[02-Jan-2008 15:15:03] PHP Warning:  Invalid argument supplied for foreach() in f:\phpdev\www\pamela\ajauction\sell_subcat1.php on line 60
[02-Jan-2008 15:15:03] PHP Warning:  Invalid argument supplied for foreach() in f:\phpdev\www\pamela\ajauction\sell_subcat1.php on line 69
[02-Jan-2008 15:15:04] PHP Warning:  Invalid argument supplied for foreach() in f:\phpdev\www\pamela\ajauction\sell_subcat1.php on line 22
[02-Jan-2008 15:15:04] PHP Warning:  Invalid argument supplied for foreach() in f:\phpdev\www\pamela\ajauction\sell_subcat1.php on line 33
[02-Jan-2008 15:15:04] PHP Warning:  Invalid argument supplied for foreach() in f:\phpdev\www\pamela\ajauction\sell_subcat1.php on line 42
[02-Jan-2008 15:15:04] PHP Warning:  Invalid argument supplied for foreach() in f:\phpdev\www\pamela\ajauction\sell_subcat1.php on line 51
[02-Jan-2008 15:15:04] PHP Warning:  Invalid argument supplied for foreach() in f:\phpdev\www\pamela\ajauction\sell_subcat1.php on line 60
[02-Jan-2008 15:15:04] PHP Warning:  Invalid argument supplied for foreach() in f:\phpdev\www\pamela\ajauction\sell_subcat1.php on line 69
[02-Jan-2008 15:15:06] PHP Warning:  Invalid argument supplied for foreach() in f:\phpdev\www\pamela\ajauction\sell_subcat2.php on line 20
[02-Jan-2008 15:15:06] PHP Warning:  Invalid argument supplied for foreach() in f:\phpdev\www\pamela\ajauction\sell_subcat2.php on line 31
[02-Jan-2008 15:15:06] PHP Warning:  Invalid argument supplied for foreach() in f:\phpdev\www\pamela\ajauction\sell_subcat2.php on line 40
[02-Jan-2008 15:15:06] PHP Warning:  Invalid argument supplied for foreach() in f:\phpdev\www\pamela\ajauction\sell_subcat2.php on line 49
[02-Jan-2008 15:15:06] PHP Warning:  Invalid argument supplied for foreach() in f:\phpdev\www\pamela\ajauction\sell_subcat2.php on line 58
[02-Jan-2008 15:15:06] PHP Warning:  Invalid argument supplied for foreach() in f:\phpdev\www\pamela\ajauction\sell_subcat2.php on line 67
[02-Jan-2008 15:15:49] PHP Warning:  Invalid argument supplied for foreach() in f:\phpdev\www\pamela\ajauction\sell_subcat1.php on line 22
[02-Jan-2008 15:15:49] PHP Warning:  Invalid argument supplied for foreach() in f:\phpdev\www\pamela\ajauction\sell_subcat1.php on line 33
[02-Jan-2008 15:15:49] PHP Warning:  Invalid argument supplied for foreach() in f:\phpdev\www\pamela\ajauction\sell_subcat1.php on line 42
[02-Jan-2008 15:15:49] PHP Warning:  Invalid argument supplied for foreach() in f:\phpdev\www\pamela\ajauction\sell_subcat1.php on line 51
[02-Jan-2008 15:15:49] PHP Warning:  Invalid argument supplied for foreach() in f:\phpdev\www\pamela\ajauction\sell_subcat1.php on line 60
[02-Jan-2008 15:15:49] PHP Warning:  Invalid argument supplied for foreach() in f:\phpdev\www\pamela\ajauction\sell_subcat1.php on line 69
[02-Jan-2008 15:15:52] PHP Warning:  Invalid argument supplied for foreach() in f:\phpdev\www\pamela\ajauction\sell_subcat1.php on line 22
[02-Jan-2008 15:15:52] PHP Warning:  Invalid argument supplied for foreach() in f:\phpdev\www\pamela\ajauction\sell_subcat1.php on line 33
[02-Jan-2008 15:15:52] PHP Warning:  Invalid argument supplied for foreach() in f:\phpdev\www\pamela\ajauction\sell_subcat1.php on line 42
[02-Jan-2008 15:15:52] PHP Warning:  Invalid argument supplied for foreach() in f:\phpdev\www\pamela\ajauction\sell_subcat1.php on line 51
[02-Jan-2008 15:15:52] PHP Warning:  Invalid argument supplied for foreach() in f:\phpdev\www\pamela\ajauction\sell_subcat1.php on line 60
[02-Jan-2008 15:15:52] PHP Warning:  Invalid argument supplied for foreach() in f:\phpdev\www\pamela\ajauction\sell_subcat1.php on line 69
[02-Jan-2008 15:15:53] PHP Warning:  Invalid argument supplied for foreach() in f:\phpdev\www\pamela\ajauction\sell_subcat2.php on line 20
[02-Jan-2008 15:15:53] PHP Warning:  Invalid argument supplied for foreach() in f:\phpdev\www\pamela\ajauction\sell_subcat2.php on line 31
[02-Jan-2008 15:15:53] PHP Warning:  Invalid argument supplied for foreach() in f:\phpdev\www\pamela\ajauction\sell_subcat2.php on line 40
[02-Jan-2008 15:15:53] PHP Warning:  Invalid argument supplied for foreach() in f:\phpdev\www\pamela\ajauction\sell_subcat2.php on line 49
[02-Jan-2008 15:15:53] PHP Warning:  Invalid argument supplied for foreach() in f:\phpdev\www\pamela\ajauction\sell_subcat2.php on line 58
[02-Jan-2008 15:15:53] PHP Warning:  Invalid argument supplied for foreach() in f:\phpdev\www\pamela\ajauction\sell_subcat2.php on line 67
[02-Jan-2008 15:15:53] PHP Warning:  Invalid argument supplied for foreach() in f:\phpdev\www\pamela\ajauction\sell_subcat3.php on line 20
[02-Jan-2008 15:15:53] PHP Warning:  Invalid argument supplied for foreach() in f:\phpdev\www\pamela\ajauction\sell_subcat3.php on line 31
[02-Jan-2008 15:15:53] PHP Warning:  Invalid argument supplied for foreach() in f:\phpdev\www\pamela\ajauction\sell_subcat3.php on line 40
[02-Jan-2008 15:15:53] PHP Warning:  Invalid argument supplied for foreach() in f:\phpdev\www\pamela\ajauction\sell_subcat3.php on line 49
[02-Jan-2008 15:15:53] PHP Warning:  Invalid argument supplied for foreach() in f:\phpdev\www\pamela\ajauction\sell_subcat3.php on line 58
[02-Jan-2008 15:15:53] PHP Warning:  Invalid argument supplied for foreach() in f:\phpdev\www\pamela\ajauction\sell_subcat3.php on line 67
[02-Jan-2008 15:15:54] PHP Warning:  Invalid argument supplied for foreach() in f:\phpdev\www\pamela\ajauction\sell_subcat4.php on line 20
[02-Jan-2008 15:15:54] PHP Warning:  Invalid argument supplied for foreach() in f:\phpdev\www\pamela\ajauction\sell_subcat4.php on line 31
[02-Jan-2008 15:15:54] PHP Warning:  Invalid argument supplied for foreach() in f:\phpdev\www\pamela\ajauction\sell_subcat4.php on line 40
[02-Jan-2008 15:15:54] PHP Warning:  Invalid argument supplied for foreach() in f:\phpdev\www\pamela\ajauction\sell_subcat4.php on line 49
[02-Jan-2008 15:15:54] PHP Warning:  Invalid argument supplied for foreach() in f:\phpdev\www\pamela\ajauction\sell_subcat4.php on line 58
[02-Jan-2008 15:15:54] PHP Warning:  Invalid argument supplied for foreach() in f:\phpdev\www\pamela\ajauction\sell_subcat4.php on line 67
[02-Jan-2008 15:15:55] PHP Warning:  Invalid argument supplied for foreach() in f:\phpdev\www\pamela\ajauction\sell_subcat5.php on line 20
[02-Jan-2008 15:15:55] PHP Warning:  Invalid argument supplied for foreach() in f:\phpdev\www\pamela\ajauction\sell_subcat5.php on line 31
[02-Jan-2008 15:15:55] PHP Warning:  Invalid argument supplied for foreach() in f:\phpdev\www\pamela\ajauction\sell_subcat5.php on line 40
[02-Jan-2008 15:15:55] PHP Warning:  Invalid argument supplied for foreach() in f:\phpdev\www\pamela\ajauction\sell_subcat5.php on line 49
[02-Jan-2008 15:15:55] PHP Warning:  Invalid argument supplied for foreach() in f:\phpdev\www\pamela\ajauction\sell_subcat5.php on line 58
[02-Jan-2008 15:15:55] PHP Warning:  Invalid argument supplied for foreach() in f:\phpdev\www\pamela\ajauction\sell_subcat5.php on line 67
[02-Jan-2008 15:15:55] PHP Warning:  Invalid argument supplied for foreach() in f:\phpdev\www\pamela\ajauction\sell_subcat6.php on line 20
[02-Jan-2008 15:15:55] PHP Warning:  Invalid argument supplied for foreach() in f:\phpdev\www\pamela\ajauction\sell_subcat6.php on line 31
[02-Jan-2008 15:15:55] PHP Warning:  Invalid argument supplied for foreach() in f:\phpdev\www\pamela\ajauction\sell_subcat6.php on line 40
[02-Jan-2008 15:15:55] PHP Warning:  Invalid argument supplied for foreach() in f:\phpdev\www\pamela\ajauction\sell_subcat6.php on line 49
[02-Jan-2008 15:15:55] PHP Warning:  Invalid argument supplied for foreach() in f:\phpdev\www\pamela\ajauction\sell_subcat6.php on line 58
[02-Jan-2008 15:15:55] PHP Warning:  Invalid argument supplied for foreach() in f:\phpdev\www\pamela\ajauction\sell_subcat6.php on line 67
[02-Jan-2008 15:15:56] PHP Warning:  Invalid argument supplied for foreach() in f:\phpdev\www\pamela\ajauction\sell_subcat7.php on line 20
[02-Jan-2008 15:15:56] PHP Warning:  Invalid argument supplied for foreach() in f:\phpdev\www\pamela\ajauction\sell_subcat7.php on line 31
[02-Jan-2008 15:15:56] PHP Warning:  Invalid argument supplied for foreach() in f:\phpdev\www\pamela\ajauction\sell_subcat7.php on line 40
[02-Jan-2008 15:15:56] PHP Warning:  Invalid argument supplied for foreach() in f:\phpdev\www\pamela\ajauction\sell_subcat7.php on line 49
[02-Jan-2008 15:15:56] PHP Warning:  Invalid argument supplied for foreach() in f:\phpdev\www\pamela\ajauction\sell_subcat7.php on line 58
[02-Jan-2008 15:15:56] PHP Warning:  Invalid argument supplied for foreach() in f:\phpdev\www\pamela\ajauction\sell_subcat7.php on line 67
[02-Jan-2008 15:19:31] PHP Warning:  Invalid argument supplied for foreach() in f:\phpdev\www\pamela\ajauction\sell_subcat1.php on line 22
[02-Jan-2008 15:19:31] PHP Warning:  Invalid argument supplied for foreach() in f:\phpdev\www\pamela\ajauction\sell_subcat1.php on line 33
[02-Jan-2008 15:19:31] PHP Warning:  Invalid argument supplied for foreach() in f:\phpdev\www\pamela\ajauction\sell_subcat1.php on line 42
[02-Jan-2008 15:19:31] PHP Warning:  Invalid argument supplied for foreach() in f:\phpdev\www\pamela\ajauction\sell_subcat1.php on line 51
[02-Jan-2008 15:19:31] PHP Warning:  Invalid argument supplied for foreach() in f:\phpdev\www\pamela\ajauction\sell_subcat1.php on line 60
[02-Jan-2008 15:19:31] PHP Warning:  Invalid argument supplied for foreach() in f:\phpdev\www\pamela\ajauction\sell_subcat1.php on line 69
[02-Jan-2008 15:19:31] PHP Warning:  Invalid argument supplied for foreach() in f:\phpdev\www\pamela\ajauction\sell_subcat2.php on line 20
[02-Jan-2008 15:19:31] PHP Warning:  Invalid argument supplied for foreach() in f:\phpdev\www\pamela\ajauction\sell_subcat2.php on line 31
[02-Jan-2008 15:19:31] PHP Warning:  Invalid argument supplied for foreach() in f:\phpdev\www\pamela\ajauction\sell_subcat2.php on line 40
[02-Jan-2008 15:19:31] PHP Warning:  Invalid argument supplied for foreach() in f:\phpdev\www\pamela\ajauction\sell_subcat2.php on line 49
[02-Jan-2008 15:19:31] PHP Warning:  Invalid argument supplied for foreach() in f:\phpdev\www\pamela\ajauction\sell_subcat2.php on line 58
[02-Jan-2008 15:19:31] PHP Warning:  Invalid argument supplied for foreach() in f:\phpdev\www\pamela\ajauction\sell_subcat2.php on line 67
[02-Jan-2008 15:19:32] PHP Warning:  Invalid argument supplied for foreach() in f:\phpdev\www\pamela\ajauction\sell_subcat3.php on line 20
[02-Jan-2008 15:19:32] PHP Warning:  Invalid argument supplied for foreach() in f:\phpdev\www\pamela\ajauction\sell_subcat3.php on line 31
[02-Jan-2008 15:19:32] PHP Warning:  Invalid argument supplied for foreach() in f:\phpdev\www\pamela\ajauction\sell_subcat3.php on line 40
[02-Jan-2008 15:19:32] PHP Warning:  Invalid argument supplied for foreach() in f:\phpdev\www\pamela\ajauction\sell_subcat3.php on line 49
[02-Jan-2008 15:19:32] PHP Warning:  Invalid argument supplied for foreach() in f:\phpdev\www\pamela\ajauction\sell_subcat3.php on line 58
[02-Jan-2008 15:19:32] PHP Warning:  Invalid argument supplied for foreach() in f:\phpdev\www\pamela\ajauction\sell_subcat3.php on line 67
[02-Jan-2008 15:19:34] PHP Warning:  Invalid argument supplied for foreach() in f:\phpdev\www\pamela\ajauction\sell_subcat3.php on line 20
[02-Jan-2008 15:19:34] PHP Warning:  Invalid argument supplied for foreach() in f:\phpdev\www\pamela\ajauction\sell_subcat3.php on line 31
[02-Jan-2008 15:19:34] PHP Warning:  Invalid argument supplied for foreach() in f:\phpdev\www\pamela\ajauction\sell_subcat3.php on line 40
[02-Jan-2008 15:19:34] PHP Warning:  Invalid argument supplied for foreach() in f:\phpdev\www\pamela\ajauction\sell_subcat3.php on line 49
[02-Jan-2008 15:19:34] PHP Warning:  Invalid argument supplied for foreach() in f:\phpdev\www\pamela\ajauction\sell_subcat3.php on line 58
[02-Jan-2008 15:19:34] PHP Warning:  Invalid argument supplied for foreach() in f:\phpdev\www\pamela\ajauction\sell_subcat3.php on line 67
[02-Jan-2008 15:19:38] PHP Warning:  Invalid argument supplied for foreach() in f:\phpdev\www\pamela\ajauction\sell_subcat1.php on line 22
[02-Jan-2008 15:19:38] PHP Warning:  Invalid argument supplied for foreach() in f:\phpdev\www\pamela\ajauction\sell_subcat1.php on line 33
[02-Jan-2008 15:19:38] PHP Warning:  Invalid argument supplied for foreach() in f:\phpdev\www\pamela\ajauction\sell_subcat1.php on line 42
[02-Jan-2008 15:19:38] PHP Warning:  Invalid argument supplied for foreach() in f:\phpdev\www\pamela\ajauction\sell_subcat1.php on line 51
[02-Jan-2008 15:19:38] PHP Warning:  Invalid argument supplied for foreach() in f:\phpdev\www\pamela\ajauction\sell_subcat1.php on line 60
[02-Jan-2008 15:19:38] PHP Warning:  Invalid argument supplied for foreach() in f:\phpdev\www\pamela\ajauction\sell_subcat1.php on line 69
[02-Jan-2008 15:19:39] PHP Warning:  Invalid argument supplied for foreach() in f:\phpdev\www\pamela\ajauction\sell_subcat2.php on line 20
[02-Jan-2008 15:19:39] PHP Warning:  Invalid argument supplied for foreach() in f:\phpdev\www\pamela\ajauction\sell_subcat2.php on line 31
[02-Jan-2008 15:19:39] PHP Warning:  Invalid argument supplied for foreach() in f:\phpdev\www\pamela\ajauction\sell_subcat2.php on line 40
[02-Jan-2008 15:19:39] PHP Warning:  Invalid argument supplied for foreach() in f:\phpdev\www\pamela\ajauction\sell_subcat2.php on line 49
[02-Jan-2008 15:19:39] PHP Warning:  Invalid argument supplied for foreach() in f:\phpdev\www\pamela\ajauction\sell_subcat2.php on line 58
[02-Jan-2008 15:19:39] PHP Warning:  Invalid argument supplied for foreach() in f:\phpdev\www\pamela\ajauction\sell_subcat2.php on line 67
[02-Jan-2008 15:19:39] PHP Warning:  Invalid argument supplied for foreach() in f:\phpdev\www\pamela\ajauction\sell_subcat3.php on line 20
[02-Jan-2008 15:19:39] PHP Warning:  Invalid argument supplied for foreach() in f:\phpdev\www\pamela\ajauction\sell_subcat3.php on line 31
[02-Jan-2008 15:19:39] PHP Warning:  Invalid argument supplied for foreach() in f:\phpdev\www\pamela\ajauction\sell_subcat3.php on line 40
[02-Jan-2008 15:19:39] PHP Warning:  Invalid argument supplied for foreach() in f:\phpdev\www\pamela\ajauction\sell_subcat3.php on line 49
[02-Jan-2008 15:19:39] PHP Warning:  Invalid argument supplied for foreach() in f:\phpdev\www\pamela\ajauction\sell_subcat3.php on line 58
[02-Jan-2008 15:19:39] PHP Warning:  Invalid argument supplied for foreach() in f:\phpdev\www\pamela\ajauction\sell_subcat3.php on line 67
[02-Jan-2008 15:19:40] PHP Warning:  Invalid argument supplied for foreach() in f:\phpdev\www\pamela\ajauction\sell_subcat4.php on line 20
[02-Jan-2008 15:19:40] PHP Warning:  Invalid argument supplied for foreach() in f:\phpdev\www\pamela\ajauction\sell_subcat4.php on line 31
[02-Jan-2008 15:19:40] PHP Warning:  Invalid argument supplied for foreach() in f:\phpdev\www\pamela\ajauction\sell_subcat4.php on line 40
[02-Jan-2008 15:19:40] PHP Warning:  Invalid argument supplied for foreach() in f:\phpdev\www\pamela\ajauction\sell_subcat4.php on line 49
[02-Jan-2008 15:19:40] PHP Warning:  Invalid argument supplied for foreach() in f:\phpdev\www\pamela\ajauction\sell_subcat4.php on line 58
[02-Jan-2008 15:19:40] PHP Warning:  Invalid argument supplied for foreach() in f:\phpdev\www\pamela\ajauction\sell_subcat4.php on line 67
[02-Jan-2008 15:19:41] PHP Warning:  Invalid argument supplied for foreach() in f:\phpdev\www\pamela\ajauction\sell_subcat5.php on line 20
[02-Jan-2008 15:19:41] PHP Warning:  Invalid argument supplied for foreach() in f:\phpdev\www\pamela\ajauction\sell_subcat5.php on line 31
[02-Jan-2008 15:19:41] PHP Warning:  Invalid argument supplied for foreach() in f:\phpdev\www\pamela\ajauction\sell_subcat5.php on line 40
[02-Jan-2008 15:19:41] PHP Warning:  Invalid argument supplied for foreach() in f:\phpdev\www\pamela\ajauction\sell_subcat5.php on line 49
[02-Jan-2008 15:19:41] PHP Warning:  Invalid argument supplied for foreach() in f:\phpdev\www\pamela\ajauction\sell_subcat5.php on line 58
[02-Jan-2008 15:19:41] PHP Warning:  Invalid argument supplied for foreach() in f:\phpdev\www\pamela\ajauction\sell_subcat5.php on line 67
[02-Jan-2008 15:19:41] PHP Warning:  Invalid argument supplied for foreach() in f:\phpdev\www\pamela\ajauction\sell_subcat6.php on line 20
[02-Jan-2008 15:19:41] PHP Warning:  Invalid argument supplied for foreach() in f:\phpdev\www\pamela\ajauction\sell_subcat6.php on line 31
[02-Jan-2008 15:19:41] PHP Warning:  Invalid argument supplied for foreach() in f:\phpdev\www\pamela\ajauction\sell_subcat6.php on line 40
[02-Jan-2008 15:19:41] PHP Warning:  Invalid argument supplied for foreach() in f:\phpdev\www\pamela\ajauction\sell_subcat6.php on line 49
[02-Jan-2008 15:19:41] PHP Warning:  Invalid argument supplied for foreach() in f:\phpdev\www\pamela\ajauction\sell_subcat6.php on line 58
[02-Jan-2008 15:19:41] PHP Warning:  Invalid argument supplied for foreach() in f:\phpdev\www\pamela\ajauction\sell_subcat6.php on line 67
[02-Jan-2008 15:19:42] PHP Warning:  Invalid argument supplied for foreach() in f:\phpdev\www\pamela\ajauction\sell_subcat7.php on line 20
[02-Jan-2008 15:19:42] PHP Warning:  Invalid argument supplied for foreach() in f:\phpdev\www\pamela\ajauction\sell_subcat7.php on line 31
[02-Jan-2008 15:19:42] PHP Warning:  Invalid argument supplied for foreach() in f:\phpdev\www\pamela\ajauction\sell_subcat7.php on line 40
[02-Jan-2008 15:19:42] PHP Warning:  Invalid argument supplied for foreach() in f:\phpdev\www\pamela\ajauction\sell_subcat7.php on line 49
[02-Jan-2008 15:19:42] PHP Warning:  Invalid argument supplied for foreach() in f:\phpdev\www\pamela\ajauction\sell_subcat7.php on line 58
[02-Jan-2008 15:19:42] PHP Warning:  Invalid argument supplied for foreach() in f:\phpdev\www\pamela\ajauction\sell_subcat7.php on line 67
[02-Jan-2008 15:22:55] PHP Warning:  Invalid argument supplied for foreach() in f:\phpdev\www\pamela\ajauction\sell_subcat1.php on line 22
[02-Jan-2008 15:22:55] PHP Warning:  Invalid argument supplied for foreach() in f:\phpdev\www\pamela\ajauction\sell_subcat1.php on line 33
[02-Jan-2008 15:22:55] PHP Warning:  Invalid argument supplied for foreach() in f:\phpdev\www\pamela\ajauction\sell_subcat1.php on line 42
[02-Jan-2008 15:22:55] PHP Warning:  Invalid argument supplied for foreach() in f:\phpdev\www\pamela\ajauction\sell_subcat1.php on line 51
[02-Jan-2008 15:22:55] PHP Warning:  Invalid argument supplied for foreach() in f:\phpdev\www\pamela\ajauction\sell_subcat1.php on line 60
[02-Jan-2008 15:22:55] PHP Warning:  Invalid argument supplied for foreach() in f:\phpdev\www\pamela\ajauction\sell_subcat1.php on line 69
[02-Jan-2008 15:22:56] PHP Warning:  Invalid argument supplied for foreach() in f:\phpdev\www\pamela\ajauction\sell_subcat2.php on line 20
[02-Jan-2008 15:22:56] PHP Warning:  Invalid argument supplied for foreach() in f:\phpdev\www\pamela\ajauction\sell_subcat2.php on line 31
[02-Jan-2008 15:22:56] PHP Warning:  Invalid argument supplied for foreach() in f:\phpdev\www\pamela\ajauction\sell_subcat2.php on line 40
[02-Jan-2008 15:22:56] PHP Warning:  Invalid argument supplied for foreach() in f:\phpdev\www\pamela\ajauction\sell_subcat2.php on line 49
[02-Jan-2008 15:22:56] PHP Warning:  Invalid argument supplied for foreach() in f:\phpdev\www\pamela\ajauction\sell_subcat2.php on line 58
[02-Jan-2008 15:22:56] PHP Warning:  Invalid argument supplied for foreach() in f:\phpdev\www\pamela\ajauction\sell_subcat2.php on line 67
[02-Jan-2008 15:22:56] PHP Warning:  Invalid argument supplied for foreach() in f:\phpdev\www\pamela\ajauction\sell_subcat3.php on line 20
[02-Jan-2008 15:22:56] PHP Warning:  Invalid argument supplied for foreach() in f:\phpdev\www\pamela\ajauction\sell_subcat3.php on line 31
[02-Jan-2008 15:22:56] PHP Warning:  Invalid argument supplied for foreach() in f:\phpdev\www\pamela\ajauction\sell_subcat3.php on line 40
[02-Jan-2008 15:22:56] PHP Warning:  Invalid argument supplied for foreach() in f:\phpdev\www\pamela\ajauction\sell_subcat3.php on line 49
[02-Jan-2008 15:22:56] PHP Warning:  Invalid argument supplied for foreach() in f:\phpdev\www\pamela\ajauction\sell_subcat3.php on line 58
[02-Jan-2008 15:22:56] PHP Warning:  Invalid argument supplied for foreach() in f:\phpdev\www\pamela\ajauction\sell_subcat3.php on line 67
[02-Jan-2008 15:23:00] PHP Warning:  Invalid argument supplied for foreach() in f:\phpdev\www\pamela\ajauction\sell_subcat1.php on line 22
[02-Jan-2008 15:23:00] PHP Warning:  Invalid argument supplied for foreach() in f:\phpdev\www\pamela\ajauction\sell_subcat1.php on line 33
[02-Jan-2008 15:23:00] PHP Warning:  Invalid argument supplied for foreach() in f:\phpdev\www\pamela\ajauction\sell_subcat1.php on line 42
[02-Jan-2008 15:23:00] PHP Warning:  Invalid argument supplied for foreach() in f:\phpdev\www\pamela\ajauction\sell_subcat1.php on line 51
[02-Jan-2008 15:23:00] PHP Warning:  Invalid argument supplied for foreach() in f:\phpdev\www\pamela\ajauction\sell_subcat1.php on line 60
[02-Jan-2008 15:23:00] PHP Warning:  Invalid argument supplied for foreach() in f:\phpdev\www\pamela\ajauction\sell_subcat1.php on line 69
[02-Jan-2008 15:23:01] PHP Warning:  Invalid argument supplied for foreach() in f:\phpdev\www\pamela\ajauction\sell_subcat2.php on line 20
[02-Jan-2008 15:23:01] PHP Warning:  Invalid argument supplied for foreach() in f:\phpdev\www\pamela\ajauction\sell_subcat2.php on line 31
[02-Jan-2008 15:23:01] PHP Warning:  Invalid argument supplied for foreach() in f:\phpdev\www\pamela\ajauction\sell_subcat2.php on line 40
[02-Jan-2008 15:23:01] PHP Warning:  Invalid argument supplied for foreach() in f:\phpdev\www\pamela\ajauction\sell_subcat2.php on line 49
[02-Jan-2008 15:23:01] PHP Warning:  Invalid argument supplied for foreach() in f:\phpdev\www\pamela\ajauction\sell_subcat2.php on line 58
[02-Jan-2008 15:23:01] PHP Warning:  Invalid argument supplied for foreach() in f:\phpdev\www\pamela\ajauction\sell_subcat2.php on line 67
[02-Jan-2008 15:23:01] PHP Warning:  Invalid argument supplied for foreach() in f:\phpdev\www\pamela\ajauction\sell_subcat3.php on line 20
[02-Jan-2008 15:23:01] PHP Warning:  Invalid argument supplied for foreach() in f:\phpdev\www\pamela\ajauction\sell_subcat3.php on line 31
[02-Jan-2008 15:23:01] PHP Warning:  Invalid argument supplied for foreach() in f:\phpdev\www\pamela\ajauction\sell_subcat3.php on line 40
[02-Jan-2008 15:23:01] PHP Warning:  Invalid argument supplied for foreach() in f:\phpdev\www\pamela\ajauction\sell_subcat3.php on line 49
[02-Jan-2008 15:23:01] PHP Warning:  Invalid argument supplied for foreach() in f:\phpdev\www\pamela\ajauction\sell_subcat3.php on line 58
[02-Jan-2008 15:23:01] PHP Warning:  Invalid argument supplied for foreach() in f:\phpdev\www\pamela\ajauction\sell_subcat3.php on line 67
[02-Jan-2008 15:23:02] PHP Warning:  Invalid argument supplied for foreach() in f:\phpdev\www\pamela\ajauction\sell_subcat4.php on line 20
[02-Jan-2008 15:23:02] PHP Warning:  Invalid argument supplied for foreach() in f:\phpdev\www\pamela\ajauction\sell_subcat4.php on line 31
[02-Jan-2008 15:23:02] PHP Warning:  Invalid argument supplied for foreach() in f:\phpdev\www\pamela\ajauction\sell_subcat4.php on line 40
[02-Jan-2008 15:23:02] PHP Warning:  Invalid argument supplied for foreach() in f:\phpdev\www\pamela\ajauction\sell_subcat4.php on line 49
[02-Jan-2008 15:23:02] PHP Warning:  Invalid argument supplied for foreach() in f:\phpdev\www\pamela\ajauction\sell_subcat4.php on line 58
[02-Jan-2008 15:23:02] PHP Warning:  Invalid argument supplied for foreach() in f:\phpdev\www\pamela\ajauction\sell_subcat4.php on line 67
[02-Jan-2008 15:23:03] PHP Warning:  Invalid argument supplied for foreach() in f:\phpdev\www\pamela\ajauction\sell_subcat5.php on line 20
[02-Jan-2008 15:23:03] PHP Warning:  Invalid argument supplied for foreach() in f:\phpdev\www\pamela\ajauction\sell_subcat5.php on line 31
[02-Jan-2008 15:23:03] PHP Warning:  Invalid argument supplied for foreach() in f:\phpdev\www\pamela\ajauction\sell_subcat5.php on line 40
[02-Jan-2008 15:23:03] PHP Warning:  Invalid argument supplied for foreach() in f:\phpdev\www\pamela\ajauction\sell_subcat5.php on line 49
[02-Jan-2008 15:23:03] PHP Warning:  Invalid argument supplied for foreach() in f:\phpdev\www\pamela\ajauction\sell_subcat5.php on line 58
[02-Jan-2008 15:23:03] PHP Warning:  Invalid argument supplied for foreach() in f:\phpdev\www\pamela\ajauction\sell_subcat5.php on line 67
[02-Jan-2008 15:23:03] PHP Warning:  Invalid argument supplied for foreach() in f:\phpdev\www\pamela\ajauction\sell_subcat6.php on line 20
[02-Jan-2008 15:23:03] PHP Warning:  Invalid argument supplied for foreach() in f:\phpdev\www\pamela\ajauction\sell_subcat6.php on line 31
[02-Jan-2008 15:23:03] PHP Warning:  Invalid argument supplied for foreach() in f:\phpdev\www\pamela\ajauction\sell_subcat6.php on line 40
[02-Jan-2008 15:23:03] PHP Warning:  Invalid argument supplied for foreach() in f:\phpdev\www\pamela\ajauction\sell_subcat6.php on line 49
[02-Jan-2008 15:23:03] PHP Warning:  Invalid argument supplied for foreach() in f:\phpdev\www\pamela\ajauction\sell_subcat6.php on line 58
[02-Jan-2008 15:23:03] PHP Warning:  Invalid argument supplied for foreach() in f:\phpdev\www\pamela\ajauction\sell_subcat6.php on line 67
[02-Jan-2008 15:23:04] PHP Warning:  Invalid argument supplied for foreach() in f:\phpdev\www\pamela\ajauction\sell_subcat7.php on line 20
[02-Jan-2008 15:23:04] PHP Warning:  Invalid argument supplied for foreach() in f:\phpdev\www\pamela\ajauction\sell_subcat7.php on line 31
[02-Jan-2008 15:23:04] PHP Warning:  Invalid argument supplied for foreach() in f:\phpdev\www\pamela\ajauction\sell_subcat7.php on line 40
[02-Jan-2008 15:23:04] PHP Warning:  Invalid argument supplied for foreach() in f:\phpdev\www\pamela\ajauction\sell_subcat7.php on line 49
[02-Jan-2008 15:23:04] PHP Warning:  Invalid argument supplied for foreach() in f:\phpdev\www\pamela\ajauction\sell_subcat7.php on line 58
[02-Jan-2008 15:23:04] PHP Warning:  Invalid argument supplied for foreach() in f:\phpdev\www\pamela\ajauction\sell_subcat7.php on line 67
[02-Jan-2008 15:23:52] PHP Warning:  Invalid argument supplied for foreach() in f:\phpdev\www\pamela\ajauction\sell_subcat1.php on line 22
[02-Jan-2008 15:23:52] PHP Warning:  Invalid argument supplied for foreach() in f:\phpdev\www\pamela\ajauction\sell_subcat1.php on line 33
[02-Jan-2008 15:23:52] PHP Warning:  Invalid argument supplied for foreach() in f:\phpdev\www\pamela\ajauction\sell_subcat1.php on line 42
[02-Jan-2008 15:23:52] PHP Warning:  Invalid argument supplied for foreach() in f:\phpdev\www\pamela\ajauction\sell_subcat1.php on line 51
[02-Jan-2008 15:23:52] PHP Warning:  Invalid argument supplied for foreach() in f:\phpdev\www\pamela\ajauction\sell_subcat1.php on line 60
[02-Jan-2008 15:23:52] PHP Warning:  Invalid argument supplied for foreach() in f:\phpdev\www\pamela\ajauction\sell_subcat1.php on line 69
[02-Jan-2008 15:23:52] PHP Warning:  Invalid argument supplied for foreach() in f:\phpdev\www\pamela\ajauction\sell_subcat2.php on line 20
[02-Jan-2008 15:23:52] PHP Warning:  Invalid argument supplied for foreach() in f:\phpdev\www\pamela\ajauction\sell_subcat2.php on line 31
[02-Jan-2008 15:23:52] PHP Warning:  Invalid argument supplied for foreach() in f:\phpdev\www\pamela\ajauction\sell_subcat2.php on line 40
[02-Jan-2008 15:23:52] PHP Warning:  Invalid argument supplied for foreach() in f:\phpdev\www\pamela\ajauction\sell_subcat2.php on line 49
[02-Jan-2008 15:23:52] PHP Warning:  Invalid argument supplied for foreach() in f:\phpdev\www\pamela\ajauction\sell_subcat2.php on line 58
[02-Jan-2008 15:23:52] PHP Warning:  Invalid argument supplied for foreach() in f:\phpdev\www\pamela\ajauction\sell_subcat2.php on line 67
[02-Jan-2008 15:23:53] PHP Warning:  Invalid argument supplied for foreach() in f:\phpdev\www\pamela\ajauction\sell_subcat3.php on line 20
[02-Jan-2008 15:23:53] PHP Warning:  Invalid argument supplied for foreach() in f:\phpdev\www\pamela\ajauction\sell_subcat3.php on line 31
[02-Jan-2008 15:23:53] PHP Warning:  Invalid argument supplied for foreach() in f:\phpdev\www\pamela\ajauction\sell_subcat3.php on line 40
[02-Jan-2008 15:23:53] PHP Warning:  Invalid argument supplied for foreach() in f:\phpdev\www\pamela\ajauction\sell_subcat3.php on line 49
[02-Jan-2008 15:23:53] PHP Warning:  Invalid argument supplied for foreach() in f:\phpdev\www\pamela\ajauction\sell_subcat3.php on line 58
[02-Jan-2008 15:23:53] PHP Warning:  Invalid argument supplied for foreach() in f:\phpdev\www\pamela\ajauction\sell_subcat3.php on line 67
[02-Jan-2008 15:23:53] PHP Warning:  Invalid argument supplied for foreach() in f:\phpdev\www\pamela\ajauction\sell_subcat4.php on line 20
[02-Jan-2008 15:23:53] PHP Warning:  Invalid argument supplied for foreach() in f:\phpdev\www\pamela\ajauction\sell_subcat4.php on line 31
[02-Jan-2008 15:23:53] PHP Warning:  Invalid argument supplied for foreach() in f:\phpdev\www\pamela\ajauction\sell_subcat4.php on line 40
[02-Jan-2008 15:23:53] PHP Warning:  Invalid argument supplied for foreach() in f:\phpdev\www\pamela\ajauction\sell_subcat4.php on line 49
[02-Jan-2008 15:23:53] PHP Warning:  Invalid argument supplied for foreach() in f:\phpdev\www\pamela\ajauction\sell_subcat4.php on line 58
[02-Jan-2008 15:23:53] PHP Warning:  Invalid argument supplied for foreach() in f:\phpdev\www\pamela\ajauction\sell_subcat4.php on line 67
[02-Jan-2008 15:23:54] PHP Warning:  Invalid argument supplied for foreach() in f:\phpdev\www\pamela\ajauction\sell_subcat5.php on line 20
[02-Jan-2008 15:23:54] PHP Warning:  Invalid argument supplied for foreach() in f:\phpdev\www\pamela\ajauction\sell_subcat5.php on line 31
[02-Jan-2008 15:23:54] PHP Warning:  Invalid argument supplied for foreach() in f:\phpdev\www\pamela\ajauction\sell_subcat5.php on line 40
[02-Jan-2008 15:23:54] PHP Warning:  Invalid argument supplied for foreach() in f:\phpdev\www\pamela\ajauction\sell_subcat5.php on line 49
[02-Jan-2008 15:23:54] PHP Warning:  Invalid argument supplied for foreach() in f:\phpdev\www\pamela\ajauction\sell_subcat5.php on line 58
[02-Jan-2008 15:23:54] PHP Warning:  Invalid argument supplied for foreach() in f:\phpdev\www\pamela\ajauction\sell_subcat5.php on line 67
[02-Jan-2008 15:23:55] PHP Warning:  Invalid argument supplied for foreach() in f:\phpdev\www\pamela\ajauction\sell_subcat6.php on line 20
[02-Jan-2008 15:23:55] PHP Warning:  Invalid argument supplied for foreach() in f:\phpdev\www\pamela\ajauction\sell_subcat6.php on line 31
[02-Jan-2008 15:23:55] PHP Warning:  Invalid argument supplied for foreach() in f:\phpdev\www\pamela\ajauction\sell_subcat6.php on line 40
[02-Jan-2008 15:23:55] PHP Warning:  Invalid argument supplied for foreach() in f:\phpdev\www\pamela\ajauction\sell_subcat6.php on line 49
[02-Jan-2008 15:23:55] PHP Warning:  Invalid argument supplied for foreach() in f:\phpdev\www\pamela\ajauction\sell_subcat6.php on line 58
[02-Jan-2008 15:23:55] PHP Warning:  Invalid argument supplied for foreach() in f:\phpdev\www\pamela\ajauction\sell_subcat6.php on line 67
[02-Jan-2008 15:23:55] PHP Warning:  Invalid argument supplied for foreach() in f:\phpdev\www\pamela\ajauction\sell_subcat7.php on line 20
[02-Jan-2008 15:23:55] PHP Warning:  Invalid argument supplied for foreach() in f:\phpdev\www\pamela\ajauction\sell_subcat7.php on line 31
[02-Jan-2008 15:23:55] PHP Warning:  Invalid argument supplied for foreach() in f:\phpdev\www\pamela\ajauction\sell_subcat7.php on line 40
[02-Jan-2008 15:23:55] PHP Warning:  Invalid argument supplied for foreach() in f:\phpdev\www\pamela\ajauction\sell_subcat7.php on line 49
[02-Jan-2008 15:23:55] PHP Warning:  Invalid argument supplied for foreach() in f:\phpdev\www\pamela\ajauction\sell_subcat7.php on line 58
[02-Jan-2008 15:23:55] PHP Warning:  Invalid argument supplied for foreach() in f:\phpdev\www\pamela\ajauction\sell_subcat7.php on line 67
[02-Jan-2008 15:26:55] PHP Warning:  Invalid argument supplied for foreach() in f:\phpdev\www\pamela\ajauction\sell_subcat1.php on line 22
[02-Jan-2008 15:26:55] PHP Warning:  Invalid argument supplied for foreach() in f:\phpdev\www\pamela\ajauction\sell_subcat1.php on line 33
[02-Jan-2008 15:26:55] PHP Warning:  Invalid argument supplied for foreach() in f:\phpdev\www\pamela\ajauction\sell_subcat1.php on line 42
[02-Jan-2008 15:26:55] PHP Warning:  Invalid argument supplied for foreach() in f:\phpdev\www\pamela\ajauction\sell_subcat1.php on line 51
[02-Jan-2008 15:26:55] PHP Warning:  Invalid argument supplied for foreach() in f:\phpdev\www\pamela\ajauction\sell_subcat1.php on line 60
[02-Jan-2008 15:26:55] PHP Warning:  Invalid argument supplied for foreach() in f:\phpdev\www\pamela\ajauction\sell_subcat1.php on line 69
[02-Jan-2008 15:26:55] PHP Warning:  Invalid argument supplied for foreach() in f:\phpdev\www\pamela\ajauction\sell_subcat2.php on line 20
[02-Jan-2008 15:26:55] PHP Warning:  Invalid argument supplied for foreach() in f:\phpdev\www\pamela\ajauction\sell_subcat2.php on line 31
[02-Jan-2008 15:26:55] PHP Warning:  Invalid argument supplied for foreach() in f:\phpdev\www\pamela\ajauction\sell_subcat2.php on line 40
[02-Jan-2008 15:26:55] PHP Warning:  Invalid argument supplied for foreach() in f:\phpdev\www\pamela\ajauction\sell_subcat2.php on line 49
[02-Jan-2008 15:26:55] PHP Warning:  Invalid argument supplied for foreach() in f:\phpdev\www\pamela\ajauction\sell_subcat2.php on line 58
[02-Jan-2008 15:26:55] PHP Warning:  Invalid argument supplied for foreach() in f:\phpdev\www\pamela\ajauction\sell_subcat2.php on line 67
[02-Jan-2008 15:26:56] PHP Warning:  Invalid argument supplied for foreach() in f:\phpdev\www\pamela\ajauction\sell_subcat3.php on line 20
[02-Jan-2008 15:26:56] PHP Warning:  Invalid argument supplied for foreach() in f:\phpdev\www\pamela\ajauction\sell_subcat3.php on line 31
[02-Jan-2008 15:26:56] PHP Warning:  Invalid argument supplied for foreach() in f:\phpdev\www\pamela\ajauction\sell_subcat3.php on line 40
[02-Jan-2008 15:26:56] PHP Warning:  Invalid argument supplied for foreach() in f:\phpdev\www\pamela\ajauction\sell_subcat3.php on line 49
[02-Jan-2008 15:26:56] PHP Warning:  Invalid argument supplied for foreach() in f:\phpdev\www\pamela\ajauction\sell_subcat3.php on line 58
[02-Jan-2008 15:26:56] PHP Warning:  Invalid argument supplied for foreach() in f:\phpdev\www\pamela\ajauction\sell_subcat3.php on line 67
[02-Jan-2008 15:26:56] PHP Warning:  Invalid argument supplied for foreach() in f:\phpdev\www\pamela\ajauction\sell_subcat4.php on line 20
[02-Jan-2008 15:26:56] PHP Warning:  Invalid argument supplied for foreach() in f:\phpdev\www\pamela\ajauction\sell_subcat4.php on line 31
[02-Jan-2008 15:26:56] PHP Warning:  Invalid argument supplied for foreach() in f:\phpdev\www\pamela\ajauction\sell_subcat4.php on line 40
[02-Jan-2008 15:26:56] PHP Warning:  Invalid argument supplied for foreach() in f:\phpdev\www\pamela\ajauction\sell_subcat4.php on line 49
[02-Jan-2008 15:26:56] PHP Warning:  Invalid argument supplied for foreach() in f:\phpdev\www\pamela\ajauction\sell_subcat4.php on line 58
[02-Jan-2008 15:26:56] PHP Warning:  Invalid argument supplied for foreach() in f:\phpdev\www\pamela\ajauction\sell_subcat4.php on line 67
[02-Jan-2008 15:26:57] PHP Warning:  Invalid argument supplied for foreach() in f:\phpdev\www\pamela\ajauction\sell_subcat5.php on line 20
[02-Jan-2008 15:26:57] PHP Warning:  Invalid argument supplied for foreach() in f:\phpdev\www\pamela\ajauction\sell_subcat5.php on line 31
[02-Jan-2008 15:26:57] PHP Warning:  Invalid argument supplied for foreach() in f:\phpdev\www\pamela\ajauction\sell_subcat5.php on line 40
[02-Jan-2008 15:26:57] PHP Warning:  Invalid argument supplied for foreach() in f:\phpdev\www\pamela\ajauction\sell_subcat5.php on line 49
[02-Jan-2008 15:26:57] PHP Warning:  Invalid argument supplied for foreach() in f:\phpdev\www\pamela\ajauction\sell_subcat5.php on line 58
[02-Jan-2008 15:26:57] PHP Warning:  Invalid argument supplied for foreach() in f:\phpdev\www\pamela\ajauction\sell_subcat5.php on line 67
[02-Jan-2008 15:26:58] PHP Warning:  Invalid argument supplied for foreach() in f:\phpdev\www\pamela\ajauction\sell_subcat6.php on line 20
[02-Jan-2008 15:26:58] PHP Warning:  Invalid argument supplied for foreach() in f:\phpdev\www\pamela\ajauction\sell_subcat6.php on line 31
[02-Jan-2008 15:26:58] PHP Warning:  Invalid argument supplied for foreach() in f:\phpdev\www\pamela\ajauction\sell_subcat6.php on line 40
[02-Jan-2008 15:26:58] PHP Warning:  Invalid argument supplied for foreach() in f:\phpdev\www\pamela\ajauction\sell_subcat6.php on line 49
[02-Jan-2008 15:26:58] PHP Warning:  Invalid argument supplied for foreach() in f:\phpdev\www\pamela\ajauction\sell_subcat6.php on line 58
[02-Jan-2008 15:26:58] PHP Warning:  Invalid argument supplied for foreach() in f:\phpdev\www\pamela\ajauction\sell_subcat6.php on line 67
[02-Jan-2008 15:26:58] PHP Warning:  Invalid argument supplied for foreach() in f:\phpdev\www\pamela\ajauction\sell_subcat7.php on line 20
[02-Jan-2008 15:26:58] PHP Warning:  Invalid argument supplied for foreach() in f:\phpdev\www\pamela\ajauction\sell_subcat7.php on line 31
[02-Jan-2008 15:26:58] PHP Warning:  Invalid argument supplied for foreach() in f:\phpdev\www\pamela\ajauction\sell_subcat7.php on line 40
[02-Jan-2008 15:26:58] PHP Warning:  Invalid argument supplied for foreach() in f:\phpdev\www\pamela\ajauction\sell_subcat7.php on line 49
[02-Jan-2008 15:26:58] PHP Warning:  Invalid argument supplied for foreach() in f:\phpdev\www\pamela\ajauction\sell_subcat7.php on line 58
[02-Jan-2008 15:26:58] PHP Warning:  Invalid argument supplied for foreach() in f:\phpdev\www\pamela\ajauction\sell_subcat7.php on line 67
[02-Jan-2008 15:35:24] PHP Warning:  Invalid argument supplied for foreach() in f:\phpdev\www\pamela\ajauction\sell_subcat1.php on line 22
[02-Jan-2008 15:35:24] PHP Warning:  Invalid argument supplied for foreach() in f:\phpdev\www\pamela\ajauction\sell_subcat1.php on line 33
[02-Jan-2008 15:35:24] PHP Warning:  Invalid argument supplied for foreach() in f:\phpdev\www\pamela\ajauction\sell_subcat1.php on line 42
[02-Jan-2008 15:35:24] PHP Warning:  Invalid argument supplied for foreach() in f:\phpdev\www\pamela\ajauction\sell_subcat1.php on line 51
[02-Jan-2008 15:35:24] PHP Warning:  Invalid argument supplied for foreach() in f:\phpdev\www\pamela\ajauction\sell_subcat1.php on line 60
[02-Jan-2008 15:35:24] PHP Warning:  Invalid argument supplied for foreach() in f:\phpdev\www\pamela\ajauction\sell_subcat1.php on line 69
[02-Jan-2008 15:35:24] PHP Warning:  Invalid argument supplied for foreach() in f:\phpdev\www\pamela\ajauction\sell_subcat2.php on line 20
[02-Jan-2008 15:35:24] PHP Warning:  Invalid argument supplied for foreach() in f:\phpdev\www\pamela\ajauction\sell_subcat2.php on line 31
[02-Jan-2008 15:35:24] PHP Warning:  Invalid argument supplied for foreach() in f:\phpdev\www\pamela\ajauction\sell_subcat2.php on line 40
[02-Jan-2008 15:35:24] PHP Warning:  Invalid argument supplied for foreach() in f:\phpdev\www\pamela\ajauction\sell_subcat2.php on line 49
[02-Jan-2008 15:35:24] PHP Warning:  Invalid argument supplied for foreach() in f:\phpdev\www\pamela\ajauction\sell_subcat2.php on line 58
[02-Jan-2008 15:35:24] PHP Warning:  Invalid argument supplied for foreach() in f:\phpdev\www\pamela\ajauction\sell_subcat2.php on line 67
[02-Jan-2008 15:35:25] PHP Warning:  Invalid argument supplied for foreach() in f:\phpdev\www\pamela\ajauction\sell_subcat3.php on line 20
[02-Jan-2008 15:35:25] PHP Warning:  Invalid argument supplied for foreach() in f:\phpdev\www\pamela\ajauction\sell_subcat3.php on line 31
[02-Jan-2008 15:35:25] PHP Warning:  Invalid argument supplied for foreach() in f:\phpdev\www\pamela\ajauction\sell_subcat3.php on line 40
[02-Jan-2008 15:35:25] PHP Warning:  Invalid argument supplied for foreach() in f:\phpdev\www\pamela\ajauction\sell_subcat3.php on line 49
[02-Jan-2008 15:35:25] PHP Warning:  Invalid argument supplied for foreach() in f:\phpdev\www\pamela\ajauction\sell_subcat3.php on line 58
[02-Jan-2008 15:35:25] PHP Warning:  Invalid argument supplied for foreach() in f:\phpdev\www\pamela\ajauction\sell_subcat3.php on line 67
[02-Jan-2008 15:35:25] PHP Warning:  Invalid argument supplied for foreach() in f:\phpdev\www\pamela\ajauction\sell_subcat4.php on line 20
[02-Jan-2008 15:35:25] PHP Warning:  Invalid argument supplied for foreach() in f:\phpdev\www\pamela\ajauction\sell_subcat4.php on line 31
[02-Jan-2008 15:35:25] PHP Warning:  Invalid argument supplied for foreach() in f:\phpdev\www\pamela\ajauction\sell_subcat4.php on line 40
[02-Jan-2008 15:35:25] PHP Warning:  Invalid argument supplied for foreach() in f:\phpdev\www\pamela\ajauction\sell_subcat4.php on line 49
[02-Jan-2008 15:35:25] PHP Warning:  Invalid argument supplied for foreach() in f:\phpdev\www\pamela\ajauction\sell_subcat4.php on line 58
[02-Jan-2008 15:35:25] PHP Warning:  Invalid argument supplied for foreach() in f:\phpdev\www\pamela\ajauction\sell_subcat4.php on line 67
[02-Jan-2008 15:35:26] PHP Warning:  Invalid argument supplied for foreach() in f:\phpdev\www\pamela\ajauction\sell_subcat5.php on line 20
[02-Jan-2008 15:35:26] PHP Warning:  Invalid argument supplied for foreach() in f:\phpdev\www\pamela\ajauction\sell_subcat5.php on line 31
[02-Jan-2008 15:35:26] PHP Warning:  Invalid argument supplied for foreach() in f:\phpdev\www\pamela\ajauction\sell_subcat5.php on line 40
[02-Jan-2008 15:35:26] PHP Warning:  Invalid argument supplied for foreach() in f:\phpdev\www\pamela\ajauction\sell_subcat5.php on line 49
[02-Jan-2008 15:35:27] PHP Warning:  Invalid argument supplied for foreach() in f:\phpdev\www\pamela\ajauction\sell_subcat5.php on line 58
[02-Jan-2008 15:35:27] PHP Warning:  Invalid argument supplied for foreach() in f:\phpdev\www\pamela\ajauction\sell_subcat5.php on line 67
[02-Jan-2008 15:35:27] PHP Warning:  Invalid argument supplied for foreach() in f:\phpdev\www\pamela\ajauction\sell_subcat6.php on line 20
[02-Jan-2008 15:35:27] PHP Warning:  Invalid argument supplied for foreach() in f:\phpdev\www\pamela\ajauction\sell_subcat6.php on line 31
[02-Jan-2008 15:35:27] PHP Warning:  Invalid argument supplied for foreach() in f:\phpdev\www\pamela\ajauction\sell_subcat6.php on line 40
[02-Jan-2008 15:35:27] PHP Warning:  Invalid argument supplied for foreach() in f:\phpdev\www\pamela\ajauction\sell_subcat6.php on line 49
[02-Jan-2008 15:35:27] PHP Warning:  Invalid argument supplied for foreach() in f:\phpdev\www\pamela\ajauction\sell_subcat6.php on line 58
[02-Jan-2008 15:35:27] PHP Warning:  Invalid argument supplied for foreach() in f:\phpdev\www\pamela\ajauction\sell_subcat6.php on line 67
[02-Jan-2008 15:35:27] PHP Warning:  Invalid argument supplied for foreach() in f:\phpdev\www\pamela\ajauction\sell_subcat7.php on line 20
[02-Jan-2008 15:35:27] PHP Warning:  Invalid argument supplied for foreach() in f:\phpdev\www\pamela\ajauction\sell_subcat7.php on line 31
[02-Jan-2008 15:35:27] PHP Warning:  Invalid argument supplied for foreach() in f:\phpdev\www\pamela\ajauction\sell_subcat7.php on line 40
[02-Jan-2008 15:35:27] PHP Warning:  Invalid argument supplied for foreach() in f:\phpdev\www\pamela\ajauction\sell_subcat7.php on line 49
[02-Jan-2008 15:35:27] PHP Warning:  Invalid argument supplied for foreach() in f:\phpdev\www\pamela\ajauction\sell_subcat7.php on line 58
[02-Jan-2008 15:35:27] PHP Warning:  Invalid argument supplied for foreach() in f:\phpdev\www\pamela\ajauction\sell_subcat7.php on line 67
[02-Jan-2008 15:40:36] PHP Warning:  Invalid argument supplied for foreach() in f:\phpdev\www\pamela\ajauction\sell_subcat1.php on line 22
[02-Jan-2008 15:40:36] PHP Warning:  Invalid argument supplied for foreach() in f:\phpdev\www\pamela\ajauction\sell_subcat1.php on line 33
[02-Jan-2008 15:40:36] PHP Warning:  Invalid argument supplied for foreach() in f:\phpdev\www\pamela\ajauction\sell_subcat1.php on line 42
[02-Jan-2008 15:40:36] PHP Warning:  Invalid argument supplied for foreach() in f:\phpdev\www\pamela\ajauction\sell_subcat1.php on line 51
[02-Jan-2008 15:40:36] PHP Warning:  Invalid argument supplied for foreach() in f:\phpdev\www\pamela\ajauction\sell_subcat1.php on line 60
[02-Jan-2008 15:40:36] PHP Warning:  Invalid argument supplied for foreach() in f:\phpdev\www\pamela\ajauction\sell_subcat1.php on line 69
[02-Jan-2008 15:40:37] PHP Warning:  Invalid argument supplied for foreach() in f:\phpdev\www\pamela\ajauction\sell_subcat1.php on line 22
[02-Jan-2008 15:40:37] PHP Warning:  Invalid argument supplied for foreach() in f:\phpdev\www\pamela\ajauction\sell_subcat1.php on line 33
[02-Jan-2008 15:40:37] PHP Warning:  Invalid argument supplied for foreach() in f:\phpdev\www\pamela\ajauction\sell_subcat1.php on line 42
[02-Jan-2008 15:40:37] PHP Warning:  Invalid argument supplied for foreach() in f:\phpdev\www\pamela\ajauction\sell_subcat1.php on line 51
[02-Jan-2008 15:40:37] PHP Warning:  Invalid argument supplied for foreach() in f:\phpdev\www\pamela\ajauction\sell_subcat1.php on line 60
[02-Jan-2008 15:40:37] PHP Warning:  Invalid argument supplied for foreach() in f:\phpdev\www\pamela\ajauction\sell_subcat1.php on line 69
[02-Jan-2008 15:40:38] PHP Warning:  Invalid argument supplied for foreach() in f:\phpdev\www\pamela\ajauction\sell_subcat2.php on line 20
[02-Jan-2008 15:40:38] PHP Warning:  Invalid argument supplied for foreach() in f:\phpdev\www\pamela\ajauction\sell_subcat2.php on line 31
[02-Jan-2008 15:40:38] PHP Warning:  Invalid argument supplied for foreach() in f:\phpdev\www\pamela\ajauction\sell_subcat2.php on line 40
[02-Jan-2008 15:40:38] PHP Warning:  Invalid argument supplied for foreach() in f:\phpdev\www\pamela\ajauction\sell_subcat2.php on line 49
[02-Jan-2008 15:40:38] PHP Warning:  Invalid argument supplied for foreach() in f:\phpdev\www\pamela\ajauction\sell_subcat2.php on line 58
[02-Jan-2008 15:40:38] PHP Warning:  Invalid argument supplied for foreach() in f:\phpdev\www\pamela\ajauction\sell_subcat2.php on line 67
[02-Jan-2008 15:40:39] PHP Warning:  Invalid argument supplied for foreach() in f:\phpdev\www\pamela\ajauction\sell_subcat3.php on line 20
[02-Jan-2008 15:40:39] PHP Warning:  Invalid argument supplied for foreach() in f:\phpdev\www\pamela\ajauction\sell_subcat3.php on line 31
[02-Jan-2008 15:40:39] PHP Warning:  Invalid argument supplied for foreach() in f:\phpdev\www\pamela\ajauction\sell_subcat3.php on line 40
[02-Jan-2008 15:40:39] PHP Warning:  Invalid argument supplied for foreach() in f:\phpdev\www\pamela\ajauction\sell_subcat3.php on line 49
[02-Jan-2008 15:40:39] PHP Warning:  Invalid argument supplied for foreach() in f:\phpdev\www\pamela\ajauction\sell_subcat3.php on line 58
[02-Jan-2008 15:40:39] PHP Warning:  Invalid argument supplied for foreach() in f:\phpdev\www\pamela\ajauction\sell_subcat3.php on line 67
[02-Jan-2008 15:46:48] PHP Warning:  Invalid argument supplied for foreach() in f:\phpdev\www\pamela\ajauction\sell_subcat1.php on line 22
[02-Jan-2008 15:46:48] PHP Warning:  Invalid argument supplied for foreach() in f:\phpdev\www\pamela\ajauction\sell_subcat1.php on line 33
[02-Jan-2008 15:46:48] PHP Warning:  Invalid argument supplied for foreach() in f:\phpdev\www\pamela\ajauction\sell_subcat1.php on line 42
[02-Jan-2008 15:46:48] PHP Warning:  Invalid argument supplied for foreach() in f:\phpdev\www\pamela\ajauction\sell_subcat1.php on line 51
[02-Jan-2008 15:46:48] PHP Warning:  Invalid argument supplied for foreach() in f:\phpdev\www\pamela\ajauction\sell_subcat1.php on line 60
[02-Jan-2008 15:46:48] PHP Warning:  Invalid argument supplied for foreach() in f:\phpdev\www\pamela\ajauction\sell_subcat1.php on line 69
[02-Jan-2008 15:46:49] PHP Warning:  Invalid argument supplied for foreach() in f:\phpdev\www\pamela\ajauction\sell_subcat2.php on line 20
[02-Jan-2008 15:46:49] PHP Warning:  Invalid argument supplied for foreach() in f:\phpdev\www\pamela\ajauction\sell_subcat2.php on line 31
[02-Jan-2008 15:46:49] PHP Warning:  Invalid argument supplied for foreach() in f:\phpdev\www\pamela\ajauction\sell_subcat2.php on line 40
[02-Jan-2008 15:46:49] PHP Warning:  Invalid argument supplied for foreach() in f:\phpdev\www\pamela\ajauction\sell_subcat2.php on line 49
[02-Jan-2008 15:46:49] PHP Warning:  Invalid argument supplied for foreach() in f:\phpdev\www\pamela\ajauction\sell_subcat2.php on line 58
[02-Jan-2008 15:46:49] PHP Warning:  Invalid argument supplied for foreach() in f:\phpdev\www\pamela\ajauction\sell_subcat2.php on line 67
[02-Jan-2008 15:46:50] PHP Warning:  Invalid argument supplied for foreach() in f:\phpdev\www\pamela\ajauction\sell_subcat3.php on line 20
[02-Jan-2008 15:46:50] PHP Warning:  Invalid argument supplied for foreach() in f:\phpdev\www\pamela\ajauction\sell_subcat3.php on line 31
[02-Jan-2008 15:46:50] PHP Warning:  Invalid argument supplied for foreach() in f:\phpdev\www\pamela\ajauction\sell_subcat3.php on line 40
[02-Jan-2008 15:46:50] PHP Warning:  Invalid argument supplied for foreach() in f:\phpdev\www\pamela\ajauction\sell_subcat3.php on line 49
[02-Jan-2008 15:46:50] PHP Warning:  Invalid argument supplied for foreach() in f:\phpdev\www\pamela\ajauction\sell_subcat3.php on line 58
[02-Jan-2008 15:46:50] PHP Warning:  Invalid argument supplied for foreach() in f:\phpdev\www\pamela\ajauction\sell_subcat3.php on line 67
[02-Jan-2008 15:46:50] PHP Warning:  Invalid argument supplied for foreach() in f:\phpdev\www\pamela\ajauction\sell_subcat4.php on line 20
[02-Jan-2008 15:46:50] PHP Warning:  Invalid argument supplied for foreach() in f:\phpdev\www\pamela\ajauction\sell_subcat4.php on line 31
[02-Jan-2008 15:46:50] PHP Warning:  Invalid argument supplied for foreach() in f:\phpdev\www\pamela\ajauction\sell_subcat4.php on line 40
[02-Jan-2008 15:46:50] PHP Warning:  Invalid argument supplied for foreach() in f:\phpdev\www\pamela\ajauction\sell_subcat4.php on line 49
[02-Jan-2008 15:46:51] PHP Warning:  Invalid argument supplied for foreach() in f:\phpdev\www\pamela\ajauction\sell_subcat4.php on line 58
[02-Jan-2008 15:46:51] PHP Warning:  Invalid argument supplied for foreach() in f:\phpdev\www\pamela\ajauction\sell_subcat4.php on line 67
[02-Jan-2008 15:46:51] PHP Warning:  Invalid argument supplied for foreach() in f:\phpdev\www\pamela\ajauction\sell_subcat5.php on line 20
[02-Jan-2008 15:46:51] PHP Warning:  Invalid argument supplied for foreach() in f:\phpdev\www\pamela\ajauction\sell_subcat5.php on line 31
[02-Jan-2008 15:46:51] PHP Warning:  Invalid argument supplied for foreach() in f:\phpdev\www\pamela\ajauction\sell_subcat5.php on line 40
[02-Jan-2008 15:46:51] PHP Warning:  Invalid argument supplied for foreach() in f:\phpdev\www\pamela\ajauction\sell_subcat5.php on line 49
[02-Jan-2008 15:46:51] PHP Warning:  Invalid argument supplied for foreach() in f:\phpdev\www\pamela\ajauction\sell_subcat5.php on line 58
[02-Jan-2008 15:46:51] PHP Warning:  Invalid argument supplied for foreach() in f:\phpdev\www\pamela\ajauction\sell_subcat5.php on line 67
[02-Jan-2008 15:46:52] PHP Warning:  Invalid argument supplied for foreach() in f:\phpdev\www\pamela\ajauction\sell_subcat6.php on line 20
[02-Jan-2008 15:46:52] PHP Warning:  Invalid argument supplied for foreach() in f:\phpdev\www\pamela\ajauction\sell_subcat6.php on line 31
[02-Jan-2008 15:46:52] PHP Warning:  Invalid argument supplied for foreach() in f:\phpdev\www\pamela\ajauction\sell_subcat6.php on line 40
[02-Jan-2008 15:46:52] PHP Warning:  Invalid argument supplied for foreach() in f:\phpdev\www\pamela\ajauction\sell_subcat6.php on line 49
[02-Jan-2008 15:46:52] PHP Warning:  Invalid argument supplied for foreach() in f:\phpdev\www\pamela\ajauction\sell_subcat6.php on line 58
[02-Jan-2008 15:46:52] PHP Warning:  Invalid argument supplied for foreach() in f:\phpdev\www\pamela\ajauction\sell_subcat6.php on line 67
[02-Jan-2008 15:48:16] PHP Warning:  Invalid argument supplied for foreach() in f:\phpdev\www\pamela\ajauction\sell_subcat1.php on line 22
[02-Jan-2008 15:48:16] PHP Warning:  Invalid argument supplied for foreach() in f:\phpdev\www\pamela\ajauction\sell_subcat1.php on line 33
[02-Jan-2008 15:48:16] PHP Warning:  Invalid argument supplied for foreach() in f:\phpdev\www\pamela\ajauction\sell_subcat1.php on line 42
[02-Jan-2008 15:48:16] PHP Warning:  Invalid argument supplied for foreach() in f:\phpdev\www\pamela\ajauction\sell_subcat1.php on line 51
[02-Jan-2008 15:48:16] PHP Warning:  Invalid argument supplied for foreach() in f:\phpdev\www\pamela\ajauction\sell_subcat1.php on line 60
[02-Jan-2008 15:48:16] PHP Warning:  Invalid argument supplied for foreach() in f:\phpdev\www\pamela\ajauction\sell_subcat1.php on line 69
[02-Jan-2008 15:48:47] PHP Warning:  Invalid argument supplied for foreach() in f:\phpdev\www\pamela\ajauction\sell_subcat1.php on line 22
[02-Jan-2008 15:48:47] PHP Warning:  Invalid argument supplied for foreach() in f:\phpdev\www\pamela\ajauction\sell_subcat1.php on line 33
[02-Jan-2008 15:48:47] PHP Warning:  Invalid argument supplied for foreach() in f:\phpdev\www\pamela\ajauction\sell_subcat1.php on line 42
[02-Jan-2008 15:48:47] PHP Warning:  Invalid argument supplied for foreach() in f:\phpdev\www\pamela\ajauction\sell_subcat1.php on line 51
[02-Jan-2008 15:48:47] PHP Warning:  Invalid argument supplied for foreach() in f:\phpdev\www\pamela\ajauction\sell_subcat1.php on line 60
[02-Jan-2008 15:48:47] PHP Warning:  Invalid argument supplied for foreach() in f:\phpdev\www\pamela\ajauction\sell_subcat1.php on line 69
[02-Jan-2008 15:48:55] PHP Warning:  Invalid argument supplied for foreach() in f:\phpdev\www\pamela\ajauction\sell_subcat1.php on line 22
[02-Jan-2008 15:48:55] PHP Warning:  Invalid argument supplied for foreach() in f:\phpdev\www\pamela\ajauction\sell_subcat1.php on line 33
[02-Jan-2008 15:48:55] PHP Warning:  Invalid argument supplied for foreach() in f:\phpdev\www\pamela\ajauction\sell_subcat1.php on line 42
[02-Jan-2008 15:48:55] PHP Warning:  Invalid argument supplied for foreach() in f:\phpdev\www\pamela\ajauction\sell_subcat1.php on line 51
[02-Jan-2008 15:48:55] PHP Warning:  Invalid argument supplied for foreach() in f:\phpdev\www\pamela\ajauction\sell_subcat1.php on line 60
[02-Jan-2008 15:48:55] PHP Warning:  Invalid argument supplied for foreach() in f:\phpdev\www\pamela\ajauction\sell_subcat1.php on line 69
[02-Jan-2008 15:49:06] PHP Warning:  Invalid argument supplied for foreach() in f:\phpdev\www\pamela\ajauction\sell_subcat1.php on line 22
[02-Jan-2008 15:49:06] PHP Warning:  Invalid argument supplied for foreach() in f:\phpdev\www\pamela\ajauction\sell_subcat1.php on line 33
[02-Jan-2008 15:49:06] PHP Warning:  Invalid argument supplied for foreach() in f:\phpdev\www\pamela\ajauction\sell_subcat1.php on line 42
[02-Jan-2008 15:49:06] PHP Warning:  Invalid argument supplied for foreach() in f:\phpdev\www\pamela\ajauction\sell_subcat1.php on line 51
[02-Jan-2008 15:49:06] PHP Warning:  Invalid argument supplied for foreach() in f:\phpdev\www\pamela\ajauction\sell_subcat1.php on line 60
[02-Jan-2008 15:49:06] PHP Warning:  Invalid argument supplied for foreach() in f:\phpdev\www\pamela\ajauction\sell_subcat1.php on line 69
[02-Jan-2008 15:57:00] PHP Warning:  Invalid argument supplied for foreach() in f:\phpdev\www\pamela\ajauction\sell_subcat1.php on line 22
[02-Jan-2008 15:57:00] PHP Warning:  Invalid argument supplied for foreach() in f:\phpdev\www\pamela\ajauction\sell_subcat1.php on line 33
[02-Jan-2008 15:57:00] PHP Warning:  Invalid argument supplied for foreach() in f:\phpdev\www\pamela\ajauction\sell_subcat1.php on line 42
[02-Jan-2008 15:57:00] PHP Warning:  Invalid argument supplied for foreach() in f:\phpdev\www\pamela\ajauction\sell_subcat1.php on line 51
[02-Jan-2008 15:57:00] PHP Warning:  Invalid argument supplied for foreach() in f:\phpdev\www\pamela\ajauction\sell_subcat1.php on line 60
[02-Jan-2008 15:57:00] PHP Warning:  Invalid argument supplied for foreach() in f:\phpdev\www\pamela\ajauction\sell_subcat1.php on line 69
[02-Jan-2008 15:57:01] PHP Warning:  Invalid argument supplied for foreach() in f:\phpdev\www\pamela\ajauction\sell_subcat2.php on line 20
[02-Jan-2008 15:57:01] PHP Warning:  Invalid argument supplied for foreach() in f:\phpdev\www\pamela\ajauction\sell_subcat2.php on line 31
[02-Jan-2008 15:57:01] PHP Warning:  Invalid argument supplied for foreach() in f:\phpdev\www\pamela\ajauction\sell_subcat2.php on line 40
[02-Jan-2008 15:57:01] PHP Warning:  Invalid argument supplied for foreach() in f:\phpdev\www\pamela\ajauction\sell_subcat2.php on line 49
[02-Jan-2008 15:57:01] PHP Warning:  Invalid argument supplied for foreach() in f:\phpdev\www\pamela\ajauction\sell_subcat2.php on line 58
[02-Jan-2008 15:57:01] PHP Warning:  Invalid argument supplied for foreach() in f:\phpdev\www\pamela\ajauction\sell_subcat2.php on line 67
[02-Jan-2008 15:58:33] PHP Warning:  Invalid argument supplied for foreach() in f:\phpdev\www\pamela\ajauction\sell_subcat1.php on line 22
[02-Jan-2008 15:58:33] PHP Warning:  Invalid argument supplied for foreach() in f:\phpdev\www\pamela\ajauction\sell_subcat1.php on line 33
[02-Jan-2008 15:58:33] PHP Warning:  Invalid argument supplied for foreach() in f:\phpdev\www\pamela\ajauction\sell_subcat1.php on line 42
[02-Jan-2008 15:58:33] PHP Warning:  Invalid argument supplied for foreach() in f:\phpdev\www\pamela\ajauction\sell_subcat1.php on line 51
[02-Jan-2008 15:58:33] PHP Warning:  Invalid argument supplied for foreach() in f:\phpdev\www\pamela\ajauction\sell_subcat1.php on line 60
[02-Jan-2008 15:58:33] PHP Warning:  Invalid argument supplied for foreach() in f:\phpdev\www\pamela\ajauction\sell_subcat1.php on line 69
[02-Jan-2008 15:58:34] PHP Warning:  Invalid argument supplied for foreach() in f:\phpdev\www\pamela\ajauction\sell_subcat2.php on line 20
[02-Jan-2008 15:58:34] PHP Warning:  Invalid argument supplied for foreach() in f:\phpdev\www\pamela\ajauction\sell_subcat2.php on line 31
[02-Jan-2008 15:58:34] PHP Warning:  Invalid argument supplied for foreach() in f:\phpdev\www\pamela\ajauction\sell_subcat2.php on line 40
[02-Jan-2008 15:58:34] PHP Warning:  Invalid argument supplied for foreach() in f:\phpdev\www\pamela\ajauction\sell_subcat2.php on line 49
[02-Jan-2008 15:58:34] PHP Warning:  Invalid argument supplied for foreach() in f:\phpdev\www\pamela\ajauction\sell_subcat2.php on line 58
[02-Jan-2008 15:58:34] PHP Warning:  Invalid argument supplied for foreach() in f:\phpdev\www\pamela\ajauction\sell_subcat2.php on line 67
[02-Jan-2008 16:17:56] PHP Warning:  Invalid argument supplied for foreach() in f:\phpdev\www\pamela\ajauction\sell_subcat1.php on line 22
[02-Jan-2008 16:17:56] PHP Warning:  Invalid argument supplied for foreach() in f:\phpdev\www\pamela\ajauction\sell_subcat1.php on line 33
[02-Jan-2008 16:17:56] PHP Warning:  Invalid argument supplied for foreach() in f:\phpdev\www\pamela\ajauction\sell_subcat1.php on line 42
[02-Jan-2008 16:17:56] PHP Warning:  Invalid argument supplied for foreach() in f:\phpdev\www\pamela\ajauction\sell_subcat1.php on line 51
[02-Jan-2008 16:17:56] PHP Warning:  Invalid argument supplied for foreach() in f:\phpdev\www\pamela\ajauction\sell_subcat1.php on line 60
[02-Jan-2008 16:17:56] PHP Warning:  Invalid argument supplied for foreach() in f:\phpdev\www\pamela\ajauction\sell_subcat1.php on line 69
[02-Jan-2008 16:17:58] PHP Warning:  Invalid argument supplied for foreach() in f:\phpdev\www\pamela\ajauction\sell_subcat2.php on line 20
[02-Jan-2008 16:17:58] PHP Warning:  Invalid argument supplied for foreach() in f:\phpdev\www\pamela\ajauction\sell_subcat2.php on line 31
[02-Jan-2008 16:17:58] PHP Warning:  Invalid argument supplied for foreach() in f:\phpdev\www\pamela\ajauction\sell_subcat2.php on line 40
[02-Jan-2008 16:17:58] PHP Warning:  Invalid argument supplied for foreach() in f:\phpdev\www\pamela\ajauction\sell_subcat2.php on line 49
[02-Jan-2008 16:17:58] PHP Warning:  Invalid argument supplied for foreach() in f:\phpdev\www\pamela\ajauction\sell_subcat2.php on line 58
[02-Jan-2008 16:17:58] PHP Warning:  Invalid argument supplied for foreach() in f:\phpdev\www\pamela\ajauction\sell_subcat2.php on line 67
[02-Jan-2008 16:17:59] PHP Warning:  Invalid argument supplied for foreach() in f:\phpdev\www\pamela\ajauction\sell_subcat3.php on line 20
[02-Jan-2008 16:17:59] PHP Warning:  Invalid argument supplied for foreach() in f:\phpdev\www\pamela\ajauction\sell_subcat3.php on line 31
[02-Jan-2008 16:17:59] PHP Warning:  Invalid argument supplied for foreach() in f:\phpdev\www\pamela\ajauction\sell_subcat3.php on line 40
[02-Jan-2008 16:17:59] PHP Warning:  Invalid argument supplied for foreach() in f:\phpdev\www\pamela\ajauction\sell_subcat3.php on line 49
[02-Jan-2008 16:17:59] PHP Warning:  Invalid argument supplied for foreach() in f:\phpdev\www\pamela\ajauction\sell_subcat3.php on line 58
[02-Jan-2008 16:17:59] PHP Warning:  Invalid argument supplied for foreach() in f:\phpdev\www\pamela\ajauction\sell_subcat3.php on line 67
[02-Jan-2008 16:18:10] PHP Warning:  Invalid argument supplied for foreach() in f:\phpdev\www\pamela\ajauction\sell_subcat3.php on line 20
[02-Jan-2008 16:18:10] PHP Warning:  Invalid argument supplied for foreach() in f:\phpdev\www\pamela\ajauction\sell_subcat3.php on line 31
[02-Jan-2008 16:18:10] PHP Warning:  Invalid argument supplied for foreach() in f:\phpdev\www\pamela\ajauction\sell_subcat3.php on line 40
[02-Jan-2008 16:18:10] PHP Warning:  Invalid argument supplied for foreach() in f:\phpdev\www\pamela\ajauction\sell_subcat3.php on line 49
[02-Jan-2008 16:18:10] PHP Warning:  Invalid argument supplied for foreach() in f:\phpdev\www\pamela\ajauction\sell_subcat3.php on line 58
[02-Jan-2008 16:18:10] PHP Warning:  Invalid argument supplied for foreach() in f:\phpdev\www\pamela\ajauction\sell_subcat3.php on line 67
[02-Jan-2008 16:26:34] PHP Warning:  Invalid argument supplied for foreach() in f:\phpdev\www\pamela\ajauction\sell_subcat1.php on line 22
[02-Jan-2008 16:26:34] PHP Warning:  Invalid argument supplied for foreach() in f:\phpdev\www\pamela\ajauction\sell_subcat1.php on line 33
[02-Jan-2008 16:26:34] PHP Warning:  Invalid argument supplied for foreach() in f:\phpdev\www\pamela\ajauction\sell_subcat1.php on line 42
[02-Jan-2008 16:26:34] PHP Warning:  Invalid argument supplied for foreach() in f:\phpdev\www\pamela\ajauction\sell_subcat1.php on line 51
[02-Jan-2008 16:26:34] PHP Warning:  Invalid argument supplied for foreach() in f:\phpdev\www\pamela\ajauction\sell_subcat1.php on line 60
[02-Jan-2008 16:26:34] PHP Warning:  Invalid argument supplied for foreach() in f:\phpdev\www\pamela\ajauction\sell_subcat1.php on line 69
[02-Jan-2008 16:26:35] PHP Warning:  Invalid argument supplied for foreach() in f:\phpdev\www\pamela\ajauction\sell_subcat1.php on line 22
[02-Jan-2008 16:26:35] PHP Warning:  Invalid argument supplied for foreach() in f:\phpdev\www\pamela\ajauction\sell_subcat1.php on line 33
[02-Jan-2008 16:26:35] PHP Warning:  Invalid argument supplied for foreach() in f:\phpdev\www\pamela\ajauction\sell_subcat1.php on line 42
[02-Jan-2008 16:26:35] PHP Warning:  Invalid argument supplied for foreach() in f:\phpdev\www\pamela\ajauction\sell_subcat1.php on line 51
[02-Jan-2008 16:26:35] PHP Warning:  Invalid argument supplied for foreach() in f:\phpdev\www\pamela\ajauction\sell_subcat1.php on line 60
[02-Jan-2008 16:26:35] PHP Warning:  Invalid argument supplied for foreach() in f:\phpdev\www\pamela\ajauction\sell_subcat1.php on line 69
[02-Jan-2008 16:26:36] PHP Warning:  Invalid argument supplied for foreach() in f:\phpdev\www\pamela\ajauction\sell_subcat1.php on line 22
[02-Jan-2008 16:26:36] PHP Warning:  Invalid argument supplied for foreach() in f:\phpdev\www\pamela\ajauction\sell_subcat1.php on line 33
[02-Jan-2008 16:26:36] PHP Warning:  Invalid argument supplied for foreach() in f:\phpdev\www\pamela\ajauction\sell_subcat1.php on line 42
[02-Jan-2008 16:26:36] PHP Warning:  Invalid argument supplied for foreach() in f:\phpdev\www\pamela\ajauction\sell_subcat1.php on line 51
[02-Jan-2008 16:26:36] PHP Warning:  Invalid argument supplied for foreach() in f:\phpdev\www\pamela\ajauction\sell_subcat1.php on line 60
[02-Jan-2008 16:26:36] PHP Warning:  Invalid argument supplied for foreach() in f:\phpdev\www\pamela\ajauction\sell_subcat1.php on line 69
[02-Jan-2008 16:26:36] PHP Warning:  Invalid argument supplied for foreach() in f:\phpdev\www\pamela\ajauction\sell_subcat1.php on line 22
[02-Jan-2008 16:26:36] PHP Warning:  Invalid argument supplied for foreach() in f:\phpdev\www\pamela\ajauction\sell_subcat1.php on line 33
[02-Jan-2008 16:26:36] PHP Warning:  Invalid argument supplied for foreach() in f:\phpdev\www\pamela\ajauction\sell_subcat1.php on line 42
[02-Jan-2008 16:26:36] PHP Warning:  Invalid argument supplied for foreach() in f:\phpdev\www\pamela\ajauction\sell_subcat1.php on line 51
[02-Jan-2008 16:26:36] PHP Warning:  Invalid argument supplied for foreach() in f:\phpdev\www\pamela\ajauction\sell_subcat1.php on line 60
[02-Jan-2008 16:26:36] PHP Warning:  Invalid argument supplied for foreach() in f:\phpdev\www\pamela\ajauction\sell_subcat1.php on line 69
[02-Jan-2008 16:26:37] PHP Warning:  Invalid argument supplied for foreach() in f:\phpdev\www\pamela\ajauction\sell_subcat1.php on line 22
[02-Jan-2008 16:26:37] PHP Warning:  Invalid argument supplied for foreach() in f:\phpdev\www\pamela\ajauction\sell_subcat1.php on line 33
[02-Jan-2008 16:26:37] PHP Warning:  Invalid argument supplied for foreach() in f:\phpdev\www\pamela\ajauction\sell_subcat1.php on line 42
[02-Jan-2008 16:26:37] PHP Warning:  Invalid argument supplied for foreach() in f:\phpdev\www\pamela\ajauction\sell_subcat1.php on line 51
[02-Jan-2008 16:26:37] PHP Warning:  Invalid argument supplied for foreach() in f:\phpdev\www\pamela\ajauction\sell_subcat1.php on line 60
[02-Jan-2008 16:26:37] PHP Warning:  Invalid argument supplied for foreach() in f:\phpdev\www\pamela\ajauction\sell_subcat1.php on line 69
[02-Jan-2008 16:26:37] PHP Warning:  Invalid argument supplied for foreach() in f:\phpdev\www\pamela\ajauction\sell_subcat1.php on line 22
[02-Jan-2008 16:26:37] PHP Warning:  Invalid argument supplied for foreach() in f:\phpdev\www\pamela\ajauction\sell_subcat1.php on line 33
[02-Jan-2008 16:26:37] PHP Warning:  Invalid argument supplied for foreach() in f:\phpdev\www\pamela\ajauction\sell_subcat1.php on line 42
[02-Jan-2008 16:26:37] PHP Warning:  Invalid argument supplied for foreach() in f:\phpdev\www\pamela\ajauction\sell_subcat1.php on line 51
[02-Jan-2008 16:26:37] PHP Warning:  Invalid argument supplied for foreach() in f:\phpdev\www\pamela\ajauction\sell_subcat1.php on line 60
[02-Jan-2008 16:26:38] PHP Warning:  Invalid argument supplied for foreach() in f:\phpdev\www\pamela\ajauction\sell_subcat1.php on line 69
[02-Jan-2008 16:26:38] PHP Warning:  Invalid argument supplied for foreach() in f:\phpdev\www\pamela\ajauction\sell_subcat1.php on line 22
[02-Jan-2008 16:26:38] PHP Warning:  Invalid argument supplied for foreach() in f:\phpdev\www\pamela\ajauction\sell_subcat1.php on line 33
[02-Jan-2008 16:26:38] PHP Warning:  Invalid argument supplied for foreach() in f:\phpdev\www\pamela\ajauction\sell_subcat1.php on line 42
[02-Jan-2008 16:26:38] PHP Warning:  Invalid argument supplied for foreach() in f:\phpdev\www\pamela\ajauction\sell_subcat1.php on line 51
[02-Jan-2008 16:26:38] PHP Warning:  Invalid argument supplied for foreach() in f:\phpdev\www\pamela\ajauction\sell_subcat1.php on line 60
[02-Jan-2008 16:26:38] PHP Warning:  Invalid argument supplied for foreach() in f:\phpdev\www\pamela\ajauction\sell_subcat1.php on line 69
[02-Jan-2008 16:26:38] PHP Warning:  Invalid argument supplied for foreach() in f:\phpdev\www\pamela\ajauction\sell_subcat1.php on line 22
[02-Jan-2008 16:26:38] PHP Warning:  Invalid argument supplied for foreach() in f:\phpdev\www\pamela\ajauction\sell_subcat1.php on line 33
[02-Jan-2008 16:26:38] PHP Warning:  Invalid argument supplied for foreach() in f:\phpdev\www\pamela\ajauction\sell_subcat1.php on line 42
[02-Jan-2008 16:26:38] PHP Warning:  Invalid argument supplied for foreach() in f:\phpdev\www\pamela\ajauction\sell_subcat1.php on line 51
[02-Jan-2008 16:26:38] PHP Warning:  Invalid argument supplied for foreach() in f:\phpdev\www\pamela\ajauction\sell_subcat1.php on line 60
[02-Jan-2008 16:26:38] PHP Warning:  Invalid argument supplied for foreach() in f:\phpdev\www\pamela\ajauction\sell_subcat1.php on line 69
[02-Jan-2008 16:26:39] PHP Warning:  Invalid argument supplied for foreach() in f:\phpdev\www\pamela\ajauction\sell_subcat1.php on line 22
[02-Jan-2008 16:26:39] PHP Warning:  Invalid argument supplied for foreach() in f:\phpdev\www\pamela\ajauction\sell_subcat1.php on line 33
[02-Jan-2008 16:26:39] PHP Warning:  Invalid argument supplied for foreach() in f:\phpdev\www\pamela\ajauction\sell_subcat1.php on line 42
[02-Jan-2008 16:26:39] PHP Warning:  Invalid argument supplied for foreach() in f:\phpdev\www\pamela\ajauction\sell_subcat1.php on line 51
[02-Jan-2008 16:26:39] PHP Warning:  Invalid argument supplied for foreach() in f:\phpdev\www\pamela\ajauction\sell_subcat1.php on line 60
[02-Jan-2008 16:26:39] PHP Warning:  Invalid argument supplied for foreach() in f:\phpdev\www\pamela\ajauction\sell_subcat1.php on line 69
[02-Jan-2008 16:26:39] PHP Warning:  Invalid argument supplied for foreach() in f:\phpdev\www\pamela\ajauction\sell_subcat1.php on line 22
[02-Jan-2008 16:26:39] PHP Warning:  Invalid argument supplied for foreach() in f:\phpdev\www\pamela\ajauction\sell_subcat1.php on line 33
[02-Jan-2008 16:26:39] PHP Warning:  Invalid argument supplied for foreach() in f:\phpdev\www\pamela\ajauction\sell_subcat1.php on line 42
[02-Jan-2008 16:26:39] PHP Warning:  Invalid argument supplied for foreach() in f:\phpdev\www\pamela\ajauction\sell_subcat1.php on line 51
[02-Jan-2008 16:26:39] PHP Warning:  Invalid argument supplied for foreach() in f:\phpdev\www\pamela\ajauction\sell_subcat1.php on line 60
[02-Jan-2008 16:26:39] PHP Warning:  Invalid argument supplied for foreach() in f:\phpdev\www\pamela\ajauction\sell_subcat1.php on line 69
[02-Jan-2008 16:26:39] PHP Warning:  Invalid argument supplied for foreach() in f:\phpdev\www\pamela\ajauction\sell_subcat1.php on line 22
[02-Jan-2008 16:26:39] PHP Warning:  Invalid argument supplied for foreach() in f:\phpdev\www\pamela\ajauction\sell_subcat1.php on line 33
[02-Jan-2008 16:26:39] PHP Warning:  Invalid argument supplied for foreach() in f:\phpdev\www\pamela\ajauction\sell_subcat1.php on line 42
[02-Jan-2008 16:26:39] PHP Warning:  Invalid argument supplied for foreach() in f:\phpdev\www\pamela\ajauction\sell_subcat1.php on line 51
[02-Jan-2008 16:26:39] PHP Warning:  Invalid argument supplied for foreach() in f:\phpdev\www\pamela\ajauction\sell_subcat1.php on line 60
[02-Jan-2008 16:26:39] PHP Warning:  Invalid argument supplied for foreach() in f:\phpdev\www\pamela\ajauction\sell_subcat1.php on line 69
[02-Jan-2008 16:26:39] PHP Warning:  Invalid argument supplied for foreach() in f:\phpdev\www\pamela\ajauction\sell_subcat1.php on line 22
[02-Jan-2008 16:26:39] PHP Warning:  Invalid argument supplied for foreach() in f:\phpdev\www\pamela\ajauction\sell_subcat1.php on line 33
[02-Jan-2008 16:26:39] PHP Warning:  Invalid argument supplied for foreach() in f:\phpdev\www\pamela\ajauction\sell_subcat1.php on line 42
[02-Jan-2008 16:26:39] PHP Warning:  Invalid argument supplied for foreach() in f:\phpdev\www\pamela\ajauction\sell_subcat1.php on line 51
[02-Jan-2008 16:26:39] PHP Warning:  Invalid argument supplied for foreach() in f:\phpdev\www\pamela\ajauction\sell_subcat1.php on line 60
[02-Jan-2008 16:26:40] PHP Warning:  Invalid argument supplied for foreach() in f:\phpdev\www\pamela\ajauction\sell_subcat1.php on line 69
[02-Jan-2008 16:29:00] PHP Warning:  Invalid argument supplied for foreach() in f:\phpdev\www\pamela\ajauction\sell_subcat1.php on line 22
[02-Jan-2008 16:29:00] PHP Warning:  Invalid argument supplied for foreach() in f:\phpdev\www\pamela\ajauction\sell_subcat1.php on line 33
[02-Jan-2008 16:29:00] PHP Warning:  Invalid argument supplied for foreach() in f:\phpdev\www\pamela\ajauction\sell_subcat1.php on line 42
[02-Jan-2008 16:29:00] PHP Warning:  Invalid argument supplied for foreach() in f:\phpdev\www\pamela\ajauction\sell_subcat1.php on line 51
[02-Jan-2008 16:29:00] PHP Warning:  Invalid argument supplied for foreach() in f:\phpdev\www\pamela\ajauction\sell_subcat1.php on line 60
[02-Jan-2008 16:29:00] PHP Warning:  Invalid argument supplied for foreach() in f:\phpdev\www\pamela\ajauction\sell_subcat1.php on line 69
[02-Jan-2008 16:31:34] PHP Warning:  Invalid argument supplied for foreach() in f:\phpdev\www\pamela\ajauction\sell_subcat1.php on line 22
[02-Jan-2008 16:31:34] PHP Warning:  Invalid argument supplied for foreach() in f:\phpdev\www\pamela\ajauction\sell_subcat1.php on line 33
[02-Jan-2008 16:31:34] PHP Warning:  Invalid argument supplied for foreach() in f:\phpdev\www\pamela\ajauction\sell_subcat1.php on line 42
[02-Jan-2008 16:31:34] PHP Warning:  Invalid argument supplied for foreach() in f:\phpdev\www\pamela\ajauction\sell_subcat1.php on line 51
[02-Jan-2008 16:31:34] PHP Warning:  Invalid argument supplied for foreach() in f:\phpdev\www\pamela\ajauction\sell_subcat1.php on line 60
[02-Jan-2008 16:31:34] PHP Warning:  Invalid argument supplied for foreach() in f:\phpdev\www\pamela\ajauction\sell_subcat1.php on line 69
[02-Jan-2008 16:31:35] PHP Warning:  Invalid argument supplied for foreach() in f:\phpdev\www\pamela\ajauction\sell_subcat2.php on line 20
[02-Jan-2008 16:31:35] PHP Warning:  Invalid argument supplied for foreach() in f:\phpdev\www\pamela\ajauction\sell_subcat2.php on line 31
[02-Jan-2008 16:31:35] PHP Warning:  Invalid argument supplied for foreach() in f:\phpdev\www\pamela\ajauction\sell_subcat2.php on line 40
[02-Jan-2008 16:31:35] PHP Warning:  Invalid argument supplied for foreach() in f:\phpdev\www\pamela\ajauction\sell_subcat2.php on line 49
[02-Jan-2008 16:31:35] PHP Warning:  Invalid argument supplied for foreach() in f:\phpdev\www\pamela\ajauction\sell_subcat2.php on line 58
[02-Jan-2008 16:31:35] PHP Warning:  Invalid argument supplied for foreach() in f:\phpdev\www\pamela\ajauction\sell_subcat2.php on line 67
[02-Jan-2008 16:31:36] PHP Warning:  Invalid argument supplied for foreach() in f:\phpdev\www\pamela\ajauction\sell_subcat3.php on line 20
[02-Jan-2008 16:31:36] PHP Warning:  Invalid argument supplied for foreach() in f:\phpdev\www\pamela\ajauction\sell_subcat3.php on line 31
[02-Jan-2008 16:31:36] PHP Warning:  Invalid argument supplied for foreach() in f:\phpdev\www\pamela\ajauction\sell_subcat3.php on line 40
[02-Jan-2008 16:31:36] PHP Warning:  Invalid argument supplied for foreach() in f:\phpdev\www\pamela\ajauction\sell_subcat3.php on line 49
[02-Jan-2008 16:31:36] PHP Warning:  Invalid argument supplied for foreach() in f:\phpdev\www\pamela\ajauction\sell_subcat3.php on line 58
[02-Jan-2008 16:31:36] PHP Warning:  Invalid argument supplied for foreach() in f:\phpdev\www\pamela\ajauction\sell_subcat3.php on line 67
[02-Jan-2008 16:31:38] PHP Warning:  Invalid argument supplied for foreach() in f:\phpdev\www\pamela\ajauction\sell_subcat3.php on line 20
[02-Jan-2008 16:31:38] PHP Warning:  Invalid argument supplied for foreach() in f:\phpdev\www\pamela\ajauction\sell_subcat3.php on line 31
[02-Jan-2008 16:31:38] PHP Warning:  Invalid argument supplied for foreach() in f:\phpdev\www\pamela\ajauction\sell_subcat3.php on line 40
[02-Jan-2008 16:31:38] PHP Warning:  Invalid argument supplied for foreach() in f:\phpdev\www\pamela\ajauction\sell_subcat3.php on line 49
[02-Jan-2008 16:31:38] PHP Warning:  Invalid argument supplied for foreach() in f:\phpdev\www\pamela\ajauction\sell_subcat3.php on line 58
[02-Jan-2008 16:31:38] PHP Warning:  Invalid argument supplied for foreach() in f:\phpdev\www\pamela\ajauction\sell_subcat3.php on line 67
[02-Jan-2008 16:50:56] PHP Warning:  Invalid argument supplied for foreach() in f:\phpdev\www\pamela\ajauction\sell_subcat1.php on line 22
[02-Jan-2008 16:50:56] PHP Warning:  Invalid argument supplied for foreach() in f:\phpdev\www\pamela\ajauction\sell_subcat1.php on line 33
[02-Jan-2008 16:50:56] PHP Warning:  Invalid argument supplied for foreach() in f:\phpdev\www\pamela\ajauction\sell_subcat1.php on line 42
[02-Jan-2008 16:50:56] PHP Warning:  Invalid argument supplied for foreach() in f:\phpdev\www\pamela\ajauction\sell_subcat1.php on line 51
[02-Jan-2008 16:50:56] PHP Warning:  Invalid argument supplied for foreach() in f:\phpdev\www\pamela\ajauction\sell_subcat1.php on line 60
[02-Jan-2008 16:50:56] PHP Warning:  Invalid argument supplied for foreach() in f:\phpdev\www\pamela\ajauction\sell_subcat1.php on line 69
[02-Jan-2008 16:50:57] PHP Warning:  Invalid argument supplied for foreach() in f:\phpdev\www\pamela\ajauction\sell_subcat2.php on line 20
[02-Jan-2008 16:50:57] PHP Warning:  Invalid argument supplied for foreach() in f:\phpdev\www\pamela\ajauction\sell_subcat2.php on line 31
[02-Jan-2008 16:50:57] PHP Warning:  Invalid argument supplied for foreach() in f:\phpdev\www\pamela\ajauction\sell_subcat2.php on line 40
[02-Jan-2008 16:50:57] PHP Warning:  Invalid argument supplied for foreach() in f:\phpdev\www\pamela\ajauction\sell_subcat2.php on line 49
[02-Jan-2008 16:50:57] PHP Warning:  Invalid argument supplied for foreach() in f:\phpdev\www\pamela\ajauction\sell_subcat2.php on line 58
[02-Jan-2008 16:50:57] PHP Warning:  Invalid argument supplied for foreach() in f:\phpdev\www\pamela\ajauction\sell_subcat2.php on line 67
[02-Jan-2008 17:22:27] PHP Warning:  Invalid argument supplied for foreach() in f:\phpdev\www\pamela\ajauction\sell_subcat1.php on line 22
[02-Jan-2008 17:22:27] PHP Warning:  Invalid argument supplied for foreach() in f:\phpdev\www\pamela\ajauction\sell_subcat1.php on line 33
[02-Jan-2008 17:22:28] PHP Warning:  Invalid argument supplied for foreach() in f:\phpdev\www\pamela\ajauction\sell_subcat1.php on line 42
[02-Jan-2008 17:22:28] PHP Warning:  Invalid argument supplied for foreach() in f:\phpdev\www\pamela\ajauction\sell_subcat1.php on line 51
[02-Jan-2008 17:22:28] PHP Warning:  Invalid argument supplied for foreach() in f:\phpdev\www\pamela\ajauction\sell_subcat1.php on line 60
[02-Jan-2008 17:22:28] PHP Warning:  Invalid argument supplied for foreach() in f:\phpdev\www\pamela\ajauction\sell_subcat1.php on line 69
[02-Jan-2008 17:22:32] PHP Warning:  Invalid argument supplied for foreach() in f:\phpdev\www\pamela\ajauction\sell_subcat1.php on line 22
[02-Jan-2008 17:22:32] PHP Warning:  Invalid argument supplied for foreach() in f:\phpdev\www\pamela\ajauction\sell_subcat1.php on line 33
[02-Jan-2008 17:22:32] PHP Warning:  Invalid argument supplied for foreach() in f:\phpdev\www\pamela\ajauction\sell_subcat1.php on line 42
[02-Jan-2008 17:22:32] PHP Warning:  Invalid argument supplied for foreach() in f:\phpdev\www\pamela\ajauction\sell_subcat1.php on line 51
[02-Jan-2008 17:22:32] PHP Warning:  Invalid argument supplied for foreach() in f:\phpdev\www\pamela\ajauction\sell_subcat1.php on line 60
[02-Jan-2008 17:22:32] PHP Warning:  Invalid argument supplied for foreach() in f:\phpdev\www\pamela\ajauction\sell_subcat1.php on line 69
[02-Jan-2008 17:25:01] PHP Warning:  Invalid argument supplied for foreach() in f:\phpdev\www\pamela\ajauction\sell_subcat1.php on line 22
[02-Jan-2008 17:25:01] PHP Warning:  Invalid argument supplied for foreach() in f:\phpdev\www\pamela\ajauction\sell_subcat1.php on line 33
[02-Jan-2008 17:25:01] PHP Warning:  Invalid argument supplied for foreach() in f:\phpdev\www\pamela\ajauction\sell_subcat1.php on line 42
[02-Jan-2008 17:25:01] PHP Warning:  Invalid argument supplied for foreach() in f:\phpdev\www\pamela\ajauction\sell_subcat1.php on line 51
[02-Jan-2008 17:25:01] PHP Warning:  Invalid argument supplied for foreach() in f:\phpdev\www\pamela\ajauction\sell_subcat1.php on line 60
[02-Jan-2008 17:25:01] PHP Warning:  Invalid argument supplied for foreach() in f:\phpdev\www\pamela\ajauction\sell_subcat1.php on line 69
[02-Jan-2008 17:25:05] PHP Warning:  Invalid argument supplied for foreach() in f:\phpdev\www\pamela\ajauction\sell_subcat1.php on line 22
[02-Jan-2008 17:25:05] PHP Warning:  Invalid argument supplied for foreach() in f:\phpdev\www\pamela\ajauction\sell_subcat1.php on line 33
[02-Jan-2008 17:25:05] PHP Warning:  Invalid argument supplied for foreach() in f:\phpdev\www\pamela\ajauction\sell_subcat1.php on line 42
[02-Jan-2008 17:25:05] PHP Warning:  Invalid argument supplied for foreach() in f:\phpdev\www\pamela\ajauction\sell_subcat1.php on line 51
[02-Jan-2008 17:25:05] PHP Warning:  Invalid argument supplied for foreach() in f:\phpdev\www\pamela\ajauction\sell_subcat1.php on line 60
[02-Jan-2008 17:25:05] PHP Warning:  Invalid argument supplied for foreach() in f:\phpdev\www\pamela\ajauction\sell_subcat1.php on line 69
[02-Jan-2008 17:25:46] PHP Warning:  Invalid argument supplied for foreach() in f:\phpdev\www\pamela\ajauction\sell_subcat1.php on line 22
[02-Jan-2008 17:25:46] PHP Warning:  Invalid argument supplied for foreach() in f:\phpdev\www\pamela\ajauction\sell_subcat1.php on line 33
[02-Jan-2008 17:25:46] PHP Warning:  Invalid argument supplied for foreach() in f:\phpdev\www\pamela\ajauction\sell_subcat1.php on line 42
[02-Jan-2008 17:25:46] PHP Warning:  Invalid argument supplied for foreach() in f:\phpdev\www\pamela\ajauction\sell_subcat1.php on line 51
[02-Jan-2008 17:25:46] PHP Warning:  Invalid argument supplied for foreach() in f:\phpdev\www\pamela\ajauction\sell_subcat1.php on line 60
[02-Jan-2008 17:25:46] PHP Warning:  Invalid argument supplied for foreach() in f:\phpdev\www\pamela\ajauction\sell_subcat1.php on line 69
[02-Jan-2008 17:41:55] PHP Warning:  Invalid argument supplied for foreach() in f:\phpdev\www\pamela\ajauction\sell_subcat1.php on line 22
[02-Jan-2008 17:41:55] PHP Warning:  Invalid argument supplied for foreach() in f:\phpdev\www\pamela\ajauction\sell_subcat1.php on line 33
[02-Jan-2008 17:41:55] PHP Warning:  Invalid argument supplied for foreach() in f:\phpdev\www\pamela\ajauction\sell_subcat1.php on line 42
[02-Jan-2008 17:41:55] PHP Warning:  Invalid argument supplied for foreach() in f:\phpdev\www\pamela\ajauction\sell_subcat1.php on line 51
[02-Jan-2008 17:41:55] PHP Warning:  Invalid argument supplied for foreach() in f:\phpdev\www\pamela\ajauction\sell_subcat1.php on line 60
[02-Jan-2008 17:41:55] PHP Warning:  Invalid argument supplied for foreach() in f:\phpdev\www\pamela\ajauction\sell_subcat1.php on line 69
[02-Jan-2008 17:41:59] PHP Warning:  Invalid argument supplied for foreach() in f:\phpdev\www\pamela\ajauction\sell_subcat1.php on line 22
[02-Jan-2008 17:41:59] PHP Warning:  Invalid argument supplied for foreach() in f:\phpdev\www\pamela\ajauction\sell_subcat1.php on line 33
[02-Jan-2008 17:41:59] PHP Warning:  Invalid argument supplied for foreach() in f:\phpdev\www\pamela\ajauction\sell_subcat1.php on line 42
[02-Jan-2008 17:41:59] PHP Warning:  Invalid argument supplied for foreach() in f:\phpdev\www\pamela\ajauction\sell_subcat1.php on line 51
[02-Jan-2008 17:42:00] PHP Warning:  Invalid argument supplied for foreach() in f:\phpdev\www\pamela\ajauction\sell_subcat1.php on line 60
[02-Jan-2008 17:42:00] PHP Warning:  Invalid argument supplied for foreach() in f:\phpdev\www\pamela\ajauction\sell_subcat1.php on line 69
[02-Jan-2008 18:40:50] PHP Parse error:  parse error in f:\phpdev\www\pamela\ajauction\index.php on line 319
[02-Jan-2008 19:05:38] PHP Fatal error:  Failed opening required 'include/index_top.php' (include_path='.;f:/phpdev/php/includes;f:/phpdev/php/class') in f:\phpdev\www\pamela\ajauction\index.php on line 26
[02-Jan-2008 19:06:20] PHP Fatal error:  Failed opening required 'include/index_top.php' (include_path='.;f:/phpdev/php/includes;f:/phpdev/php/class') in f:\phpdev\www\pamela\ajauction\index.php on line 26
[02-Jan-2008 19:11:33] PHP Fatal error:  Failed opening required 'include/index_top.php' (include_path='.;f:/phpdev/php/includes;f:/phpdev/php/class') in f:\phpdev\www\pamela\ajauction\index.php on line 26
[02-Jan-2008 19:26:00] PHP Fatal error:  Failed opening required 'include/index_top.php' (include_path='.;f:/phpdev/php/includes;f:/phpdev/php/class') in f:\phpdev\www\pamela\ajauction\index.php on line 26
[02-Jan-2008 19:28:05] PHP Fatal error:  Failed opening required 'include/index_top.php' (include_path='.;f:/phpdev/php/includes;f:/phpdev/php/class') in f:\phpdev\www\pamela\ajauction\index.php on line 26
[02-Jan-2008 19:28:20] PHP Warning:  mysql_num_rows(): supplied argument is not a valid MySQL result resource in f:\phpdev\www\pamela\ajauction\index.php on line 167
[02-Jan-2008 19:28:20] PHP Warning:  mysql_num_rows(): supplied argument is not a valid MySQL result resource in f:\phpdev\www\pamela\ajauction\index.php on line 205
[02-Jan-2008 19:28:20] PHP Warning:  mysql_num_rows(): supplied argument is not a valid MySQL result resource in f:\phpdev\www\pamela\ajauction\index.php on line 219
[02-Jan-2008 19:28:20] PHP Warning:  mysql_fetch_array(): supplied argument is not a valid MySQL result resource in f:\phpdev\www\pamela\ajauction\index.php on line 364
[02-Jan-2008 19:28:20] PHP Warning:  mysql_fetch_array(): supplied argument is not a valid MySQL result resource in f:\phpdev\www\pamela\ajauction\index.php on line 371
[02-Jan-2008 19:28:20] PHP Warning:  mysql_num_rows(): supplied argument is not a valid MySQL result resource in f:\phpdev\www\pamela\ajauction\index.php on line 385
[02-Jan-2008 19:28:20] PHP Warning:  mysql_num_rows(): supplied argument is not a valid MySQL result resource in f:\phpdev\www\pamela\ajauction\index.php on line 436
[02-Jan-2008 19:28:20] PHP Warning:  mysql_num_rows(): supplied argument is not a valid MySQL result resource in f:\phpdev\www\pamela\ajauction\index.php on line 499
[02-Jan-2008 19:28:20] PHP Warning:  mysql_fetch_array(): supplied argument is not a valid MySQL result resource in f:\phpdev\www\pamela\ajauction\index.php on line 560
[02-Jan-2008 19:28:20] PHP Warning:  mysql_fetch_array(): supplied argument is not a valid MySQL result resource in f:\phpdev\www\pamela\ajauction\index.php on line 565
[02-Jan-2008 19:28:20] PHP Warning:  mysql_fetch_array(): supplied argument is not a valid MySQL result resource in f:\phpdev\www\pamela\ajauction\index.php on line 570
[02-Jan-2008 19:28:20] PHP Warning:  mysql_fetch_array(): supplied argument is not a valid MySQL result resource in f:\phpdev\www\pamela\ajauction\index.php on line 576
[02-Jan-2008 19:28:21] PHP Warning:  mysql_fetch_array(): supplied argument is not a valid MySQL result resource in f:\phpdev\www\pamela\ajauction\index.php on line 581
[02-Jan-2008 19:28:21] PHP Warning:  mysql_fetch_array(): supplied argument is not a valid MySQL result resource in f:\phpdev\www\pamela\ajauction\index.php on line 586
[02-Jan-2008 19:28:21] PHP Warning:  mysql_fetch_array(): supplied argument is not a valid MySQL result resource in f:\phpdev\www\pamela\ajauction\index.php on line 656
[02-Jan-2008 19:28:21] PHP Warning:  mysql_num_rows(): supplied argument is not a valid MySQL result resource in f:\phpdev\www\pamela\ajauction\index.php on line 677
[02-Jan-2008 19:28:21] PHP Warning:  mysql_fetch_array(): supplied argument is not a valid MySQL result resource in f:\phpdev\www\pamela\ajauction\index.php on line 712
[02-Jan-2008 19:28:21] PHP Warning:  Division by zero in f:\phpdev\www\pamela\ajauction\index.php on line 794
[02-Jan-2008 19:28:21] PHP Warning:  Division by zero in f:\phpdev\www\pamela\ajauction\index.php on line 800
[02-Jan-2008 19:28:21] PHP Warning:  Division by zero in f:\phpdev\www\pamela\ajauction\index.php on line 806
[02-Jan-2008 19:28:21] PHP Warning:  mysql_num_rows(): supplied argument is not a valid MySQL result resource in f:\phpdev\www\pamela\ajauction\index.php on line 857
[02-Jan-2008 19:28:21] PHP Warning:  mysql_num_rows(): supplied argument is not a valid MySQL result resource in f:\phpdev\www\pamela\ajauction\index.php on line 1019
[02-Jan-2008 19:28:21] PHP Warning:  mysql_num_rows(): supplied argument is not a valid MySQL result resource in f:\phpdev\www\pamela\ajauction\index.php on line 1042
[02-Jan-2008 19:28:21] PHP Warning:  mysql_fetch_array(): supplied argument is not a valid MySQL result resource in f:\phpdev\www\pamela\ajauction\include\footer.php on line 21
[02-Jan-2008 20:03:52] PHP Warning:  mysql_num_rows(): supplied argument is not a valid MySQL result resource in f:\phpdev\www\pamela\ajauction\ajax-banner.php on line 7
[02-Jan-2008 20:03:52] PHP Warning:  Cannot add header information - headers already sent by (output started at f:\phpdev\www\pamela\ajauction\ajax-banner.php:7) in f:\phpdev\www\pamela\ajauction\ajax-banner.php on line 24
[02-Jan-2008 20:04:33] PHP Fatal error:  Failed opening required 'includd/connect.php' (include_path='.;f:/phpdev/php/includes;f:/phpdev/php/class') in f:\phpdev\www\pamela\ajauction\ajax-banner.php on line 1
[02-Jan-2008 20:04:47] PHP Warning:  Cannot add header information - headers already sent by (output started at f:\phpdev\www\pamela\ajauction\include\vars.php:10) in f:\phpdev\www\pamela\ajauction\ajax-banner.php on line 26
[02-Jan-2008 20:05:00] PHP Warning:  Cannot add header information - headers already sent by (output started at f:\phpdev\www\pamela\ajauction\include\vars.php:10) in f:\phpdev\www\pamela\ajauction\ajax-banner.php on line 26
[03-Jan-2008 10:59:35] PHP Warning:  Division by zero in f:\phpdev\www\pamela\ajauction\index.php on line 794
[03-Jan-2008 10:59:35] PHP Warning:  Division by zero in f:\phpdev\www\pamela\ajauction\index.php on line 800
[03-Jan-2008 10:59:35] PHP Warning:  Division by zero in f:\phpdev\www\pamela\ajauction\index.php on line 806
[03-Jan-2008 11:31:38] PHP Parse error:  parse error in f:\phpdev\www\pamela\ajauction\ajax-banner.php on line 8
[03-Jan-2008 11:36:03] PHP Parse error:  parse error in f:\phpdev\www\pamela\ajauction\ajax-banner.php on line 11
[03-Jan-2008 11:36:07] PHP Parse error:  parse error in f:\phpdev\www\pamela\ajauction\ajax-banner.php on line 11
[03-Jan-2008 11:36:37] PHP Parse error:  parse error in f:\phpdev\www\pamela\ajauction\ajax-banner.php on line 14
[03-Jan-2008 11:37:19] PHP Parse error:  parse error in f:\phpdev\www\pamela\ajauction\ajax-banner.php on line 17
[03-Jan-2008 11:37:21] PHP Parse error:  parse error in f:\phpdev\www\pamela\ajauction\ajax-banner.php on line 17
[03-Jan-2008 11:38:01] PHP Warning:  Cannot add header information - headers already sent by (output started at f:\phpdev\www\pamela\ajauction\include\vars.php:10) in f:\phpdev\www\pamela\ajauction\ajax-banner.php on line 38
[03-Jan-2008 11:38:08] PHP Parse error:  parse error in f:\phpdev\www\pamela\ajauction\ajax-banner.php on line 14
[03-Jan-2008 11:38:18] PHP Parse error:  parse error in f:\phpdev\www\pamela\ajauction\ajax-banner.php on line 14
[03-Jan-2008 11:38:47] PHP Parse error:  parse error in f:\phpdev\www\pamela\ajauction\ajax-banner.php on line 14
[03-Jan-2008 11:39:06] PHP Parse error:  parse error in f:\phpdev\www\pamela\ajauction\ajax-banner.php on line 14
[03-Jan-2008 11:39:18] PHP Parse error:  parse error in f:\phpdev\www\pamela\ajauction\ajax-banner.php on line 14
[03-Jan-2008 11:40:14] PHP Parse error:  parse error in f:\phpdev\www\pamela\ajauction\ajax-banner.php on line 14
[03-Jan-2008 11:40:16] PHP Parse error:  parse error in f:\phpdev\www\pamela\ajauction\ajax-banner.php on line 14
[03-Jan-2008 11:40:48] PHP Parse error:  parse error in f:\phpdev\www\pamela\ajauction\ajax-banner.php on line 14
[03-Jan-2008 11:40:49] PHP Parse error:  parse error in f:\phpdev\www\pamela\ajauction\ajax-banner.php on line 14
[03-Jan-2008 11:40:49] PHP Parse error:  parse error in f:\phpdev\www\pamela\ajauction\ajax-banner.php on line 14
[03-Jan-2008 11:40:49] PHP Parse error:  parse error in f:\phpdev\www\pamela\ajauction\ajax-banner.php on line 14
[03-Jan-2008 11:40:49] PHP Parse error:  parse error in f:\phpdev\www\pamela\ajauction\ajax-banner.php on line 14
[03-Jan-2008 11:40:49] PHP Parse error:  parse error in f:\phpdev\www\pamela\ajauction\ajax-banner.php on line 14
[03-Jan-2008 11:40:50] PHP Parse error:  parse error in f:\phpdev\www\pamela\ajauction\ajax-banner.php on line 14
[03-Jan-2008 11:41:16] PHP Parse error:  parse error in f:\phpdev\www\pamela\ajauction\ajax-banner.php on line 14
[03-Jan-2008 11:42:26] PHP Parse error:  parse error in f:\phpdev\www\pamela\ajauction\ajax-banner.php on line 14
[03-Jan-2008 11:42:30] PHP Parse error:  parse error in f:\phpdev\www\pamela\ajauction\ajax-banner.php on line 14
[03-Jan-2008 11:42:53] PHP Parse error:  parse error in f:\phpdev\www\pamela\ajauction\ajax-banner.php on line 14
[03-Jan-2008 11:42:54] PHP Parse error:  parse error in f:\phpdev\www\pamela\ajauction\ajax-banner.php on line 14
[03-Jan-2008 11:42:54] PHP Parse error:  parse error in f:\phpdev\www\pamela\ajauction\ajax-banner.php on line 14
[03-Jan-2008 11:42:54] PHP Parse error:  parse error in f:\phpdev\www\pamela\ajauction\ajax-banner.php on line 14
[03-Jan-2008 11:42:55] PHP Parse error:  parse error in f:\phpdev\www\pamela\ajauction\ajax-banner.php on line 14
[03-Jan-2008 11:43:22] PHP Warning:  Cannot add header information - headers already sent by (output started at f:\phpdev\www\pamela\ajauction\include\vars.php:10) in f:\phpdev\www\pamela\ajauction\ajax-banner.php on line 39
[03-Jan-2008 11:43:41] PHP Warning:  Cannot add header information - headers already sent by (output started at f:\phpdev\www\pamela\ajauction\include\vars.php:10) in f:\phpdev\www\pamela\ajauction\ajax-banner.php on line 39
[03-Jan-2008 11:43:53] PHP Parse error:  parse error in f:\phpdev\www\pamela\ajauction\ajax-banner.php on line 14
[03-Jan-2008 11:44:39] PHP Parse error:  parse error in f:\phpdev\www\pamela\ajauction\ajax-banner.php on line 14
[03-Jan-2008 11:44:40] PHP Parse error:  parse error in f:\phpdev\www\pamela\ajauction\ajax-banner.php on line 14
[03-Jan-2008 11:44:40] PHP Parse error:  parse error in f:\phpdev\www\pamela\ajauction\ajax-banner.php on line 14
[03-Jan-2008 11:44:57] PHP Parse error:  parse error in f:\phpdev\www\pamela\ajauction\ajax-banner.php on line 14
[03-Jan-2008 11:44:58] PHP Parse error:  parse error in f:\phpdev\www\pamela\ajauction\ajax-banner.php on line 14
[03-Jan-2008 11:44:58] PHP Parse error:  parse error in f:\phpdev\www\pamela\ajauction\ajax-banner.php on line 14
[03-Jan-2008 11:44:58] PHP Parse error:  parse error in f:\phpdev\www\pamela\ajauction\ajax-banner.php on line 14
[03-Jan-2008 11:45:43] PHP Parse error:  parse error in f:\phpdev\www\pamela\ajauction\ajax-banner.php on line 15
[03-Jan-2008 11:45:43] PHP Parse error:  parse error in f:\phpdev\www\pamela\ajauction\ajax-banner.php on line 15
[03-Jan-2008 11:45:43] PHP Parse error:  parse error in f:\phpdev\www\pamela\ajauction\ajax-banner.php on line 15
[03-Jan-2008 11:46:49] PHP Warning:  Cannot add header information - headers already sent by (output started at f:\phpdev\www\pamela\ajauction\include\vars.php:10) in f:\phpdev\www\pamela\ajauction\ajax-banner.php on line 36
[03-Jan-2008 11:47:08] PHP Warning:  Cannot add header information - headers already sent by (output started at f:\phpdev\www\pamela\ajauction\include\vars.php:10) in f:\phpdev\www\pamela\ajauction\ajax-banner.php on line 36
[03-Jan-2008 11:47:12] PHP Warning:  Cannot add header information - headers already sent by (output started at f:\phpdev\www\pamela\ajauction\include\vars.php:10) in f:\phpdev\www\pamela\ajauction\ajax-banner.php on line 36
[03-Jan-2008 11:47:59] PHP Warning:  Cannot add header information - headers already sent by (output started at f:\phpdev\www\pamela\ajauction\include\vars.php:10) in f:\phpdev\www\pamela\ajauction\ajax-banner.php on line 36
[03-Jan-2008 11:48:05] PHP Warning:  Cannot add header information - headers already sent by (output started at f:\phpdev\www\pamela\ajauction\include\vars.php:10) in f:\phpdev\www\pamela\ajauction\ajax-banner.php on line 36
[03-Jan-2008 11:48:22] PHP Warning:  Cannot add header information - headers already sent by (output started at f:\phpdev\www\pamela\ajauction\include\vars.php:10) in f:\phpdev\www\pamela\ajauction\ajax-banner.php on line 36
[03-Jan-2008 11:51:32] PHP Warning:  Cannot add header information - headers already sent by (output started at f:\phpdev\www\pamela\ajauction\include\vars.php:10) in f:\phpdev\www\pamela\ajauction\ajax-banner.php on line 36
[03-Jan-2008 11:52:45] PHP Warning:  Cannot add header information - headers already sent by (output started at f:\phpdev\www\pamela\ajauction\include\vars.php:10) in f:\phpdev\www\pamela\ajauction\ajax-banner.php on line 36
[03-Jan-2008 11:52:56] PHP Warning:  Cannot add header information - headers already sent by (output started at f:\phpdev\www\pamela\ajauction\include\vars.php:10) in f:\phpdev\www\pamela\ajauction\ajax-banner.php on line 36
[03-Jan-2008 11:53:50] PHP Warning:  Cannot add header information - headers already sent by (output started at f:\phpdev\www\pamela\ajauction\include\vars.php:10) in f:\phpdev\www\pamela\ajauction\ajax-banner.php on line 36
[03-Jan-2008 11:56:17] PHP Parse error:  parse error in f:\phpdev\www\pamela\ajauction\ajax-banner.php on line 20
[03-Jan-2008 11:56:32] PHP Parse error:  parse error in f:\phpdev\www\pamela\ajauction\ajax-banner.php on line 37
[03-Jan-2008 11:56:50] PHP Parse error:  parse error in f:\phpdev\www\pamela\ajauction\ajax-banner.php on line 37
[03-Jan-2008 11:56:57] PHP Parse error:  parse error in f:\phpdev\www\pamela\ajauction\ajax-banner.php on line 37
[03-Jan-2008 11:57:09] PHP Parse error:  parse error in f:\phpdev\www\pamela\ajauction\ajax-banner.php on line 37
[03-Jan-2008 11:57:17] PHP Parse error:  parse error in f:\phpdev\www\pamela\ajauction\ajax-banner.php on line 40
[03-Jan-2008 12:00:13] PHP Warning:  Invalid argument supplied for foreach() in f:\phpdev\www\pamela\ajauction\sell_subcat1.php on line 22
[03-Jan-2008 12:00:13] PHP Warning:  Invalid argument supplied for foreach() in f:\phpdev\www\pamela\ajauction\sell_subcat1.php on line 33
[03-Jan-2008 12:00:13] PHP Warning:  Invalid argument supplied for foreach() in f:\phpdev\www\pamela\ajauction\sell_subcat1.php on line 42
[03-Jan-2008 12:00:13] PHP Warning:  Invalid argument supplied for foreach() in f:\phpdev\www\pamela\ajauction\sell_subcat1.php on line 51
[03-Jan-2008 12:00:13] PHP Warning:  Invalid argument supplied for foreach() in f:\phpdev\www\pamela\ajauction\sell_subcat1.php on line 60
[03-Jan-2008 12:00:13] PHP Warning:  Invalid argument supplied for foreach() in f:\phpdev\www\pamela\ajauction\sell_subcat1.php on line 69
[03-Jan-2008 12:00:15] PHP Warning:  Invalid argument supplied for foreach() in f:\phpdev\www\pamela\ajauction\sell_subcat2.php on line 20
[03-Jan-2008 12:00:15] PHP Warning:  Invalid argument supplied for foreach() in f:\phpdev\www\pamela\ajauction\sell_subcat2.php on line 31
[03-Jan-2008 12:00:15] PHP Warning:  Invalid argument supplied for foreach() in f:\phpdev\www\pamela\ajauction\sell_subcat2.php on line 40
[03-Jan-2008 12:00:15] PHP Warning:  Invalid argument supplied for foreach() in f:\phpdev\www\pamela\ajauction\sell_subcat2.php on line 49
[03-Jan-2008 12:00:15] PHP Warning:  Invalid argument supplied for foreach() in f:\phpdev\www\pamela\ajauction\sell_subcat2.php on line 58
[03-Jan-2008 12:00:15] PHP Warning:  Invalid argument supplied for foreach() in f:\phpdev\www\pamela\ajauction\sell_subcat2.php on line 67
[03-Jan-2008 12:00:17] PHP Warning:  Invalid argument supplied for foreach() in f:\phpdev\www\pamela\ajauction\sell_subcat3.php on line 20
[03-Jan-2008 12:00:17] PHP Warning:  Invalid argument supplied for foreach() in f:\phpdev\www\pamela\ajauction\sell_subcat3.php on line 31
[03-Jan-2008 12:00:17] PHP Warning:  Invalid argument supplied for foreach() in f:\phpdev\www\pamela\ajauction\sell_subcat3.php on line 40
[03-Jan-2008 12:00:17] PHP Warning:  Invalid argument supplied for foreach() in f:\phpdev\www\pamela\ajauction\sell_subcat3.php on line 49
[03-Jan-2008 12:00:17] PHP Warning:  Invalid argument supplied for foreach() in f:\phpdev\www\pamela\ajauction\sell_subcat3.php on line 58
[03-Jan-2008 12:00:17] PHP Warning:  Invalid argument supplied for foreach() in f:\phpdev\www\pamela\ajauction\sell_subcat3.php on line 67
[03-Jan-2008 12:57:17] PHP Warning:  mysql_fetch_array(): supplied argument is not a valid MySQL result resource in f:\phpdev\www\pamela\ajauction\chk.php on line 6
[03-Jan-2008 13:02:00] PHP Fatal error:  Maximum execution time of 30 seconds exceeded in f:\phpdev\www\pamela\ajauction\chk.php on line 15
[03-Jan-2008 13:02:04] PHP Fatal error:  Maximum execution time of 30 seconds exceeded in f:\phpdev\www\pamela\ajauction\chk.php on line 7
[03-Jan-2008 13:10:37] PHP Warning:  Invalid argument supplied for foreach() in f:\phpdev\www\pamela\ajauction\sell_subcat1.php on line 22
[03-Jan-2008 13:10:37] PHP Warning:  Invalid argument supplied for foreach() in f:\phpdev\www\pamela\ajauction\sell_subcat1.php on line 33
[03-Jan-2008 13:10:37] PHP Warning:  Invalid argument supplied for foreach() in f:\phpdev\www\pamela\ajauction\sell_subcat1.php on line 42
[03-Jan-2008 13:10:37] PHP Warning:  Invalid argument supplied for foreach() in f:\phpdev\www\pamela\ajauction\sell_subcat1.php on line 51
[03-Jan-2008 13:10:37] PHP Warning:  Invalid argument supplied for foreach() in f:\phpdev\www\pamela\ajauction\sell_subcat1.php on line 60
[03-Jan-2008 13:10:37] PHP Warning:  Invalid argument supplied for foreach() in f:\phpdev\www\pamela\ajauction\sell_subcat1.php on line 69
[03-Jan-2008 13:10:37] PHP Warning:  Invalid argument supplied for foreach() in f:\phpdev\www\pamela\ajauction\sell_subcat2.php on line 20
[03-Jan-2008 13:10:37] PHP Warning:  Invalid argument supplied for foreach() in f:\phpdev\www\pamela\ajauction\sell_subcat2.php on line 31
[03-Jan-2008 13:10:37] PHP Warning:  Invalid argument supplied for foreach() in f:\phpdev\www\pamela\ajauction\sell_subcat2.php on line 40
[03-Jan-2008 13:10:37] PHP Warning:  Invalid argument supplied for foreach() in f:\phpdev\www\pamela\ajauction\sell_subcat2.php on line 49
[03-Jan-2008 13:10:37] PHP Warning:  Invalid argument supplied for foreach() in f:\phpdev\www\pamela\ajauction\sell_subcat2.php on line 58
[03-Jan-2008 13:10:37] PHP Warning:  Invalid argument supplied for foreach() in f:\phpdev\www\pamela\ajauction\sell_subcat2.php on line 67
[03-Jan-2008 13:10:38] PHP Warning:  Invalid argument supplied for foreach() in f:\phpdev\www\pamela\ajauction\sell_subcat3.php on line 20
[03-Jan-2008 13:10:38] PHP Warning:  Invalid argument supplied for foreach() in f:\phpdev\www\pamela\ajauction\sell_subcat3.php on line 31
[03-Jan-2008 13:10:38] PHP Warning:  Invalid argument supplied for foreach() in f:\phpdev\www\pamela\ajauction\sell_subcat3.php on line 40
[03-Jan-2008 13:10:38] PHP Warning:  Invalid argument supplied for foreach() in f:\phpdev\www\pamela\ajauction\sell_subcat3.php on line 49
[03-Jan-2008 13:10:38] PHP Warning:  Invalid argument supplied for foreach() in f:\phpdev\www\pamela\ajauction\sell_subcat3.php on line 58
[03-Jan-2008 13:10:38] PHP Warning:  Invalid argument supplied for foreach() in f:\phpdev\www\pamela\ajauction\sell_subcat3.php on line 67
[03-Jan-2008 13:10:38] PHP Warning:  Invalid argument supplied for foreach() in f:\phpdev\www\pamela\ajauction\sell_subcat4.php on line 20
[03-Jan-2008 13:10:38] PHP Warning:  Invalid argument supplied for foreach() in f:\phpdev\www\pamela\ajauction\sell_subcat4.php on line 31
[03-Jan-2008 13:10:38] PHP Warning:  Invalid argument supplied for foreach() in f:\phpdev\www\pamela\ajauction\sell_subcat4.php on line 40
[03-Jan-2008 13:10:38] PHP Warning:  Invalid argument supplied for foreach() in f:\phpdev\www\pamela\ajauction\sell_subcat4.php on line 49
[03-Jan-2008 13:10:38] PHP Warning:  Invalid argument supplied for foreach() in f:\phpdev\www\pamela\ajauction\sell_subcat4.php on line 58
[03-Jan-2008 13:10:39] PHP Warning:  Invalid argument supplied for foreach() in f:\phpdev\www\pamela\ajauction\sell_subcat4.php on line 67
[03-Jan-2008 13:10:41] PHP Warning:  Invalid argument supplied for foreach() in f:\phpdev\www\pamela\ajauction\sell_subcat5.php on line 20
[03-Jan-2008 13:10:41] PHP Warning:  Invalid argument supplied for foreach() in f:\phpdev\www\pamela\ajauction\sell_subcat5.php on line 31
[03-Jan-2008 13:10:41] PHP Warning:  Invalid argument supplied for foreach() in f:\phpdev\www\pamela\ajauction\sell_subcat5.php on line 40
[03-Jan-2008 13:10:41] PHP Warning:  Invalid argument supplied for foreach() in f:\phpdev\www\pamela\ajauction\sell_subcat5.php on line 49
[03-Jan-2008 13:10:41] PHP Warning:  Invalid argument supplied for foreach() in f:\phpdev\www\pamela\ajauction\sell_subcat5.php on line 58
[03-Jan-2008 13:10:41] PHP Warning:  Invalid argument supplied for foreach() in f:\phpdev\www\pamela\ajauction\sell_subcat5.php on line 67
[03-Jan-2008 13:10:41] PHP Warning:  Invalid argument supplied for foreach() in f:\phpdev\www\pamela\ajauction\sell_subcat6.php on line 20
[03-Jan-2008 13:10:41] PHP Warning:  Invalid argument supplied for foreach() in f:\phpdev\www\pamela\ajauction\sell_subcat6.php on line 31
[03-Jan-2008 13:10:41] PHP Warning:  Invalid argument supplied for foreach() in f:\phpdev\www\pamela\ajauction\sell_subcat6.php on line 40
[03-Jan-2008 13:10:41] PHP Warning:  Invalid argument supplied for foreach() in f:\phpdev\www\pamela\ajauction\sell_subcat6.php on line 49
[03-Jan-2008 13:10:41] PHP Warning:  Invalid argument supplied for foreach() in f:\phpdev\www\pamela\ajauction\sell_subcat6.php on line 58
[03-Jan-2008 13:10:41] PHP Warning:  Invalid argument supplied for foreach() in f:\phpdev\www\pamela\ajauction\sell_subcat6.php on line 67
[03-Jan-2008 13:10:42] PHP Warning:  Invalid argument supplied for foreach() in f:\phpdev\www\pamela\ajauction\sell_subcat7.php on line 20
[03-Jan-2008 13:10:42] PHP Warning:  Invalid argument supplied for foreach() in f:\phpdev\www\pamela\ajauction\sell_subcat7.php on line 31
[03-Jan-2008 13:10:42] PHP Warning:  Invalid argument supplied for foreach() in f:\phpdev\www\pamela\ajauction\sell_subcat7.php on line 40
[03-Jan-2008 13:10:42] PHP Warning:  Invalid argument supplied for foreach() in f:\phpdev\www\pamela\ajauction\sell_subcat7.php on line 49
[03-Jan-2008 13:10:42] PHP Warning:  Invalid argument supplied for foreach() in f:\phpdev\www\pamela\ajauction\sell_subcat7.php on line 58
[03-Jan-2008 13:10:42] PHP Warning:  Invalid argument supplied for foreach() in f:\phpdev\www\pamela\ajauction\sell_subcat7.php on line 67
[04-Jan-2008 13:20:54] PHP Warning:  mysql_num_rows(): supplied argument is not a valid MySQL result resource in f:\phpdev\www\pamela\ajauction\browse_categories.php on line 31
[04-Jan-2008 13:20:54] PHP Warning:  mysql_fetch_array(): supplied argument is not a valid MySQL result resource in f:\phpdev\www\pamela\ajauction\templates\browse_cate.tpl on line 38
[04-Jan-2008 14:53:22] PHP Parse error:  parse error in f:\phpdev\www\pamela\ajauction\templates\browse_categories.tpl on line 58
[04-Jan-2008 16:41:11] PHP Warning:  Invalid argument supplied for foreach() in f:\phpdev\www\pamela\ajauction\sell_subcat1.php on line 22
[04-Jan-2008 16:41:12] PHP Warning:  Invalid argument supplied for foreach() in f:\phpdev\www\pamela\ajauction\sell_subcat1.php on line 33
[04-Jan-2008 16:41:12] PHP Warning:  Invalid argument supplied for foreach() in f:\phpdev\www\pamela\ajauction\sell_subcat1.php on line 42
[04-Jan-2008 16:41:12] PHP Warning:  Invalid argument supplied for foreach() in f:\phpdev\www\pamela\ajauction\sell_subcat1.php on line 51
[04-Jan-2008 16:41:12] PHP Warning:  Invalid argument supplied for foreach() in f:\phpdev\www\pamela\ajauction\sell_subcat1.php on line 60
[04-Jan-2008 16:41:12] PHP Warning:  Invalid argument supplied for foreach() in f:\phpdev\www\pamela\ajauction\sell_subcat1.php on line 69
[04-Jan-2008 16:41:13] PHP Warning:  Invalid argument supplied for foreach() in f:\phpdev\www\pamela\ajauction\sell_subcat2.php on line 20
[04-Jan-2008 16:41:13] PHP Warning:  Invalid argument supplied for foreach() in f:\phpdev\www\pamela\ajauction\sell_subcat2.php on line 31
[04-Jan-2008 16:41:13] PHP Warning:  Invalid argument supplied for foreach() in f:\phpdev\www\pamela\ajauction\sell_subcat2.php on line 40
[04-Jan-2008 16:41:13] PHP Warning:  Invalid argument supplied for foreach() in f:\phpdev\www\pamela\ajauction\sell_subcat2.php on line 49
[04-Jan-2008 16:41:13] PHP Warning:  Invalid argument supplied for foreach() in f:\phpdev\www\pamela\ajauction\sell_subcat2.php on line 58
[04-Jan-2008 16:41:13] PHP Warning:  Invalid argument supplied for foreach() in f:\phpdev\www\pamela\ajauction\sell_subcat2.php on line 67
[04-Jan-2008 16:41:13] PHP Warning:  Invalid argument supplied for foreach() in f:\phpdev\www\pamela\ajauction\sell_subcat3.php on line 20
[04-Jan-2008 16:41:13] PHP Warning:  Invalid argument supplied for foreach() in f:\phpdev\www\pamela\ajauction\sell_subcat3.php on line 31
[04-Jan-2008 16:41:13] PHP Warning:  Invalid argument supplied for foreach() in f:\phpdev\www\pamela\ajauction\sell_subcat3.php on line 40
[04-Jan-2008 16:41:13] PHP Warning:  Invalid argument supplied for foreach() in f:\phpdev\www\pamela\ajauction\sell_subcat3.php on line 49
[04-Jan-2008 16:41:13] PHP Warning:  Invalid argument supplied for foreach() in f:\phpdev\www\pamela\ajauction\sell_subcat3.php on line 58
[04-Jan-2008 16:41:13] PHP Warning:  Invalid argument supplied for foreach() in f:\phpdev\www\pamela\ajauction\sell_subcat3.php on line 67
[04-Jan-2008 16:45:28] PHP Parse error:  parse error, expecting `T_STRING' or `T_VARIABLE' or `T_NUM_STRING' in f:\phpdev\www\pamela\ajauction\include\detail_action.php on line 194
[04-Jan-2008 17:05:26] PHP Warning:  Invalid argument supplied for foreach() in f:\phpdev\www\pamela\ajauction\sell_subcat1.php on line 22
[04-Jan-2008 17:05:26] PHP Warning:  Invalid argument supplied for foreach() in f:\phpdev\www\pamela\ajauction\sell_subcat1.php on line 33
[04-Jan-2008 17:05:26] PHP Warning:  Invalid argument supplied for foreach() in f:\phpdev\www\pamela\ajauction\sell_subcat1.php on line 42
[04-Jan-2008 17:05:26] PHP Warning:  Invalid argument supplied for foreach() in f:\phpdev\www\pamela\ajauction\sell_subcat1.php on line 51
[04-Jan-2008 17:05:26] PHP Warning:  Invalid argument supplied for foreach() in f:\phpdev\www\pamela\ajauction\sell_subcat1.php on line 60
[04-Jan-2008 17:05:26] PHP Warning:  Invalid argument supplied for foreach() in f:\phpdev\www\pamela\ajauction\sell_subcat1.php on line 69
[04-Jan-2008 17:05:27] PHP Warning:  Invalid argument supplied for foreach() in f:\phpdev\www\pamela\ajauction\sell_subcat2.php on line 20
[04-Jan-2008 17:05:27] PHP Warning:  Invalid argument supplied for foreach() in f:\phpdev\www\pamela\ajauction\sell_subcat2.php on line 31
[04-Jan-2008 17:05:27] PHP Warning:  Invalid argument supplied for foreach() in f:\phpdev\www\pamela\ajauction\sell_subcat2.php on line 40
[04-Jan-2008 17:05:27] PHP Warning:  Invalid argument supplied for foreach() in f:\phpdev\www\pamela\ajauction\sell_subcat2.php on line 49
[04-Jan-2008 17:05:27] PHP Warning:  Invalid argument supplied for foreach() in f:\phpdev\www\pamela\ajauction\sell_subcat2.php on line 58
[04-Jan-2008 17:05:27] PHP Warning:  Invalid argument supplied for foreach() in f:\phpdev\www\pamela\ajauction\sell_subcat2.php on line 67
[04-Jan-2008 17:05:28] PHP Warning:  Invalid argument supplied for foreach() in f:\phpdev\www\pamela\ajauction\sell_subcat3.php on line 20
[04-Jan-2008 17:05:28] PHP Warning:  Invalid argument supplied for foreach() in f:\phpdev\www\pamela\ajauction\sell_subcat3.php on line 31
[04-Jan-2008 17:05:28] PHP Warning:  Invalid argument supplied for foreach() in f:\phpdev\www\pamela\ajauction\sell_subcat3.php on line 40
[04-Jan-2008 17:05:28] PHP Warning:  Invalid argument supplied for foreach() in f:\phpdev\www\pamela\ajauction\sell_subcat3.php on line 49
[04-Jan-2008 17:05:28] PHP Warning:  Invalid argument supplied for foreach() in f:\phpdev\www\pamela\ajauction\sell_subcat3.php on line 58
[04-Jan-2008 17:05:28] PHP Warning:  Invalid argument supplied for foreach() in f:\phpdev\www\pamela\ajauction\sell_subcat3.php on line 67
[07-Jan-2008 10:48:15] PHP Warning:  Invalid argument supplied for foreach() in f:\phpdev\www\pamela\ajauction\sell_subcat1.php on line 22
[07-Jan-2008 10:48:15] PHP Warning:  Invalid argument supplied for foreach() in f:\phpdev\www\pamela\ajauction\sell_subcat1.php on line 33
[07-Jan-2008 10:48:15] PHP Warning:  Invalid argument supplied for foreach() in f:\phpdev\www\pamela\ajauction\sell_subcat1.php on line 42
[07-Jan-2008 10:48:15] PHP Warning:  Invalid argument supplied for foreach() in f:\phpdev\www\pamela\ajauction\sell_subcat1.php on line 51
[07-Jan-2008 10:48:15] PHP Warning:  Invalid argument supplied for foreach() in f:\phpdev\www\pamela\ajauction\sell_subcat1.php on line 60
[07-Jan-2008 10:48:15] PHP Warning:  Invalid argument supplied for foreach() in f:\phpdev\www\pamela\ajauction\sell_subcat1.php on line 69
[07-Jan-2008 10:48:15] PHP Warning:  Invalid argument supplied for foreach() in f:\phpdev\www\pamela\ajauction\sell_subcat2.php on line 20
[07-Jan-2008 10:48:16] PHP Warning:  Invalid argument supplied for foreach() in f:\phpdev\www\pamela\ajauction\sell_subcat2.php on line 31
[07-Jan-2008 10:48:16] PHP Warning:  Invalid argument supplied for foreach() in f:\phpdev\www\pamela\ajauction\sell_subcat2.php on line 40
[07-Jan-2008 10:48:16] PHP Warning:  Invalid argument supplied for foreach() in f:\phpdev\www\pamela\ajauction\sell_subcat2.php on line 49
[07-Jan-2008 10:48:16] PHP Warning:  Invalid argument supplied for foreach() in f:\phpdev\www\pamela\ajauction\sell_subcat2.php on line 58
[07-Jan-2008 10:48:16] PHP Warning:  Invalid argument supplied for foreach() in f:\phpdev\www\pamela\ajauction\sell_subcat2.php on line 67
[07-Jan-2008 10:48:16] PHP Warning:  Invalid argument supplied for foreach() in f:\phpdev\www\pamela\ajauction\sell_subcat3.php on line 20
[07-Jan-2008 10:48:16] PHP Warning:  Invalid argument supplied for foreach() in f:\phpdev\www\pamela\ajauction\sell_subcat3.php on line 31
[07-Jan-2008 10:48:16] PHP Warning:  Invalid argument supplied for foreach() in f:\phpdev\www\pamela\ajauction\sell_subcat3.php on line 40
[07-Jan-2008 10:48:16] PHP Warning:  Invalid argument supplied for foreach() in f:\phpdev\www\pamela\ajauction\sell_subcat3.php on line 49
[07-Jan-2008 10:48:16] PHP Warning:  Invalid argument supplied for foreach() in f:\phpdev\www\pamela\ajauction\sell_subcat3.php on line 58
[07-Jan-2008 10:48:16] PHP Warning:  Invalid argument supplied for foreach() in f:\phpdev\www\pamela\ajauction\sell_subcat3.php on line 67
[07-Jan-2008 12:18:10] PHP Warning:  Invalid argument supplied for foreach() in f:\phpdev\www\pamela\ajauction\sell_subcat1.php on line 22
[07-Jan-2008 12:18:11] PHP Warning:  Invalid argument supplied for foreach() in f:\phpdev\www\pamela\ajauction\sell_subcat1.php on line 33
[07-Jan-2008 12:18:11] PHP Warning:  Invalid argument supplied for foreach() in f:\phpdev\www\pamela\ajauction\sell_subcat1.php on line 42
[07-Jan-2008 12:18:11] PHP Warning:  Invalid argument supplied for foreach() in f:\phpdev\www\pamela\ajauction\sell_subcat1.php on line 51
[07-Jan-2008 12:18:11] PHP Warning:  Invalid argument supplied for foreach() in f:\phpdev\www\pamela\ajauction\sell_subcat1.php on line 60
[07-Jan-2008 12:18:11] PHP Warning:  Invalid argument supplied for foreach() in f:\phpdev\www\pamela\ajauction\sell_subcat1.php on line 69
[07-Jan-2008 12:18:11] PHP Warning:  Invalid argument supplied for foreach() in f:\phpdev\www\pamela\ajauction\sell_subcat2.php on line 20
[07-Jan-2008 12:18:11] PHP Warning:  Invalid argument supplied for foreach() in f:\phpdev\www\pamela\ajauction\sell_subcat2.php on line 31
[07-Jan-2008 12:18:11] PHP Warning:  Invalid argument supplied for foreach() in f:\phpdev\www\pamela\ajauction\sell_subcat2.php on line 40
[07-Jan-2008 12:18:11] PHP Warning:  Invalid argument supplied for foreach() in f:\phpdev\www\pamela\ajauction\sell_subcat2.php on line 49
[07-Jan-2008 12:18:11] PHP Warning:  Invalid argument supplied for foreach() in f:\phpdev\www\pamela\ajauction\sell_subcat2.php on line 58
[07-Jan-2008 12:18:11] PHP Warning:  Invalid argument supplied for foreach() in f:\phpdev\www\pamela\ajauction\sell_subcat2.php on line 67
[07-Jan-2008 12:18:13] PHP Warning:  Invalid argument supplied for foreach() in f:\phpdev\www\pamela\ajauction\sell_subcat1.php on line 22
[07-Jan-2008 12:18:13] PHP Warning:  Invalid argument supplied for foreach() in f:\phpdev\www\pamela\ajauction\sell_subcat1.php on line 33
[07-Jan-2008 12:18:13] PHP Warning:  Invalid argument supplied for foreach() in f:\phpdev\www\pamela\ajauction\sell_subcat1.php on line 42
[07-Jan-2008 12:18:13] PHP Warning:  Invalid argument supplied for foreach() in f:\phpdev\www\pamela\ajauction\sell_subcat1.php on line 51
[07-Jan-2008 12:18:13] PHP Warning:  Invalid argument supplied for foreach() in f:\phpdev\www\pamela\ajauction\sell_subcat1.php on line 60
[07-Jan-2008 12:18:13] PHP Warning:  Invalid argument supplied for foreach() in f:\phpdev\www\pamela\ajauction\sell_subcat1.php on line 69
[07-Jan-2008 12:18:14] PHP Warning:  Invalid argument supplied for foreach() in f:\phpdev\www\pamela\ajauction\sell_subcat2.php on line 20
[07-Jan-2008 12:18:14] PHP Warning:  Invalid argument supplied for foreach() in f:\phpdev\www\pamela\ajauction\sell_subcat2.php on line 31
[07-Jan-2008 12:18:14] PHP Warning:  Invalid argument supplied for foreach() in f:\phpdev\www\pamela\ajauction\sell_subcat2.php on line 40
[07-Jan-2008 12:18:14] PHP Warning:  Invalid argument supplied for foreach() in f:\phpdev\www\pamela\ajauction\sell_subcat2.php on line 49
[07-Jan-2008 12:18:14] PHP Warning:  Invalid argument supplied for foreach() in f:\phpdev\www\pamela\ajauction\sell_subcat2.php on line 58
[07-Jan-2008 12:18:14] PHP Warning:  Invalid argument supplied for foreach() in f:\phpdev\www\pamela\ajauction\sell_subcat2.php on line 67
[07-Jan-2008 12:18:14] PHP Warning:  Invalid argument supplied for foreach() in f:\phpdev\www\pamela\ajauction\sell_subcat3.php on line 20
[07-Jan-2008 12:18:14] PHP Warning:  Invalid argument supplied for foreach() in f:\phpdev\www\pamela\ajauction\sell_subcat3.php on line 31
[07-Jan-2008 12:18:14] PHP Warning:  Invalid argument supplied for foreach() in f:\phpdev\www\pamela\ajauction\sell_subcat3.php on line 40
[07-Jan-2008 12:18:14] PHP Warning:  Invalid argument supplied for foreach() in f:\phpdev\www\pamela\ajauction\sell_subcat3.php on line 49
[07-Jan-2008 12:18:15] PHP Warning:  Invalid argument supplied for foreach() in f:\phpdev\www\pamela\ajauction\sell_subcat3.php on line 58
[07-Jan-2008 12:18:15] PHP Warning:  Invalid argument supplied for foreach() in f:\phpdev\www\pamela\ajauction\sell_subcat3.php on line 67
[07-Jan-2008 12:20:05] PHP Warning:  Failed to connect to mailserver, verify your "SMTP" setting in php.ini in f:\phpdev\www\pamela\ajauction\bidding.php on line 220
[07-Jan-2008 12:20:18] PHP Warning:  Failed to connect to mailserver, verify your "SMTP" setting in php.ini in f:\phpdev\www\pamela\ajauction\bidding.php on line 220
[07-Jan-2008 12:22:28] PHP Warning:  Failed to connect to mailserver, verify your "SMTP" setting in php.ini in f:\phpdev\www\pamela\ajauction\verification_reg.php on line 71
[07-Jan-2008 12:23:05] PHP Warning:  Failed to connect to mailserver, verify your "SMTP" setting in php.ini in f:\phpdev\www\pamela\ajauction\bidding.php on line 220
[07-Jan-2008 12:25:57] PHP Warning:  mysql_num_rows(): supplied argument is not a valid MySQL result resource in f:\phpdev\www\pamela\ajauction\close.php on line 353
[07-Jan-2008 13:46:23] PHP Warning:  Failed to connect to mailserver, verify your "SMTP" setting in php.ini in f:\phpdev\www\pamela\ajauction\bidding.php on line 220
[07-Jan-2008 13:46:50] PHP Warning:  Failed to connect to mailserver, verify your "SMTP" setting in php.ini in f:\phpdev\www\pamela\ajauction\bidding.php on line 220
[07-Jan-2008 16:17:07] PHP Warning:  Failed to connect to mailserver, verify your "SMTP" setting in php.ini in f:\phpdev\www\pamela\ajauction\bidding.php on line 237
[07-Jan-2008 16:22:35] PHP Warning:  Failed to connect to mailserver, verify your "SMTP" setting in php.ini in f:\phpdev\www\pamela\ajauction\bidding.php on line 237
[07-Jan-2008 16:22:35] PHP Warning:  Failed to connect to mailserver, verify your "SMTP" setting in php.ini in f:\phpdev\www\pamela\ajauction\bidding.php on line 271
[07-Jan-2008 17:09:28] PHP Warning:  Failed to connect to mailserver, verify your "SMTP" setting in php.ini in f:\phpdev\www\pamela\ajauction\verification_reg.php on line 87
[07-Jan-2008 17:27:02] PHP Warning:  Invalid argument supplied for foreach() in f:\phpdev\www\pamela\ajauction\sell_subcat1.php on line 22
[07-Jan-2008 17:27:02] PHP Warning:  Invalid argument supplied for foreach() in f:\phpdev\www\pamela\ajauction\sell_subcat1.php on line 33
[07-Jan-2008 17:27:02] PHP Warning:  Invalid argument supplied for foreach() in f:\phpdev\www\pamela\ajauction\sell_subcat1.php on line 42
[07-Jan-2008 17:27:02] PHP Warning:  Invalid argument supplied for foreach() in f:\phpdev\www\pamela\ajauction\sell_subcat1.php on line 51
[07-Jan-2008 17:27:02] PHP Warning:  Invalid argument supplied for foreach() in f:\phpdev\www\pamela\ajauction\sell_subcat1.php on line 60
[07-Jan-2008 17:27:02] PHP Warning:  Invalid argument supplied for foreach() in f:\phpdev\www\pamela\ajauction\sell_subcat1.php on line 69
[07-Jan-2008 17:27:02] PHP Warning:  Invalid argument supplied for foreach() in f:\phpdev\www\pamela\ajauction\sell_subcat2.php on line 20
[07-Jan-2008 17:27:02] PHP Warning:  Invalid argument supplied for foreach() in f:\phpdev\www\pamela\ajauction\sell_subcat2.php on line 31
[07-Jan-2008 17:27:02] PHP Warning:  Invalid argument supplied for foreach() in f:\phpdev\www\pamela\ajauction\sell_subcat2.php on line 40
[07-Jan-2008 17:27:02] PHP Warning:  Invalid argument supplied for foreach() in f:\phpdev\www\pamela\ajauction\sell_subcat2.php on line 49
[07-Jan-2008 17:27:02] PHP Warning:  Invalid argument supplied for foreach() in f:\phpdev\www\pamela\ajauction\sell_subcat2.php on line 58
[07-Jan-2008 17:27:02] PHP Warning:  Invalid argument supplied for foreach() in f:\phpdev\www\pamela\ajauction\sell_subcat2.php on line 67
[07-Jan-2008 17:27:04] PHP Warning:  Invalid argument supplied for foreach() in f:\phpdev\www\pamela\ajauction\sell_subcat3.php on line 20
[07-Jan-2008 17:27:04] PHP Warning:  Invalid argument supplied for foreach() in f:\phpdev\www\pamela\ajauction\sell_subcat3.php on line 31
[07-Jan-2008 17:27:04] PHP Warning:  Invalid argument supplied for foreach() in f:\phpdev\www\pamela\ajauction\sell_subcat3.php on line 40
[07-Jan-2008 17:27:04] PHP Warning:  Invalid argument supplied for foreach() in f:\phpdev\www\pamela\ajauction\sell_subcat3.php on line 49
[07-Jan-2008 17:27:04] PHP Warning:  Invalid argument supplied for foreach() in f:\phpdev\www\pamela\ajauction\sell_subcat3.php on line 58
[07-Jan-2008 17:27:04] PHP Warning:  Invalid argument supplied for foreach() in f:\phpdev\www\pamela\ajauction\sell_subcat3.php on line 67
